Backend/api_data/ds_61b6ca015029__retail_sku_sales_monthly.csv
year_month,year,month,store_id,sku_id,category,qty_sold,promo_flag,promo_days,promo_intensity,holiday_days,days_in_month,list_price,avg_selling_price
2022-01-01,2022,1,S01,SKU0001,BEVERAGES,3760,1,12,0.387,1,31,18.7,16.53
2022-02-01,2022,2,S01,SKU0001,BEVERAGES,2091,0,0,0.0,1,28,18.7,18.7
2022-03-01,2022,3,S01,SKU0001,BEVERAGES,3065,0,0,0.0,0,31,18.7,18.7
2022-04-01,2022,4,S01,SKU0001,BEVERAGES,3213,0,0,0.0,0,30,18.7,18.7
2022-05-01,2022,5,S01,SKU0001,BEVERAGES,6644,1,13,0.419,1,31,18.7,16.35
2022-06-01,2022,6,S01,SKU0001,BEVERAGES,4877,0,0,0.0,0,30,18.7,18.7
2022-07-01,2022,7,S01,SKU0001,BEVERAGES,4407,0,0,0.0,1,31,18.7,18.7
2022-08-01,2022,8,S01,SKU0001,BEVERAGES,5746,1,8,0.258,0,31,18.7,17.25
2022-09-01,2022,9,S01,SKU0001,BEVERAGES,3561,0,0,0.0,0,30,18.7,18.7
2022-10-01,2022,10,S01,SKU0001,BEVERAGES,3677,0,0,0.0,1,31,18.7,18.7
2022-11-01,2022,11,S01,SKU0001,BEVERAGES,3111,0,0,0.0,2,30,18.7,18.7
2022-12-01,2022,12,S01,SKU0001,BEVERAGES,3013,0,0,0.0,3,31,18.7,18.7
2023-01-01,2023,1,S01,SKU0001,BEVERAGES,2770,0,0,0.0,1,31,18.7,18.7
2023-02-01,2023,2,S01,SKU0001,BEVERAGES,2429,0,0,0.0,1,28,18.7,18.7
2023-03-01,2023,3,S01,SKU0001,BEVERAGES,3513,0,0,0.0,0,31,18.7,18.7
2023-04-01,2023,4,S01,SKU0001,BEVERAGES,4085,0,0,0.0,0,30,18.7,18.7
2023-05-01,2023,5,S01,SKU0001,BEVERAGES,4329,0,0,0.0,1,31,18.7,18.7
2023-06-01,2023,6,S01,SKU0001,BEVERAGES,6029,0,0,0.0,0,30,18.7,18.7
2023-07-01,2023,7,S01,SKU0001,BEVERAGES,5427,0,0,0.0,1,31,18.7,18.7
2023-08-01,2023,8,S01,SKU0001,BEVERAGES,6912,1,8,0.258,0,31,18.7,17.25
2023-09-01,2023,9,S01,SKU0001,BEVERAGES,3870,0,0,0.0,0,30,18.7,18.7
2023-10-01,2023,10,S01,SKU0001,BEVERAGES,5403,1,9,0.29,1,31,18.7,17.07
2023-11-01,2023,11,S01,SKU0001,BEVERAGES,4481,1,5,0.167,2,30,18.7,17.76
2023-12-01,2023,12,S01,SKU0001,BEVERAGES,4424,1,5,0.161,3,31,18.7,17.8
2024-01-01,2024,1,S01,SKU0001,BEVERAGES,3505,1,3,0.097,1,31,18.7,18.16
2024-02-01,2024,2,S01,SKU0001,BEVERAGES,4266,1,10,0.345,1,29,18.7,16.77
2024-03-01,2024,3,S01,SKU0001,BEVERAGES,4037,0,0,0.0,0,31,18.7,18.7
2024-04-01,2024,4,S01,SKU0001,BEVERAGES,4273,0,0,0.0,0,30,18.7,18.7
2024-05-01,2024,5,S01,SKU0001,BEVERAGES,6789,1,7,0.226,1,31,18.7,17.43
2024-06-01,2024,6,S01,SKU0001,BEVERAGES,6881,0,0,0.0,0,30,18.7,18.7
2024-07-01,2024,7,S01,SKU0001,BEVERAGES,6218,0,0,0.0,1,31,18.7,18.7
2024-08-01,2024,8,S01,SKU0001,BEVERAGES,6486,0,0,0.0,0,31,18.7,18.7
2024-09-01,2024,9,S01,SKU0001,BEVERAGES,4138,0,0,0.0,0,30,18.7,18.7
2024-10-01,2024,10,S01,SKU0001,BEVERAGES,3900,0,0,0.0,1,31,18.7,18.7
2024-11-01,2024,11,S01,SKU0001,BEVERAGES,4254,0,0,0.0,2,30,18.7,18.7
2024-12-01,2024,12,S01,SKU0001,BEVERAGES,3677,0,0,0.0,3,31,18.7,18.7
2025-01-01,2025,1,S01,SKU0001,BEVERAGES,4701,1,7,0.226,1,31,18.7,17.43
2025-02-01,2025,2,S01,SKU0001,BEVERAGES,4078,1,6,0.214,1,28,18.7,17.5
2025-03-01,2025,3,S01,SKU0001,BEVERAGES,4902,1,1,0.032,0,31,18.7,18.52
2025-04-01,2025,4,S01,SKU0001,BEVERAGES,4904,0,0,0.0,0,30,18.7,18.7
2025-05-01,2025,5,S01,SKU0001,BEVERAGES,6076,0,0,0.0,1,31,18.7,18.7
2025-06-01,2025,6,S01,SKU0001,BEVERAGES,7613,0,0,0.0,0,30,18.7,18.7
2025-07-01,2025,7,S01,SKU0001,BEVERAGES,7698,0,0,0.0,1,31,18.7,18.7
2025-08-01,2025,8,S01,SKU0001,BEVERAGES,6489,0,0,0.0,0,31,18.7,18.7
2025-09-01,2025,9,S01,SKU0001,BEVERAGES,6264,1,5,0.167,0,30,18.7,17.76
2025-10-01,2025,10,S01,SKU0001,BEVERAGES,4984,0,0,0.0,1,31,18.7,18.7
2025-11-01,2025,11,S01,SKU0001,BEVERAGES,5102,0,0,0.0,2,30,18.7,18.7
2025-12-01,2025,12,S01,SKU0001,BEVERAGES,4837,1,3,0.097,3,31,18.7,18.16
2022-01-01,2022,1,S01,SKU0002,BEVERAGES,3121,0,0,0.0,1,31,5.17,5.17
2022-02-01,2022,2,S01,SKU0002,BEVERAGES,2961,0,0,0.0,1,28,5.17,5.17
2022-03-01,2022,3,S01,SKU0002,BEVERAGES,5935,1,8,0.258,0,31,5.17,4.77
2022-04-01,2022,4,S01,SKU0002,BEVERAGES,4396,0,0,0.0,0,30,5.17,5.17
2022-05-01,2022,5,S01,SKU0002,BEVERAGES,4835,0,0,0.0,1,31,5.17,5.17
2022-06-01,2022,6,S01,SKU0002,BEVERAGES,8816,1,7,0.233,0,30,5.17,4.81
2022-07-01,2022,7,S01,SKU0002,BEVERAGES,6794,1,1,0.032,1,31,5.17,5.12
2022-08-01,2022,8,S01,SKU0002,BEVERAGES,5533,0,0,0.0,0,31,5.17,5.17
2022-09-01,2022,9,S01,SKU0002,BEVERAGES,3737,0,0,0.0,0,30,5.17,5.17
2022-10-01,2022,10,S01,SKU0002,BEVERAGES,4019,0,0,0.0,1,31,5.17,5.17
2022-11-01,2022,11,S01,SKU0002,BEVERAGES,5097,1,5,0.167,2,30,5.17,4.91
2022-12-01,2022,12,S01,SKU0002,BEVERAGES,3512,0,0,0.0,3,31,5.17,5.17
2023-01-01,2023,1,S01,SKU0002,BEVERAGES,5003,1,9,0.29,1,31,5.17,4.72
2023-02-01,2023,2,S01,SKU0002,BEVERAGES,4382,1,7,0.25,1,28,5.17,4.78
2023-03-01,2023,3,S01,SKU0002,BEVERAGES,3630,0,0,0.0,0,31,5.17,5.17
2023-04-01,2023,4,S01,SKU0002,BEVERAGES,4423,0,0,0.0,0,30,5.17,5.17
2023-05-01,2023,5,S01,SKU0002,BEVERAGES,4871,0,0,0.0,1,31,5.17,5.17
2023-06-01,2023,6,S01,SKU0002,BEVERAGES,5836,0,0,0.0,0,30,5.17,5.17
2023-07-01,2023,7,S01,SKU0002,BEVERAGES,8318,1,7,0.226,1,31,5.17,4.82
2023-08-01,2023,8,S01,SKU0002,BEVERAGES,6742,1,4,0.129,0,31,5.17,4.97
2023-09-01,2023,9,S01,SKU0002,BEVERAGES,3787,0,0,0.0,0,30,5.17,5.17
2023-10-01,2023,10,S01,SKU0002,BEVERAGES,3759,0,0,0.0,1,31,5.17,5.17
2023-11-01,2023,11,S01,SKU0002,BEVERAGES,3906,0,0,0.0,2,30,5.17,5.17
2023-12-01,2023,12,S01,SKU0002,BEVERAGES,3415,0,0,0.0,3,31,5.17,5.17
2024-01-01,2024,1,S01,SKU0002,BEVERAGES,3063,0,0,0.0,1,31,5.17,5.17
2024-02-01,2024,2,S01,SKU0002,BEVERAGES,3122,0,0,0.0,1,29,5.17,5.17
2024-03-01,2024,3,S01,SKU0002,BEVERAGES,3769,0,0,0.0,0,31,5.17,5.17
2024-04-01,2024,4,S01,SKU0002,BEVERAGES,4129,0,0,0.0,0,30,5.17,5.17
2024-05-01,2024,5,S01,SKU0002,BEVERAGES,7082,1,8,0.258,1,31,5.17,4.77
2024-06-01,2024,6,S01,SKU0002,BEVERAGES,9389,1,8,0.267,0,30,5.17,4.76
2024-07-01,2024,7,S01,SKU0002,BEVERAGES,6065,0,0,0.0,1,31,5.17,5.17
2024-08-01,2024,8,S01,SKU0002,BEVERAGES,8289,1,9,0.29,0,31,5.17,4.72
2024-09-01,2024,9,S01,SKU0002,BEVERAGES,3795,0,0,0.0,0,30,5.17,5.17
2024-10-01,2024,10,S01,SKU0002,BEVERAGES,3887,0,0,0.0,1,31,5.17,5.17
2024-11-01,2024,11,S01,SKU0002,BEVERAGES,3922,0,0,0.0,2,30,5.17,5.17
2024-12-01,2024,12,S01,SKU0002,BEVERAGES,3253,0,0,0.0,3,31,5.17,5.17
2025-01-01,2025,1,S01,SKU0002,BEVERAGES,3849,1,5,0.161,1,31,5.17,4.92
2025-02-01,2025,2,S01,SKU0002,BEVERAGES,2767,0,0,0.0,1,28,5.17,5.17
2025-03-01,2025,3,S01,SKU0002,BEVERAGES,3860,0,0,0.0,0,31,5.17,5.17
2025-04-01,2025,4,S01,SKU0002,BEVERAGES,6586,1,7,0.233,0,30,5.17,4.81
2025-05-01,2025,5,S01,SKU0002,BEVERAGES,5400,0,0,0.0,1,31,5.17,5.17
2025-06-01,2025,6,S01,SKU0002,BEVERAGES,6210,0,0,0.0,0,30,5.17,5.17
2025-07-01,2025,7,S01,SKU0002,BEVERAGES,5383,0,0,0.0,1,31,5.17,5.17
2025-08-01,2025,8,S01,SKU0002,BEVERAGES,5229,0,0,0.0,0,31,5.17,5.17
2025-09-01,2025,9,S01,SKU0002,BEVERAGES,4941,1,5,0.167,0,30,5.17,4.91
2025-10-01,2025,10,S01,SKU0002,BEVERAGES,6240,1,9,0.29,1,31,5.17,4.72
2025-11-01,2025,11,S01,SKU0002,BEVERAGES,4069,0,0,0.0,2,30,5.17,5.17
2025-12-01,2025,12,S01,SKU0002,BEVERAGES,3347,0,0,0.0,3,31,5.17,5.17
2022-01-01,2022,1,S01,SKU0003,BEVERAGES,1452,1,5,0.161,1,31,15.63,14.87
2022-02-01,2022,2,S01,SKU0003,BEVERAGES,1217,0,0,0.0,1,28,15.63,15.63
2022-03-01,2022,3,S01,SKU0003,BEVERAGES,2288,1,8,0.258,0,31,15.63,14.42
2022-04-01,2022,4,S01,SKU0003,BEVERAGES,2200,1,3,0.1,0,30,15.63,15.16
2022-05-01,2022,5,S01,SKU0003,BEVERAGES,2150,0,0,0.0,1,31,15.63,15.63
2022-06-01,2022,6,S01,SKU0003,BEVERAGES,2277,0,0,0.0,0,30,15.63,15.63
2022-07-01,2022,7,S01,SKU0003,BEVERAGES,3342,1,10,0.323,1,31,15.63,14.12
2022-08-01,2022,8,S01,SKU0003,BEVERAGES,2338,0,0,0.0,0,31,15.63,15.63
2022-09-01,2022,9,S01,SKU0003,BEVERAGES,1996,1,8,0.267,0,30,15.63,14.38
2022-10-01,2022,10,S01,SKU0003,BEVERAGES,1791,0,0,0.0,1,31,15.63,15.63
2022-11-01,2022,11,S01,SKU0003,BEVERAGES,1782,0,0,0.0,2,30,15.63,15.63
2022-12-01,2022,12,S01,SKU0003,BEVERAGES,2079,1,10,0.323,3,31,15.63,14.12
2023-01-01,2023,1,S01,SKU0003,BEVERAGES,1417,0,0,0.0,1,31,15.63,15.63
2023-02-01,2023,2,S01,SKU0003,BEVERAGES,1142,0,0,0.0,1,28,15.63,15.63
2023-03-01,2023,3,S01,SKU0003,BEVERAGES,2662,1,12,0.387,0,31,15.63,13.81
2023-04-01,2023,4,S01,SKU0003,BEVERAGES,2096,0,0,0.0,0,30,15.63,15.63
2023-05-01,2023,5,S01,SKU0003,BEVERAGES,2248,0,0,0.0,1,31,15.63,15.63
2023-06-01,2023,6,S01,SKU0003,BEVERAGES,2948,1,3,0.1,0,30,15.63,15.16
2023-07-01,2023,7,S01,SKU0003,BEVERAGES,4312,1,11,0.355,1,31,15.63,13.97
2023-08-01,2023,8,S01,SKU0003,BEVERAGES,2595,0,0,0.0,0,31,15.63,15.63
2023-09-01,2023,9,S01,SKU0003,BEVERAGES,2661,1,9,0.3,0,30,15.63,14.22
2023-10-01,2023,10,S01,SKU0003,BEVERAGES,2821,1,8,0.258,1,31,15.63,14.42
2023-11-01,2023,11,S01,SKU0003,BEVERAGES,2588,1,5,0.167,2,30,15.63,14.85
2023-12-01,2023,12,S01,SKU0003,BEVERAGES,2595,1,11,0.355,3,31,15.63,13.97
2024-01-01,2024,1,S01,SKU0003,BEVERAGES,1784,1,4,0.129,1,31,15.63,15.02
2024-02-01,2024,2,S01,SKU0003,BEVERAGES,2068,1,10,0.345,1,29,15.63,14.01
2024-03-01,2024,3,S01,SKU0003,BEVERAGES,3362,1,12,0.387,0,31,15.63,13.81
2024-04-01,2024,4,S01,SKU0003,BEVERAGES,2328,0,0,0.0,0,30,15.63,15.63
2024-05-01,2024,5,S01,SKU0003,BEVERAGES,2489,0,0,0.0,1,31,15.63,15.63
2024-06-01,2024,6,S01,SKU0003,BEVERAGES,3218,0,0,0.0,0,30,15.63,15.63
2024-07-01,2024,7,S01,SKU0003,BEVERAGES,3199,1,1,0.032,1,31,15.63,15.48
2024-08-01,2024,8,S01,SKU0003,BEVERAGES,4374,1,12,0.387,0,31,15.63,13.81
2024-09-01,2024,9,S01,SKU0003,BEVERAGES,3332,1,13,0.433,0,30,15.63,13.6
2024-10-01,2024,10,S01,SKU0003,BEVERAGES,2185,0,0,0.0,1,31,15.63,15.63
2024-11-01,2024,11,S01,SKU0003,BEVERAGES,3320,1,14,0.467,2,30,15.63,13.44
2024-12-01,2024,12,S01,SKU0003,BEVERAGES,2066,0,0,0.0,3,31,15.63,15.63
2025-01-01,2025,1,S01,SKU0003,BEVERAGES,1741,0,0,0.0,1,31,15.63,15.63
2025-02-01,2025,2,S01,SKU0003,BEVERAGES,1635,0,0,0.0,1,28,15.63,15.63
2025-03-01,2025,3,S01,SKU0003,BEVERAGES,2203,0,0,0.0,0,31,15.63,15.63
2025-04-01,2025,4,S01,SKU0003,BEVERAGES,2456,0,0,0.0,0,30,15.63,15.63
2025-05-01,2025,5,S01,SKU0003,BEVERAGES,3121,0,0,0.0,1,31,15.63,15.63
2025-06-01,2025,6,S01,SKU0003,BEVERAGES,3686,0,0,0.0,0,30,15.63,15.63
2025-07-01,2025,7,S01,SKU0003,BEVERAGES,3330,0,0,0.0,1,31,15.63,15.63
2025-08-01,2025,8,S01,SKU0003,BEVERAGES,3695,1,4,0.129,0,31,15.63,15.02
2025-09-01,2025,9,S01,SKU0003,BEVERAGES,3287,1,7,0.233,0,30,15.63,14.54
2025-10-01,2025,10,S01,SKU0003,BEVERAGES,2836,1,2,0.065,1,31,15.63,15.33
2025-11-01,2025,11,S01,SKU0003,BEVERAGES,3609,1,11,0.367,2,30,15.63,13.91
2025-12-01,2025,12,S01,SKU0003,BEVERAGES,2122,0,0,0.0,3,31,15.63,15.63
2022-01-01,2022,1,S01,SKU0004,BEVERAGES,3701,0,0,0.0,1,31,24.29,24.29
2022-02-01,2022,2,S01,SKU0004,BEVERAGES,5235,1,10,0.357,1,28,24.29,21.69
2022-03-01,2022,3,S01,SKU0004,BEVERAGES,4365,0,0,0.0,0,31,24.29,24.29
2022-04-01,2022,4,S01,SKU0004,BEVERAGES,4833,0,0,0.0,0,30,24.29,24.29
2022-05-01,2022,5,S01,SKU0004,BEVERAGES,9300,1,10,0.323,1,31,24.29,21.94
2022-06-01,2022,6,S01,SKU0004,BEVERAGES,10899,1,10,0.333,0,30,24.29,21.86
2022-07-01,2022,7,S01,SKU0004,BEVERAGES,9305,1,4,0.129,1,31,24.29,23.35
2022-08-01,2022,8,S01,SKU0004,BEVERAGES,11583,1,14,0.452,0,31,24.29,21.0
2022-09-01,2022,9,S01,SKU0004,BEVERAGES,4179,0,0,0.0,0,30,24.29,24.29
2022-10-01,2022,10,S01,SKU0004,BEVERAGES,4415,0,0,0.0,1,31,24.29,24.29
2022-11-01,2022,11,S01,SKU0004,BEVERAGES,4198,0,0,0.0,2,30,24.29,24.29
2022-12-01,2022,12,S01,SKU0004,BEVERAGES,3976,0,0,0.0,3,31,24.29,24.29
2023-01-01,2023,1,S01,SKU0004,BEVERAGES,4701,1,6,0.194,1,31,24.29,22.88
2023-02-01,2023,2,S01,SKU0004,BEVERAGES,3303,0,0,0.0,1,28,24.29,24.29
2023-03-01,2023,3,S01,SKU0004,BEVERAGES,7057,1,13,0.419,0,31,24.29,21.23
2023-04-01,2023,4,S01,SKU0004,BEVERAGES,4693,0,0,0.0,0,30,24.29,24.29
2023-05-01,2023,5,S01,SKU0004,BEVERAGES,5281,0,0,0.0,1,31,24.29,24.29
2023-06-01,2023,6,S01,SKU0004,BEVERAGES,6846,0,0,0.0,0,30,24.29,24.29
2023-07-01,2023,7,S01,SKU0004,BEVERAGES,6125,0,0,0.0,1,31,24.29,24.29
2023-08-01,2023,8,S01,SKU0004,BEVERAGES,5883,0,0,0.0,0,31,24.29,24.29
2023-09-01,2023,9,S01,SKU0004,BEVERAGES,4064,0,0,0.0,0,30,24.29,24.29
2023-10-01,2023,10,S01,SKU0004,BEVERAGES,4257,0,0,0.0,1,31,24.29,24.29
2023-11-01,2023,11,S01,SKU0004,BEVERAGES,4127,0,0,0.0,2,30,24.29,24.29
2023-12-01,2023,12,S01,SKU0004,BEVERAGES,5061,1,7,0.226,3,31,24.29,22.64
2024-01-01,2024,1,S01,SKU0004,BEVERAGES,3132,0,0,0.0,1,31,24.29,24.29
2024-02-01,2024,2,S01,SKU0004,BEVERAGES,3164,0,0,0.0,1,29,24.29,24.29
2024-03-01,2024,3,S01,SKU0004,BEVERAGES,6298,1,9,0.29,0,31,24.29,22.17
2024-04-01,2024,4,S01,SKU0004,BEVERAGES,8455,1,12,0.4,0,30,24.29,21.37
2024-05-01,2024,5,S01,SKU0004,BEVERAGES,4754,0,0,0.0,1,31,24.29,24.29
2024-06-01,2024,6,S01,SKU0004,BEVERAGES,6297,0,0,0.0,0,30,24.29,24.29
2024-07-01,2024,7,S01,SKU0004,BEVERAGES,9639,1,8,0.258,1,31,24.29,22.41
2024-08-01,2024,8,S01,SKU0004,BEVERAGES,5332,0,0,0.0,0,31,24.29,24.29
2024-09-01,2024,9,S01,SKU0004,BEVERAGES,3932,0,0,0.0,0,30,24.29,24.29
2024-10-01,2024,10,S01,SKU0004,BEVERAGES,4003,0,0,0.0,1,31,24.29,24.29
2024-11-01,2024,11,S01,SKU0004,BEVERAGES,5206,1,9,0.3,2,30,24.29,22.1
2024-12-01,2024,12,S01,SKU0004,BEVERAGES,3432,0,0,0.0,3,31,24.29,24.29
2025-01-01,2025,1,S01,SKU0004,BEVERAGES,4507,1,10,0.323,1,31,24.29,21.94
2025-02-01,2025,2,S01,SKU0004,BEVERAGES,2805,0,0,0.0,1,28,24.29,24.29
2025-03-01,2025,3,S01,SKU0004,BEVERAGES,5160,1,5,0.161,0,31,24.29,23.11
2025-04-01,2025,4,S01,SKU0004,BEVERAGES,5161,1,5,0.167,0,30,24.29,23.08
2025-05-01,2025,5,S01,SKU0004,BEVERAGES,6548,1,4,0.129,1,31,24.29,23.35
2025-06-01,2025,6,S01,SKU0004,BEVERAGES,6110,0,0,0.0,0,30,24.29,24.29
2025-07-01,2025,7,S01,SKU0004,BEVERAGES,7817,1,8,0.258,1,31,24.29,22.41
2025-08-01,2025,8,S01,SKU0004,BEVERAGES,5292,0,0,0.0,0,31,24.29,24.29
2025-09-01,2025,9,S01,SKU0004,BEVERAGES,4172,1,1,0.033,0,30,24.29,24.05
2025-10-01,2025,10,S01,SKU0004,BEVERAGES,5598,1,5,0.161,1,31,24.29,23.11
2025-11-01,2025,11,S01,SKU0004,BEVERAGES,6387,1,12,0.4,2,30,24.29,21.37
2025-12-01,2025,12,S01,SKU0004,BEVERAGES,2983,0,0,0.0,3,31,24.29,24.29
2022-01-01,2022,1,S01,SKU0005,BEVERAGES,4125,0,0,0.0,1,31,5.77,5.77
2022-02-01,2022,2,S01,SKU0005,BEVERAGES,3533,0,0,0.0,1,28,5.77,5.77
2022-03-01,2022,3,S01,SKU0005,BEVERAGES,5012,0,0,0.0,0,31,5.77,5.77
2022-04-01,2022,4,S01,SKU0005,BEVERAGES,6678,1,10,0.333,0,30,5.77,5.19
2022-05-01,2022,5,S01,SKU0005,BEVERAGES,6612,0,0,0.0,1,31,5.77,5.77
2022-06-01,2022,6,S01,SKU0005,BEVERAGES,7720,0,0,0.0,0,30,5.77,5.77
2022-07-01,2022,7,S01,SKU0005,BEVERAGES,9360,1,13,0.419,1,31,5.77,5.04
2022-08-01,2022,8,S01,SKU0005,BEVERAGES,6916,0,0,0.0,0,31,5.77,5.77
2022-09-01,2022,9,S01,SKU0005,BEVERAGES,5394,0,0,0.0,0,30,5.77,5.77
2022-10-01,2022,10,S01,SKU0005,BEVERAGES,6530,1,6,0.194,1,31,5.77,5.44
2022-11-01,2022,11,S01,SKU0005,BEVERAGES,4505,0,0,0.0,2,30,5.77,5.77
2022-12-01,2022,12,S01,SKU0005,BEVERAGES,4864,1,7,0.226,3,31,5.77,5.38
2023-01-01,2023,1,S01,SKU0005,BEVERAGES,4106,0,0,0.0,1,31,5.77,5.77
2023-02-01,2023,2,S01,SKU0005,BEVERAGES,3288,0,0,0.0,1,28,5.77,5.77
2023-03-01,2023,3,S01,SKU0005,BEVERAGES,4825,0,0,0.0,0,31,5.77,5.77
2023-04-01,2023,4,S01,SKU0005,BEVERAGES,6420,0,0,0.0,0,30,5.77,5.77
2023-05-01,2023,5,S01,SKU0005,BEVERAGES,8252,1,7,0.226,1,31,5.77,5.38
2023-06-01,2023,6,S01,SKU0005,BEVERAGES,9717,1,7,0.233,0,30,5.77,5.37
2023-07-01,2023,7,S01,SKU0005,BEVERAGES,8411,1,3,0.097,1,31,5.77,5.6
2023-08-01,2023,8,S01,SKU0005,BEVERAGES,7076,0,0,0.0,0,31,5.77,5.77
2023-09-01,2023,9,S01,SKU0005,BEVERAGES,5943,1,6,0.2,0,30,5.77,5.42
2023-10-01,2023,10,S01,SKU0005,BEVERAGES,4802,0,0,0.0,1,31,5.77,5.77
2023-11-01,2023,11,S01,SKU0005,BEVERAGES,5066,0,0,0.0,2,30,5.77,5.77
2023-12-01,2023,12,S01,SKU0005,BEVERAGES,4489,0,0,0.0,3,31,5.77,5.77
2024-01-01,2024,1,S01,SKU0005,BEVERAGES,3844,0,0,0.0,1,31,5.77,5.77
2024-02-01,2024,2,S01,SKU0005,BEVERAGES,3921,0,0,0.0,1,29,5.77,5.77
2024-03-01,2024,3,S01,SKU0005,BEVERAGES,6060,1,8,0.258,0,31,5.77,5.32
2024-04-01,2024,4,S01,SKU0005,BEVERAGES,6283,1,1,0.033,0,30,5.77,5.71
2024-05-01,2024,5,S01,SKU0005,BEVERAGES,9099,1,12,0.387,1,31,5.77,5.1
2024-06-01,2024,6,S01,SKU0005,BEVERAGES,7821,0,0,0.0,0,30,5.77,5.77
2024-07-01,2024,7,S01,SKU0005,BEVERAGES,7023,0,0,0.0,1,31,5.77,5.77
2024-08-01,2024,8,S01,SKU0005,BEVERAGES,6733,0,0,0.0,0,31,5.77,5.77
2024-09-01,2024,9,S01,SKU0005,BEVERAGES,5039,0,0,0.0,0,30,5.77,5.77
2024-10-01,2024,10,S01,SKU0005,BEVERAGES,5217,0,0,0.0,1,31,5.77,5.77
2024-11-01,2024,11,S01,SKU0005,BEVERAGES,4928,0,0,0.0,2,30,5.77,5.77
2024-12-01,2024,12,S01,SKU0005,BEVERAGES,4384,0,0,0.0,3,31,5.77,5.77
2025-01-01,2025,1,S01,SKU0005,BEVERAGES,3545,0,0,0.0,1,31,5.77,5.77
2025-02-01,2025,2,S01,SKU0005,BEVERAGES,4271,1,6,0.214,1,28,5.77,5.4
2025-03-01,2025,3,S01,SKU0005,BEVERAGES,4960,0,0,0.0,0,31,5.77,5.77
2025-04-01,2025,4,S01,SKU0005,BEVERAGES,5805,0,0,0.0,0,30,5.77,5.77
2025-05-01,2025,5,S01,SKU0005,BEVERAGES,6347,0,0,0.0,1,31,5.77,5.77
2025-06-01,2025,6,S01,SKU0005,BEVERAGES,8455,0,0,0.0,0,30,5.77,5.77
2025-07-01,2025,7,S01,SKU0005,BEVERAGES,7176,0,0,0.0,1,31,5.77,5.77
2025-08-01,2025,8,S01,SKU0005,BEVERAGES,8820,1,10,0.323,0,31,5.77,5.21
2025-09-01,2025,9,S01,SKU0005,BEVERAGES,5163,0,0,0.0,0,30,5.77,5.77
2025-10-01,2025,10,S01,SKU0005,BEVERAGES,5356,0,0,0.0,1,31,5.77,5.77
2025-11-01,2025,11,S01,SKU0005,BEVERAGES,4676,0,0,0.0,2,30,5.77,5.77
2025-12-01,2025,12,S01,SKU0005,BEVERAGES,4609,1,1,0.032,3,31,5.77,5.71
