Backend/api_data/ds_61b6ca015029__retail_sku_sales_monthly.csv
year_month,year,month,store_id,sku_id,category,qty_sold,promo_flag,promo_days,promo_intensity,holiday_days,days_in_month,list_price,avg_selling_price
2022-01-01,2022,1,S01,SKU0006,BEVERAGES,1535,0,0,0.0,1,31,13.83,13.83
2022-02-01,2022,2,S01,SKU0006,BEVERAGES,2211,1,11,0.393,1,28,13.83,12.2
2022-03-01,2022,3,S01,SKU0006,BEVERAGES,2228,1,3,0.097,0,31,13.83,13.43
2022-04-01,2022,4,S01,SKU0006,BEVERAGES,3273,1,10,0.333,0,30,13.83,12.45
2022-05-01,2022,5,S01,SKU0006,BEVERAGES,2776,0,0,0.0,1,31,13.83,13.83
2022-06-01,2022,6,S01,SKU0006,BEVERAGES,3380,0,0,0.0,0,30,13.83,13.83
2022-07-01,2022,7,S01,SKU0006,BEVERAGES,3246,0,0,0.0,1,31,13.83,13.83
2022-08-01,2022,8,S01,SKU0006,BEVERAGES,3163,1,1,0.032,0,31,13.83,13.7
2022-09-01,2022,9,S01,SKU0006,BEVERAGES,3124,1,13,0.433,0,30,13.83,12.03
2022-10-01,2022,10,S01,SKU0006,BEVERAGES,2284,0,0,0.0,1,31,13.83,13.83
2022-11-01,2022,11,S01,SKU0006,BEVERAGES,1929,0,0,0.0,2,30,13.83,13.83
2022-12-01,2022,12,S01,SKU0006,BEVERAGES,2119,1,1,0.032,3,31,13.83,13.7
2023-01-01,2023,1,S01,SKU0006,BEVERAGES,1893,1,7,0.226,1,31,13.83,12.89
2023-02-01,2023,2,S01,SKU0006,BEVERAGES,1638,0,0,0.0,1,28,13.83,13.83
2023-03-01,2023,3,S01,SKU0006,BEVERAGES,2996,1,11,0.355,0,31,13.83,12.36
2023-04-01,2023,4,S01,SKU0006,BEVERAGES,2513,0,0,0.0,0,30,13.83,13.83
2023-05-01,2023,5,S01,SKU0006,BEVERAGES,3302,1,11,0.355,1,31,13.83,12.36
2023-06-01,2023,6,S01,SKU0006,BEVERAGES,3377,0,0,0.0,0,30,13.83,13.83
2023-07-01,2023,7,S01,SKU0006,BEVERAGES,3560,1,7,0.226,1,31,13.83,12.89
2023-08-01,2023,8,S01,SKU0006,BEVERAGES,3013,0,0,0.0,0,31,13.83,13.83
2023-09-01,2023,9,S01,SKU0006,BEVERAGES,2811,1,9,0.3,0,30,13.83,12.58
2023-10-01,2023,10,S01,SKU0006,BEVERAGES,2246,0,0,0.0,1,31,13.83,13.83
2023-11-01,2023,11,S01,SKU0006,BEVERAGES,2314,0,0,0.0,2,30,13.83,13.83
2023-12-01,2023,12,S01,SKU0006,BEVERAGES,2033,0,0,0.0,3,31,13.83,13.83
2024-01-01,2024,1,S01,SKU0006,BEVERAGES,1724,0,0,0.0,1,31,13.83,13.83
2024-02-01,2024,2,S01,SKU0006,BEVERAGES,1749,0,0,0.0,1,29,13.83,13.83
2024-03-01,2024,3,S01,SKU0006,BEVERAGES,2368,0,0,0.0,0,31,13.83,13.83
2024-04-01,2024,4,S01,SKU0006,BEVERAGES,2342,0,0,0.0,0,30,13.83,13.83
2024-05-01,2024,5,S01,SKU0006,BEVERAGES,2770,0,0,0.0,1,31,13.83,13.83
2024-06-01,2024,6,S01,SKU0006,BEVERAGES,3527,0,0,0.0,0,30,13.83,13.83
2024-07-01,2024,7,S01,SKU0006,BEVERAGES,3128,0,0,0.0,1,31,13.83,13.83
2024-08-01,2024,8,S01,SKU0006,BEVERAGES,3088,0,0,0.0,0,31,13.83,13.83
2024-09-01,2024,9,S01,SKU0006,BEVERAGES,2145,0,0,0.0,0,30,13.83,13.83
2024-10-01,2024,10,S01,SKU0006,BEVERAGES,2734,1,9,0.29,1,31,13.83,12.63
2024-11-01,2024,11,S01,SKU0006,BEVERAGES,2203,0,0,0.0,2,30,13.83,13.83
2024-12-01,2024,12,S01,SKU0006,BEVERAGES,1934,0,0,0.0,3,31,13.83,13.83
2025-01-01,2025,1,S01,SKU0006,BEVERAGES,1778,0,0,0.0,1,31,13.83,13.83
2025-02-01,2025,2,S01,SKU0006,BEVERAGES,1477,0,0,0.0,1,28,13.83,13.83
2025-03-01,2025,3,S01,SKU0006,BEVERAGES,2229,0,0,0.0,0,31,13.83,13.83
2025-04-01,2025,4,S01,SKU0006,BEVERAGES,2838,1,4,0.133,0,30,13.83,13.28
2025-05-01,2025,5,S01,SKU0006,BEVERAGES,2985,1,2,0.065,1,31,13.83,13.56
2025-06-01,2025,6,S01,SKU0006,BEVERAGES,3707,0,0,0.0,0,30,13.83,13.83
2025-07-01,2025,7,S01,SKU0006,BEVERAGES,3526,0,0,0.0,1,31,13.83,13.83
2025-08-01,2025,8,S01,SKU0006,BEVERAGES,3363,0,0,0.0,0,31,13.83,13.83
2025-09-01,2025,9,S01,SKU0006,BEVERAGES,2125,0,0,0.0,0,30,13.83,13.83
2025-10-01,2025,10,S01,SKU0006,BEVERAGES,2137,0,0,0.0,1,31,13.83,13.83
2025-11-01,2025,11,S01,SKU0006,BEVERAGES,2245,0,0,0.0,2,30,13.83,13.83
2025-12-01,2025,12,S01,SKU0006,BEVERAGES,1880,0,0,0.0,3,31,13.83,13.83
2022-01-01,2022,1,S01,SKU0007,BEVERAGES,2898,1,5,0.161,1,31,15.88,15.11
2022-02-01,2022,2,S01,SKU0007,BEVERAGES,2527,0,0,0.0,1,28,15.88,15.88
2022-03-01,2022,3,S01,SKU0007,BEVERAGES,2949,0,0,0.0,0,31,15.88,15.88
2022-04-01,2022,4,S01,SKU0007,BEVERAGES,3997,0,0,0.0,0,30,15.88,15.88
2022-05-01,2022,5,S01,SKU0007,BEVERAGES,4539,1,3,0.097,1,31,15.88,15.42
2022-06-01,2022,6,S01,SKU0007,BEVERAGES,5725,1,4,0.133,0,30,15.88,15.25
2022-07-01,2022,7,S01,SKU0007,BEVERAGES,4723,0,0,0.0,1,31,15.88,15.88
2022-08-01,2022,8,S01,SKU0007,BEVERAGES,4373,0,0,0.0,0,31,15.88,15.88
2022-09-01,2022,9,S01,SKU0007,BEVERAGES,3936,1,7,0.233,0,30,15.88,14.77
2022-10-01,2022,10,S01,SKU0007,BEVERAGES,3365,0,0,0.0,1,31,15.88,15.88
2022-11-01,2022,11,S01,SKU0007,BEVERAGES,3291,0,0,0.0,2,30,15.88,15.88
2022-12-01,2022,12,S01,SKU0007,BEVERAGES,2938,0,0,0.0,3,31,15.88,15.88
2023-01-01,2023,1,S01,SKU0007,BEVERAGES,3059,1,11,0.355,1,31,15.88,14.19
2023-02-01,2023,2,S01,SKU0007,BEVERAGES,2590,0,0,0.0,1,28,15.88,15.88
2023-03-01,2023,3,S01,SKU0007,BEVERAGES,3989,1,8,0.258,0,31,15.88,14.65
2023-04-01,2023,4,S01,SKU0007,BEVERAGES,3672,0,0,0.0,0,30,15.88,15.88
2023-05-01,2023,5,S01,SKU0007,BEVERAGES,4345,0,0,0.0,1,31,15.88,15.88
2023-06-01,2023,6,S01,SKU0007,BEVERAGES,5497,0,0,0.0,0,30,15.88,15.88
2023-07-01,2023,7,S01,SKU0007,BEVERAGES,4930,0,0,0.0,1,31,15.88,15.88
2023-08-01,2023,8,S01,SKU0007,BEVERAGES,4266,0,0,0.0,0,31,15.88,15.88
2023-09-01,2023,9,S01,SKU0007,BEVERAGES,3408,0,0,0.0,0,30,15.88,15.88
2023-10-01,2023,10,S01,SKU0007,BEVERAGES,3662,0,0,0.0,1,31,15.88,15.88
2023-11-01,2023,11,S01,SKU0007,BEVERAGES,3031,0,0,0.0,2,30,15.88,15.88
2023-12-01,2023,12,S01,SKU0007,BEVERAGES,4090,1,13,0.419,3,31,15.88,13.88
2024-01-01,2024,1,S01,SKU0007,BEVERAGES,2834,0,0,0.0,1,31,15.88,15.88
2024-02-01,2024,2,S01,SKU0007,BEVERAGES,2507,0,0,0.0,1,29,15.88,15.88
2024-03-01,2024,3,S01,SKU0007,BEVERAGES,3314,0,0,0.0,0,31,15.88,15.88
2024-04-01,2024,4,S01,SKU0007,BEVERAGES,4672,1,5,0.167,0,30,15.88,15.09
2024-05-01,2024,5,S01,SKU0007,BEVERAGES,4623,0,0,0.0,1,31,15.88,15.88
2024-06-01,2024,6,S01,SKU0007,BEVERAGES,4925,0,0,0.0,0,30,15.88,15.88
2024-07-01,2024,7,S01,SKU0007,BEVERAGES,4755,0,0,0.0,1,31,15.88,15.88
2024-08-01,2024,8,S01,SKU0007,BEVERAGES,4624,0,0,0.0,0,31,15.88,15.88
2024-09-01,2024,9,S01,SKU0007,BEVERAGES,3385,0,0,0.0,0,30,15.88,15.88
2024-10-01,2024,10,S01,SKU0007,BEVERAGES,4409,1,12,0.387,1,31,15.88,14.04
2024-11-01,2024,11,S01,SKU0007,BEVERAGES,3380,0,0,0.0,2,30,15.88,15.88
2024-12-01,2024,12,S01,SKU0007,BEVERAGES,3864,1,12,0.387,3,31,15.88,14.04
2025-01-01,2025,1,S01,SKU0007,BEVERAGES,2674,1,2,0.065,1,31,15.88,15.57
2025-02-01,2025,2,S01,SKU0007,BEVERAGES,2258,0,0,0.0,1,28,15.88,15.88
2025-03-01,2025,3,S01,SKU0007,BEVERAGES,3754,1,4,0.129,0,31,15.88,15.27
2025-04-01,2025,4,S01,SKU0007,BEVERAGES,4100,1,2,0.067,0,30,15.88,15.56
2025-05-01,2025,5,S01,SKU0007,BEVERAGES,4450,0,0,0.0,1,31,15.88,15.88
2025-06-01,2025,6,S01,SKU0007,BEVERAGES,5270,0,0,0.0,0,30,15.88,15.88
2025-07-01,2025,7,S01,SKU0007,BEVERAGES,4874,0,0,0.0,1,31,15.88,15.88
2025-08-01,2025,8,S01,SKU0007,BEVERAGES,4548,0,0,0.0,0,31,15.88,15.88
2025-09-01,2025,9,S01,SKU0007,BEVERAGES,3346,0,0,0.0,0,30,15.88,15.88
2025-10-01,2025,10,S01,SKU0007,BEVERAGES,4510,1,8,0.258,1,31,15.88,14.65
2025-11-01,2025,11,S01,SKU0007,BEVERAGES,3485,0,0,0.0,2,30,15.88,15.88
2025-12-01,2025,12,S01,SKU0007,BEVERAGES,2940,0,0,0.0,3,31,15.88,15.88
2022-01-01,2022,1,S01,SKU0008,BEVERAGES,1314,0,0,0.0,1,31,10.11,10.11
2022-02-01,2022,2,S01,SKU0008,BEVERAGES,2103,1,11,0.393,1,28,10.11,8.92
2022-03-01,2022,3,S01,SKU0008,BEVERAGES,2365,1,6,0.194,0,31,10.11,9.52
2022-04-01,2022,4,S01,SKU0008,BEVERAGES,2593,1,5,0.167,0,30,10.11,9.6
2022-05-01,2022,5,S01,SKU0008,BEVERAGES,3583,1,11,0.355,1,31,10.11,9.03
2022-06-01,2022,6,S01,SKU0008,BEVERAGES,3694,1,6,0.2,0,30,10.11,9.5
2022-07-01,2022,7,S01,SKU0008,BEVERAGES,3790,1,8,0.258,1,31,10.11,9.33
2022-08-01,2022,8,S01,SKU0008,BEVERAGES,3370,1,8,0.258,0,31,10.11,9.33
2022-09-01,2022,9,S01,SKU0008,BEVERAGES,1982,0,0,0.0,0,30,10.11,10.11
2022-10-01,2022,10,S01,SKU0008,BEVERAGES,2194,1,5,0.161,1,31,10.11,9.62
2022-11-01,2022,11,S01,SKU0008,BEVERAGES,1886,0,0,0.0,2,30,10.11,10.11
2022-12-01,2022,12,S01,SKU0008,BEVERAGES,1638,0,0,0.0,3,31,10.11,10.11
2023-01-01,2023,1,S01,SKU0008,BEVERAGES,1491,0,0,0.0,1,31,10.11,10.11
2023-02-01,2023,2,S01,SKU0008,BEVERAGES,1491,1,1,0.036,1,28,10.11,10.0
2023-03-01,2023,3,S01,SKU0008,BEVERAGES,2096,1,6,0.194,0,31,10.11,9.52
2023-04-01,2023,4,S01,SKU0008,BEVERAGES,3342,1,11,0.367,0,30,10.11,9.0
2023-05-01,2023,5,S01,SKU0008,BEVERAGES,2491,0,0,0.0,1,31,10.11,10.11
2023-06-01,2023,6,S01,SKU0008,BEVERAGES,2913,0,0,0.0,0,30,10.11,10.11
2023-07-01,2023,7,S01,SKU0008,BEVERAGES,3588,1,7,0.226,1,31,10.11,9.43
2023-08-01,2023,8,S01,SKU0008,BEVERAGES,2863,1,5,0.161,0,31,10.11,9.62
2023-09-01,2023,9,S01,SKU0008,BEVERAGES,1876,0,0,0.0,0,30,10.11,10.11
2023-10-01,2023,10,S01,SKU0008,BEVERAGES,2114,0,0,0.0,1,31,10.11,10.11
2023-11-01,2023,11,S01,SKU0008,BEVERAGES,1924,0,0,0.0,2,30,10.11,10.11
2023-12-01,2023,12,S01,SKU0008,BEVERAGES,2229,1,7,0.226,3,31,10.11,9.43
2024-01-01,2024,1,S01,SKU0008,BEVERAGES,1506,0,0,0.0,1,31,10.11,10.11
2024-02-01,2024,2,S01,SKU0008,BEVERAGES,1429,0,0,0.0,1,29,10.11,10.11
2024-03-01,2024,3,S01,SKU0008,BEVERAGES,1961,0,0,0.0,0,31,10.11,10.11
2024-04-01,2024,4,S01,SKU0008,BEVERAGES,3026,1,6,0.2,0,30,10.11,9.5
2024-05-01,2024,5,S01,SKU0008,BEVERAGES,2882,1,4,0.129,1,31,10.11,9.72
2024-06-01,2024,6,S01,SKU0008,BEVERAGES,3865,1,4,0.133,0,30,10.11,9.71
2024-07-01,2024,7,S01,SKU0008,BEVERAGES,3235,1,10,0.323,1,31,10.11,9.13
2024-08-01,2024,8,S01,SKU0008,BEVERAGES,2855,0,0,0.0,0,31,10.11,10.11
2024-09-01,2024,9,S01,SKU0008,BEVERAGES,2070,0,0,0.0,0,30,10.11,10.11
2024-10-01,2024,10,S01,SKU0008,BEVERAGES,1864,0,0,0.0,1,31,10.11,10.11
2024-11-01,2024,11,S01,SKU0008,BEVERAGES,2205,0,0,0.0,2,30,10.11,10.11
2024-12-01,2024,12,S01,SKU0008,BEVERAGES,2069,1,8,0.258,3,31,10.11,9.33
2025-01-01,2025,1,S01,SKU0008,BEVERAGES,2111,1,9,0.29,1,31,10.11,9.23
2025-02-01,2025,2,S01,SKU0008,BEVERAGES,1424,0,0,0.0,1,28,10.11,10.11
2025-03-01,2025,3,S01,SKU0008,BEVERAGES,1996,0,0,0.0,0,31,10.11,10.11
2025-04-01,2025,4,S01,SKU0008,BEVERAGES,2190,0,0,0.0,0,30,10.11,10.11
2025-05-01,2025,5,S01,SKU0008,BEVERAGES,2701,0,0,0.0,1,31,10.11,10.11
2025-06-01,2025,6,S01,SKU0008,BEVERAGES,3311,0,0,0.0,0,30,10.11,10.11
2025-07-01,2025,7,S01,SKU0008,BEVERAGES,4036,1,13,0.419,1,31,10.11,8.84
2025-08-01,2025,8,S01,SKU0008,BEVERAGES,2976,1,1,0.032,0,31,10.11,10.01
2025-09-01,2025,9,S01,SKU0008,BEVERAGES,1870,0,0,0.0,0,30,10.11,10.11
2025-10-01,2025,10,S01,SKU0008,BEVERAGES,2654,1,5,0.161,1,31,10.11,9.62
2025-11-01,2025,11,S01,SKU0008,BEVERAGES,1968,0,0,0.0,2,30,10.11,10.11
2025-12-01,2025,12,S01,SKU0008,BEVERAGES,2042,0,0,0.0,3,31,10.11,10.11
2022-01-01,2022,1,S01,SKU0009,BEVERAGES,2649,0,0,0.0,1,31,6.19,6.19
2022-02-01,2022,2,S01,SKU0009,BEVERAGES,2305,0,0,0.0,1,28,6.19,6.19
2022-03-01,2022,3,S01,SKU0009,BEVERAGES,5421,1,7,0.226,0,31,6.19,5.77
2022-04-01,2022,4,S01,SKU0009,BEVERAGES,3584,0,0,0.0,0,30,6.19,6.19
2022-05-01,2022,5,S01,SKU0009,BEVERAGES,4590,0,0,0.0,1,31,6.19,6.19
2022-06-01,2022,6,S01,SKU0009,BEVERAGES,5667,0,0,0.0,0,30,6.19,6.19
2022-07-01,2022,7,S01,SKU0009,BEVERAGES,5681,0,0,0.0,1,31,6.19,6.19
2022-08-01,2022,8,S01,SKU0009,BEVERAGES,9082,1,13,0.419,0,31,6.19,5.41
2022-09-01,2022,9,S01,SKU0009,BEVERAGES,3706,0,0,0.0,0,30,6.19,6.19
2022-10-01,2022,10,S01,SKU0009,BEVERAGES,3961,0,0,0.0,1,31,6.19,6.19
2022-11-01,2022,11,S01,SKU0009,BEVERAGES,3478,0,0,0.0,2,30,6.19,6.19
2022-12-01,2022,12,S01,SKU0009,BEVERAGES,3429,0,0,0.0,3,31,6.19,6.19
2023-01-01,2023,1,S01,SKU0009,BEVERAGES,2873,0,0,0.0,1,31,6.19,6.19
2023-02-01,2023,2,S01,SKU0009,BEVERAGES,4442,1,9,0.321,1,28,6.19,5.59
2023-03-01,2023,3,S01,SKU0009,BEVERAGES,3639,0,0,0.0,0,31,6.19,6.19
2023-04-01,2023,4,S01,SKU0009,BEVERAGES,4595,0,0,0.0,0,30,6.19,6.19
2023-05-01,2023,5,S01,SKU0009,BEVERAGES,4864,0,0,0.0,1,31,6.19,6.19
2023-06-01,2023,6,S01,SKU0009,BEVERAGES,6271,0,0,0.0,0,30,6.19,6.19
2023-07-01,2023,7,S01,SKU0009,BEVERAGES,6362,0,0,0.0,1,31,6.19,6.19
2023-08-01,2023,8,S01,SKU0009,BEVERAGES,8406,1,8,0.258,0,31,6.19,5.71
2023-09-01,2023,9,S01,SKU0009,BEVERAGES,6086,1,6,0.2,0,30,6.19,5.82
2023-10-01,2023,10,S01,SKU0009,BEVERAGES,7863,1,11,0.355,1,31,6.19,5.53
2023-11-01,2023,11,S01,SKU0009,BEVERAGES,4115,0,0,0.0,2,30,6.19,6.19
2023-12-01,2023,12,S01,SKU0009,BEVERAGES,3672,0,0,0.0,3,31,6.19,6.19
2024-01-01,2024,1,S01,SKU0009,BEVERAGES,5553,1,12,0.387,1,31,6.19,5.47
2024-02-01,2024,2,S01,SKU0009,BEVERAGES,4823,1,9,0.31,1,29,6.19,5.61
2024-03-01,2024,3,S01,SKU0009,BEVERAGES,4598,0,0,0.0,0,31,6.19,6.19
2024-04-01,2024,4,S01,SKU0009,BEVERAGES,4681,0,0,0.0,0,30,6.19,6.19
2024-05-01,2024,5,S01,SKU0009,BEVERAGES,5179,0,0,0.0,1,31,6.19,6.19
2024-06-01,2024,6,S01,SKU0009,BEVERAGES,7413,0,0,0.0,0,30,6.19,6.19
2024-07-01,2024,7,S01,SKU0009,BEVERAGES,9542,1,8,0.258,1,31,6.19,5.71
2024-08-01,2024,8,S01,SKU0009,BEVERAGES,6325,0,0,0.0,0,31,6.19,6.19
2024-09-01,2024,9,S01,SKU0009,BEVERAGES,6248,1,6,0.2,0,30,6.19,5.82
2024-10-01,2024,10,S01,SKU0009,BEVERAGES,5349,1,2,0.065,1,31,6.19,6.07
2024-11-01,2024,11,S01,SKU0009,BEVERAGES,4412,0,0,0.0,2,30,6.19,6.19
2024-12-01,2024,12,S01,SKU0009,BEVERAGES,7989,1,14,0.452,3,31,6.19,5.35
2025-01-01,2025,1,S01,SKU0009,BEVERAGES,4660,1,6,0.194,1,31,6.19,5.83
2025-02-01,2025,2,S01,SKU0009,BEVERAGES,3438,0,0,0.0,1,28,6.19,6.19
2025-03-01,2025,3,S01,SKU0009,BEVERAGES,4864,0,0,0.0,0,31,6.19,6.19
2025-04-01,2025,4,S01,SKU0009,BEVERAGES,5748,0,0,0.0,0,30,6.19,6.19
2025-05-01,2025,5,S01,SKU0009,BEVERAGES,6258,0,0,0.0,1,31,6.19,6.19
2025-06-01,2025,6,S01,SKU0009,BEVERAGES,7696,0,0,0.0,0,30,6.19,6.19
2025-07-01,2025,7,S01,SKU0009,BEVERAGES,10601,1,7,0.226,1,31,6.19,5.77
2025-08-01,2025,8,S01,SKU0009,BEVERAGES,12638,1,13,0.419,0,31,6.19,5.41
2025-09-01,2025,9,S01,SKU0009,BEVERAGES,4817,0,0,0.0,0,30,6.19,6.19
2025-10-01,2025,10,S01,SKU0009,BEVERAGES,7750,1,8,0.258,1,31,6.19,5.71
2025-11-01,2025,11,S01,SKU0009,BEVERAGES,5176,0,0,0.0,2,30,6.19,6.19
2025-12-01,2025,12,S01,SKU0009,BEVERAGES,4371,0,0,0.0,3,31,6.19,6.19
2022-01-01,2022,1,S01,SKU0010,BEVERAGES,2624,0,0,0.0,1,31,2.59,2.59
2022-02-01,2022,2,S01,SKU0010,BEVERAGES,2509,0,0,0.0,1,28,2.59,2.59
2022-03-01,2022,3,S01,SKU0010,BEVERAGES,4639,1,6,0.194,0,31,2.59,2.44
2022-04-01,2022,4,S01,SKU0010,BEVERAGES,4304,0,0,0.0,0,30,2.59,2.59
2022-05-01,2022,5,S01,SKU0010,BEVERAGES,4779,0,0,0.0,1,31,2.59,2.59
2022-06-01,2022,6,S01,SKU0010,BEVERAGES,7226,1,5,0.167,0,30,2.59,2.46
2022-07-01,2022,7,S01,SKU0010,BEVERAGES,5839,0,0,0.0,1,31,2.59,2.59
2022-08-01,2022,8,S01,SKU0010,BEVERAGES,6347,1,5,0.161,0,31,2.59,2.46
2022-09-01,2022,9,S01,SKU0010,BEVERAGES,4952,1,5,0.167,0,30,2.59,2.46
2022-10-01,2022,10,S01,SKU0010,BEVERAGES,4123,0,0,0.0,1,31,2.59,2.59
2022-11-01,2022,11,S01,SKU0010,BEVERAGES,3538,0,0,0.0,2,30,2.59,2.59
2022-12-01,2022,12,S01,SKU0010,BEVERAGES,3739,0,0,0.0,3,31,2.59,2.59
2023-01-01,2023,1,S01,SKU0010,BEVERAGES,3080,0,0,0.0,1,31,2.59,2.59
2023-02-01,2023,2,S01,SKU0010,BEVERAGES,2979,1,2,0.071,1,28,2.59,2.53
2023-03-01,2023,3,S01,SKU0010,BEVERAGES,5200,1,6,0.194,0,31,2.59,2.44
2023-04-01,2023,4,S01,SKU0010,BEVERAGES,6798,1,9,0.3,0,30,2.59,2.36
2023-05-01,2023,5,S01,SKU0010,BEVERAGES,7051,1,8,0.258,1,31,2.59,2.39
2023-06-01,2023,6,S01,SKU0010,BEVERAGES,6548,0,0,0.0,0,30,2.59,2.59
2023-07-01,2023,7,S01,SKU0010,BEVERAGES,6015,0,0,0.0,1,31,2.59,2.59
2023-08-01,2023,8,S01,SKU0010,BEVERAGES,5493,0,0,0.0,0,31,2.59,2.59
2023-09-01,2023,9,S01,SKU0010,BEVERAGES,5617,1,9,0.3,0,30,2.59,2.36
2023-10-01,2023,10,S01,SKU0010,BEVERAGES,4378,0,0,0.0,1,31,2.59,2.59
2023-11-01,2023,11,S01,SKU0010,BEVERAGES,6486,1,11,0.367,2,30,2.59,2.3
2023-12-01,2023,12,S01,SKU0010,BEVERAGES,3830,0,0,0.0,3,31,2.59,2.59
2024-01-01,2024,1,S01,SKU0010,BEVERAGES,3083,0,0,0.0,1,31,2.59,2.59
2024-02-01,2024,2,S01,SKU0010,BEVERAGES,5021,1,11,0.379,1,29,2.59,2.29
2024-03-01,2024,3,S01,SKU0010,BEVERAGES,4600,0,0,0.0,0,31,2.59,2.59
2024-04-01,2024,4,S01,SKU0010,BEVERAGES,5109,0,0,0.0,0,30,2.59,2.59
2024-05-01,2024,5,S01,SKU0010,BEVERAGES,5716,0,0,0.0,1,31,2.59,2.59
2024-06-01,2024,6,S01,SKU0010,BEVERAGES,6893,0,0,0.0,0,30,2.59,2.59
2024-07-01,2024,7,S01,SKU0010,BEVERAGES,8389,1,6,0.194,1,31,2.59,2.44
2024-08-01,2024,8,S01,SKU0010,BEVERAGES,5422,0,0,0.0,0,31,2.59,2.59
2024-09-01,2024,9,S01,SKU0010,BEVERAGES,4675,0,0,0.0,0,30,2.59,2.59
2024-10-01,2024,10,S01,SKU0010,BEVERAGES,5088,1,6,0.194,1,31,2.59,2.44
2024-11-01,2024,11,S01,SKU0010,BEVERAGES,6182,1,9,0.3,2,30,2.59,2.36
2024-12-01,2024,12,S01,SKU0010,BEVERAGES,4036,0,0,0.0,3,31,2.59,2.59
2025-01-01,2025,1,S01,SKU0010,BEVERAGES,3708,0,0,0.0,1,31,2.59,2.59
2025-02-01,2025,2,S01,SKU0010,BEVERAGES,3296,0,0,0.0,1,28,2.59,2.59
2025-03-01,2025,3,S01,SKU0010,BEVERAGES,6112,1,8,0.258,0,31,2.59,2.39
2025-04-01,2025,4,S01,SKU0010,BEVERAGES,5065,0,0,0.0,0,30,2.59,2.59
2025-05-01,2025,5,S01,SKU0010,BEVERAGES,8259,1,7,0.226,1,31,2.59,2.41
2025-06-01,2025,6,S01,SKU0010,BEVERAGES,7476,0,0,0.0,0,30,2.59,2.59
2025-07-01,2025,7,S01,SKU0010,BEVERAGES,6714,0,0,0.0,1,31,2.59,2.59
2025-08-01,2025,8,S01,SKU0010,BEVERAGES,6252,0,0,0.0,0,31,2.59,2.59
2025-09-01,2025,9,S01,SKU0010,BEVERAGES,4201,0,0,0.0,0,30,2.59,2.59
2025-10-01,2025,10,S01,SKU0010,BEVERAGES,4927,0,0,0.0,1,31,2.59,2.59
2025-11-01,2025,11,S01,SKU0010,BEVERAGES,4815,0,0,0.0,2,30,2.59,2.59
2025-12-01,2025,12,S01,SKU0010,BEVERAGES,3828,0,0,0.0,3,31,2.59,2.59
