Backend/api_data/ds_61b6ca015029__retail_sku_sales_monthly.csv
year_month,year,month,store_id,sku_id,category,qty_sold,promo_flag,promo_days,promo_intensity,holiday_days,days_in_month,list_price,avg_selling_price
2022-01-01,2022,1,S01,SKU0011,GROCERY,4148,1,1,0.032,1,31,3.03,3.0
2022-02-01,2022,2,S01,SKU0011,GROCERY,5027,1,7,0.25,1,28,3.03,2.8
2022-03-01,2022,3,S01,SKU0011,GROCERY,6994,1,8,0.258,0,31,3.03,2.8
2022-04-01,2022,4,S01,SKU0011,GROCERY,5349,0,0,0.0,0,30,3.03,3.03
2022-05-01,2022,5,S01,SKU0011,GROCERY,9808,1,9,0.29,1,31,3.03,2.77
2022-06-01,2022,6,S01,SKU0011,GROCERY,8473,1,9,0.3,0,30,3.03,2.76
2022-07-01,2022,7,S01,SKU0011,GROCERY,5339,0,0,0.0,1,31,3.03,3.03
2022-08-01,2022,8,S01,SKU0011,GROCERY,5260,0,0,0.0,0,31,3.03,3.03
2022-09-01,2022,9,S01,SKU0011,GROCERY,5086,0,0,0.0,0,30,3.03,3.03
2022-10-01,2022,10,S01,SKU0011,GROCERY,7668,1,10,0.323,1,31,3.03,2.74
2022-11-01,2022,11,S01,SKU0011,GROCERY,4753,0,0,0.0,2,30,3.03,3.03
2022-12-01,2022,12,S01,SKU0011,GROCERY,4031,0,0,0.0,3,31,3.03,3.03
2023-01-01,2023,1,S01,SKU0011,GROCERY,3340,0,0,0.0,1,31,3.03,3.03
2023-02-01,2023,2,S01,SKU0011,GROCERY,3587,0,0,0.0,1,28,3.03,3.03
2023-03-01,2023,3,S01,SKU0011,GROCERY,6423,1,7,0.226,0,31,3.03,2.82
2023-04-01,2023,4,S01,SKU0011,GROCERY,7304,1,6,0.2,0,30,3.03,2.85
2023-05-01,2023,5,S01,SKU0011,GROCERY,8481,1,6,0.194,1,31,3.03,2.85
2023-06-01,2023,6,S01,SKU0011,GROCERY,5778,0,0,0.0,0,30,3.03,3.03
2023-07-01,2023,7,S01,SKU0011,GROCERY,5487,0,0,0.0,1,31,3.03,3.03
2023-08-01,2023,8,S01,SKU0011,GROCERY,7363,1,9,0.29,0,31,3.03,2.77
2023-09-01,2023,9,S01,SKU0011,GROCERY,7175,1,9,0.3,0,30,3.03,2.76
2023-10-01,2023,10,S01,SKU0011,GROCERY,6440,1,7,0.226,1,31,3.03,2.82
2023-11-01,2023,11,S01,SKU0011,GROCERY,4622,0,0,0.0,2,30,3.03,3.03
2023-12-01,2023,12,S01,SKU0011,GROCERY,4571,0,0,0.0,3,31,3.03,3.03
2024-01-01,2024,1,S01,SKU0011,GROCERY,5354,1,8,0.258,1,31,3.03,2.8
2024-02-01,2024,2,S01,SKU0011,GROCERY,3678,0,0,0.0,1,29,3.03,3.03
2024-03-01,2024,3,S01,SKU0011,GROCERY,4810,0,0,0.0,0,31,3.03,3.03
2024-04-01,2024,4,S01,SKU0011,GROCERY,6191,0,0,0.0,0,30,3.03,3.03
2024-05-01,2024,5,S01,SKU0011,GROCERY,6697,0,0,0.0,1,31,3.03,3.03
2024-06-01,2024,6,S01,SKU0011,GROCERY,5509,0,0,0.0,0,30,3.03,3.03
2024-07-01,2024,7,S01,SKU0011,GROCERY,5175,0,0,0.0,1,31,3.03,3.03
2024-08-01,2024,8,S01,SKU0011,GROCERY,6105,1,6,0.194,0,31,3.03,2.85
2024-09-01,2024,9,S01,SKU0011,GROCERY,4900,0,0,0.0,0,30,3.03,3.03
2024-10-01,2024,10,S01,SKU0011,GROCERY,5364,1,2,0.065,1,31,3.03,2.97
2024-11-01,2024,11,S01,SKU0011,GROCERY,6327,1,3,0.1,2,30,3.03,2.94
2024-12-01,2024,12,S01,SKU0011,GROCERY,5147,1,4,0.129,3,31,3.03,2.91
2025-01-01,2025,1,S01,SKU0011,GROCERY,4728,1,5,0.161,1,31,3.03,2.88
2025-02-01,2025,2,S01,SKU0011,GROCERY,3765,0,0,0.0,1,28,3.03,3.03
2025-03-01,2025,3,S01,SKU0011,GROCERY,4688,0,0,0.0,0,31,3.03,3.03
2025-04-01,2025,4,S01,SKU0011,GROCERY,5577,0,0,0.0,0,30,3.03,3.03
2025-05-01,2025,5,S01,SKU0011,GROCERY,6472,0,0,0.0,1,31,3.03,3.03
2025-06-01,2025,6,S01,SKU0011,GROCERY,5680,0,0,0.0,0,30,3.03,3.03
2025-07-01,2025,7,S01,SKU0011,GROCERY,7352,1,7,0.226,1,31,3.03,2.82
2025-08-01,2025,8,S01,SKU0011,GROCERY,8309,1,12,0.387,0,31,3.03,2.68
2025-09-01,2025,9,S01,SKU0011,GROCERY,5484,1,3,0.1,0,30,3.03,2.94
2025-10-01,2025,10,S01,SKU0011,GROCERY,7287,1,8,0.258,1,31,3.03,2.8
2025-11-01,2025,11,S01,SKU0011,GROCERY,4678,0,0,0.0,2,30,3.03,3.03
2025-12-01,2025,12,S01,SKU0011,GROCERY,5146,1,6,0.194,3,31,3.03,2.85
2022-01-01,2022,1,S01,SKU0012,GROCERY,5508,0,0,0.0,1,31,20.5,20.5
2022-02-01,2022,2,S01,SKU0012,GROCERY,4988,0,0,0.0,1,28,20.5,20.5
2022-03-01,2022,3,S01,SKU0012,GROCERY,9643,1,6,0.194,0,31,20.5,19.31
2022-04-01,2022,4,S01,SKU0012,GROCERY,7634,0,0,0.0,0,30,20.5,20.5
2022-05-01,2022,5,S01,SKU0012,GROCERY,13823,1,11,0.355,1,31,20.5,18.32
2022-06-01,2022,6,S01,SKU0012,GROCERY,8496,0,0,0.0,0,30,20.5,20.5
2022-07-01,2022,7,S01,SKU0012,GROCERY,8194,0,0,0.0,1,31,20.5,20.5
2022-08-01,2022,8,S01,SKU0012,GROCERY,11546,1,9,0.29,0,31,20.5,18.71
2022-09-01,2022,9,S01,SKU0012,GROCERY,7802,0,0,0.0,0,30,20.5,20.5
2022-10-01,2022,10,S01,SKU0012,GROCERY,7701,0,0,0.0,1,31,20.5,20.5
2022-11-01,2022,11,S01,SKU0012,GROCERY,10173,1,5,0.167,2,30,20.5,19.48
2022-12-01,2022,12,S01,SKU0012,GROCERY,6634,1,1,0.032,3,31,20.5,20.3
2023-01-01,2023,1,S01,SKU0012,GROCERY,6109,0,0,0.0,1,31,20.5,20.5
2023-02-01,2023,2,S01,SKU0012,GROCERY,5864,0,0,0.0,1,28,20.5,20.5
2023-03-01,2023,3,S01,SKU0012,GROCERY,8239,0,0,0.0,0,31,20.5,20.5
2023-04-01,2023,4,S01,SKU0012,GROCERY,9414,0,0,0.0,0,30,20.5,20.5
2023-05-01,2023,5,S01,SKU0012,GROCERY,13335,1,10,0.323,1,31,20.5,18.52
2023-06-01,2023,6,S01,SKU0012,GROCERY,13922,1,7,0.233,0,30,20.5,19.07
2023-07-01,2023,7,S01,SKU0012,GROCERY,10447,0,0,0.0,1,31,20.5,20.5
2023-08-01,2023,8,S01,SKU0012,GROCERY,13401,1,10,0.323,0,31,20.5,18.52
2023-09-01,2023,9,S01,SKU0012,GROCERY,9672,1,3,0.1,0,30,20.5,19.88
2023-10-01,2023,10,S01,SKU0012,GROCERY,9395,0,0,0.0,1,31,20.5,20.5
2023-11-01,2023,11,S01,SKU0012,GROCERY,11751,1,5,0.167,2,30,20.5,19.48
2023-12-01,2023,12,S01,SKU0012,GROCERY,7892,0,0,0.0,3,31,20.5,20.5
2024-01-01,2024,1,S01,SKU0012,GROCERY,7248,0,0,0.0,1,31,20.5,20.5
2024-02-01,2024,2,S01,SKU0012,GROCERY,7034,0,0,0.0,1,29,20.5,20.5
2024-03-01,2024,3,S01,SKU0012,GROCERY,15491,1,14,0.452,0,31,20.5,17.72
2024-04-01,2024,4,S01,SKU0012,GROCERY,11240,0,0,0.0,0,30,20.5,20.5
2024-05-01,2024,5,S01,SKU0012,GROCERY,12467,0,0,0.0,1,31,20.5,20.5
2024-06-01,2024,6,S01,SKU0012,GROCERY,12963,0,0,0.0,0,30,20.5,20.5
2024-07-01,2024,7,S01,SKU0012,GROCERY,11156,0,0,0.0,1,31,20.5,20.5
2024-08-01,2024,8,S01,SKU0012,GROCERY,9382,0,0,0.0,0,31,20.5,20.5
2024-09-01,2024,9,S01,SKU0012,GROCERY,16520,1,14,0.467,0,30,20.5,17.63
2024-10-01,2024,10,S01,SKU0012,GROCERY,10903,0,0,0.0,1,31,20.5,20.5
2024-11-01,2024,11,S01,SKU0012,GROCERY,10499,0,0,0.0,2,30,20.5,20.5
2024-12-01,2024,12,S01,SKU0012,GROCERY,13951,1,14,0.452,3,31,20.5,17.72
2025-01-01,2025,1,S01,SKU0012,GROCERY,7665,0,0,0.0,1,31,20.5,20.5
2025-02-01,2025,2,S01,SKU0012,GROCERY,7726,0,0,0.0,1,28,20.5,20.5
2025-03-01,2025,3,S01,SKU0012,GROCERY,9807,0,0,0.0,0,31,20.5,20.5
2025-04-01,2025,4,S01,SKU0012,GROCERY,17201,1,6,0.2,0,30,20.5,19.27
2025-05-01,2025,5,S01,SKU0012,GROCERY,13543,0,0,0.0,1,31,20.5,20.5
2025-06-01,2025,6,S01,SKU0012,GROCERY,12306,0,0,0.0,0,30,20.5,20.5
2025-07-01,2025,7,S01,SKU0012,GROCERY,11921,0,0,0.0,1,31,20.5,20.5
2025-08-01,2025,8,S01,SKU0012,GROCERY,13657,1,5,0.161,0,31,20.5,19.51
2025-09-01,2025,9,S01,SKU0012,GROCERY,10740,0,0,0.0,0,30,20.5,20.5
2025-10-01,2025,10,S01,SKU0012,GROCERY,16772,1,7,0.226,1,31,20.5,19.11
2025-11-01,2025,11,S01,SKU0012,GROCERY,11780,0,0,0.0,2,30,20.5,20.5
2025-12-01,2025,12,S01,SKU0012,GROCERY,9641,0,0,0.0,3,31,20.5,20.5
2022-01-01,2022,1,S01,SKU0013,GROCERY,3530,1,11,0.355,1,31,17.58,15.71
2022-02-01,2022,2,S01,SKU0013,GROCERY,2800,1,3,0.107,1,28,17.58,17.02
2022-03-01,2022,3,S01,SKU0013,GROCERY,3337,0,0,0.0,0,31,17.58,17.58
2022-04-01,2022,4,S01,SKU0013,GROCERY,4342,0,0,0.0,0,30,17.58,17.58
2022-05-01,2022,5,S01,SKU0013,GROCERY,5761,1,7,0.226,1,31,17.58,16.39
2022-06-01,2022,6,S01,SKU0013,GROCERY,4088,0,0,0.0,0,30,17.58,17.58
2022-07-01,2022,7,S01,SKU0013,GROCERY,3833,0,0,0.0,1,31,17.58,17.58
2022-08-01,2022,8,S01,SKU0013,GROCERY,3387,0,0,0.0,0,31,17.58,17.58
2022-09-01,2022,9,S01,SKU0013,GROCERY,3354,0,0,0.0,0,30,17.58,17.58
2022-10-01,2022,10,S01,SKU0013,GROCERY,3660,0,0,0.0,1,31,17.58,17.58
2022-11-01,2022,11,S01,SKU0013,GROCERY,3257,0,0,0.0,2,30,17.58,17.58
2022-12-01,2022,12,S01,SKU0013,GROCERY,2992,0,0,0.0,3,31,17.58,17.58
2023-01-01,2023,1,S01,SKU0013,GROCERY,2653,0,0,0.0,1,31,17.58,17.58
2023-02-01,2023,2,S01,SKU0013,GROCERY,2847,1,7,0.25,1,28,17.58,16.26
2023-03-01,2023,3,S01,SKU0013,GROCERY,3167,0,0,0.0,0,31,17.58,17.58
2023-04-01,2023,4,S01,SKU0013,GROCERY,4793,1,7,0.233,0,30,17.58,16.35
2023-05-01,2023,5,S01,SKU0013,GROCERY,4403,0,0,0.0,1,31,17.58,17.58
2023-06-01,2023,6,S01,SKU0013,GROCERY,4005,0,0,0.0,0,30,17.58,17.58
2023-07-01,2023,7,S01,SKU0013,GROCERY,3697,0,0,0.0,1,31,17.58,17.58
2023-08-01,2023,8,S01,SKU0013,GROCERY,3418,0,0,0.0,0,31,17.58,17.58
2023-09-01,2023,9,S01,SKU0013,GROCERY,3248,0,0,0.0,0,30,17.58,17.58
2023-10-01,2023,10,S01,SKU0013,GROCERY,3606,0,0,0.0,1,31,17.58,17.58
2023-11-01,2023,11,S01,SKU0013,GROCERY,3100,0,0,0.0,2,30,17.58,17.58
2023-12-01,2023,12,S01,SKU0013,GROCERY,2857,0,0,0.0,3,31,17.58,17.58
2024-01-01,2024,1,S01,SKU0013,GROCERY,2315,0,0,0.0,1,31,17.58,17.58
2024-02-01,2024,2,S01,SKU0013,GROCERY,2533,0,0,0.0,1,29,17.58,17.58
2024-03-01,2024,3,S01,SKU0013,GROCERY,3450,0,0,0.0,0,31,17.58,17.58
2024-04-01,2024,4,S01,SKU0013,GROCERY,3805,0,0,0.0,0,30,17.58,17.58
2024-05-01,2024,5,S01,SKU0013,GROCERY,4410,1,5,0.161,1,31,17.58,16.73
2024-06-01,2024,6,S01,SKU0013,GROCERY,4746,1,8,0.267,0,30,17.58,16.17
2024-07-01,2024,7,S01,SKU0013,GROCERY,3243,0,0,0.0,1,31,17.58,17.58
2024-08-01,2024,8,S01,SKU0013,GROCERY,3392,0,0,0.0,0,31,17.58,17.58
2024-09-01,2024,9,S01,SKU0013,GROCERY,3482,0,0,0.0,0,30,17.58,17.58
2024-10-01,2024,10,S01,SKU0013,GROCERY,3149,0,0,0.0,1,31,17.58,17.58
2024-11-01,2024,11,S01,SKU0013,GROCERY,3433,0,0,0.0,2,30,17.58,17.58
2024-12-01,2024,12,S01,SKU0013,GROCERY,2922,0,0,0.0,3,31,17.58,17.58
2025-01-01,2025,1,S01,SKU0013,GROCERY,2455,0,0,0.0,1,31,17.58,17.58
2025-02-01,2025,2,S01,SKU0013,GROCERY,2278,0,0,0.0,1,28,17.58,17.58
2025-03-01,2025,3,S01,SKU0013,GROCERY,3425,1,10,0.323,0,31,17.58,15.88
2025-04-01,2025,4,S01,SKU0013,GROCERY,3621,0,0,0.0,0,30,17.58,17.58
2025-05-01,2025,5,S01,SKU0013,GROCERY,5241,1,8,0.258,1,31,17.58,16.22
2025-06-01,2025,6,S01,SKU0013,GROCERY,4289,1,6,0.2,0,30,17.58,16.53
2025-07-01,2025,7,S01,SKU0013,GROCERY,4621,1,8,0.258,1,31,17.58,16.22
2025-08-01,2025,8,S01,SKU0013,GROCERY,3363,0,0,0.0,0,31,17.58,17.58
2025-09-01,2025,9,S01,SKU0013,GROCERY,3851,1,7,0.233,0,30,17.58,16.35
2025-10-01,2025,10,S01,SKU0013,GROCERY,3305,0,0,0.0,1,31,17.58,17.58
2025-11-01,2025,11,S01,SKU0013,GROCERY,3007,0,0,0.0,2,30,17.58,17.58
2025-12-01,2025,12,S01,SKU0013,GROCERY,3073,0,0,0.0,3,31,17.58,17.58
2022-01-01,2022,1,S01,SKU0014,GROCERY,3554,0,0,0.0,1,31,13.14,13.14
2022-02-01,2022,2,S01,SKU0014,GROCERY,3297,0,0,0.0,1,28,13.14,13.14
2022-03-01,2022,3,S01,SKU0014,GROCERY,4118,0,0,0.0,0,31,13.14,13.14
2022-04-01,2022,4,S01,SKU0014,GROCERY,5983,1,10,0.333,0,30,13.14,11.83
2022-05-01,2022,5,S01,SKU0014,GROCERY,6595,1,8,0.258,1,31,13.14,12.12
2022-06-01,2022,6,S01,SKU0014,GROCERY,4755,0,0,0.0,0,30,13.14,13.14
2022-07-01,2022,7,S01,SKU0014,GROCERY,4411,0,0,0.0,1,31,13.14,13.14
2022-08-01,2022,8,S01,SKU0014,GROCERY,4241,0,0,0.0,0,31,13.14,13.14
2022-09-01,2022,9,S01,SKU0014,GROCERY,4767,1,9,0.3,0,30,13.14,11.96
2022-10-01,2022,10,S01,SKU0014,GROCERY,4024,0,0,0.0,1,31,13.14,13.14
2022-11-01,2022,11,S01,SKU0014,GROCERY,4079,1,6,0.2,2,30,13.14,12.35
2022-12-01,2022,12,S01,SKU0014,GROCERY,3633,0,0,0.0,3,31,13.14,13.14
2023-01-01,2023,1,S01,SKU0014,GROCERY,3786,1,10,0.323,1,31,13.14,11.87
2023-02-01,2023,2,S01,SKU0014,GROCERY,3393,1,5,0.179,1,28,13.14,12.44
2023-03-01,2023,3,S01,SKU0014,GROCERY,3916,0,0,0.0,0,31,13.14,13.14
2023-04-01,2023,4,S01,SKU0014,GROCERY,5008,0,0,0.0,0,30,13.14,13.14
2023-05-01,2023,5,S01,SKU0014,GROCERY,4831,0,0,0.0,1,31,13.14,13.14
2023-06-01,2023,6,S01,SKU0014,GROCERY,5120,0,0,0.0,0,30,13.14,13.14
2023-07-01,2023,7,S01,SKU0014,GROCERY,5211,1,9,0.29,1,31,13.14,12.0
2023-08-01,2023,8,S01,SKU0014,GROCERY,3917,0,0,0.0,0,31,13.14,13.14
2023-09-01,2023,9,S01,SKU0014,GROCERY,4044,0,0,0.0,0,30,13.14,13.14
2023-10-01,2023,10,S01,SKU0014,GROCERY,3854,0,0,0.0,1,31,13.14,13.14
2023-11-01,2023,11,S01,SKU0014,GROCERY,4527,1,5,0.167,2,30,13.14,12.48
2023-12-01,2023,12,S01,SKU0014,GROCERY,3884,0,0,0.0,3,31,13.14,13.14
2024-01-01,2024,1,S01,SKU0014,GROCERY,2916,0,0,0.0,1,31,13.14,13.14
2024-02-01,2024,2,S01,SKU0014,GROCERY,3181,0,0,0.0,1,29,13.14,13.14
2024-03-01,2024,3,S01,SKU0014,GROCERY,4593,1,10,0.323,0,31,13.14,11.87
2024-04-01,2024,4,S01,SKU0014,GROCERY,4519,0,0,0.0,0,30,13.14,13.14
2024-05-01,2024,5,S01,SKU0014,GROCERY,7059,1,13,0.419,1,31,13.14,11.49
2024-06-01,2024,6,S01,SKU0014,GROCERY,4978,0,0,0.0,0,30,13.14,13.14
2024-07-01,2024,7,S01,SKU0014,GROCERY,4924,1,11,0.355,1,31,13.14,11.74
2024-08-01,2024,8,S01,SKU0014,GROCERY,4235,1,5,0.161,0,31,13.14,12.5
2024-09-01,2024,9,S01,SKU0014,GROCERY,4497,1,6,0.2,0,30,13.14,12.35
2024-10-01,2024,10,S01,SKU0014,GROCERY,4181,0,0,0.0,1,31,13.14,13.14
2024-11-01,2024,11,S01,SKU0014,GROCERY,3437,0,0,0.0,2,30,13.14,13.14
2024-12-01,2024,12,S01,SKU0014,GROCERY,3441,1,2,0.065,3,31,13.14,12.89
2025-01-01,2025,1,S01,SKU0014,GROCERY,3291,1,6,0.194,1,31,13.14,12.38
2025-02-01,2025,2,S01,SKU0014,GROCERY,3006,1,4,0.143,1,28,13.14,12.58
2025-03-01,2025,3,S01,SKU0014,GROCERY,4703,1,7,0.226,0,31,13.14,12.25
2025-04-01,2025,4,S01,SKU0014,GROCERY,4958,1,9,0.3,0,30,13.14,11.96
2025-05-01,2025,5,S01,SKU0014,GROCERY,4812,0,0,0.0,1,31,13.14,13.14
2025-06-01,2025,6,S01,SKU0014,GROCERY,4671,0,0,0.0,0,30,13.14,13.14
2025-07-01,2025,7,S01,SKU0014,GROCERY,5174,1,5,0.161,1,31,13.14,12.5
2025-08-01,2025,8,S01,SKU0014,GROCERY,4009,1,7,0.226,0,31,13.14,12.25
2025-09-01,2025,9,S01,SKU0014,GROCERY,4242,1,7,0.233,0,30,13.14,12.22
2025-10-01,2025,10,S01,SKU0014,GROCERY,3963,0,0,0.0,1,31,13.14,13.14
2025-11-01,2025,11,S01,SKU0014,GROCERY,4052,0,0,0.0,2,30,13.14,13.14
2025-12-01,2025,12,S01,SKU0014,GROCERY,3099,0,0,0.0,3,31,13.14,13.14
2022-01-01,2022,1,S01,SKU0015,GROCERY,2195,1,8,0.258,1,31,7.58,6.99
2022-02-01,2022,2,S01,SKU0015,GROCERY,1813,1,3,0.107,1,28,7.58,7.34
2022-03-01,2022,3,S01,SKU0015,GROCERY,2640,1,7,0.226,0,31,7.58,7.07
2022-04-01,2022,4,S01,SKU0015,GROCERY,2525,0,0,0.0,0,30,7.58,7.58
2022-05-01,2022,5,S01,SKU0015,GROCERY,2649,0,0,0.0,1,31,7.58,7.58
2022-06-01,2022,6,S01,SKU0015,GROCERY,2519,0,0,0.0,0,30,7.58,7.58
2022-07-01,2022,7,S01,SKU0015,GROCERY,2408,0,0,0.0,1,31,7.58,7.58
2022-08-01,2022,8,S01,SKU0015,GROCERY,2426,0,0,0.0,0,31,7.58,7.58
2022-09-01,2022,9,S01,SKU0015,GROCERY,2431,0,0,0.0,0,30,7.58,7.58
2022-10-01,2022,10,S01,SKU0015,GROCERY,2468,0,0,0.0,1,31,7.58,7.58
2022-11-01,2022,11,S01,SKU0015,GROCERY,2300,0,0,0.0,2,30,7.58,7.58
2022-12-01,2022,12,S01,SKU0015,GROCERY,2210,0,0,0.0,3,31,7.58,7.58
2023-01-01,2023,1,S01,SKU0015,GROCERY,1841,0,0,0.0,1,31,7.58,7.58
2023-02-01,2023,2,S01,SKU0015,GROCERY,1706,0,0,0.0,1,28,7.58,7.58
2023-03-01,2023,3,S01,SKU0015,GROCERY,3585,1,10,0.323,0,31,7.58,6.85
2023-04-01,2023,4,S01,SKU0015,GROCERY,4412,1,10,0.333,0,30,7.58,6.82
2023-05-01,2023,5,S01,SKU0015,GROCERY,3152,0,0,0.0,1,31,7.58,7.58
2023-06-01,2023,6,S01,SKU0015,GROCERY,2967,0,0,0.0,0,30,7.58,7.58
2023-07-01,2023,7,S01,SKU0015,GROCERY,3001,0,0,0.0,1,31,7.58,7.58
2023-08-01,2023,8,S01,SKU0015,GROCERY,2602,0,0,0.0,0,31,7.58,7.58
2023-09-01,2023,9,S01,SKU0015,GROCERY,2437,0,0,0.0,0,30,7.58,7.58
2023-10-01,2023,10,S01,SKU0015,GROCERY,4127,1,13,0.419,1,31,7.58,6.63
2023-11-01,2023,11,S01,SKU0015,GROCERY,2605,0,0,0.0,2,30,7.58,7.58
2023-12-01,2023,12,S01,SKU0015,GROCERY,2458,0,0,0.0,3,31,7.58,7.58
2024-01-01,2024,1,S01,SKU0015,GROCERY,2137,0,0,0.0,1,31,7.58,7.58
2024-02-01,2024,2,S01,SKU0015,GROCERY,3380,1,14,0.483,1,29,7.58,6.48
2024-03-01,2024,3,S01,SKU0015,GROCERY,3002,0,0,0.0,0,31,7.58,7.58
2024-04-01,2024,4,S01,SKU0015,GROCERY,4273,1,7,0.233,0,30,7.58,7.05
2024-05-01,2024,5,S01,SKU0015,GROCERY,3707,0,0,0.0,1,31,7.58,7.58
2024-06-01,2024,6,S01,SKU0015,GROCERY,4597,1,8,0.267,0,30,7.58,6.97
2024-07-01,2024,7,S01,SKU0015,GROCERY,4833,1,13,0.419,1,31,7.58,6.63
2024-08-01,2024,8,S01,SKU0015,GROCERY,2992,0,0,0.0,0,31,7.58,7.58
2024-09-01,2024,9,S01,SKU0015,GROCERY,3044,0,0,0.0,0,30,7.58,7.58
2024-10-01,2024,10,S01,SKU0015,GROCERY,3071,0,0,0.0,1,31,7.58,7.58
2024-11-01,2024,11,S01,SKU0015,GROCERY,3269,0,0,0.0,2,30,7.58,7.58
2024-12-01,2024,12,S01,SKU0015,GROCERY,3319,1,7,0.226,3,31,7.58,7.07
2025-01-01,2025,1,S01,SKU0015,GROCERY,2690,1,3,0.097,1,31,7.58,7.36
2025-02-01,2025,2,S01,SKU0015,GROCERY,2726,1,4,0.143,1,28,7.58,7.26
2025-03-01,2025,3,S01,SKU0015,GROCERY,2877,0,0,0.0,0,31,7.58,7.58
2025-04-01,2025,4,S01,SKU0015,GROCERY,3772,0,0,0.0,0,30,7.58,7.58
2025-05-01,2025,5,S01,SKU0015,GROCERY,3998,0,0,0.0,1,31,7.58,7.58
2025-06-01,2025,6,S01,SKU0015,GROCERY,4910,1,7,0.233,0,30,7.58,7.05
2025-07-01,2025,7,S01,SKU0015,GROCERY,3274,0,0,0.0,1,31,7.58,7.58
2025-08-01,2025,8,S01,SKU0015,GROCERY,4948,1,9,0.29,0,31,7.58,6.92
2025-09-01,2025,9,S01,SKU0015,GROCERY,3296,0,0,0.0,0,30,7.58,7.58
2025-10-01,2025,10,S01,SKU0015,GROCERY,4548,1,8,0.258,1,31,7.58,6.99
2025-11-01,2025,11,S01,SKU0015,GROCERY,3469,0,0,0.0,2,30,7.58,7.58
2025-12-01,2025,12,S01,SKU0015,GROCERY,4792,1,12,0.387,3,31,7.58,6.7
