Backend/api_data/ds_61b6ca015029__retail_sku_sales_monthly.csv
year_month,year,month,store_id,sku_id,category,qty_sold,promo_flag,promo_days,promo_intensity,holiday_days,days_in_month,list_price,avg_selling_price
2022-01-01,2022,1,S01,SKU0016,GROCERY,3981,0,0,0.0,1,31,13.72,13.72
2022-02-01,2022,2,S01,SKU0016,GROCERY,4098,0,0,0.0,1,28,13.72,13.72
2022-03-01,2022,3,S01,SKU0016,GROCERY,5553,0,0,0.0,0,31,13.72,13.72
2022-04-01,2022,4,S01,SKU0016,GROCERY,6057,0,0,0.0,0,30,13.72,13.72
2022-05-01,2022,5,S01,SKU0016,GROCERY,8760,1,7,0.226,1,31,13.72,12.79
2022-06-01,2022,6,S01,SKU0016,GROCERY,6040,0,0,0.0,0,30,13.72,13.72
2022-07-01,2022,7,S01,SKU0016,GROCERY,5909,0,0,0.0,1,31,13.72,13.72
2022-08-01,2022,8,S01,SKU0016,GROCERY,5154,0,0,0.0,0,31,13.72,13.72
2022-09-01,2022,9,S01,SKU0016,GROCERY,5646,0,0,0.0,0,30,13.72,13.72
2022-10-01,2022,10,S01,SKU0016,GROCERY,5654,0,0,0.0,1,31,13.72,13.72
2022-11-01,2022,11,S01,SKU0016,GROCERY,6476,1,5,0.167,2,30,13.72,13.03
2022-12-01,2022,12,S01,SKU0016,GROCERY,6277,1,7,0.226,3,31,13.72,12.79
2023-01-01,2023,1,S01,SKU0016,GROCERY,4263,1,2,0.065,1,31,13.72,13.45
2023-02-01,2023,2,S01,SKU0016,GROCERY,4395,0,0,0.0,1,28,13.72,13.72
2023-03-01,2023,3,S01,SKU0016,GROCERY,5427,0,0,0.0,0,31,13.72,13.72
2023-04-01,2023,4,S01,SKU0016,GROCERY,7815,1,5,0.167,0,30,13.72,13.03
2023-05-01,2023,5,S01,SKU0016,GROCERY,7042,0,0,0.0,1,31,13.72,13.72
2023-06-01,2023,6,S01,SKU0016,GROCERY,6255,0,0,0.0,0,30,13.72,13.72
2023-07-01,2023,7,S01,SKU0016,GROCERY,10334,1,14,0.452,1,31,13.72,11.86
2023-08-01,2023,8,S01,SKU0016,GROCERY,5078,0,0,0.0,0,31,13.72,13.72
2023-09-01,2023,9,S01,SKU0016,GROCERY,5941,0,0,0.0,0,30,13.72,13.72
2023-10-01,2023,10,S01,SKU0016,GROCERY,6287,0,0,0.0,1,31,13.72,13.72
2023-11-01,2023,11,S01,SKU0016,GROCERY,7389,1,12,0.4,2,30,13.72,12.07
2023-12-01,2023,12,S01,SKU0016,GROCERY,5829,1,6,0.194,3,31,13.72,12.92
2024-01-01,2024,1,S01,SKU0016,GROCERY,4137,1,1,0.032,1,31,13.72,13.59
2024-02-01,2024,2,S01,SKU0016,GROCERY,5716,1,8,0.276,1,29,13.72,12.58
2024-03-01,2024,3,S01,SKU0016,GROCERY,6756,1,4,0.129,0,31,13.72,13.19
2024-04-01,2024,4,S01,SKU0016,GROCERY,10471,1,13,0.433,0,30,13.72,11.93
2024-05-01,2024,5,S01,SKU0016,GROCERY,7239,0,0,0.0,1,31,13.72,13.72
2024-06-01,2024,6,S01,SKU0016,GROCERY,7187,0,0,0.0,0,30,13.72,13.72
2024-07-01,2024,7,S01,SKU0016,GROCERY,6667,0,0,0.0,1,31,13.72,13.72
2024-08-01,2024,8,S01,SKU0016,GROCERY,6920,1,8,0.258,0,31,13.72,12.66
2024-09-01,2024,9,S01,SKU0016,GROCERY,5389,0,0,0.0,0,30,13.72,13.72
2024-10-01,2024,10,S01,SKU0016,GROCERY,5812,0,0,0.0,1,31,13.72,13.72
2024-11-01,2024,11,S01,SKU0016,GROCERY,6188,0,0,0.0,2,30,13.72,13.72
2024-12-01,2024,12,S01,SKU0016,GROCERY,7242,1,9,0.29,3,31,13.72,12.52
2025-01-01,2025,1,S01,SKU0016,GROCERY,4188,0,0,0.0,1,31,13.72,13.72
2025-02-01,2025,2,S01,SKU0016,GROCERY,4027,0,0,0.0,1,28,13.72,13.72
2025-03-01,2025,3,S01,SKU0016,GROCERY,5874,0,0,0.0,0,31,13.72,13.72
2025-04-01,2025,4,S01,SKU0016,GROCERY,6777,1,3,0.1,0,30,13.72,13.31
2025-05-01,2025,5,S01,SKU0016,GROCERY,8852,1,5,0.161,1,31,13.72,13.06
2025-06-01,2025,6,S01,SKU0016,GROCERY,9274,1,10,0.333,0,30,13.72,12.35
2025-07-01,2025,7,S01,SKU0016,GROCERY,6114,0,0,0.0,1,31,13.72,13.72
2025-08-01,2025,8,S01,SKU0016,GROCERY,6073,0,0,0.0,0,31,13.72,13.72
2025-09-01,2025,9,S01,SKU0016,GROCERY,5468,1,1,0.033,0,30,13.72,13.58
2025-10-01,2025,10,S01,SKU0016,GROCERY,8653,1,10,0.323,1,31,13.72,12.39
2025-11-01,2025,11,S01,SKU0016,GROCERY,7122,1,3,0.1,2,30,13.72,13.31
2025-12-01,2025,12,S01,SKU0016,GROCERY,6733,1,7,0.226,3,31,13.72,12.79
2022-01-01,2022,1,S01,SKU0017,GROCERY,4041,0,0,0.0,1,31,24.29,24.29
2022-02-01,2022,2,S01,SKU0017,GROCERY,3668,1,3,0.107,1,28,24.29,23.51
2022-03-01,2022,3,S01,SKU0017,GROCERY,5170,1,6,0.194,0,31,24.29,22.88
2022-04-01,2022,4,S01,SKU0017,GROCERY,5419,0,0,0.0,0,30,24.29,24.29
2022-05-01,2022,5,S01,SKU0017,GROCERY,6458,0,0,0.0,1,31,24.29,24.29
2022-06-01,2022,6,S01,SKU0017,GROCERY,6269,1,8,0.267,0,30,24.29,22.35
2022-07-01,2022,7,S01,SKU0017,GROCERY,4961,0,0,0.0,1,31,24.29,24.29
2022-08-01,2022,8,S01,SKU0017,GROCERY,4661,0,0,0.0,0,31,24.29,24.29
2022-09-01,2022,9,S01,SKU0017,GROCERY,4260,0,0,0.0,0,30,24.29,24.29
2022-10-01,2022,10,S01,SKU0017,GROCERY,4578,0,0,0.0,1,31,24.29,24.29
2022-11-01,2022,11,S01,SKU0017,GROCERY,5116,1,7,0.233,2,30,24.29,22.59
2022-12-01,2022,12,S01,SKU0017,GROCERY,4257,0,0,0.0,3,31,24.29,24.29
2023-01-01,2023,1,S01,SKU0017,GROCERY,3824,0,0,0.0,1,31,24.29,24.29
2023-02-01,2023,2,S01,SKU0017,GROCERY,4352,1,8,0.286,1,28,24.29,22.21
2023-03-01,2023,3,S01,SKU0017,GROCERY,4268,0,0,0.0,0,31,24.29,24.29
2023-04-01,2023,4,S01,SKU0017,GROCERY,6534,1,10,0.333,0,30,24.29,21.86
2023-05-01,2023,5,S01,SKU0017,GROCERY,7168,1,13,0.419,1,31,24.29,21.23
2023-06-01,2023,6,S01,SKU0017,GROCERY,5511,0,0,0.0,0,30,24.29,24.29
2023-07-01,2023,7,S01,SKU0017,GROCERY,5173,0,0,0.0,1,31,24.29,24.29
2023-08-01,2023,8,S01,SKU0017,GROCERY,5133,1,7,0.226,0,31,24.29,22.64
2023-09-01,2023,9,S01,SKU0017,GROCERY,4416,0,0,0.0,0,30,24.29,24.29
2023-10-01,2023,10,S01,SKU0017,GROCERY,4716,0,0,0.0,1,31,24.29,24.29
2023-11-01,2023,11,S01,SKU0017,GROCERY,4591,0,0,0.0,2,30,24.29,24.29
2023-12-01,2023,12,S01,SKU0017,GROCERY,4523,1,5,0.161,3,31,24.29,23.11
2024-01-01,2024,1,S01,SKU0017,GROCERY,3605,0,0,0.0,1,31,24.29,24.29
2024-02-01,2024,2,S01,SKU0017,GROCERY,4487,1,7,0.241,1,29,24.29,22.53
2024-03-01,2024,3,S01,SKU0017,GROCERY,4710,0,0,0.0,0,31,24.29,24.29
2024-04-01,2024,4,S01,SKU0017,GROCERY,5035,0,0,0.0,0,30,24.29,24.29
2024-05-01,2024,5,S01,SKU0017,GROCERY,6761,1,5,0.161,1,31,24.29,23.11
2024-06-01,2024,6,S01,SKU0017,GROCERY,6069,1,3,0.1,0,30,24.29,23.56
2024-07-01,2024,7,S01,SKU0017,GROCERY,4700,0,0,0.0,1,31,24.29,24.29
2024-08-01,2024,8,S01,SKU0017,GROCERY,6365,1,13,0.419,0,31,24.29,21.23
2024-09-01,2024,9,S01,SKU0017,GROCERY,4689,0,0,0.0,0,30,24.29,24.29
2024-10-01,2024,10,S01,SKU0017,GROCERY,6522,1,14,0.452,1,31,24.29,21.0
2024-11-01,2024,11,S01,SKU0017,GROCERY,4504,0,0,0.0,2,30,24.29,24.29
2024-12-01,2024,12,S01,SKU0017,GROCERY,3902,1,2,0.065,3,31,24.29,23.82
2025-01-01,2025,1,S01,SKU0017,GROCERY,3743,1,4,0.129,1,31,24.29,23.35
2025-02-01,2025,2,S01,SKU0017,GROCERY,3461,0,0,0.0,1,28,24.29,24.29
2025-03-01,2025,3,S01,SKU0017,GROCERY,5780,1,7,0.226,0,31,24.29,22.64
2025-04-01,2025,4,S01,SKU0017,GROCERY,5162,1,2,0.067,0,30,24.29,23.8
2025-05-01,2025,5,S01,SKU0017,GROCERY,7508,1,10,0.323,1,31,24.29,21.94
2025-06-01,2025,6,S01,SKU0017,GROCERY,5314,0,0,0.0,0,30,24.29,24.29
2025-07-01,2025,7,S01,SKU0017,GROCERY,5187,0,0,0.0,1,31,24.29,24.29
2025-08-01,2025,8,S01,SKU0017,GROCERY,4856,0,0,0.0,0,31,24.29,24.29
2025-09-01,2025,9,S01,SKU0017,GROCERY,5176,1,6,0.2,0,30,24.29,22.83
2025-10-01,2025,10,S01,SKU0017,GROCERY,4524,0,0,0.0,1,31,24.29,24.29
2025-11-01,2025,11,S01,SKU0017,GROCERY,6500,1,7,0.233,2,30,24.29,22.59
2025-12-01,2025,12,S01,SKU0017,GROCERY,3947,1,3,0.097,3,31,24.29,23.58
2022-01-01,2022,1,S01,SKU0018,GROCERY,4568,0,0,0.0,1,31,22.53,22.53
2022-02-01,2022,2,S01,SKU0018,GROCERY,4353,0,0,0.0,1,28,22.53,22.53
2022-03-01,2022,3,S01,SKU0018,GROCERY,6949,1,6,0.194,0,31,22.53,21.22
2022-04-01,2022,4,S01,SKU0018,GROCERY,6952,0,0,0.0,0,30,22.53,22.53
2022-05-01,2022,5,S01,SKU0018,GROCERY,7966,0,0,0.0,1,31,22.53,22.53
2022-06-01,2022,6,S01,SKU0018,GROCERY,11239,1,14,0.467,0,30,22.53,19.38
2022-07-01,2022,7,S01,SKU0018,GROCERY,7160,0,0,0.0,1,31,22.53,22.53
2022-08-01,2022,8,S01,SKU0018,GROCERY,6399,0,0,0.0,0,31,22.53,22.53
2022-09-01,2022,9,S01,SKU0018,GROCERY,7984,1,10,0.333,0,30,22.53,20.28
2022-10-01,2022,10,S01,SKU0018,GROCERY,6645,1,1,0.032,1,31,22.53,22.31
2022-11-01,2022,11,S01,SKU0018,GROCERY,6759,0,0,0.0,2,30,22.53,22.53
2022-12-01,2022,12,S01,SKU0018,GROCERY,6425,0,0,0.0,3,31,22.53,22.53
2023-01-01,2023,1,S01,SKU0018,GROCERY,5446,0,0,0.0,1,31,22.53,22.53
2023-02-01,2023,2,S01,SKU0018,GROCERY,4555,0,0,0.0,1,28,22.53,22.53
2023-03-01,2023,3,S01,SKU0018,GROCERY,7933,1,8,0.258,0,31,22.53,20.79
2023-04-01,2023,4,S01,SKU0018,GROCERY,8007,0,0,0.0,0,30,22.53,22.53
2023-05-01,2023,5,S01,SKU0018,GROCERY,10066,0,0,0.0,1,31,22.53,22.53
2023-06-01,2023,6,S01,SKU0018,GROCERY,8676,0,0,0.0,0,30,22.53,22.53
2023-07-01,2023,7,S01,SKU0018,GROCERY,9199,0,0,0.0,1,31,22.53,22.53
2023-08-01,2023,8,S01,SKU0018,GROCERY,7783,0,0,0.0,0,31,22.53,22.53
2023-09-01,2023,9,S01,SKU0018,GROCERY,8142,1,3,0.1,0,30,22.53,21.85
2023-10-01,2023,10,S01,SKU0018,GROCERY,10721,1,11,0.355,1,31,22.53,20.13
2023-11-01,2023,11,S01,SKU0018,GROCERY,7221,0,0,0.0,2,30,22.53,22.53
2023-12-01,2023,12,S01,SKU0018,GROCERY,7028,0,0,0.0,3,31,22.53,22.53
2024-01-01,2024,1,S01,SKU0018,GROCERY,7990,1,10,0.323,1,31,22.53,20.35
2024-02-01,2024,2,S01,SKU0018,GROCERY,5532,0,0,0.0,1,29,22.53,22.53
2024-03-01,2024,3,S01,SKU0018,GROCERY,8093,0,0,0.0,0,31,22.53,22.53
2024-04-01,2024,4,S01,SKU0018,GROCERY,11997,1,12,0.4,0,30,22.53,19.83
2024-05-01,2024,5,S01,SKU0018,GROCERY,13396,1,11,0.355,1,31,22.53,20.13
2024-06-01,2024,6,S01,SKU0018,GROCERY,11060,1,6,0.2,0,30,22.53,21.18
2024-07-01,2024,7,S01,SKU0018,GROCERY,11035,1,5,0.161,1,31,22.53,21.44
2024-08-01,2024,8,S01,SKU0018,GROCERY,9274,1,2,0.065,0,31,22.53,22.09
2024-09-01,2024,9,S01,SKU0018,GROCERY,10035,1,9,0.3,0,30,22.53,20.5
2024-10-01,2024,10,S01,SKU0018,GROCERY,9930,1,5,0.161,1,31,22.53,21.44
2024-11-01,2024,11,S01,SKU0018,GROCERY,9321,0,0,0.0,2,30,22.53,22.53
2024-12-01,2024,12,S01,SKU0018,GROCERY,7046,0,0,0.0,3,31,22.53,22.53
2025-01-01,2025,1,S01,SKU0018,GROCERY,7131,0,0,0.0,1,31,22.53,22.53
2025-02-01,2025,2,S01,SKU0018,GROCERY,9742,1,11,0.393,1,28,22.53,19.87
2025-03-01,2025,3,S01,SKU0018,GROCERY,9096,0,0,0.0,0,31,22.53,22.53
2025-04-01,2025,4,S01,SKU0018,GROCERY,9957,0,0,0.0,0,30,22.53,22.53
2025-05-01,2025,5,S01,SKU0018,GROCERY,11003,0,0,0.0,1,31,22.53,22.53
2025-06-01,2025,6,S01,SKU0018,GROCERY,14590,1,11,0.367,0,30,22.53,20.05
2025-07-01,2025,7,S01,SKU0018,GROCERY,10574,0,0,0.0,1,31,22.53,22.53
2025-08-01,2025,8,S01,SKU0018,GROCERY,8918,0,0,0.0,0,31,22.53,22.53
2025-09-01,2025,9,S01,SKU0018,GROCERY,9188,0,0,0.0,0,30,22.53,22.53
2025-10-01,2025,10,S01,SKU0018,GROCERY,10804,1,6,0.194,1,31,22.53,21.22
2025-11-01,2025,11,S01,SKU0018,GROCERY,10441,0,0,0.0,2,30,22.53,22.53
2025-12-01,2025,12,S01,SKU0018,GROCERY,10838,1,8,0.258,3,31,22.53,20.79
2022-01-01,2022,1,S01,SKU0019,GROCERY,4746,1,7,0.226,1,31,3.58,3.34
2022-02-01,2022,2,S01,SKU0019,GROCERY,4276,1,3,0.107,1,28,3.58,3.47
2022-03-01,2022,3,S01,SKU0019,GROCERY,5159,0,0,0.0,0,31,3.58,3.58
2022-04-01,2022,4,S01,SKU0019,GROCERY,5656,0,0,0.0,0,30,3.58,3.58
2022-05-01,2022,5,S01,SKU0019,GROCERY,7038,0,0,0.0,1,31,3.58,3.58
2022-06-01,2022,6,S01,SKU0019,GROCERY,11126,1,14,0.467,0,30,3.58,3.08
2022-07-01,2022,7,S01,SKU0019,GROCERY,5765,0,0,0.0,1,31,3.58,3.58
2022-08-01,2022,8,S01,SKU0019,GROCERY,6103,1,5,0.161,0,31,3.58,3.41
2022-09-01,2022,9,S01,SKU0019,GROCERY,5258,0,0,0.0,0,30,3.58,3.58
2022-10-01,2022,10,S01,SKU0019,GROCERY,6100,0,0,0.0,1,31,3.58,3.58
2022-11-01,2022,11,S01,SKU0019,GROCERY,8495,1,12,0.4,2,30,3.58,3.15
2022-12-01,2022,12,S01,SKU0019,GROCERY,5516,0,0,0.0,3,31,3.58,3.58
2023-01-01,2023,1,S01,SKU0019,GROCERY,5206,1,10,0.323,1,31,3.58,3.23
2023-02-01,2023,2,S01,SKU0019,GROCERY,5611,1,8,0.286,1,28,3.58,3.27
2023-03-01,2023,3,S01,SKU0019,GROCERY,5296,0,0,0.0,0,31,3.58,3.58
2023-04-01,2023,4,S01,SKU0019,GROCERY,6873,0,0,0.0,0,30,3.58,3.58
2023-05-01,2023,5,S01,SKU0019,GROCERY,8439,0,0,0.0,1,31,3.58,3.58
2023-06-01,2023,6,S01,SKU0019,GROCERY,9911,1,8,0.267,0,30,3.58,3.29
2023-07-01,2023,7,S01,SKU0019,GROCERY,7344,0,0,0.0,1,31,3.58,3.58
2023-08-01,2023,8,S01,SKU0019,GROCERY,6060,0,0,0.0,0,31,3.58,3.58
2023-09-01,2023,9,S01,SKU0019,GROCERY,7996,1,10,0.333,0,30,3.58,3.22
2023-10-01,2023,10,S01,SKU0019,GROCERY,6977,1,1,0.032,1,31,3.58,3.55
2023-11-01,2023,11,S01,SKU0019,GROCERY,6718,0,0,0.0,2,30,3.58,3.58
2023-12-01,2023,12,S01,SKU0019,GROCERY,5107,0,0,0.0,3,31,3.58,3.58
2024-01-01,2024,1,S01,SKU0019,GROCERY,5437,0,0,0.0,1,31,3.58,3.58
2024-02-01,2024,2,S01,SKU0019,GROCERY,4860,0,0,0.0,1,29,3.58,3.58
2024-03-01,2024,3,S01,SKU0019,GROCERY,6477,0,0,0.0,0,31,3.58,3.58
2024-04-01,2024,4,S01,SKU0019,GROCERY,7425,0,0,0.0,0,30,3.58,3.58
2024-05-01,2024,5,S01,SKU0019,GROCERY,8951,0,0,0.0,1,31,3.58,3.58
2024-06-01,2024,6,S01,SKU0019,GROCERY,7599,0,0,0.0,0,30,3.58,3.58
2024-07-01,2024,7,S01,SKU0019,GROCERY,9487,1,4,0.129,1,31,3.58,3.44
2024-08-01,2024,8,S01,SKU0019,GROCERY,9614,1,4,0.129,0,31,3.58,3.44
2024-09-01,2024,9,S01,SKU0019,GROCERY,7260,0,0,0.0,0,30,3.58,3.58
2024-10-01,2024,10,S01,SKU0019,GROCERY,8036,0,0,0.0,1,31,3.58,3.58
2024-11-01,2024,11,S01,SKU0019,GROCERY,7039,0,0,0.0,2,30,3.58,3.58
2024-12-01,2024,12,S01,SKU0019,GROCERY,6474,0,0,0.0,3,31,3.58,3.58
2025-01-01,2025,1,S01,SKU0019,GROCERY,5498,0,0,0.0,1,31,3.58,3.58
2025-02-01,2025,2,S01,SKU0019,GROCERY,5430,0,0,0.0,1,28,3.58,3.58
2025-03-01,2025,3,S01,SKU0019,GROCERY,9901,1,12,0.387,0,31,3.58,3.17
2025-04-01,2025,4,S01,SKU0019,GROCERY,8258,0,0,0.0,0,30,3.58,3.58
2025-05-01,2025,5,S01,SKU0019,GROCERY,10456,0,0,0.0,1,31,3.58,3.58
2025-06-01,2025,6,S01,SKU0019,GROCERY,11774,1,8,0.267,0,30,3.58,3.29
2025-07-01,2025,7,S01,SKU0019,GROCERY,8146,0,0,0.0,1,31,3.58,3.58
2025-08-01,2025,8,S01,SKU0019,GROCERY,7974,0,0,0.0,0,31,3.58,3.58
2025-09-01,2025,9,S01,SKU0019,GROCERY,9564,1,6,0.2,0,30,3.58,3.37
2025-10-01,2025,10,S01,SKU0019,GROCERY,11668,1,8,0.258,1,31,3.58,3.3
2025-11-01,2025,11,S01,SKU0019,GROCERY,8184,0,0,0.0,2,30,3.58,3.58
2025-12-01,2025,12,S01,SKU0019,GROCERY,6474,0,0,0.0,3,31,3.58,3.58
2022-01-01,2022,1,S01,SKU0020,GROCERY,2740,1,7,0.226,1,31,9.15,8.53
2022-02-01,2022,2,S01,SKU0020,GROCERY,2436,1,5,0.179,1,28,9.15,8.66
2022-03-01,2022,3,S01,SKU0020,GROCERY,2701,0,0,0.0,0,31,9.15,9.15
2022-04-01,2022,4,S01,SKU0020,GROCERY,3167,0,0,0.0,0,30,9.15,9.15
2022-05-01,2022,5,S01,SKU0020,GROCERY,3795,0,0,0.0,1,31,9.15,9.15
2022-06-01,2022,6,S01,SKU0020,GROCERY,3560,0,0,0.0,0,30,9.15,9.15
2022-07-01,2022,7,S01,SKU0020,GROCERY,4086,1,11,0.355,1,31,9.15,8.18
2022-08-01,2022,8,S01,SKU0020,GROCERY,3995,1,9,0.29,0,31,9.15,8.35
2022-09-01,2022,9,S01,SKU0020,GROCERY,2788,0,0,0.0,0,30,9.15,9.15
2022-10-01,2022,10,S01,SKU0020,GROCERY,2834,0,0,0.0,1,31,9.15,9.15
2022-11-01,2022,11,S01,SKU0020,GROCERY,2656,0,0,0.0,2,30,9.15,9.15
2022-12-01,2022,12,S01,SKU0020,GROCERY,2879,1,5,0.161,3,31,9.15,8.71
2023-01-01,2023,1,S01,SKU0020,GROCERY,2063,0,0,0.0,1,31,9.15,9.15
2023-02-01,2023,2,S01,SKU0020,GROCERY,2306,0,0,0.0,1,28,9.15,9.15
2023-03-01,2023,3,S01,SKU0020,GROCERY,2731,0,0,0.0,0,31,9.15,9.15
2023-04-01,2023,4,S01,SKU0020,GROCERY,2920,0,0,0.0,0,30,9.15,9.15
2023-05-01,2023,5,S01,SKU0020,GROCERY,3373,0,0,0.0,1,31,9.15,9.15
2023-06-01,2023,6,S01,SKU0020,GROCERY,4053,1,6,0.2,0,30,9.15,8.6
2023-07-01,2023,7,S01,SKU0020,GROCERY,3140,1,2,0.065,1,31,9.15,8.97
2023-08-01,2023,8,S01,SKU0020,GROCERY,3220,1,5,0.161,0,31,9.15,8.71
2023-09-01,2023,9,S01,SKU0020,GROCERY,2781,0,0,0.0,0,30,9.15,9.15
2023-10-01,2023,10,S01,SKU0020,GROCERY,2586,0,0,0.0,1,31,9.15,9.15
2023-11-01,2023,11,S01,SKU0020,GROCERY,2707,0,0,0.0,2,30,9.15,9.15
2023-12-01,2023,12,S01,SKU0020,GROCERY,2387,0,0,0.0,3,31,9.15,9.15
2024-01-01,2024,1,S01,SKU0020,GROCERY,2041,0,0,0.0,1,31,9.15,9.15
2024-02-01,2024,2,S01,SKU0020,GROCERY,2190,0,0,0.0,1,29,9.15,9.15
2024-03-01,2024,3,S01,SKU0020,GROCERY,2585,0,0,0.0,0,31,9.15,9.15
2024-04-01,2024,4,S01,SKU0020,GROCERY,3051,0,0,0.0,0,30,9.15,9.15
2024-05-01,2024,5,S01,SKU0020,GROCERY,3418,0,0,0.0,1,31,9.15,9.15
2024-06-01,2024,6,S01,SKU0020,GROCERY,4503,1,11,0.367,0,30,9.15,8.15
2024-07-01,2024,7,S01,SKU0020,GROCERY,2816,0,0,0.0,1,31,9.15,9.15
2024-08-01,2024,8,S01,SKU0020,GROCERY,2433,0,0,0.0,0,31,9.15,9.15
2024-09-01,2024,9,S01,SKU0020,GROCERY,2571,0,0,0.0,0,30,9.15,9.15
2024-10-01,2024,10,S01,SKU0020,GROCERY,2904,0,0,0.0,1,31,9.15,9.15
2024-11-01,2024,11,S01,SKU0020,GROCERY,2613,0,0,0.0,2,30,9.15,9.15
2024-12-01,2024,12,S01,SKU0020,GROCERY,2699,1,5,0.161,3,31,9.15,8.71
2025-01-01,2025,1,S01,SKU0020,GROCERY,1778,0,0,0.0,1,31,9.15,9.15
2025-02-01,2025,2,S01,SKU0020,GROCERY,1950,0,0,0.0,1,28,9.15,9.15
2025-03-01,2025,3,S01,SKU0020,GROCERY,2623,0,0,0.0,0,31,9.15,9.15
2025-04-01,2025,4,S01,SKU0020,GROCERY,2990,0,0,0.0,0,30,9.15,9.15
2025-05-01,2025,5,S01,SKU0020,GROCERY,3224,0,0,0.0,1,31,9.15,9.15
2025-06-01,2025,6,S01,SKU0020,GROCERY,3245,1,5,0.167,0,30,9.15,8.69
2025-07-01,2025,7,S01,SKU0020,GROCERY,2589,0,0,0.0,1,31,9.15,9.15
2025-08-01,2025,8,S01,SKU0020,GROCERY,2415,0,0,0.0,0,31,9.15,9.15
2025-09-01,2025,9,S01,SKU0020,GROCERY,2374,0,0,0.0,0,30,9.15,9.15
2025-10-01,2025,10,S01,SKU0020,GROCERY,3455,1,9,0.29,1,31,9.15,8.35
2025-11-01,2025,11,S01,SKU0020,GROCERY,2683,0,0,0.0,2,30,9.15,9.15
2025-12-01,2025,12,S01,SKU0020,GROCERY,2072,0,0,0.0,3,31,9.15,9.15
