Backend/api_data/ds_61b6ca015029__retail_sku_sales_monthly.csv
year_month,year,month,store_id,sku_id,category,qty_sold,promo_flag,promo_days,promo_intensity,holiday_days,days_in_month,list_price,avg_selling_price
2022-01-01,2022,1,S01,SKU0021,DAIRY,1629,0,0,0.0,1,31,20.98,20.98
2022-02-01,2022,2,S01,SKU0021,DAIRY,1728,0,0,0.0,1,28,20.98,20.98
2022-03-01,2022,3,S01,SKU0021,DAIRY,2767,1,7,0.226,0,31,20.98,19.56
2022-04-01,2022,4,S01,SKU0021,DAIRY,2917,1,5,0.167,0,30,20.98,19.93
2022-05-01,2022,5,S01,SKU0021,DAIRY,2818,0,0,0.0,1,31,20.98,20.98
2022-06-01,2022,6,S01,SKU0021,DAIRY,2903,0,0,0.0,0,30,20.98,20.98
2022-07-01,2022,7,S01,SKU0021,DAIRY,2912,0,0,0.0,1,31,20.98,20.98
2022-08-01,2022,8,S01,SKU0021,DAIRY,2341,0,0,0.0,0,31,20.98,20.98
2022-09-01,2022,9,S01,SKU0021,DAIRY,3149,1,12,0.4,0,30,20.98,18.46
2022-10-01,2022,10,S01,SKU0021,DAIRY,2632,0,0,0.0,1,31,20.98,20.98
2022-11-01,2022,11,S01,SKU0021,DAIRY,2089,0,0,0.0,2,30,20.98,20.98
2022-12-01,2022,12,S01,SKU0021,DAIRY,2166,0,0,0.0,3,31,20.98,20.98
2023-01-01,2023,1,S01,SKU0021,DAIRY,1852,0,0,0.0,1,31,20.98,20.98
2023-02-01,2023,2,S01,SKU0021,DAIRY,1806,0,0,0.0,1,28,20.98,20.98
2023-03-01,2023,3,S01,SKU0021,DAIRY,2079,0,0,0.0,0,31,20.98,20.98
2023-04-01,2023,4,S01,SKU0021,DAIRY,3150,1,10,0.333,0,30,20.98,18.88
2023-05-01,2023,5,S01,SKU0021,DAIRY,3654,1,11,0.355,1,31,20.98,18.75
2023-06-01,2023,6,S01,SKU0021,DAIRY,3353,0,0,0.0,0,30,20.98,20.98
2023-07-01,2023,7,S01,SKU0021,DAIRY,3185,1,5,0.161,1,31,20.98,19.97
2023-08-01,2023,8,S01,SKU0021,DAIRY,2303,0,0,0.0,0,31,20.98,20.98
2023-09-01,2023,9,S01,SKU0021,DAIRY,2539,0,0,0.0,0,30,20.98,20.98
2023-10-01,2023,10,S01,SKU0021,DAIRY,2580,0,0,0.0,1,31,20.98,20.98
2023-11-01,2023,11,S01,SKU0021,DAIRY,2322,0,0,0.0,2,30,20.98,20.98
2023-12-01,2023,12,S01,SKU0021,DAIRY,2312,0,0,0.0,3,31,20.98,20.98
2024-01-01,2024,1,S01,SKU0021,DAIRY,2595,1,14,0.452,1,31,20.98,18.14
2024-02-01,2024,2,S01,SKU0021,DAIRY,1790,0,0,0.0,1,29,20.98,20.98
2024-03-01,2024,3,S01,SKU0021,DAIRY,2399,0,0,0.0,0,31,20.98,20.98
2024-04-01,2024,4,S01,SKU0021,DAIRY,2970,0,0,0.0,0,30,20.98,20.98
2024-05-01,2024,5,S01,SKU0021,DAIRY,2902,0,0,0.0,1,31,20.98,20.98
2024-06-01,2024,6,S01,SKU0021,DAIRY,3238,0,0,0.0,0,30,20.98,20.98
2024-07-01,2024,7,S01,SKU0021,DAIRY,2739,0,0,0.0,1,31,20.98,20.98
2024-08-01,2024,8,S01,SKU0021,DAIRY,3055,1,3,0.097,0,31,20.98,20.37
2024-09-01,2024,9,S01,SKU0021,DAIRY,2738,1,10,0.333,0,30,20.98,18.88
2024-10-01,2024,10,S01,SKU0021,DAIRY,2559,0,0,0.0,1,31,20.98,20.98
2024-11-01,2024,11,S01,SKU0021,DAIRY,2303,0,0,0.0,2,30,20.98,20.98
2024-12-01,2024,12,S01,SKU0021,DAIRY,2194,1,1,0.032,3,31,20.98,20.78
2025-01-01,2025,1,S01,SKU0021,DAIRY,2187,1,6,0.194,1,31,20.98,19.76
2025-02-01,2025,2,S01,SKU0021,DAIRY,1904,0,0,0.0,1,28,20.98,20.98
2025-03-01,2025,3,S01,SKU0021,DAIRY,2142,0,0,0.0,0,31,20.98,20.98
2025-04-01,2025,4,S01,SKU0021,DAIRY,2476,0,0,0.0,0,30,20.98,20.98
2025-05-01,2025,5,S01,SKU0021,DAIRY,3699,1,8,0.258,1,31,20.98,19.36
2025-06-01,2025,6,S01,SKU0021,DAIRY,3246,0,0,0.0,0,30,20.98,20.98
2025-07-01,2025,7,S01,SKU0021,DAIRY,3124,0,0,0.0,1,31,20.98,20.98
2025-08-01,2025,8,S01,SKU0021,DAIRY,2831,0,0,0.0,0,31,20.98,20.98
2025-09-01,2025,9,S01,SKU0021,DAIRY,2387,0,0,0.0,0,30,20.98,20.98
2025-10-01,2025,10,S01,SKU0021,DAIRY,2604,0,0,0.0,1,31,20.98,20.98
2025-11-01,2025,11,S01,SKU0021,DAIRY,2384,0,0,0.0,2,30,20.98,20.98
2025-12-01,2025,12,S01,SKU0021,DAIRY,2403,1,5,0.161,3,31,20.98,19.97
2022-01-01,2022,1,S01,SKU0022,DAIRY,1740,0,0,0.0,1,31,14.25,14.25
2022-02-01,2022,2,S01,SKU0022,DAIRY,2387,1,14,0.5,1,28,14.25,12.11
2022-03-01,2022,3,S01,SKU0022,DAIRY,2006,0,0,0.0,0,31,14.25,14.25
2022-04-01,2022,4,S01,SKU0022,DAIRY,2502,0,0,0.0,0,30,14.25,14.25
2022-05-01,2022,5,S01,SKU0022,DAIRY,2860,0,0,0.0,1,31,14.25,14.25
2022-06-01,2022,6,S01,SKU0022,DAIRY,3312,1,5,0.167,0,30,14.25,13.54
2022-07-01,2022,7,S01,SKU0022,DAIRY,3370,1,5,0.161,1,31,14.25,13.56
2022-08-01,2022,8,S01,SKU0022,DAIRY,2657,0,0,0.0,0,31,14.25,14.25
2022-09-01,2022,9,S01,SKU0022,DAIRY,2741,1,8,0.267,0,30,14.25,13.11
2022-10-01,2022,10,S01,SKU0022,DAIRY,2356,0,0,0.0,1,31,14.25,14.25
2022-11-01,2022,11,S01,SKU0022,DAIRY,2378,0,0,0.0,2,30,14.25,14.25
2022-12-01,2022,12,S01,SKU0022,DAIRY,2006,0,0,0.0,3,31,14.25,14.25
2023-01-01,2023,1,S01,SKU0022,DAIRY,1871,0,0,0.0,1,31,14.25,14.25
2023-02-01,2023,2,S01,SKU0022,DAIRY,1668,0,0,0.0,1,28,14.25,14.25
2023-03-01,2023,3,S01,SKU0022,DAIRY,2100,0,0,0.0,0,31,14.25,14.25
2023-04-01,2023,4,S01,SKU0022,DAIRY,2697,0,0,0.0,0,30,14.25,14.25
2023-05-01,2023,5,S01,SKU0022,DAIRY,3805,1,14,0.452,1,31,14.25,12.32
2023-06-01,2023,6,S01,SKU0022,DAIRY,2980,0,0,0.0,0,30,14.25,14.25
2023-07-01,2023,7,S01,SKU0022,DAIRY,3258,1,9,0.29,1,31,14.25,13.01
2023-08-01,2023,8,S01,SKU0022,DAIRY,2691,0,0,0.0,0,31,14.25,14.25
2023-09-01,2023,9,S01,SKU0022,DAIRY,2310,0,0,0.0,0,30,14.25,14.25
2023-10-01,2023,10,S01,SKU0022,DAIRY,2215,0,0,0.0,1,31,14.25,14.25
2023-11-01,2023,11,S01,SKU0022,DAIRY,2339,0,0,0.0,2,30,14.25,14.25
2023-12-01,2023,12,S01,SKU0022,DAIRY,2151,0,0,0.0,3,31,14.25,14.25
2024-01-01,2024,1,S01,SKU0022,DAIRY,1646,0,0,0.0,1,31,14.25,14.25
2024-02-01,2024,2,S01,SKU0022,DAIRY,1606,0,0,0.0,1,29,14.25,14.25
2024-03-01,2024,3,S01,SKU0022,DAIRY,2623,1,5,0.161,0,31,14.25,13.56
2024-04-01,2024,4,S01,SKU0022,DAIRY,3192,1,5,0.167,0,30,14.25,13.54
2024-05-01,2024,5,S01,SKU0022,DAIRY,2766,0,0,0.0,1,31,14.25,14.25
2024-06-01,2024,6,S01,SKU0022,DAIRY,3533,1,5,0.167,0,30,14.25,13.54
2024-07-01,2024,7,S01,SKU0022,DAIRY,2501,0,0,0.0,1,31,14.25,14.25
2024-08-01,2024,8,S01,SKU0022,DAIRY,2739,0,0,0.0,0,31,14.25,14.25
2024-09-01,2024,9,S01,SKU0022,DAIRY,2481,0,0,0.0,0,30,14.25,14.25
2024-10-01,2024,10,S01,SKU0022,DAIRY,2325,0,0,0.0,1,31,14.25,14.25
2024-11-01,2024,11,S01,SKU0022,DAIRY,2502,0,0,0.0,2,30,14.25,14.25
2024-12-01,2024,12,S01,SKU0022,DAIRY,2394,1,6,0.194,3,31,14.25,13.42
2025-01-01,2025,1,S01,SKU0022,DAIRY,2137,1,10,0.323,1,31,14.25,12.87
2025-02-01,2025,2,S01,SKU0022,DAIRY,1712,0,0,0.0,1,28,14.25,14.25
2025-03-01,2025,3,S01,SKU0022,DAIRY,2418,0,0,0.0,0,31,14.25,14.25
2025-04-01,2025,4,S01,SKU0022,DAIRY,2616,0,0,0.0,0,30,14.25,14.25
2025-05-01,2025,5,S01,SKU0022,DAIRY,3887,1,7,0.226,1,31,14.25,13.28
2025-06-01,2025,6,S01,SKU0022,DAIRY,2983,0,0,0.0,0,30,14.25,14.25
2025-07-01,2025,7,S01,SKU0022,DAIRY,3175,1,5,0.161,1,31,14.25,13.56
2025-08-01,2025,8,S01,SKU0022,DAIRY,2482,0,0,0.0,0,31,14.25,14.25
2025-09-01,2025,9,S01,SKU0022,DAIRY,2308,0,0,0.0,0,30,14.25,14.25
2025-10-01,2025,10,S01,SKU0022,DAIRY,2574,0,0,0.0,1,31,14.25,14.25
2025-11-01,2025,11,S01,SKU0022,DAIRY,3504,1,13,0.433,2,30,14.25,12.4
2025-12-01,2025,12,S01,SKU0022,DAIRY,1868,0,0,0.0,3,31,14.25,14.25
2022-01-01,2022,1,S01,SKU0023,DAIRY,1579,1,8,0.258,1,31,3.25,3.0
2022-02-01,2022,2,S01,SKU0023,DAIRY,1153,0,0,0.0,1,28,3.25,3.25
2022-03-01,2022,3,S01,SKU0023,DAIRY,1466,0,0,0.0,0,31,3.25,3.25
2022-04-01,2022,4,S01,SKU0023,DAIRY,2215,1,5,0.167,0,30,3.25,3.09
2022-05-01,2022,5,S01,SKU0023,DAIRY,1968,0,0,0.0,1,31,3.25,3.25
2022-06-01,2022,6,S01,SKU0023,DAIRY,2667,1,7,0.233,0,30,3.25,3.02
2022-07-01,2022,7,S01,SKU0023,DAIRY,1876,0,0,0.0,1,31,3.25,3.25
2022-08-01,2022,8,S01,SKU0023,DAIRY,1715,0,0,0.0,0,31,3.25,3.25
2022-09-01,2022,9,S01,SKU0023,DAIRY,1539,0,0,0.0,0,30,3.25,3.25
2022-10-01,2022,10,S01,SKU0023,DAIRY,1760,0,0,0.0,1,31,3.25,3.25
2022-11-01,2022,11,S01,SKU0023,DAIRY,1995,1,5,0.167,2,30,3.25,3.09
2022-12-01,2022,12,S01,SKU0023,DAIRY,1497,0,0,0.0,3,31,3.25,3.25
2023-01-01,2023,1,S01,SKU0023,DAIRY,1336,0,0,0.0,1,31,3.25,3.25
2023-02-01,2023,2,S01,SKU0023,DAIRY,1273,0,0,0.0,1,28,3.25,3.25
2023-03-01,2023,3,S01,SKU0023,DAIRY,1601,0,0,0.0,0,31,3.25,3.25
2023-04-01,2023,4,S01,SKU0023,DAIRY,2482,1,6,0.2,0,30,3.25,3.05
2023-05-01,2023,5,S01,SKU0023,DAIRY,2431,0,0,0.0,1,31,3.25,3.25
2023-06-01,2023,6,S01,SKU0023,DAIRY,2595,0,0,0.0,0,30,3.25,3.25
2023-07-01,2023,7,S01,SKU0023,DAIRY,2216,0,0,0.0,1,31,3.25,3.25
2023-08-01,2023,8,S01,SKU0023,DAIRY,2043,1,1,0.032,0,31,3.25,3.22
2023-09-01,2023,9,S01,SKU0023,DAIRY,2364,1,7,0.233,0,30,3.25,3.02
2023-10-01,2023,10,S01,SKU0023,DAIRY,1924,0,0,0.0,1,31,3.25,3.25
2023-11-01,2023,11,S01,SKU0023,DAIRY,1901,0,0,0.0,2,30,3.25,3.25
2023-12-01,2023,12,S01,SKU0023,DAIRY,1631,0,0,0.0,3,31,3.25,3.25
2024-01-01,2024,1,S01,SKU0023,DAIRY,1363,0,0,0.0,1,31,3.25,3.25
2024-02-01,2024,2,S01,SKU0023,DAIRY,1514,0,0,0.0,1,29,3.25,3.25
2024-03-01,2024,3,S01,SKU0023,DAIRY,1866,0,0,0.0,0,31,3.25,3.25
2024-04-01,2024,4,S01,SKU0023,DAIRY,2208,0,0,0.0,0,30,3.25,3.25
2024-05-01,2024,5,S01,SKU0023,DAIRY,2235,0,0,0.0,1,31,3.25,3.25
2024-06-01,2024,6,S01,SKU0023,DAIRY,2257,0,0,0.0,0,30,3.25,3.25
2024-07-01,2024,7,S01,SKU0023,DAIRY,3110,1,7,0.226,1,31,3.25,3.03
2024-08-01,2024,8,S01,SKU0023,DAIRY,2384,0,0,0.0,0,31,3.25,3.25
2024-09-01,2024,9,S01,SKU0023,DAIRY,1986,0,0,0.0,0,30,3.25,3.25
2024-10-01,2024,10,S01,SKU0023,DAIRY,2308,1,7,0.226,1,31,3.25,3.03
2024-11-01,2024,11,S01,SKU0023,DAIRY,2173,0,0,0.0,2,30,3.25,3.25
2024-12-01,2024,12,S01,SKU0023,DAIRY,1855,0,0,0.0,3,31,3.25,3.25
2025-01-01,2025,1,S01,SKU0023,DAIRY,1540,0,0,0.0,1,31,3.25,3.25
2025-02-01,2025,2,S01,SKU0023,DAIRY,1411,0,0,0.0,1,28,3.25,3.25
2025-03-01,2025,3,S01,SKU0023,DAIRY,2084,0,0,0.0,0,31,3.25,3.25
2025-04-01,2025,4,S01,SKU0023,DAIRY,2394,0,0,0.0,0,30,3.25,3.25
2025-05-01,2025,5,S01,SKU0023,DAIRY,2615,0,0,0.0,1,31,3.25,3.25
2025-06-01,2025,6,S01,SKU0023,DAIRY,2690,0,0,0.0,0,30,3.25,3.25
2025-07-01,2025,7,S01,SKU0023,DAIRY,2623,0,0,0.0,1,31,3.25,3.25
2025-08-01,2025,8,S01,SKU0023,DAIRY,2542,0,0,0.0,0,31,3.25,3.25
2025-09-01,2025,9,S01,SKU0023,DAIRY,2040,0,0,0.0,0,30,3.25,3.25
2025-10-01,2025,10,S01,SKU0023,DAIRY,2294,0,0,0.0,1,31,3.25,3.25
2025-11-01,2025,11,S01,SKU0023,DAIRY,2089,0,0,0.0,2,30,3.25,3.25
2025-12-01,2025,12,S01,SKU0023,DAIRY,1904,0,0,0.0,3,31,3.25,3.25
2022-01-01,2022,1,S01,SKU0024,DAIRY,3358,0,0,0.0,1,31,6.17,6.17
2022-02-01,2022,2,S01,SKU0024,DAIRY,3454,0,0,0.0,1,28,6.17,6.17
2022-03-01,2022,3,S01,SKU0024,DAIRY,5542,1,11,0.355,0,31,6.17,5.51
2022-04-01,2022,4,S01,SKU0024,DAIRY,5201,0,0,0.0,0,30,6.17,6.17
2022-05-01,2022,5,S01,SKU0024,DAIRY,5842,0,0,0.0,1,31,6.17,6.17
2022-06-01,2022,6,S01,SKU0024,DAIRY,5744,0,0,0.0,0,30,6.17,6.17
2022-07-01,2022,7,S01,SKU0024,DAIRY,6531,1,5,0.161,1,31,6.17,5.87
2022-08-01,2022,8,S01,SKU0024,DAIRY,5062,0,0,0.0,0,31,6.17,6.17
2022-09-01,2022,9,S01,SKU0024,DAIRY,4764,0,0,0.0,0,30,6.17,6.17
2022-10-01,2022,10,S01,SKU0024,DAIRY,6436,1,11,0.355,1,31,6.17,5.51
2022-11-01,2022,11,S01,SKU0024,DAIRY,5045,0,0,0.0,2,30,6.17,6.17
2022-12-01,2022,12,S01,SKU0024,DAIRY,4217,0,0,0.0,3,31,6.17,6.17
2023-01-01,2023,1,S01,SKU0024,DAIRY,3889,0,0,0.0,1,31,6.17,6.17
2023-02-01,2023,2,S01,SKU0024,DAIRY,4902,1,10,0.357,1,28,6.17,5.51
2023-03-01,2023,3,S01,SKU0024,DAIRY,5109,0,0,0.0,0,31,6.17,6.17
2023-04-01,2023,4,S01,SKU0024,DAIRY,7816,1,11,0.367,0,30,6.17,5.49
2023-05-01,2023,5,S01,SKU0024,DAIRY,6348,0,0,0.0,1,31,6.17,6.17
2023-06-01,2023,6,S01,SKU0024,DAIRY,6588,0,0,0.0,0,30,6.17,6.17
2023-07-01,2023,7,S01,SKU0024,DAIRY,7063,1,6,0.194,1,31,6.17,5.81
2023-08-01,2023,8,S01,SKU0024,DAIRY,7054,1,6,0.194,0,31,6.17,5.81
2023-09-01,2023,9,S01,SKU0024,DAIRY,4846,0,0,0.0,0,30,6.17,6.17
2023-10-01,2023,10,S01,SKU0024,DAIRY,5669,0,0,0.0,1,31,6.17,6.17
2023-11-01,2023,11,S01,SKU0024,DAIRY,6972,1,8,0.267,2,30,6.17,5.68
2023-12-01,2023,12,S01,SKU0024,DAIRY,6258,1,5,0.161,3,31,6.17,5.87
2024-01-01,2024,1,S01,SKU0024,DAIRY,4155,0,0,0.0,1,31,6.17,6.17
2024-02-01,2024,2,S01,SKU0024,DAIRY,5566,1,13,0.448,1,29,6.17,5.34
2024-03-01,2024,3,S01,SKU0024,DAIRY,6163,1,1,0.032,0,31,6.17,6.11
2024-04-01,2024,4,S01,SKU0024,DAIRY,8491,1,10,0.333,0,30,6.17,5.55
2024-05-01,2024,5,S01,SKU0024,DAIRY,7840,1,3,0.097,1,31,6.17,5.99
2024-06-01,2024,6,S01,SKU0024,DAIRY,7425,0,0,0.0,0,30,6.17,6.17
2024-07-01,2024,7,S01,SKU0024,DAIRY,7731,1,5,0.161,1,31,6.17,5.87
2024-08-01,2024,8,S01,SKU0024,DAIRY,7028,1,3,0.097,0,31,6.17,5.99
2024-09-01,2024,9,S01,SKU0024,DAIRY,7325,1,9,0.3,0,30,6.17,5.61
2024-10-01,2024,10,S01,SKU0024,DAIRY,7570,1,11,0.355,1,31,6.17,5.51
2024-11-01,2024,11,S01,SKU0024,DAIRY,5795,0,0,0.0,2,30,6.17,6.17
2024-12-01,2024,12,S01,SKU0024,DAIRY,5244,0,0,0.0,3,31,6.17,6.17
2025-01-01,2025,1,S01,SKU0024,DAIRY,4750,0,0,0.0,1,31,6.17,6.17
2025-02-01,2025,2,S01,SKU0024,DAIRY,5016,0,0,0.0,1,28,6.17,6.17
2025-03-01,2025,3,S01,SKU0024,DAIRY,6059,0,0,0.0,0,31,6.17,6.17
2025-04-01,2025,4,S01,SKU0024,DAIRY,7797,0,0,0.0,0,30,6.17,6.17
2025-05-01,2025,5,S01,SKU0024,DAIRY,10577,1,13,0.419,1,31,6.17,5.39
2025-06-01,2025,6,S01,SKU0024,DAIRY,8641,0,0,0.0,0,30,6.17,6.17
2025-07-01,2025,7,S01,SKU0024,DAIRY,8377,0,0,0.0,1,31,6.17,6.17
2025-08-01,2025,8,S01,SKU0024,DAIRY,7326,0,0,0.0,0,31,6.17,6.17
2025-09-01,2025,9,S01,SKU0024,DAIRY,6454,0,0,0.0,0,30,6.17,6.17
2025-10-01,2025,10,S01,SKU0024,DAIRY,7132,0,0,0.0,1,31,6.17,6.17
2025-11-01,2025,11,S01,SKU0024,DAIRY,8086,1,7,0.233,2,30,6.17,5.74
2025-12-01,2025,12,S01,SKU0024,DAIRY,6224,0,0,0.0,3,31,6.17,6.17
2022-01-01,2022,1,S01,SKU0025,DAIRY,992,1,14,0.452,1,31,18.11,15.66
2022-02-01,2022,2,S01,SKU0025,DAIRY,808,1,7,0.25,1,28,18.11,16.75
2022-03-01,2022,3,S01,SKU0025,DAIRY,944,0,0,0.0,0,31,18.11,18.11
2022-04-01,2022,4,S01,SKU0025,DAIRY,1156,0,0,0.0,0,30,18.11,18.11
2022-05-01,2022,5,S01,SKU0025,DAIRY,1624,1,6,0.194,1,31,18.11,17.06
2022-06-01,2022,6,S01,SKU0025,DAIRY,1359,1,2,0.067,0,30,18.11,17.75
2022-07-01,2022,7,S01,SKU0025,DAIRY,1279,0,0,0.0,1,31,18.11,18.11
2022-08-01,2022,8,S01,SKU0025,DAIRY,1226,0,0,0.0,0,31,18.11,18.11
2022-09-01,2022,9,S01,SKU0025,DAIRY,1093,0,0,0.0,0,30,18.11,18.11
2022-10-01,2022,10,S01,SKU0025,DAIRY,1380,1,7,0.226,1,31,18.11,16.88
2022-11-01,2022,11,S01,SKU0025,DAIRY,957,0,0,0.0,2,30,18.11,18.11
2022-12-01,2022,12,S01,SKU0025,DAIRY,1314,1,12,0.387,3,31,18.11,16.01
2023-01-01,2023,1,S01,SKU0025,DAIRY,848,0,0,0.0,1,31,18.11,18.11
2023-02-01,2023,2,S01,SKU0025,DAIRY,805,0,0,0.0,1,28,18.11,18.11
2023-03-01,2023,3,S01,SKU0025,DAIRY,1101,0,0,0.0,0,31,18.11,18.11
2023-04-01,2023,4,S01,SKU0025,DAIRY,1436,0,0,0.0,0,30,18.11,18.11
2023-05-01,2023,5,S01,SKU0025,DAIRY,1611,0,0,0.0,1,31,18.11,18.11
2023-06-01,2023,6,S01,SKU0025,DAIRY,1674,0,0,0.0,0,30,18.11,18.11
2023-07-01,2023,7,S01,SKU0025,DAIRY,1387,0,0,0.0,1,31,18.11,18.11
2023-08-01,2023,8,S01,SKU0025,DAIRY,1365,0,0,0.0,0,31,18.11,18.11
2023-09-01,2023,9,S01,SKU0025,DAIRY,1139,0,0,0.0,0,30,18.11,18.11
2023-10-01,2023,10,S01,SKU0025,DAIRY,1284,0,0,0.0,1,31,18.11,18.11
2023-11-01,2023,11,S01,SKU0025,DAIRY,1184,0,0,0.0,2,30,18.11,18.11
2023-12-01,2023,12,S01,SKU0025,DAIRY,1161,0,0,0.0,3,31,18.11,18.11
2024-01-01,2024,1,S01,SKU0025,DAIRY,987,0,0,0.0,1,31,18.11,18.11
2024-02-01,2024,2,S01,SKU0025,DAIRY,1413,1,14,0.483,1,29,18.11,15.49
2024-03-01,2024,3,S01,SKU0025,DAIRY,1230,0,0,0.0,0,31,18.11,18.11
2024-04-01,2024,4,S01,SKU0025,DAIRY,1659,0,0,0.0,0,30,18.11,18.11
2024-05-01,2024,5,S01,SKU0025,DAIRY,1765,0,0,0.0,1,31,18.11,18.11
2024-06-01,2024,6,S01,SKU0025,DAIRY,2058,1,6,0.2,0,30,18.11,17.02
2024-07-01,2024,7,S01,SKU0025,DAIRY,1520,0,0,0.0,1,31,18.11,18.11
2024-08-01,2024,8,S01,SKU0025,DAIRY,1571,1,7,0.226,0,31,18.11,16.88
2024-09-01,2024,9,S01,SKU0025,DAIRY,1924,1,17,0.567,0,30,18.11,15.03
2024-10-01,2024,10,S01,SKU0025,DAIRY,1385,0,0,0.0,1,31,18.11,18.11
2024-11-01,2024,11,S01,SKU0025,DAIRY,1274,0,0,0.0,2,30,18.11,18.11
2024-12-01,2024,12,S01,SKU0025,DAIRY,1103,0,0,0.0,3,31,18.11,18.11
2025-01-01,2025,1,S01,SKU0025,DAIRY,1125,0,0,0.0,1,31,18.11,18.11
2025-02-01,2025,2,S01,SKU0025,DAIRY,1056,0,0,0.0,1,28,18.11,18.11
2025-03-01,2025,3,S01,SKU0025,DAIRY,1408,0,0,0.0,0,31,18.11,18.11
2025-04-01,2025,4,S01,SKU0025,DAIRY,2073,1,12,0.4,0,30,18.11,15.94
2025-05-01,2025,5,S01,SKU0025,DAIRY,1939,0,0,0.0,1,31,18.11,18.11
2025-06-01,2025,6,S01,SKU0025,DAIRY,1891,1,2,0.067,0,30,18.11,17.75
2025-07-01,2025,7,S01,SKU0025,DAIRY,2300,1,8,0.258,1,31,18.11,16.71
2025-08-01,2025,8,S01,SKU0025,DAIRY,1700,0,0,0.0,0,31,18.11,18.11
2025-09-01,2025,9,S01,SKU0025,DAIRY,1403,0,0,0.0,0,30,18.11,18.11
2025-10-01,2025,10,S01,SKU0025,DAIRY,1570,0,0,0.0,1,31,18.11,18.11
2025-11-01,2025,11,S01,SKU0025,DAIRY,1669,1,6,0.2,2,30,18.11,17.02
2025-12-01,2025,12,S01,SKU0025,DAIRY,1275,0,0,0.0,3,31,18.11,18.11
