Backend/api_data/ds_61b6ca015029__retail_sku_sales_monthly.csv
year_month,year,month,store_id,sku_id,category,qty_sold,promo_flag,promo_days,promo_intensity,holiday_days,days_in_month,list_price,avg_selling_price
2022-01-01,2022,1,S01,SKU0026,DAIRY,3270,1,8,0.258,1,31,3.24,2.99
2022-02-01,2022,2,S01,SKU0026,DAIRY,2519,0,0,0.0,1,28,3.24,3.24
2022-03-01,2022,3,S01,SKU0026,DAIRY,3752,0,0,0.0,0,31,3.24,3.24
2022-04-01,2022,4,S01,SKU0026,DAIRY,4154,0,0,0.0,0,30,3.24,3.24
2022-05-01,2022,5,S01,SKU0026,DAIRY,4939,0,0,0.0,1,31,3.24,3.24
2022-06-01,2022,6,S01,SKU0026,DAIRY,4926,0,0,0.0,0,30,3.24,3.24
2022-07-01,2022,7,S01,SKU0026,DAIRY,4656,0,0,0.0,1,31,3.24,3.24
2022-08-01,2022,8,S01,SKU0026,DAIRY,4406,1,7,0.226,0,31,3.24,3.02
2022-09-01,2022,9,S01,SKU0026,DAIRY,4063,0,0,0.0,0,30,3.24,3.24
2022-10-01,2022,10,S01,SKU0026,DAIRY,4150,0,0,0.0,1,31,3.24,3.24
2022-11-01,2022,11,S01,SKU0026,DAIRY,3710,0,0,0.0,2,30,3.24,3.24
2022-12-01,2022,12,S01,SKU0026,DAIRY,4827,1,14,0.452,3,31,3.24,2.8
2023-01-01,2023,1,S01,SKU0026,DAIRY,3372,0,0,0.0,1,31,3.24,3.24
2023-02-01,2023,2,S01,SKU0026,DAIRY,3071,0,0,0.0,1,28,3.24,3.24
2023-03-01,2023,3,S01,SKU0026,DAIRY,4687,1,11,0.355,0,31,3.24,2.9
2023-04-01,2023,4,S01,SKU0026,DAIRY,4925,0,0,0.0,0,30,3.24,3.24
2023-05-01,2023,5,S01,SKU0026,DAIRY,5228,0,0,0.0,1,31,3.24,3.24
2023-06-01,2023,6,S01,SKU0026,DAIRY,5823,0,0,0.0,0,30,3.24,3.24
2023-07-01,2023,7,S01,SKU0026,DAIRY,5226,0,0,0.0,1,31,3.24,3.24
2023-08-01,2023,8,S01,SKU0026,DAIRY,4806,0,0,0.0,0,31,3.24,3.24
2023-09-01,2023,9,S01,SKU0026,DAIRY,4101,0,0,0.0,0,30,3.24,3.24
2023-10-01,2023,10,S01,SKU0026,DAIRY,4938,1,6,0.194,1,31,3.24,3.05
2023-11-01,2023,11,S01,SKU0026,DAIRY,5247,1,10,0.333,2,30,3.24,2.92
2023-12-01,2023,12,S01,SKU0026,DAIRY,4208,0,0,0.0,3,31,3.24,3.24
2024-01-01,2024,1,S01,SKU0026,DAIRY,3941,1,7,0.226,1,31,3.24,3.02
2024-02-01,2024,2,S01,SKU0026,DAIRY,3548,0,0,0.0,1,29,3.24,3.24
2024-03-01,2024,3,S01,SKU0026,DAIRY,4221,0,0,0.0,0,31,3.24,3.24
2024-04-01,2024,4,S01,SKU0026,DAIRY,5246,0,0,0.0,0,30,3.24,3.24
2024-05-01,2024,5,S01,SKU0026,DAIRY,5379,0,0,0.0,1,31,3.24,3.24
2024-06-01,2024,6,S01,SKU0026,DAIRY,6501,0,0,0.0,0,30,3.24,3.24
2024-07-01,2024,7,S01,SKU0026,DAIRY,6476,1,8,0.258,1,31,3.24,2.99
2024-08-01,2024,8,S01,SKU0026,DAIRY,5743,0,0,0.0,0,31,3.24,3.24
2024-09-01,2024,9,S01,SKU0026,DAIRY,5009,1,9,0.3,0,30,3.24,2.95
2024-10-01,2024,10,S01,SKU0026,DAIRY,5265,1,6,0.194,1,31,3.24,3.05
2024-11-01,2024,11,S01,SKU0026,DAIRY,5038,0,0,0.0,2,30,3.24,3.24
2024-12-01,2024,12,S01,SKU0026,DAIRY,4080,0,0,0.0,3,31,3.24,3.24
2025-01-01,2025,1,S01,SKU0026,DAIRY,3437,0,0,0.0,1,31,3.24,3.24
2025-02-01,2025,2,S01,SKU0026,DAIRY,3408,0,0,0.0,1,28,3.24,3.24
2025-03-01,2025,3,S01,SKU0026,DAIRY,4926,0,0,0.0,0,31,3.24,3.24
2025-04-01,2025,4,S01,SKU0026,DAIRY,5982,0,0,0.0,0,30,3.24,3.24
2025-05-01,2025,5,S01,SKU0026,DAIRY,6638,0,0,0.0,1,31,3.24,3.24
2025-06-01,2025,6,S01,SKU0026,DAIRY,7007,0,0,0.0,0,30,3.24,3.24
2025-07-01,2025,7,S01,SKU0026,DAIRY,5968,0,0,0.0,1,31,3.24,3.24
2025-08-01,2025,8,S01,SKU0026,DAIRY,5590,0,0,0.0,0,31,3.24,3.24
2025-09-01,2025,9,S01,SKU0026,DAIRY,4806,0,0,0.0,0,30,3.24,3.24
2025-10-01,2025,10,S01,SKU0026,DAIRY,5300,0,0,0.0,1,31,3.24,3.24
2025-11-01,2025,11,S01,SKU0026,DAIRY,6109,1,4,0.133,2,30,3.24,3.11
2025-12-01,2025,12,S01,SKU0026,DAIRY,4677,1,2,0.065,3,31,3.24,3.18
2022-01-01,2022,1,S01,SKU0027,CLEANING,1225,1,7,0.226,1,31,21.78,20.31
2022-02-01,2022,2,S01,SKU0027,CLEANING,788,0,0,0.0,1,28,21.78,21.78
2022-03-01,2022,3,S01,SKU0027,CLEANING,1055,0,0,0.0,0,31,21.78,21.78
2022-04-01,2022,4,S01,SKU0027,CLEANING,1317,0,0,0.0,0,30,21.78,21.78
2022-05-01,2022,5,S01,SKU0027,CLEANING,1342,0,0,0.0,1,31,21.78,21.78
2022-06-01,2022,6,S01,SKU0027,CLEANING,2162,1,10,0.333,0,30,21.78,19.6
2022-07-01,2022,7,S01,SKU0027,CLEANING,1236,0,0,0.0,1,31,21.78,21.78
2022-08-01,2022,8,S01,SKU0027,CLEANING,1065,0,0,0.0,0,31,21.78,21.78
2022-09-01,2022,9,S01,SKU0027,CLEANING,1131,1,1,0.033,0,30,21.78,21.56
2022-10-01,2022,10,S01,SKU0027,CLEANING,2062,1,13,0.419,1,31,21.78,19.04
2022-11-01,2022,11,S01,SKU0027,CLEANING,1045,0,0,0.0,2,30,21.78,21.78
2022-12-01,2022,12,S01,SKU0027,CLEANING,882,0,0,0.0,3,31,21.78,21.78
2023-01-01,2023,1,S01,SKU0027,CLEANING,805,0,0,0.0,1,31,21.78,21.78
2023-02-01,2023,2,S01,SKU0027,CLEANING,783,0,0,0.0,1,28,21.78,21.78
2023-03-01,2023,3,S01,SKU0027,CLEANING,1046,0,0,0.0,0,31,21.78,21.78
2023-04-01,2023,4,S01,SKU0027,CLEANING,2165,1,8,0.267,0,30,21.78,20.04
2023-05-01,2023,5,S01,SKU0027,CLEANING,1378,0,0,0.0,1,31,21.78,21.78
2023-06-01,2023,6,S01,SKU0027,CLEANING,1760,1,7,0.233,0,30,21.78,20.26
2023-07-01,2023,7,S01,SKU0027,CLEANING,1447,1,4,0.129,1,31,21.78,20.94
2023-08-01,2023,8,S01,SKU0027,CLEANING,947,0,0,0.0,0,31,21.78,21.78
2023-09-01,2023,9,S01,SKU0027,CLEANING,1127,0,0,0.0,0,30,21.78,21.78
2023-10-01,2023,10,S01,SKU0027,CLEANING,1986,1,10,0.323,1,31,21.78,19.67
2023-11-01,2023,11,S01,SKU0027,CLEANING,1585,1,8,0.267,2,30,21.78,20.04
2023-12-01,2023,12,S01,SKU0027,CLEANING,1030,0,0,0.0,3,31,21.78,21.78
2024-01-01,2024,1,S01,SKU0027,CLEANING,796,0,0,0.0,1,31,21.78,21.78
2024-02-01,2024,2,S01,SKU0027,CLEANING,791,0,0,0.0,1,29,21.78,21.78
2024-03-01,2024,3,S01,SKU0027,CLEANING,1008,0,0,0.0,0,31,21.78,21.78
2024-04-01,2024,4,S01,SKU0027,CLEANING,1637,1,7,0.233,0,30,21.78,20.26
2024-05-01,2024,5,S01,SKU0027,CLEANING,1273,0,0,0.0,1,31,21.78,21.78
2024-06-01,2024,6,S01,SKU0027,CLEANING,1599,1,6,0.2,0,30,21.78,20.47
2024-07-01,2024,7,S01,SKU0027,CLEANING,1070,0,0,0.0,1,31,21.78,21.78
2024-08-01,2024,8,S01,SKU0027,CLEANING,917,0,0,0.0,0,31,21.78,21.78
2024-09-01,2024,9,S01,SKU0027,CLEANING,960,0,0,0.0,0,30,21.78,21.78
2024-10-01,2024,10,S01,SKU0027,CLEANING,1824,1,11,0.355,1,31,21.78,19.46
2024-11-01,2024,11,S01,SKU0027,CLEANING,1060,0,0,0.0,2,30,21.78,21.78
2024-12-01,2024,12,S01,SKU0027,CLEANING,1283,1,6,0.194,3,31,21.78,20.52
2025-01-01,2025,1,S01,SKU0027,CLEANING,801,0,0,0.0,1,31,21.78,21.78
2025-02-01,2025,2,S01,SKU0027,CLEANING,1108,1,6,0.214,1,28,21.78,20.38
2025-03-01,2025,3,S01,SKU0027,CLEANING,1018,0,0,0.0,0,31,21.78,21.78
2025-04-01,2025,4,S01,SKU0027,CLEANING,1185,0,0,0.0,0,30,21.78,21.78
2025-05-01,2025,5,S01,SKU0027,CLEANING,2121,1,6,0.194,1,31,21.78,20.52
2025-06-01,2025,6,S01,SKU0027,CLEANING,1188,0,0,0.0,0,30,21.78,21.78
2025-07-01,2025,7,S01,SKU0027,CLEANING,1840,1,10,0.323,1,31,21.78,19.67
2025-08-01,2025,8,S01,SKU0027,CLEANING,1701,1,10,0.323,0,31,21.78,19.67
2025-09-01,2025,9,S01,SKU0027,CLEANING,1053,1,1,0.033,0,30,21.78,21.56
2025-10-01,2025,10,S01,SKU0027,CLEANING,1108,0,0,0.0,1,31,21.78,21.78
2025-11-01,2025,11,S01,SKU0027,CLEANING,1043,0,0,0.0,2,30,21.78,21.78
2025-12-01,2025,12,S01,SKU0027,CLEANING,859,0,0,0.0,3,31,21.78,21.78
2022-01-01,2022,1,S01,SKU0028,CLEANING,1225,0,0,0.0,1,31,2.99,2.99
2022-02-01,2022,2,S01,SKU0028,CLEANING,1871,1,13,0.464,1,28,2.99,2.57
2022-03-01,2022,3,S01,SKU0028,CLEANING,1535,0,0,0.0,0,31,2.99,2.99
2022-04-01,2022,4,S01,SKU0028,CLEANING,2367,1,9,0.3,0,30,2.99,2.72
2022-05-01,2022,5,S01,SKU0028,CLEANING,2523,1,10,0.323,1,31,2.99,2.7
2022-06-01,2022,6,S01,SKU0028,CLEANING,1782,0,0,0.0,0,30,2.99,2.99
2022-07-01,2022,7,S01,SKU0028,CLEANING,1645,0,0,0.0,1,31,2.99,2.99
2022-08-01,2022,8,S01,SKU0028,CLEANING,1898,1,7,0.226,0,31,2.99,2.79
2022-09-01,2022,9,S01,SKU0028,CLEANING,1570,0,0,0.0,0,30,2.99,2.99
2022-10-01,2022,10,S01,SKU0028,CLEANING,2245,1,7,0.226,1,31,2.99,2.79
2022-11-01,2022,11,S01,SKU0028,CLEANING,1772,1,2,0.067,2,30,2.99,2.93
2022-12-01,2022,12,S01,SKU0028,CLEANING,1975,1,10,0.323,3,31,2.99,2.7
2023-01-01,2023,1,S01,SKU0028,CLEANING,1675,1,10,0.323,1,31,2.99,2.7
2023-02-01,2023,2,S01,SKU0028,CLEANING,1409,1,3,0.107,1,28,2.99,2.89
2023-03-01,2023,3,S01,SKU0028,CLEANING,1676,0,0,0.0,0,31,2.99,2.99
2023-04-01,2023,4,S01,SKU0028,CLEANING,2018,1,2,0.067,0,30,2.99,2.93
2023-05-01,2023,5,S01,SKU0028,CLEANING,2694,1,9,0.29,1,31,2.99,2.73
2023-06-01,2023,6,S01,SKU0028,CLEANING,2279,1,7,0.233,0,30,2.99,2.78
2023-07-01,2023,7,S01,SKU0028,CLEANING,1720,0,0,0.0,1,31,2.99,2.99
2023-08-01,2023,8,S01,SKU0028,CLEANING,2142,1,9,0.29,0,31,2.99,2.73
2023-09-01,2023,9,S01,SKU0028,CLEANING,1692,0,0,0.0,0,30,2.99,2.99
2023-10-01,2023,10,S01,SKU0028,CLEANING,1830,0,0,0.0,1,31,2.99,2.99
2023-11-01,2023,11,S01,SKU0028,CLEANING,2020,1,6,0.2,2,30,2.99,2.81
2023-12-01,2023,12,S01,SKU0028,CLEANING,1764,1,4,0.129,3,31,2.99,2.87
2024-01-01,2024,1,S01,SKU0028,CLEANING,1369,0,0,0.0,1,31,2.99,2.99
2024-02-01,2024,2,S01,SKU0028,CLEANING,1201,0,0,0.0,1,29,2.99,2.99
2024-03-01,2024,3,S01,SKU0028,CLEANING,2216,1,8,0.258,0,31,2.99,2.76
2024-04-01,2024,4,S01,SKU0028,CLEANING,2314,1,8,0.267,0,30,2.99,2.75
2024-05-01,2024,5,S01,SKU0028,CLEANING,2346,0,0,0.0,1,31,2.99,2.99
2024-06-01,2024,6,S01,SKU0028,CLEANING,2495,1,10,0.333,0,30,2.99,2.69
2024-07-01,2024,7,S01,SKU0028,CLEANING,1652,0,0,0.0,1,31,2.99,2.99
2024-08-01,2024,8,S01,SKU0028,CLEANING,1428,0,0,0.0,0,31,2.99,2.99
2024-09-01,2024,9,S01,SKU0028,CLEANING,1680,0,0,0.0,0,30,2.99,2.99
2024-10-01,2024,10,S01,SKU0028,CLEANING,2299,1,9,0.29,1,31,2.99,2.73
2024-11-01,2024,11,S01,SKU0028,CLEANING,2349,1,8,0.267,2,30,2.99,2.75
2024-12-01,2024,12,S01,SKU0028,CLEANING,1853,1,6,0.194,3,31,2.99,2.82
2025-01-01,2025,1,S01,SKU0028,CLEANING,1479,1,5,0.161,1,31,2.99,2.84
2025-02-01,2025,2,S01,SKU0028,CLEANING,1216,0,0,0.0,1,28,2.99,2.99
2025-03-01,2025,3,S01,SKU0028,CLEANING,1738,0,0,0.0,0,31,2.99,2.99
2025-04-01,2025,4,S01,SKU0028,CLEANING,1833,0,0,0.0,0,30,2.99,2.99
2025-05-01,2025,5,S01,SKU0028,CLEANING,2174,0,0,0.0,1,31,2.99,2.99
2025-06-01,2025,6,S01,SKU0028,CLEANING,1897,0,0,0.0,0,30,2.99,2.99
2025-07-01,2025,7,S01,SKU0028,CLEANING,2287,1,9,0.29,1,31,2.99,2.73
2025-08-01,2025,8,S01,SKU0028,CLEANING,1724,0,0,0.0,0,31,2.99,2.99
2025-09-01,2025,9,S01,SKU0028,CLEANING,2350,1,13,0.433,0,30,2.99,2.6
2025-10-01,2025,10,S01,SKU0028,CLEANING,1877,0,0,0.0,1,31,2.99,2.99
2025-11-01,2025,11,S01,SKU0028,CLEANING,2367,1,9,0.3,2,30,2.99,2.72
2025-12-01,2025,12,S01,SKU0028,CLEANING,1631,0,0,0.0,3,31,2.99,2.99
2022-01-01,2022,1,S01,SKU0029,CLEANING,902,0,0,0.0,1,31,18.65,18.65
2022-02-01,2022,2,S01,SKU0029,CLEANING,735,0,0,0.0,1,28,18.65,18.65
2022-03-01,2022,3,S01,SKU0029,CLEANING,967,0,0,0.0,0,31,18.65,18.65
2022-04-01,2022,4,S01,SKU0029,CLEANING,1863,1,13,0.433,0,30,18.65,16.22
2022-05-01,2022,5,S01,SKU0029,CLEANING,1393,0,0,0.0,1,31,18.65,18.65
2022-06-01,2022,6,S01,SKU0029,CLEANING,1017,0,0,0.0,0,30,18.65,18.65
2022-07-01,2022,7,S01,SKU0029,CLEANING,1049,0,0,0.0,1,31,18.65,18.65
2022-08-01,2022,8,S01,SKU0029,CLEANING,1211,1,6,0.194,0,31,18.65,17.57
2022-09-01,2022,9,S01,SKU0029,CLEANING,1378,1,6,0.2,0,30,18.65,17.53
2022-10-01,2022,10,S01,SKU0029,CLEANING,1053,0,0,0.0,1,31,18.65,18.65
2022-11-01,2022,11,S01,SKU0029,CLEANING,983,0,0,0.0,2,30,18.65,18.65
2022-12-01,2022,12,S01,SKU0029,CLEANING,872,0,0,0.0,3,31,18.65,18.65
2023-01-01,2023,1,S01,SKU0029,CLEANING,823,0,0,0.0,1,31,18.65,18.65
2023-02-01,2023,2,S01,SKU0029,CLEANING,1404,1,14,0.5,1,28,18.65,15.85
2023-03-01,2023,3,S01,SKU0029,CLEANING,1181,0,0,0.0,0,31,18.65,18.65
2023-04-01,2023,4,S01,SKU0029,CLEANING,1654,1,6,0.2,0,30,18.65,17.53
2023-05-01,2023,5,S01,SKU0029,CLEANING,1376,0,0,0.0,1,31,18.65,18.65
2023-06-01,2023,6,S01,SKU0029,CLEANING,1252,0,0,0.0,0,30,18.65,18.65
2023-07-01,2023,7,S01,SKU0029,CLEANING,1178,0,0,0.0,1,31,18.65,18.65
2023-08-01,2023,8,S01,SKU0029,CLEANING,1594,1,14,0.452,0,31,18.65,16.12
2023-09-01,2023,9,S01,SKU0029,CLEANING,1031,0,0,0.0,0,30,18.65,18.65
2023-10-01,2023,10,S01,SKU0029,CLEANING,1643,1,7,0.226,1,31,18.65,17.39
2023-11-01,2023,11,S01,SKU0029,CLEANING,1110,0,0,0.0,2,30,18.65,18.65
2023-12-01,2023,12,S01,SKU0029,CLEANING,976,0,0,0.0,3,31,18.65,18.65
2024-01-01,2024,1,S01,SKU0029,CLEANING,819,0,0,0.0,1,31,18.65,18.65
2024-02-01,2024,2,S01,SKU0029,CLEANING,775,0,0,0.0,1,29,18.65,18.65
2024-03-01,2024,3,S01,SKU0029,CLEANING,1581,1,9,0.29,0,31,18.65,17.02
2024-04-01,2024,4,S01,SKU0029,CLEANING,1261,0,0,0.0,0,30,18.65,18.65
2024-05-01,2024,5,S01,SKU0029,CLEANING,2176,1,11,0.355,1,31,18.65,16.66
2024-06-01,2024,6,S01,SKU0029,CLEANING,1223,0,0,0.0,0,30,18.65,18.65
2024-07-01,2024,7,S01,SKU0029,CLEANING,1122,0,0,0.0,1,31,18.65,18.65
2024-08-01,2024,8,S01,SKU0029,CLEANING,1623,1,12,0.387,0,31,18.65,16.48
2024-09-01,2024,9,S01,SKU0029,CLEANING,1069,0,0,0.0,0,30,18.65,18.65
2024-10-01,2024,10,S01,SKU0029,CLEANING,1157,0,0,0.0,1,31,18.65,18.65
2024-11-01,2024,11,S01,SKU0029,CLEANING,1105,0,0,0.0,2,30,18.65,18.65
2024-12-01,2024,12,S01,SKU0029,CLEANING,1001,0,0,0.0,3,31,18.65,18.65
2025-01-01,2025,1,S01,SKU0029,CLEANING,843,0,0,0.0,1,31,18.65,18.65
2025-02-01,2025,2,S01,SKU0029,CLEANING,839,0,0,0.0,1,28,18.65,18.65
2025-03-01,2025,3,S01,SKU0029,CLEANING,1055,0,0,0.0,0,31,18.65,18.65
2025-04-01,2025,4,S01,SKU0029,CLEANING,2187,1,12,0.4,0,30,18.65,16.41
2025-05-01,2025,5,S01,SKU0029,CLEANING,1553,1,2,0.065,1,31,18.65,18.29
2025-06-01,2025,6,S01,SKU0029,CLEANING,1322,1,3,0.1,0,30,18.65,18.09
2025-07-01,2025,7,S01,SKU0029,CLEANING,1891,1,13,0.419,1,31,18.65,16.3
2025-08-01,2025,8,S01,SKU0029,CLEANING,1587,1,10,0.323,0,31,18.65,16.84
2025-09-01,2025,9,S01,SKU0029,CLEANING,1180,0,0,0.0,0,30,18.65,18.65
2025-10-01,2025,10,S01,SKU0029,CLEANING,1223,0,0,0.0,1,31,18.65,18.65
2025-11-01,2025,11,S01,SKU0029,CLEANING,1161,0,0,0.0,2,30,18.65,18.65
2025-12-01,2025,12,S01,SKU0029,CLEANING,925,0,0,0.0,3,31,18.65,18.65
2022-01-01,2022,1,S01,SKU0030,CLEANING,1256,0,0,0.0,1,31,12.6,12.6
2022-02-01,2022,2,S01,SKU0030,CLEANING,2384,1,12,0.429,1,28,12.6,10.98
2022-03-01,2022,3,S01,SKU0030,CLEANING,1682,1,2,0.065,0,31,12.6,12.36
2022-04-01,2022,4,S01,SKU0030,CLEANING,3640,1,12,0.4,0,30,12.6,11.09
2022-05-01,2022,5,S01,SKU0030,CLEANING,2103,0,0,0.0,1,31,12.6,12.6
2022-06-01,2022,6,S01,SKU0030,CLEANING,2768,1,5,0.167,0,30,12.6,11.97
2022-07-01,2022,7,S01,SKU0030,CLEANING,1827,0,0,0.0,1,31,12.6,12.6
2022-08-01,2022,8,S01,SKU0030,CLEANING,1647,0,0,0.0,0,31,12.6,12.6
2022-09-01,2022,9,S01,SKU0030,CLEANING,3280,1,12,0.4,0,30,12.6,11.09
2022-10-01,2022,10,S01,SKU0030,CLEANING,3192,1,10,0.323,1,31,12.6,11.38
2022-11-01,2022,11,S01,SKU0030,CLEANING,2190,1,4,0.133,2,30,12.6,12.1
2022-12-01,2022,12,S01,SKU0030,CLEANING,2399,1,6,0.194,3,31,12.6,11.87
2023-01-01,2023,1,S01,SKU0030,CLEANING,1337,0,0,0.0,1,31,12.6,12.6
2023-02-01,2023,2,S01,SKU0030,CLEANING,1362,0,0,0.0,1,28,12.6,12.6
2023-03-01,2023,3,S01,SKU0030,CLEANING,1793,0,0,0.0,0,31,12.6,12.6
2023-04-01,2023,4,S01,SKU0030,CLEANING,2353,0,0,0.0,0,30,12.6,12.6
2023-05-01,2023,5,S01,SKU0030,CLEANING,3743,1,8,0.258,1,31,12.6,11.62
2023-06-01,2023,6,S01,SKU0030,CLEANING,2892,1,3,0.1,0,30,12.6,12.22
2023-07-01,2023,7,S01,SKU0030,CLEANING,2033,0,0,0.0,1,31,12.6,12.6
2023-08-01,2023,8,S01,SKU0030,CLEANING,3155,1,10,0.323,0,31,12.6,11.38
2023-09-01,2023,9,S01,SKU0030,CLEANING,1974,0,0,0.0,0,30,12.6,12.6
2023-10-01,2023,10,S01,SKU0030,CLEANING,2141,0,0,0.0,1,31,12.6,12.6
2023-11-01,2023,11,S01,SKU0030,CLEANING,4026,1,14,0.467,2,30,12.6,10.84
2023-12-01,2023,12,S01,SKU0030,CLEANING,1759,0,0,0.0,3,31,12.6,12.6
2024-01-01,2024,1,S01,SKU0030,CLEANING,2279,1,6,0.194,1,31,12.6,11.87
2024-02-01,2024,2,S01,SKU0030,CLEANING,2543,1,7,0.241,1,29,12.6,11.69
2024-03-01,2024,3,S01,SKU0030,CLEANING,2178,0,0,0.0,0,31,12.6,12.6
2024-04-01,2024,4,S01,SKU0030,CLEANING,3291,1,5,0.167,0,30,12.6,11.97
2024-05-01,2024,5,S01,SKU0030,CLEANING,2870,0,0,0.0,1,31,12.6,12.6
2024-06-01,2024,6,S01,SKU0030,CLEANING,2605,0,0,0.0,0,30,12.6,12.6
2024-07-01,2024,7,S01,SKU0030,CLEANING,2163,0,0,0.0,1,31,12.6,12.6
2024-08-01,2024,8,S01,SKU0030,CLEANING,3205,1,6,0.194,0,31,12.6,11.87
2024-09-01,2024,9,S01,SKU0030,CLEANING,2277,0,0,0.0,0,30,12.6,12.6
2024-10-01,2024,10,S01,SKU0030,CLEANING,2277,0,0,0.0,1,31,12.6,12.6
2024-11-01,2024,11,S01,SKU0030,CLEANING,2202,0,0,0.0,2,30,12.6,12.6
2024-12-01,2024,12,S01,SKU0030,CLEANING,3489,1,10,0.323,3,31,12.6,11.38
2025-01-01,2025,1,S01,SKU0030,CLEANING,1665,0,0,0.0,1,31,12.6,12.6
2025-02-01,2025,2,S01,SKU0030,CLEANING,2762,1,10,0.357,1,28,12.6,11.25
2025-03-01,2025,3,S01,SKU0030,CLEANING,2271,0,0,0.0,0,31,12.6,12.6
2025-04-01,2025,4,S01,SKU0030,CLEANING,2485,0,0,0.0,0,30,12.6,12.6
2025-05-01,2025,5,S01,SKU0030,CLEANING,3026,0,0,0.0,1,31,12.6,12.6
2025-06-01,2025,6,S01,SKU0030,CLEANING,2812,0,0,0.0,0,30,12.6,12.6
2025-07-01,2025,7,S01,SKU0030,CLEANING,2628,0,0,0.0,1,31,12.6,12.6
2025-08-01,2025,8,S01,SKU0030,CLEANING,4155,1,11,0.355,0,31,12.6,11.26
2025-09-01,2025,9,S01,SKU0030,CLEANING,2914,1,3,0.1,0,30,12.6,12.22
2025-10-01,2025,10,S01,SKU0030,CLEANING,3873,1,7,0.226,1,31,12.6,11.75
2025-11-01,2025,11,S01,SKU0030,CLEANING,2701,0,0,0.0,2,30,12.6,12.6
2025-12-01,2025,12,S01,SKU0030,CLEANING,3894,1,11,0.355,3,31,12.6,11.26
