Backend/api_data/ds_61b6ca015029__retail_sku_sales_monthly.csv
year_month,year,month,store_id,sku_id,category,qty_sold,promo_flag,promo_days,promo_intensity,holiday_days,days_in_month,list_price,avg_selling_price
2022-01-01,2022,1,S01,SKU0031,CLEANING,524,1,1,0.032,1,31,19.38,19.19
2022-02-01,2022,2,S01,SKU0031,CLEANING,645,1,4,0.143,1,28,19.38,18.55
2022-03-01,2022,3,S01,SKU0031,CLEANING,706,0,0,0.0,0,31,19.38,19.38
2022-04-01,2022,4,S01,SKU0031,CLEANING,887,0,0,0.0,0,30,19.38,19.38
2022-05-01,2022,5,S01,SKU0031,CLEANING,907,0,0,0.0,1,31,19.38,19.38
2022-06-01,2022,6,S01,SKU0031,CLEANING,1487,1,12,0.4,0,30,19.38,17.06
2022-07-01,2022,7,S01,SKU0031,CLEANING,1009,1,4,0.129,1,31,19.38,18.63
2022-08-01,2022,8,S01,SKU0031,CLEANING,933,1,8,0.258,0,31,19.38,17.88
2022-09-01,2022,9,S01,SKU0031,CLEANING,1059,1,6,0.2,0,30,19.38,18.22
2022-10-01,2022,10,S01,SKU0031,CLEANING,1181,1,9,0.29,1,31,19.38,17.69
2022-11-01,2022,11,S01,SKU0031,CLEANING,681,0,0,0.0,2,30,19.38,19.38
2022-12-01,2022,12,S01,SKU0031,CLEANING,945,1,6,0.194,3,31,19.38,18.26
2023-01-01,2023,1,S01,SKU0031,CLEANING,613,0,0,0.0,1,31,19.38,19.38
2023-02-01,2023,2,S01,SKU0031,CLEANING,581,0,0,0.0,1,28,19.38,19.38
2023-03-01,2023,3,S01,SKU0031,CLEANING,918,1,7,0.226,0,31,19.38,18.07
2023-04-01,2023,4,S01,SKU0031,CLEANING,1234,1,5,0.167,0,30,19.38,18.41
2023-05-01,2023,5,S01,SKU0031,CLEANING,981,1,1,0.032,1,31,19.38,19.19
2023-06-01,2023,6,S01,SKU0031,CLEANING,914,0,0,0.0,0,30,19.38,19.38
2023-07-01,2023,7,S01,SKU0031,CLEANING,832,0,0,0.0,1,31,19.38,19.38
2023-08-01,2023,8,S01,SKU0031,CLEANING,765,0,0,0.0,0,31,19.38,19.38
2023-09-01,2023,9,S01,SKU0031,CLEANING,1021,1,6,0.2,0,30,19.38,18.22
2023-10-01,2023,10,S01,SKU0031,CLEANING,1198,1,8,0.258,1,31,19.38,17.88
2023-11-01,2023,11,S01,SKU0031,CLEANING,844,0,0,0.0,2,30,19.38,19.38
2023-12-01,2023,12,S01,SKU0031,CLEANING,1306,1,12,0.387,3,31,19.38,17.13
2024-01-01,2024,1,S01,SKU0031,CLEANING,699,1,1,0.032,1,31,19.38,19.19
2024-02-01,2024,2,S01,SKU0031,CLEANING,593,0,0,0.0,1,29,19.38,19.38
2024-03-01,2024,3,S01,SKU0031,CLEANING,832,0,0,0.0,0,31,19.38,19.38
2024-04-01,2024,4,S01,SKU0031,CLEANING,1076,0,0,0.0,0,30,19.38,19.38
2024-05-01,2024,5,S01,SKU0031,CLEANING,1121,0,0,0.0,1,31,19.38,19.38
2024-06-01,2024,6,S01,SKU0031,CLEANING,1033,0,0,0.0,0,30,19.38,19.38
2024-07-01,2024,7,S01,SKU0031,CLEANING,850,0,0,0.0,1,31,19.38,19.38
2024-08-01,2024,8,S01,SKU0031,CLEANING,895,0,0,0.0,0,31,19.38,19.38
2024-09-01,2024,9,S01,SKU0031,CLEANING,822,0,0,0.0,0,30,19.38,19.38
2024-10-01,2024,10,S01,SKU0031,CLEANING,1693,1,14,0.452,1,31,19.38,16.76
2024-11-01,2024,11,S01,SKU0031,CLEANING,843,0,0,0.0,2,30,19.38,19.38
2024-12-01,2024,12,S01,SKU0031,CLEANING,1080,1,10,0.323,3,31,19.38,17.51
2025-01-01,2025,1,S01,SKU0031,CLEANING,661,0,0,0.0,1,31,19.38,19.38
2025-02-01,2025,2,S01,SKU0031,CLEANING,706,0,0,0.0,1,28,19.38,19.38
2025-03-01,2025,3,S01,SKU0031,CLEANING,944,0,0,0.0,0,31,19.38,19.38
2025-04-01,2025,4,S01,SKU0031,CLEANING,1172,0,0,0.0,0,30,19.38,19.38
2025-05-01,2025,5,S01,SKU0031,CLEANING,1240,0,0,0.0,1,31,19.38,19.38
2025-06-01,2025,6,S01,SKU0031,CLEANING,1135,0,0,0.0,0,30,19.38,19.38
2025-07-01,2025,7,S01,SKU0031,CLEANING,963,0,0,0.0,1,31,19.38,19.38
2025-08-01,2025,8,S01,SKU0031,CLEANING,972,0,0,0.0,0,31,19.38,19.38
2025-09-01,2025,9,S01,SKU0031,CLEANING,921,0,0,0.0,0,30,19.38,19.38
2025-10-01,2025,10,S01,SKU0031,CLEANING,1275,1,5,0.161,1,31,19.38,18.44
2025-11-01,2025,11,S01,SKU0031,CLEANING,1607,1,10,0.333,2,30,19.38,17.44
2025-12-01,2025,12,S01,SKU0031,CLEANING,982,1,2,0.065,3,31,19.38,19.01
2022-01-01,2022,1,S01,SKU0032,CLEANING,1160,0,0,0.0,1,31,13.1,13.1
2022-02-01,2022,2,S01,SKU0032,CLEANING,1080,0,0,0.0,1,28,13.1,13.1
2022-03-01,2022,3,S01,SKU0032,CLEANING,1521,0,0,0.0,0,31,13.1,13.1
2022-04-01,2022,4,S01,SKU0032,CLEANING,3543,1,14,0.467,0,30,13.1,11.27
2022-05-01,2022,5,S01,SKU0032,CLEANING,2201,0,0,0.0,1,31,13.1,13.1
2022-06-01,2022,6,S01,SKU0032,CLEANING,3002,1,10,0.333,0,30,13.1,11.79
2022-07-01,2022,7,S01,SKU0032,CLEANING,1747,0,0,0.0,1,31,13.1,13.1
2022-08-01,2022,8,S01,SKU0032,CLEANING,1552,0,0,0.0,0,31,13.1,13.1
2022-09-01,2022,9,S01,SKU0032,CLEANING,1817,1,3,0.1,0,30,13.1,12.71
2022-10-01,2022,10,S01,SKU0032,CLEANING,1867,1,2,0.065,1,31,13.1,12.85
2022-11-01,2022,11,S01,SKU0032,CLEANING,2210,1,5,0.167,2,30,13.1,12.44
2022-12-01,2022,12,S01,SKU0032,CLEANING,1489,0,0,0.0,3,31,13.1,13.1
2023-01-01,2023,1,S01,SKU0032,CLEANING,2286,1,11,0.355,1,31,13.1,11.71
2023-02-01,2023,2,S01,SKU0032,CLEANING,1940,1,8,0.286,1,28,13.1,11.98
2023-03-01,2023,3,S01,SKU0032,CLEANING,2157,1,5,0.161,0,31,13.1,12.47
2023-04-01,2023,4,S01,SKU0032,CLEANING,2034,0,0,0.0,0,30,13.1,13.1
2023-05-01,2023,5,S01,SKU0032,CLEANING,2302,0,0,0.0,1,31,13.1,13.1
2023-06-01,2023,6,S01,SKU0032,CLEANING,3145,1,9,0.3,0,30,13.1,11.92
2023-07-01,2023,7,S01,SKU0032,CLEANING,1808,0,0,0.0,1,31,13.1,13.1
2023-08-01,2023,8,S01,SKU0032,CLEANING,1652,1,1,0.032,0,31,13.1,12.97
2023-09-01,2023,9,S01,SKU0032,CLEANING,2663,1,6,0.2,0,30,13.1,12.31
2023-10-01,2023,10,S01,SKU0032,CLEANING,1828,0,0,0.0,1,31,13.1,13.1
2023-11-01,2023,11,S01,SKU0032,CLEANING,1643,0,0,0.0,2,30,13.1,13.1
2023-12-01,2023,12,S01,SKU0032,CLEANING,2360,1,9,0.29,3,31,13.1,11.96
2024-01-01,2024,1,S01,SKU0032,CLEANING,1413,0,0,0.0,1,31,13.1,13.1
2024-02-01,2024,2,S01,SKU0032,CLEANING,2294,1,10,0.345,1,29,13.1,11.74
2024-03-01,2024,3,S01,SKU0032,CLEANING,1842,0,0,0.0,0,31,13.1,13.1
2024-04-01,2024,4,S01,SKU0032,CLEANING,2104,0,0,0.0,0,30,13.1,13.1
2024-05-01,2024,5,S01,SKU0032,CLEANING,4246,1,8,0.258,1,31,13.1,12.09
2024-06-01,2024,6,S01,SKU0032,CLEANING,2198,0,0,0.0,0,30,13.1,13.1
2024-07-01,2024,7,S01,SKU0032,CLEANING,2136,0,0,0.0,1,31,13.1,13.1
2024-08-01,2024,8,S01,SKU0032,CLEANING,2728,1,10,0.323,0,31,13.1,11.83
2024-09-01,2024,9,S01,SKU0032,CLEANING,1949,0,0,0.0,0,30,13.1,13.1
2024-10-01,2024,10,S01,SKU0032,CLEANING,2123,0,0,0.0,1,31,13.1,13.1
2024-11-01,2024,11,S01,SKU0032,CLEANING,1791,0,0,0.0,2,30,13.1,13.1
2024-12-01,2024,12,S01,SKU0032,CLEANING,1805,0,0,0.0,3,31,13.1,13.1
2025-01-01,2025,1,S01,SKU0032,CLEANING,2231,1,6,0.194,1,31,13.1,12.34
2025-02-01,2025,2,S01,SKU0032,CLEANING,1427,0,0,0.0,1,28,13.1,13.1
2025-03-01,2025,3,S01,SKU0032,CLEANING,3700,1,12,0.387,0,31,13.1,11.58
2025-04-01,2025,4,S01,SKU0032,CLEANING,2506,0,0,0.0,0,30,13.1,13.1
2025-05-01,2025,5,S01,SKU0032,CLEANING,4101,1,7,0.226,1,31,13.1,12.21
2025-06-01,2025,6,S01,SKU0032,CLEANING,3251,1,7,0.233,0,30,13.1,12.18
2025-07-01,2025,7,S01,SKU0032,CLEANING,2380,0,0,0.0,1,31,13.1,13.1
2025-08-01,2025,8,S01,SKU0032,CLEANING,2880,1,5,0.161,0,31,13.1,12.47
2025-09-01,2025,9,S01,SKU0032,CLEANING,3379,1,9,0.3,0,30,13.1,11.92
2025-10-01,2025,10,S01,SKU0032,CLEANING,3166,1,5,0.161,1,31,13.1,12.47
2025-11-01,2025,11,S01,SKU0032,CLEANING,3398,1,9,0.3,2,30,13.1,11.92
2025-12-01,2025,12,S01,SKU0032,CLEANING,2034,0,0,0.0,3,31,13.1,13.1
2022-01-01,2022,1,S01,SKU0033,PERSONAL_CARE,887,0,0,0.0,1,31,2.1,2.1
2022-02-01,2022,2,S01,SKU0033,PERSONAL_CARE,902,0,0,0.0,1,28,2.1,2.1
2022-03-01,2022,3,S01,SKU0033,PERSONAL_CARE,960,0,0,0.0,0,31,2.1,2.1
2022-04-01,2022,4,S01,SKU0033,PERSONAL_CARE,1181,0,0,0.0,0,30,2.1,2.1
2022-05-01,2022,5,S01,SKU0033,PERSONAL_CARE,2072,1,8,0.258,1,31,2.1,1.94
2022-06-01,2022,6,S01,SKU0033,PERSONAL_CARE,1263,0,0,0.0,0,30,2.1,2.1
2022-07-01,2022,7,S01,SKU0033,PERSONAL_CARE,1440,1,3,0.097,1,31,2.1,2.04
2022-08-01,2022,8,S01,SKU0033,PERSONAL_CARE,1461,1,6,0.194,0,31,2.1,1.98
2022-09-01,2022,9,S01,SKU0033,PERSONAL_CARE,1121,1,2,0.067,0,30,2.1,2.06
2022-10-01,2022,10,S01,SKU0033,PERSONAL_CARE,1526,1,5,0.161,1,31,2.1,2.0
2022-11-01,2022,11,S01,SKU0033,PERSONAL_CARE,1080,0,0,0.0,2,30,2.1,2.1
2022-12-01,2022,12,S01,SKU0033,PERSONAL_CARE,1027,0,0,0.0,3,31,2.1,2.1
2023-01-01,2023,1,S01,SKU0033,PERSONAL_CARE,844,0,0,0.0,1,31,2.1,2.1
2023-02-01,2023,2,S01,SKU0033,PERSONAL_CARE,904,0,0,0.0,1,28,2.1,2.1
2023-03-01,2023,3,S01,SKU0033,PERSONAL_CARE,1079,0,0,0.0,0,31,2.1,2.1
2023-04-01,2023,4,S01,SKU0033,PERSONAL_CARE,1349,0,0,0.0,0,30,2.1,2.1
2023-05-01,2023,5,S01,SKU0033,PERSONAL_CARE,1362,0,0,0.0,1,31,2.1,2.1
2023-06-01,2023,6,S01,SKU0033,PERSONAL_CARE,2067,1,9,0.3,0,30,2.1,1.91
2023-07-01,2023,7,S01,SKU0033,PERSONAL_CARE,1450,0,0,0.0,1,31,2.1,2.1
2023-08-01,2023,8,S01,SKU0033,PERSONAL_CARE,1601,1,9,0.29,0,31,2.1,1.92
2023-09-01,2023,9,S01,SKU0033,PERSONAL_CARE,1241,0,0,0.0,0,30,2.1,2.1
2023-10-01,2023,10,S01,SKU0033,PERSONAL_CARE,1195,0,0,0.0,1,31,2.1,2.1
2023-11-01,2023,11,S01,SKU0033,PERSONAL_CARE,1158,0,0,0.0,2,30,2.1,2.1
2023-12-01,2023,12,S01,SKU0033,PERSONAL_CARE,1041,0,0,0.0,3,31,2.1,2.1
2024-01-01,2024,1,S01,SKU0033,PERSONAL_CARE,922,0,0,0.0,1,31,2.1,2.1
2024-02-01,2024,2,S01,SKU0033,PERSONAL_CARE,1522,1,11,0.379,1,29,2.1,1.86
2024-03-01,2024,3,S01,SKU0033,PERSONAL_CARE,1199,0,0,0.0,0,31,2.1,2.1
2024-04-01,2024,4,S01,SKU0033,PERSONAL_CARE,1248,0,0,0.0,0,30,2.1,2.1
2024-05-01,2024,5,S01,SKU0033,PERSONAL_CARE,2461,1,12,0.387,1,31,2.1,1.86
2024-06-01,2024,6,S01,SKU0033,PERSONAL_CARE,1416,0,0,0.0,0,30,2.1,2.1
2024-07-01,2024,7,S01,SKU0033,PERSONAL_CARE,1332,0,0,0.0,1,31,2.1,2.1
2024-08-01,2024,8,S01,SKU0033,PERSONAL_CARE,1628,1,9,0.29,0,31,2.1,1.92
2024-09-01,2024,9,S01,SKU0033,PERSONAL_CARE,1153,0,0,0.0,0,30,2.1,2.1
2024-10-01,2024,10,S01,SKU0033,PERSONAL_CARE,1261,0,0,0.0,1,31,2.1,2.1
2024-11-01,2024,11,S01,SKU0033,PERSONAL_CARE,1152,0,0,0.0,2,30,2.1,2.1
2024-12-01,2024,12,S01,SKU0033,PERSONAL_CARE,1655,1,11,0.355,3,31,2.1,1.88
2025-01-01,2025,1,S01,SKU0033,PERSONAL_CARE,893,0,0,0.0,1,31,2.1,2.1
2025-02-01,2025,2,S01,SKU0033,PERSONAL_CARE,919,0,0,0.0,1,28,2.1,2.1
2025-03-01,2025,3,S01,SKU0033,PERSONAL_CARE,1198,0,0,0.0,0,31,2.1,2.1
2025-04-01,2025,4,S01,SKU0033,PERSONAL_CARE,1456,0,0,0.0,0,30,2.1,2.1
2025-05-01,2025,5,S01,SKU0033,PERSONAL_CARE,2343,1,6,0.194,1,31,2.1,1.98
2025-06-01,2025,6,S01,SKU0033,PERSONAL_CARE,1503,0,0,0.0,0,30,2.1,2.1
2025-07-01,2025,7,S01,SKU0033,PERSONAL_CARE,1446,0,0,0.0,1,31,2.1,2.1
2025-08-01,2025,8,S01,SKU0033,PERSONAL_CARE,1201,0,0,0.0,0,31,2.1,2.1
2025-09-01,2025,9,S01,SKU0033,PERSONAL_CARE,1177,0,0,0.0,0,30,2.1,2.1
2025-10-01,2025,10,S01,SKU0033,PERSONAL_CARE,1306,0,0,0.0,1,31,2.1,2.1
2025-11-01,2025,11,S01,SKU0033,PERSONAL_CARE,1386,0,0,0.0,2,30,2.1,2.1
2025-12-01,2025,12,S01,SKU0033,PERSONAL_CARE,1662,1,10,0.323,3,31,2.1,1.9
2022-01-01,2022,1,S01,SKU0034,PERSONAL_CARE,371,0,0,0.0,1,31,16.46,16.46
2022-02-01,2022,2,S01,SKU0034,PERSONAL_CARE,326,0,0,0.0,1,28,16.46,16.46
2022-03-01,2022,3,S01,SKU0034,PERSONAL_CARE,693,1,8,0.258,0,31,16.46,15.19
2022-04-01,2022,4,S01,SKU0034,PERSONAL_CARE,556,0,0,0.0,0,30,16.46,16.46
2022-05-01,2022,5,S01,SKU0034,PERSONAL_CARE,571,0,0,0.0,1,31,16.46,16.46
2022-06-01,2022,6,S01,SKU0034,PERSONAL_CARE,874,1,9,0.3,0,30,16.46,14.98
2022-07-01,2022,7,S01,SKU0034,PERSONAL_CARE,610,1,3,0.097,1,31,16.46,15.98
2022-08-01,2022,8,S01,SKU0034,PERSONAL_CARE,494,0,0,0.0,0,31,16.46,16.46
2022-09-01,2022,9,S01,SKU0034,PERSONAL_CARE,866,1,12,0.4,0,30,16.46,14.48
2022-10-01,2022,10,S01,SKU0034,PERSONAL_CARE,547,1,1,0.032,1,31,16.46,16.3
2022-11-01,2022,11,S01,SKU0034,PERSONAL_CARE,408,0,0,0.0,2,30,16.46,16.46
2022-12-01,2022,12,S01,SKU0034,PERSONAL_CARE,392,0,0,0.0,3,31,16.46,16.46
2023-01-01,2023,1,S01,SKU0034,PERSONAL_CARE,369,0,0,0.0,1,31,16.46,16.46
2023-02-01,2023,2,S01,SKU0034,PERSONAL_CARE,374,0,0,0.0,1,28,16.46,16.46
2023-03-01,2023,3,S01,SKU0034,PERSONAL_CARE,470,0,0,0.0,0,31,16.46,16.46
2023-04-01,2023,4,S01,SKU0034,PERSONAL_CARE,524,0,0,0.0,0,30,16.46,16.46
2023-05-01,2023,5,S01,SKU0034,PERSONAL_CARE,1049,1,13,0.419,1,31,16.46,14.39
2023-06-01,2023,6,S01,SKU0034,PERSONAL_CARE,528,0,0,0.0,0,30,16.46,16.46
2023-07-01,2023,7,S01,SKU0034,PERSONAL_CARE,880,1,13,0.419,1,31,16.46,14.39
2023-08-01,2023,8,S01,SKU0034,PERSONAL_CARE,397,0,0,0.0,0,31,16.46,16.46
2023-09-01,2023,9,S01,SKU0034,PERSONAL_CARE,738,1,9,0.3,0,30,16.46,14.98
2023-10-01,2023,10,S01,SKU0034,PERSONAL_CARE,455,0,0,0.0,1,31,16.46,16.46
2023-11-01,2023,11,S01,SKU0034,PERSONAL_CARE,547,1,4,0.133,2,30,16.46,15.8
2023-12-01,2023,12,S01,SKU0034,PERSONAL_CARE,665,1,9,0.29,3,31,16.46,15.03
2024-01-01,2024,1,S01,SKU0034,PERSONAL_CARE,355,0,0,0.0,1,31,16.46,16.46
2024-02-01,2024,2,S01,SKU0034,PERSONAL_CARE,348,0,0,0.0,1,29,16.46,16.46
2024-03-01,2024,3,S01,SKU0034,PERSONAL_CARE,461,0,0,0.0,0,31,16.46,16.46
2024-04-01,2024,4,S01,SKU0034,PERSONAL_CARE,497,0,0,0.0,0,30,16.46,16.46
2024-05-01,2024,5,S01,SKU0034,PERSONAL_CARE,530,0,0,0.0,1,31,16.46,16.46
2024-06-01,2024,6,S01,SKU0034,PERSONAL_CARE,508,0,0,0.0,0,30,16.46,16.46
2024-07-01,2024,7,S01,SKU0034,PERSONAL_CARE,455,0,0,0.0,1,31,16.46,16.46
2024-08-01,2024,8,S01,SKU0034,PERSONAL_CARE,809,1,13,0.419,0,31,16.46,14.39
2024-09-01,2024,9,S01,SKU0034,PERSONAL_CARE,554,1,6,0.2,0,30,16.46,15.47
2024-10-01,2024,10,S01,SKU0034,PERSONAL_CARE,592,1,5,0.161,1,31,16.46,15.66
2024-11-01,2024,11,S01,SKU0034,PERSONAL_CARE,751,1,11,0.367,2,30,16.46,14.65
2024-12-01,2024,12,S01,SKU0034,PERSONAL_CARE,359,0,0,0.0,3,31,16.46,16.46
2025-01-01,2025,1,S01,SKU0034,PERSONAL_CARE,290,0,0,0.0,1,31,16.46,16.46
2025-02-01,2025,2,S01,SKU0034,PERSONAL_CARE,310,0,0,0.0,1,28,16.46,16.46
2025-03-01,2025,3,S01,SKU0034,PERSONAL_CARE,392,0,0,0.0,0,31,16.46,16.46
2025-04-01,2025,4,S01,SKU0034,PERSONAL_CARE,487,0,0,0.0,0,30,16.46,16.46
2025-05-01,2025,5,S01,SKU0034,PERSONAL_CARE,787,1,7,0.226,1,31,16.46,15.34
2025-06-01,2025,6,S01,SKU0034,PERSONAL_CARE,471,0,0,0.0,0,30,16.46,16.46
2025-07-01,2025,7,S01,SKU0034,PERSONAL_CARE,445,0,0,0.0,1,31,16.46,16.46
2025-08-01,2025,8,S01,SKU0034,PERSONAL_CARE,413,0,0,0.0,0,31,16.46,16.46
2025-09-01,2025,9,S01,SKU0034,PERSONAL_CARE,645,1,9,0.3,0,30,16.46,14.98
2025-10-01,2025,10,S01,SKU0034,PERSONAL_CARE,704,1,10,0.323,1,31,16.46,14.87
2025-11-01,2025,11,S01,SKU0034,PERSONAL_CARE,386,0,0,0.0,2,30,16.46,16.46
2025-12-01,2025,12,S01,SKU0034,PERSONAL_CARE,371,0,0,0.0,3,31,16.46,16.46
2022-01-01,2022,1,S01,SKU0035,PERSONAL_CARE,584,0,0,0.0,1,31,22.83,22.83
2022-02-01,2022,2,S01,SKU0035,PERSONAL_CARE,572,0,0,0.0,1,28,22.83,22.83
2022-03-01,2022,3,S01,SKU0035,PERSONAL_CARE,684,0,0,0.0,0,31,22.83,22.83
2022-04-01,2022,4,S01,SKU0035,PERSONAL_CARE,862,0,0,0.0,0,30,22.83,22.83
2022-05-01,2022,5,S01,SKU0035,PERSONAL_CARE,904,0,0,0.0,1,31,22.83,22.83
2022-06-01,2022,6,S01,SKU0035,PERSONAL_CARE,1011,0,0,0.0,0,30,22.83,22.83
2022-07-01,2022,7,S01,SKU0035,PERSONAL_CARE,915,0,0,0.0,1,31,22.83,22.83
2022-08-01,2022,8,S01,SKU0035,PERSONAL_CARE,838,0,0,0.0,0,31,22.83,22.83
2022-09-01,2022,9,S01,SKU0035,PERSONAL_CARE,835,0,0,0.0,0,30,22.83,22.83
2022-10-01,2022,10,S01,SKU0035,PERSONAL_CARE,1474,1,10,0.323,1,31,22.83,20.62
2022-11-01,2022,11,S01,SKU0035,PERSONAL_CARE,824,0,0,0.0,2,30,22.83,22.83
2022-12-01,2022,12,S01,SKU0035,PERSONAL_CARE,1158,1,7,0.226,3,31,22.83,21.28
2023-01-01,2023,1,S01,SKU0035,PERSONAL_CARE,593,0,0,0.0,1,31,22.83,22.83
2023-02-01,2023,2,S01,SKU0035,PERSONAL_CARE,603,0,0,0.0,1,28,22.83,22.83
2023-03-01,2023,3,S01,SKU0035,PERSONAL_CARE,1216,1,7,0.226,0,31,22.83,21.28
2023-04-01,2023,4,S01,SKU0035,PERSONAL_CARE,829,0,0,0.0,0,30,22.83,22.83
2023-05-01,2023,5,S01,SKU0035,PERSONAL_CARE,1001,0,0,0.0,1,31,22.83,22.83
2023-06-01,2023,6,S01,SKU0035,PERSONAL_CARE,1122,0,0,0.0,0,30,22.83,22.83
2023-07-01,2023,7,S01,SKU0035,PERSONAL_CARE,1471,1,7,0.226,1,31,22.83,21.28
2023-08-01,2023,8,S01,SKU0035,PERSONAL_CARE,1418,1,8,0.258,0,31,22.83,21.06
2023-09-01,2023,9,S01,SKU0035,PERSONAL_CARE,886,0,0,0.0,0,30,22.83,22.83
2023-10-01,2023,10,S01,SKU0035,PERSONAL_CARE,874,0,0,0.0,1,31,22.83,22.83
2023-11-01,2023,11,S01,SKU0035,PERSONAL_CARE,765,0,0,0.0,2,30,22.83,22.83
2023-12-01,2023,12,S01,SKU0035,PERSONAL_CARE,813,0,0,0.0,3,31,22.83,22.83
2024-01-01,2024,1,S01,SKU0035,PERSONAL_CARE,686,0,0,0.0,1,31,22.83,22.83
2024-02-01,2024,2,S01,SKU0035,PERSONAL_CARE,639,0,0,0.0,1,29,22.83,22.83
2024-03-01,2024,3,S01,SKU0035,PERSONAL_CARE,920,0,0,0.0,0,31,22.83,22.83
2024-04-01,2024,4,S01,SKU0035,PERSONAL_CARE,984,0,0,0.0,0,30,22.83,22.83
2024-05-01,2024,5,S01,SKU0035,PERSONAL_CARE,1113,0,0,0.0,1,31,22.83,22.83
2024-06-01,2024,6,S01,SKU0035,PERSONAL_CARE,2039,1,11,0.367,0,30,22.83,20.32
2024-07-01,2024,7,S01,SKU0035,PERSONAL_CARE,1019,0,0,0.0,1,31,22.83,22.83
2024-08-01,2024,8,S01,SKU0035,PERSONAL_CARE,906,0,0,0.0,0,31,22.83,22.83
2024-09-01,2024,9,S01,SKU0035,PERSONAL_CARE,810,0,0,0.0,0,30,22.83,22.83
2024-10-01,2024,10,S01,SKU0035,PERSONAL_CARE,953,0,0,0.0,1,31,22.83,22.83
2024-11-01,2024,11,S01,SKU0035,PERSONAL_CARE,1362,1,6,0.2,2,30,22.83,21.46
2024-12-01,2024,12,S01,SKU0035,PERSONAL_CARE,819,0,0,0.0,3,31,22.83,22.83
2025-01-01,2025,1,S01,SKU0035,PERSONAL_CARE,1102,1,5,0.161,1,31,22.83,21.73
2025-02-01,2025,2,S01,SKU0035,PERSONAL_CARE,781,1,2,0.071,1,28,22.83,22.34
2025-03-01,2025,3,S01,SKU0035,PERSONAL_CARE,1516,1,9,0.29,0,31,22.83,20.84
2025-04-01,2025,4,S01,SKU0035,PERSONAL_CARE,1160,1,1,0.033,0,30,22.83,22.6
2025-05-01,2025,5,S01,SKU0035,PERSONAL_CARE,1838,1,6,0.194,1,31,22.83,21.5
2025-06-01,2025,6,S01,SKU0035,PERSONAL_CARE,1031,0,0,0.0,0,30,22.83,22.83
2025-07-01,2025,7,S01,SKU0035,PERSONAL_CARE,1172,1,1,0.032,1,31,22.83,22.61
2025-08-01,2025,8,S01,SKU0035,PERSONAL_CARE,1614,1,7,0.226,0,31,22.83,21.28
2025-09-01,2025,9,S01,SKU0035,PERSONAL_CARE,862,0,0,0.0,0,30,22.83,22.83
2025-10-01,2025,10,S01,SKU0035,PERSONAL_CARE,1645,1,9,0.29,1,31,22.83,20.84
2025-11-01,2025,11,S01,SKU0035,PERSONAL_CARE,1024,0,0,0.0,2,30,22.83,22.83
2025-12-01,2025,12,S01,SKU0035,PERSONAL_CARE,814,0,0,0.0,3,31,22.83,22.83
