Backend/api_data/ds_61b6ca015029__retail_sku_sales_monthly.csv
year_month,year,month,store_id,sku_id,category,qty_sold,promo_flag,promo_days,promo_intensity,holiday_days,days_in_month,list_price,avg_selling_price
2022-01-01,2022,1,S01,SKU0036,PERSONAL_CARE,517,0,0,0.0,1,31,19.26,19.26
2022-02-01,2022,2,S01,SKU0036,PERSONAL_CARE,1025,1,11,0.393,1,28,19.26,16.99
2022-03-01,2022,3,S01,SKU0036,PERSONAL_CARE,667,0,0,0.0,0,31,19.26,19.26
2022-04-01,2022,4,S01,SKU0036,PERSONAL_CARE,1480,1,10,0.333,0,30,19.26,17.33
2022-05-01,2022,5,S01,SKU0036,PERSONAL_CARE,901,0,0,0.0,1,31,19.26,19.26
2022-06-01,2022,6,S01,SKU0036,PERSONAL_CARE,1439,1,9,0.3,0,30,19.26,17.53
2022-07-01,2022,7,S01,SKU0036,PERSONAL_CARE,1307,1,8,0.258,1,31,19.26,17.77
2022-08-01,2022,8,S01,SKU0036,PERSONAL_CARE,728,0,0,0.0,0,31,19.26,19.26
2022-09-01,2022,9,S01,SKU0036,PERSONAL_CARE,747,0,0,0.0,0,30,19.26,19.26
2022-10-01,2022,10,S01,SKU0036,PERSONAL_CARE,728,0,0,0.0,1,31,19.26,19.26
2022-11-01,2022,11,S01,SKU0036,PERSONAL_CARE,705,0,0,0.0,2,30,19.26,19.26
2022-12-01,2022,12,S01,SKU0036,PERSONAL_CARE,871,1,6,0.194,3,31,19.26,18.14
2023-01-01,2023,1,S01,SKU0036,PERSONAL_CARE,556,0,0,0.0,1,31,19.26,19.26
2023-02-01,2023,2,S01,SKU0036,PERSONAL_CARE,501,0,0,0.0,1,28,19.26,19.26
2023-03-01,2023,3,S01,SKU0036,PERSONAL_CARE,714,0,0,0.0,0,31,19.26,19.26
2023-04-01,2023,4,S01,SKU0036,PERSONAL_CARE,819,0,0,0.0,0,30,19.26,19.26
2023-05-01,2023,5,S01,SKU0036,PERSONAL_CARE,947,0,0,0.0,1,31,19.26,19.26
2023-06-01,2023,6,S01,SKU0036,PERSONAL_CARE,1944,1,14,0.467,0,30,19.26,16.56
2023-07-01,2023,7,S01,SKU0036,PERSONAL_CARE,790,0,0,0.0,1,31,19.26,19.26
2023-08-01,2023,8,S01,SKU0036,PERSONAL_CARE,767,0,0,0.0,0,31,19.26,19.26
2023-09-01,2023,9,S01,SKU0036,PERSONAL_CARE,727,0,0,0.0,0,30,19.26,19.26
2023-10-01,2023,10,S01,SKU0036,PERSONAL_CARE,854,0,0,0.0,1,31,19.26,19.26
2023-11-01,2023,11,S01,SKU0036,PERSONAL_CARE,659,0,0,0.0,2,30,19.26,19.26
2023-12-01,2023,12,S01,SKU0036,PERSONAL_CARE,1125,1,6,0.194,3,31,19.26,18.14
2024-01-01,2024,1,S01,SKU0036,PERSONAL_CARE,582,1,1,0.032,1,31,19.26,19.07
2024-02-01,2024,2,S01,SKU0036,PERSONAL_CARE,540,0,0,0.0,1,29,19.26,19.26
2024-03-01,2024,3,S01,SKU0036,PERSONAL_CARE,1053,1,5,0.161,0,31,19.26,18.33
2024-04-01,2024,4,S01,SKU0036,PERSONAL_CARE,1244,1,8,0.267,0,30,19.26,17.72
2024-05-01,2024,5,S01,SKU0036,PERSONAL_CARE,978,0,0,0.0,1,31,19.26,19.26
2024-06-01,2024,6,S01,SKU0036,PERSONAL_CARE,942,0,0,0.0,0,30,19.26,19.26
2024-07-01,2024,7,S01,SKU0036,PERSONAL_CARE,1500,1,8,0.258,1,31,19.26,17.77
2024-08-01,2024,8,S01,SKU0036,PERSONAL_CARE,783,0,0,0.0,0,31,19.26,19.26
2024-09-01,2024,9,S01,SKU0036,PERSONAL_CARE,796,0,0,0.0,0,30,19.26,19.26
2024-10-01,2024,10,S01,SKU0036,PERSONAL_CARE,804,0,0,0.0,1,31,19.26,19.26
2024-11-01,2024,11,S01,SKU0036,PERSONAL_CARE,1101,1,7,0.233,2,30,19.26,17.91
2024-12-01,2024,12,S01,SKU0036,PERSONAL_CARE,688,0,0,0.0,3,31,19.26,19.26
2025-01-01,2025,1,S01,SKU0036,PERSONAL_CARE,979,1,9,0.29,1,31,19.26,17.58
2025-02-01,2025,2,S01,SKU0036,PERSONAL_CARE,614,0,0,0.0,1,28,19.26,19.26
2025-03-01,2025,3,S01,SKU0036,PERSONAL_CARE,763,0,0,0.0,0,31,19.26,19.26
2025-04-01,2025,4,S01,SKU0036,PERSONAL_CARE,821,0,0,0.0,0,30,19.26,19.26
2025-05-01,2025,5,S01,SKU0036,PERSONAL_CARE,971,0,0,0.0,1,31,19.26,19.26
2025-06-01,2025,6,S01,SKU0036,PERSONAL_CARE,844,0,0,0.0,0,30,19.26,19.26
2025-07-01,2025,7,S01,SKU0036,PERSONAL_CARE,907,0,0,0.0,1,31,19.26,19.26
2025-08-01,2025,8,S01,SKU0036,PERSONAL_CARE,784,0,0,0.0,0,31,19.26,19.26
2025-09-01,2025,9,S01,SKU0036,PERSONAL_CARE,747,0,0,0.0,0,30,19.26,19.26
2025-10-01,2025,10,S01,SKU0036,PERSONAL_CARE,1238,1,7,0.226,1,31,19.26,17.95
2025-11-01,2025,11,S01,SKU0036,PERSONAL_CARE,1040,1,6,0.2,2,30,19.26,18.1
2025-12-01,2025,12,S01,SKU0036,PERSONAL_CARE,1089,1,8,0.258,3,31,19.26,17.77
2022-01-01,2022,1,S01,SKU0037,PERSONAL_CARE,729,1,9,0.29,1,31,8.31,7.59
2022-02-01,2022,2,S01,SKU0037,PERSONAL_CARE,521,0,0,0.0,1,28,8.31,8.31
2022-03-01,2022,3,S01,SKU0037,PERSONAL_CARE,976,1,13,0.419,0,31,8.31,7.27
2022-04-01,2022,4,S01,SKU0037,PERSONAL_CARE,788,0,0,0.0,0,30,8.31,8.31
2022-05-01,2022,5,S01,SKU0037,PERSONAL_CARE,846,0,0,0.0,1,31,8.31,8.31
2022-06-01,2022,6,S01,SKU0037,PERSONAL_CARE,781,0,0,0.0,0,30,8.31,8.31
2022-07-01,2022,7,S01,SKU0037,PERSONAL_CARE,747,0,0,0.0,1,31,8.31,8.31
2022-08-01,2022,8,S01,SKU0037,PERSONAL_CARE,676,0,0,0.0,0,31,8.31,8.31
2022-09-01,2022,9,S01,SKU0037,PERSONAL_CARE,731,1,7,0.233,0,30,8.31,7.73
2022-10-01,2022,10,S01,SKU0037,PERSONAL_CARE,947,1,8,0.258,1,31,8.31,7.67
2022-11-01,2022,11,S01,SKU0037,PERSONAL_CARE,924,1,6,0.2,2,30,8.31,7.81
2022-12-01,2022,12,S01,SKU0037,PERSONAL_CARE,624,0,0,0.0,3,31,8.31,8.31
2023-01-01,2023,1,S01,SKU0037,PERSONAL_CARE,519,0,0,0.0,1,31,8.31,8.31
2023-02-01,2023,2,S01,SKU0037,PERSONAL_CARE,465,0,0,0.0,1,28,8.31,8.31
2023-03-01,2023,3,S01,SKU0037,PERSONAL_CARE,703,1,3,0.097,0,31,8.31,8.07
2023-04-01,2023,4,S01,SKU0037,PERSONAL_CARE,843,1,2,0.067,0,30,8.31,8.14
2023-05-01,2023,5,S01,SKU0037,PERSONAL_CARE,1052,1,8,0.258,1,31,8.31,7.67
2023-06-01,2023,6,S01,SKU0037,PERSONAL_CARE,1022,1,5,0.167,0,30,8.31,7.9
2023-07-01,2023,7,S01,SKU0037,PERSONAL_CARE,1104,1,13,0.419,1,31,8.31,7.27
2023-08-01,2023,8,S01,SKU0037,PERSONAL_CARE,612,0,0,0.0,0,31,8.31,8.31
2023-09-01,2023,9,S01,SKU0037,PERSONAL_CARE,925,1,10,0.333,0,30,8.31,7.48
2023-10-01,2023,10,S01,SKU0037,PERSONAL_CARE,624,0,0,0.0,1,31,8.31,8.31
2023-11-01,2023,11,S01,SKU0037,PERSONAL_CARE,629,0,0,0.0,2,30,8.31,8.31
2023-12-01,2023,12,S01,SKU0037,PERSONAL_CARE,664,1,7,0.226,3,31,8.31,7.75
2024-01-01,2024,1,S01,SKU0037,PERSONAL_CARE,453,0,0,0.0,1,31,8.31,8.31
2024-02-01,2024,2,S01,SKU0037,PERSONAL_CARE,448,0,0,0.0,1,29,8.31,8.31
2024-03-01,2024,3,S01,SKU0037,PERSONAL_CARE,622,0,0,0.0,0,31,8.31,8.31
2024-04-01,2024,4,S01,SKU0037,PERSONAL_CARE,1116,1,10,0.333,0,30,8.31,7.48
2024-05-01,2024,5,S01,SKU0037,PERSONAL_CARE,782,0,0,0.0,1,31,8.31,8.31
2024-06-01,2024,6,S01,SKU0037,PERSONAL_CARE,968,1,8,0.267,0,30,8.31,7.65
2024-07-01,2024,7,S01,SKU0037,PERSONAL_CARE,592,0,0,0.0,1,31,8.31,8.31
2024-08-01,2024,8,S01,SKU0037,PERSONAL_CARE,990,1,12,0.387,0,31,8.31,7.35
2024-09-01,2024,9,S01,SKU0037,PERSONAL_CARE,572,0,0,0.0,0,30,8.31,8.31
2024-10-01,2024,10,S01,SKU0037,PERSONAL_CARE,573,0,0,0.0,1,31,8.31,8.31
2024-11-01,2024,11,S01,SKU0037,PERSONAL_CARE,785,1,7,0.233,2,30,8.31,7.73
2024-12-01,2024,12,S01,SKU0037,PERSONAL_CARE,499,0,0,0.0,3,31,8.31,8.31
2025-01-01,2025,1,S01,SKU0037,PERSONAL_CARE,433,0,0,0.0,1,31,8.31,8.31
2025-02-01,2025,2,S01,SKU0037,PERSONAL_CARE,593,1,9,0.321,1,28,8.31,7.51
2025-03-01,2025,3,S01,SKU0037,PERSONAL_CARE,583,0,0,0.0,0,31,8.31,8.31
2025-04-01,2025,4,S01,SKU0037,PERSONAL_CARE,579,0,0,0.0,0,30,8.31,8.31
2025-05-01,2025,5,S01,SKU0037,PERSONAL_CARE,730,0,0,0.0,1,31,8.31,8.31
2025-06-01,2025,6,S01,SKU0037,PERSONAL_CARE,702,0,0,0.0,0,30,8.31,8.31
2025-07-01,2025,7,S01,SKU0037,PERSONAL_CARE,623,0,0,0.0,1,31,8.31,8.31
2025-08-01,2025,8,S01,SKU0037,PERSONAL_CARE,613,0,0,0.0,0,31,8.31,8.31
2025-09-01,2025,9,S01,SKU0037,PERSONAL_CARE,520,0,0,0.0,0,30,8.31,8.31
2025-10-01,2025,10,S01,SKU0037,PERSONAL_CARE,574,0,0,0.0,1,31,8.31,8.31
2025-11-01,2025,11,S01,SKU0037,PERSONAL_CARE,579,1,1,0.033,2,30,8.31,8.23
2025-12-01,2025,12,S01,SKU0037,PERSONAL_CARE,778,1,12,0.387,3,31,8.31,7.35
2022-01-01,2022,1,S01,SKU0038,PERSONAL_CARE,404,0,0,0.0,1,31,20.49,20.49
2022-02-01,2022,2,S01,SKU0038,PERSONAL_CARE,416,0,0,0.0,1,28,20.49,20.49
2022-03-01,2022,3,S01,SKU0038,PERSONAL_CARE,538,0,0,0.0,0,31,20.49,20.49
2022-04-01,2022,4,S01,SKU0038,PERSONAL_CARE,679,0,0,0.0,0,30,20.49,20.49
2022-05-01,2022,5,S01,SKU0038,PERSONAL_CARE,726,0,0,0.0,1,31,20.49,20.49
2022-06-01,2022,6,S01,SKU0038,PERSONAL_CARE,641,0,0,0.0,0,30,20.49,20.49
2022-07-01,2022,7,S01,SKU0038,PERSONAL_CARE,668,0,0,0.0,1,31,20.49,20.49
2022-08-01,2022,8,S01,SKU0038,PERSONAL_CARE,668,1,5,0.161,0,31,20.49,19.5
2022-09-01,2022,9,S01,SKU0038,PERSONAL_CARE,591,0,0,0.0,0,30,20.49,20.49
2022-10-01,2022,10,S01,SKU0038,PERSONAL_CARE,627,0,0,0.0,1,31,20.49,20.49
2022-11-01,2022,11,S01,SKU0038,PERSONAL_CARE,783,1,6,0.2,2,30,20.49,19.26
2022-12-01,2022,12,S01,SKU0038,PERSONAL_CARE,611,0,0,0.0,3,31,20.49,20.49
2023-01-01,2023,1,S01,SKU0038,PERSONAL_CARE,509,0,0,0.0,1,31,20.49,20.49
2023-02-01,2023,2,S01,SKU0038,PERSONAL_CARE,476,0,0,0.0,1,28,20.49,20.49
2023-03-01,2023,3,S01,SKU0038,PERSONAL_CARE,651,0,0,0.0,0,31,20.49,20.49
2023-04-01,2023,4,S01,SKU0038,PERSONAL_CARE,744,0,0,0.0,0,30,20.49,20.49
2023-05-01,2023,5,S01,SKU0038,PERSONAL_CARE,1395,1,14,0.452,1,31,20.49,17.71
2023-06-01,2023,6,S01,SKU0038,PERSONAL_CARE,764,0,0,0.0,0,30,20.49,20.49
2023-07-01,2023,7,S01,SKU0038,PERSONAL_CARE,958,1,5,0.161,1,31,20.49,19.5
2023-08-01,2023,8,S01,SKU0038,PERSONAL_CARE,995,1,8,0.258,0,31,20.49,18.9
2023-09-01,2023,9,S01,SKU0038,PERSONAL_CARE,728,0,0,0.0,0,30,20.49,20.49
2023-10-01,2023,10,S01,SKU0038,PERSONAL_CARE,750,0,0,0.0,1,31,20.49,20.49
2023-11-01,2023,11,S01,SKU0038,PERSONAL_CARE,759,0,0,0.0,2,30,20.49,20.49
2023-12-01,2023,12,S01,SKU0038,PERSONAL_CARE,956,1,10,0.323,3,31,20.49,18.51
2024-01-01,2024,1,S01,SKU0038,PERSONAL_CARE,539,0,0,0.0,1,31,20.49,20.49
2024-02-01,2024,2,S01,SKU0038,PERSONAL_CARE,625,0,0,0.0,1,29,20.49,20.49
2024-03-01,2024,3,S01,SKU0038,PERSONAL_CARE,731,0,0,0.0,0,31,20.49,20.49
2024-04-01,2024,4,S01,SKU0038,PERSONAL_CARE,852,0,0,0.0,0,30,20.49,20.49
2024-05-01,2024,5,S01,SKU0038,PERSONAL_CARE,995,0,0,0.0,1,31,20.49,20.49
2024-06-01,2024,6,S01,SKU0038,PERSONAL_CARE,993,0,0,0.0,0,30,20.49,20.49
2024-07-01,2024,7,S01,SKU0038,PERSONAL_CARE,1140,1,7,0.226,1,31,20.49,19.1
2024-08-01,2024,8,S01,SKU0038,PERSONAL_CARE,799,0,0,0.0,0,31,20.49,20.49
2024-09-01,2024,9,S01,SKU0038,PERSONAL_CARE,733,0,0,0.0,0,30,20.49,20.49
2024-10-01,2024,10,S01,SKU0038,PERSONAL_CARE,905,1,5,0.161,1,31,20.49,19.5
2024-11-01,2024,11,S01,SKU0038,PERSONAL_CARE,925,1,2,0.067,2,30,20.49,20.08
2024-12-01,2024,12,S01,SKU0038,PERSONAL_CARE,820,1,5,0.161,3,31,20.49,19.5
2025-01-01,2025,1,S01,SKU0038,PERSONAL_CARE,651,0,0,0.0,1,31,20.49,20.49
2025-02-01,2025,2,S01,SKU0038,PERSONAL_CARE,562,0,0,0.0,1,28,20.49,20.49
2025-03-01,2025,3,S01,SKU0038,PERSONAL_CARE,1071,1,6,0.194,0,31,20.49,19.3
2025-04-01,2025,4,S01,SKU0038,PERSONAL_CARE,1040,1,1,0.033,0,30,20.49,20.28
2025-05-01,2025,5,S01,SKU0038,PERSONAL_CARE,1667,1,11,0.355,1,31,20.49,18.31
2025-06-01,2025,6,S01,SKU0038,PERSONAL_CARE,1215,1,5,0.167,0,30,20.49,19.46
2025-07-01,2025,7,S01,SKU0038,PERSONAL_CARE,1444,1,8,0.258,1,31,20.49,18.9
2025-08-01,2025,8,S01,SKU0038,PERSONAL_CARE,886,0,0,0.0,0,31,20.49,20.49
2025-09-01,2025,9,S01,SKU0038,PERSONAL_CARE,1235,1,8,0.267,0,30,20.49,18.85
2025-10-01,2025,10,S01,SKU0038,PERSONAL_CARE,1030,1,1,0.032,1,31,20.49,20.29
2025-11-01,2025,11,S01,SKU0038,PERSONAL_CARE,974,0,0,0.0,2,30,20.49,20.49
2025-12-01,2025,12,S01,SKU0038,PERSONAL_CARE,740,0,0,0.0,3,31,20.49,20.49
2022-01-01,2022,1,S01,SKU0039,PERSONAL_CARE,953,0,0,0.0,1,31,20.39,20.39
2022-02-01,2022,2,S01,SKU0039,PERSONAL_CARE,936,0,0,0.0,1,28,20.39,20.39
2022-03-01,2022,3,S01,SKU0039,PERSONAL_CARE,1259,0,0,0.0,0,31,20.39,20.39
2022-04-01,2022,4,S01,SKU0039,PERSONAL_CARE,1912,1,3,0.1,0,30,20.39,19.78
2022-05-01,2022,5,S01,SKU0039,PERSONAL_CARE,2841,1,10,0.323,1,31,20.39,18.42
2022-06-01,2022,6,S01,SKU0039,PERSONAL_CARE,3111,1,13,0.433,0,30,20.39,17.74
2022-07-01,2022,7,S01,SKU0039,PERSONAL_CARE,1565,0,0,0.0,1,31,20.39,20.39
2022-08-01,2022,8,S01,SKU0039,PERSONAL_CARE,1336,0,0,0.0,0,31,20.39,20.39
2022-09-01,2022,9,S01,SKU0039,PERSONAL_CARE,1233,0,0,0.0,0,30,20.39,20.39
2022-10-01,2022,10,S01,SKU0039,PERSONAL_CARE,1371,0,0,0.0,1,31,20.39,20.39
2022-11-01,2022,11,S01,SKU0039,PERSONAL_CARE,1369,0,0,0.0,2,30,20.39,20.39
2022-12-01,2022,12,S01,SKU0039,PERSONAL_CARE,1286,0,0,0.0,3,31,20.39,20.39
2023-01-01,2023,1,S01,SKU0039,PERSONAL_CARE,1851,1,13,0.419,1,31,20.39,17.82
2023-02-01,2023,2,S01,SKU0039,PERSONAL_CARE,1145,0,0,0.0,1,28,20.39,20.39
2023-03-01,2023,3,S01,SKU0039,PERSONAL_CARE,1297,0,0,0.0,0,31,20.39,20.39
2023-04-01,2023,4,S01,SKU0039,PERSONAL_CARE,3055,1,11,0.367,0,30,20.39,18.15
2023-05-01,2023,5,S01,SKU0039,PERSONAL_CARE,1927,1,1,0.032,1,31,20.39,20.19
2023-06-01,2023,6,S01,SKU0039,PERSONAL_CARE,1873,0,0,0.0,0,30,20.39,20.39
2023-07-01,2023,7,S01,SKU0039,PERSONAL_CARE,1972,1,2,0.065,1,31,20.39,20.0
2023-08-01,2023,8,S01,SKU0039,PERSONAL_CARE,2676,1,12,0.387,0,31,20.39,18.02
2023-09-01,2023,9,S01,SKU0039,PERSONAL_CARE,1524,0,0,0.0,0,30,20.39,20.39
2023-10-01,2023,10,S01,SKU0039,PERSONAL_CARE,2255,1,6,0.194,1,31,20.39,19.21
2023-11-01,2023,11,S01,SKU0039,PERSONAL_CARE,1505,0,0,0.0,2,30,20.39,20.39
2023-12-01,2023,12,S01,SKU0039,PERSONAL_CARE,2208,1,8,0.258,3,31,20.39,18.81
2024-01-01,2024,1,S01,SKU0039,PERSONAL_CARE,1677,1,6,0.194,1,31,20.39,19.21
2024-02-01,2024,2,S01,SKU0039,PERSONAL_CARE,1192,0,0,0.0,1,29,20.39,20.39
2024-03-01,2024,3,S01,SKU0039,PERSONAL_CARE,1620,0,0,0.0,0,31,20.39,20.39
2024-04-01,2024,4,S01,SKU0039,PERSONAL_CARE,1881,0,0,0.0,0,30,20.39,20.39
2024-05-01,2024,5,S01,SKU0039,PERSONAL_CARE,2173,0,0,0.0,1,31,20.39,20.39
2024-06-01,2024,6,S01,SKU0039,PERSONAL_CARE,1873,0,0,0.0,0,30,20.39,20.39
2024-07-01,2024,7,S01,SKU0039,PERSONAL_CARE,3649,1,14,0.452,1,31,20.39,17.63
2024-08-01,2024,8,S01,SKU0039,PERSONAL_CARE,1630,0,0,0.0,0,31,20.39,20.39
2024-09-01,2024,9,S01,SKU0039,PERSONAL_CARE,1632,0,0,0.0,0,30,20.39,20.39
2024-10-01,2024,10,S01,SKU0039,PERSONAL_CARE,3428,1,11,0.355,1,31,20.39,18.22
2024-11-01,2024,11,S01,SKU0039,PERSONAL_CARE,1606,0,0,0.0,2,30,20.39,20.39
2024-12-01,2024,12,S01,SKU0039,PERSONAL_CARE,1681,0,0,0.0,3,31,20.39,20.39
2025-01-01,2025,1,S01,SKU0039,PERSONAL_CARE,1484,1,1,0.032,1,31,20.39,20.19
2025-02-01,2025,2,S01,SKU0039,PERSONAL_CARE,2181,1,9,0.321,1,28,20.39,18.42
2025-03-01,2025,3,S01,SKU0039,PERSONAL_CARE,1964,0,0,0.0,0,31,20.39,20.39
2025-04-01,2025,4,S01,SKU0039,PERSONAL_CARE,2122,0,0,0.0,0,30,20.39,20.39
2025-05-01,2025,5,S01,SKU0039,PERSONAL_CARE,3208,1,5,0.161,1,31,20.39,19.4
2025-06-01,2025,6,S01,SKU0039,PERSONAL_CARE,2290,0,0,0.0,0,30,20.39,20.39
2025-07-01,2025,7,S01,SKU0039,PERSONAL_CARE,1994,0,0,0.0,1,31,20.39,20.39
2025-08-01,2025,8,S01,SKU0039,PERSONAL_CARE,1892,0,0,0.0,0,31,20.39,20.39
2025-09-01,2025,9,S01,SKU0039,PERSONAL_CARE,2888,1,6,0.2,0,30,20.39,19.17
2025-10-01,2025,10,S01,SKU0039,PERSONAL_CARE,1994,0,0,0.0,1,31,20.39,20.39
2025-11-01,2025,11,S01,SKU0039,PERSONAL_CARE,2200,0,0,0.0,2,30,20.39,20.39
2025-12-01,2025,12,S01,SKU0039,PERSONAL_CARE,2831,1,9,0.29,3,31,20.39,18.61
2022-01-01,2022,1,S01,SKU0040,PERSONAL_CARE,843,1,12,0.387,1,31,14.17,12.52
2022-02-01,2022,2,S01,SKU0040,PERSONAL_CARE,476,1,1,0.036,1,28,14.17,14.02
2022-03-01,2022,3,S01,SKU0040,PERSONAL_CARE,567,0,0,0.0,0,31,14.17,14.17
2022-04-01,2022,4,S01,SKU0040,PERSONAL_CARE,696,0,0,0.0,0,30,14.17,14.17
2022-05-01,2022,5,S01,SKU0040,PERSONAL_CARE,1071,1,5,0.161,1,31,14.17,13.48
2022-06-01,2022,6,S01,SKU0040,PERSONAL_CARE,669,0,0,0.0,0,30,14.17,14.17
2022-07-01,2022,7,S01,SKU0040,PERSONAL_CARE,723,0,0,0.0,1,31,14.17,14.17
2022-08-01,2022,8,S01,SKU0040,PERSONAL_CARE,690,0,0,0.0,0,31,14.17,14.17
2022-09-01,2022,9,S01,SKU0040,PERSONAL_CARE,681,0,0,0.0,0,30,14.17,14.17
2022-10-01,2022,10,S01,SKU0040,PERSONAL_CARE,740,0,0,0.0,1,31,14.17,14.17
2022-11-01,2022,11,S01,SKU0040,PERSONAL_CARE,693,0,0,0.0,2,30,14.17,14.17
2022-12-01,2022,12,S01,SKU0040,PERSONAL_CARE,602,0,0,0.0,3,31,14.17,14.17
2023-01-01,2023,1,S01,SKU0040,PERSONAL_CARE,529,0,0,0.0,1,31,14.17,14.17
2023-02-01,2023,2,S01,SKU0040,PERSONAL_CARE,494,0,0,0.0,1,28,14.17,14.17
2023-03-01,2023,3,S01,SKU0040,PERSONAL_CARE,663,0,0,0.0,0,31,14.17,14.17
2023-04-01,2023,4,S01,SKU0040,PERSONAL_CARE,856,0,0,0.0,0,30,14.17,14.17
2023-05-01,2023,5,S01,SKU0040,PERSONAL_CARE,885,0,0,0.0,1,31,14.17,14.17
2023-06-01,2023,6,S01,SKU0040,PERSONAL_CARE,979,1,4,0.133,0,30,14.17,13.6
2023-07-01,2023,7,S01,SKU0040,PERSONAL_CARE,1326,1,7,0.226,1,31,14.17,13.21
2023-08-01,2023,8,S01,SKU0040,PERSONAL_CARE,796,0,0,0.0,0,31,14.17,14.17
2023-09-01,2023,9,S01,SKU0040,PERSONAL_CARE,1170,1,6,0.2,0,30,14.17,13.32
2023-10-01,2023,10,S01,SKU0040,PERSONAL_CARE,796,0,0,0.0,1,31,14.17,14.17
2023-11-01,2023,11,S01,SKU0040,PERSONAL_CARE,732,0,0,0.0,2,30,14.17,14.17
2023-12-01,2023,12,S01,SKU0040,PERSONAL_CARE,735,0,0,0.0,3,31,14.17,14.17
2024-01-01,2024,1,S01,SKU0040,PERSONAL_CARE,594,0,0,0.0,1,31,14.17,14.17
2024-02-01,2024,2,S01,SKU0040,PERSONAL_CARE,605,0,0,0.0,1,29,14.17,14.17
2024-03-01,2024,3,S01,SKU0040,PERSONAL_CARE,807,0,0,0.0,0,31,14.17,14.17
2024-04-01,2024,4,S01,SKU0040,PERSONAL_CARE,1712,1,13,0.433,0,30,14.17,12.33
2024-05-01,2024,5,S01,SKU0040,PERSONAL_CARE,1040,0,0,0.0,1,31,14.17,14.17
2024-06-01,2024,6,S01,SKU0040,PERSONAL_CARE,863,0,0,0.0,0,30,14.17,14.17
2024-07-01,2024,7,S01,SKU0040,PERSONAL_CARE,895,0,0,0.0,1,31,14.17,14.17
2024-08-01,2024,8,S01,SKU0040,PERSONAL_CARE,870,0,0,0.0,0,31,14.17,14.17
2024-09-01,2024,9,S01,SKU0040,PERSONAL_CARE,883,0,0,0.0,0,30,14.17,14.17
2024-10-01,2024,10,S01,SKU0040,PERSONAL_CARE,935,0,0,0.0,1,31,14.17,14.17
2024-11-01,2024,11,S01,SKU0040,PERSONAL_CARE,857,0,0,0.0,2,30,14.17,14.17
2024-12-01,2024,12,S01,SKU0040,PERSONAL_CARE,737,0,0,0.0,3,31,14.17,14.17
2025-01-01,2025,1,S01,SKU0040,PERSONAL_CARE,1141,1,8,0.258,1,31,14.17,13.07
2025-02-01,2025,2,S01,SKU0040,PERSONAL_CARE,677,0,0,0.0,1,28,14.17,14.17
2025-03-01,2025,3,S01,SKU0040,PERSONAL_CARE,1214,1,5,0.161,0,31,14.17,13.48
2025-04-01,2025,4,S01,SKU0040,PERSONAL_CARE,1020,0,0,0.0,0,30,14.17,14.17
2025-05-01,2025,5,S01,SKU0040,PERSONAL_CARE,1207,0,0,0.0,1,31,14.17,14.17
2025-06-01,2025,6,S01,SKU0040,PERSONAL_CARE,2211,1,14,0.467,0,30,14.17,12.19
2025-07-01,2025,7,S01,SKU0040,PERSONAL_CARE,919,0,0,0.0,1,31,14.17,14.17
2025-08-01,2025,8,S01,SKU0040,PERSONAL_CARE,1536,1,10,0.323,0,31,14.17,12.8
2025-09-01,2025,9,S01,SKU0040,PERSONAL_CARE,915,0,0,0.0,0,30,14.17,14.17
2025-10-01,2025,10,S01,SKU0040,PERSONAL_CARE,1835,1,12,0.387,1,31,14.17,12.52
2025-11-01,2025,11,S01,SKU0040,PERSONAL_CARE,951,0,0,0.0,2,30,14.17,14.17
2025-12-01,2025,12,S01,SKU0040,PERSONAL_CARE,802,0,0,0.0,3,31,14.17,14.17
