Backend/api_data/ds_61b6ca015029__retail_sku_sales_monthly.csv
year_month,year,month,store_id,sku_id,category,qty_sold,promo_flag,promo_days,promo_intensity,holiday_days,days_in_month,list_price,avg_selling_price
2022-01-01,2022,1,S02,SKU0001,BEVERAGES,1710,0,0,0.0,1,31,18.7,18.7
2022-02-01,2022,2,S02,SKU0001,BEVERAGES,1577,0,0,0.0,1,28,18.7,18.7
2022-03-01,2022,3,S02,SKU0001,BEVERAGES,2085,0,0,0.0,0,31,18.7,18.7
2022-04-01,2022,4,S02,SKU0001,BEVERAGES,2968,1,5,0.167,0,30,18.7,17.76
2022-05-01,2022,5,S02,SKU0001,BEVERAGES,2875,0,0,0.0,1,31,18.7,18.7
2022-06-01,2022,6,S02,SKU0001,BEVERAGES,3963,1,5,0.167,0,30,18.7,17.76
2022-07-01,2022,7,S02,SKU0001,BEVERAGES,3705,1,3,0.097,1,31,18.7,18.16
2022-08-01,2022,8,S02,SKU0001,BEVERAGES,3172,0,0,0.0,0,31,18.7,18.7
2022-09-01,2022,9,S02,SKU0001,BEVERAGES,2289,0,0,0.0,0,30,18.7,18.7
2022-10-01,2022,10,S02,SKU0001,BEVERAGES,2776,0,0,0.0,1,31,18.7,18.7
2022-11-01,2022,11,S02,SKU0001,BEVERAGES,2165,0,0,0.0,2,30,18.7,18.7
2022-12-01,2022,12,S02,SKU0001,BEVERAGES,2054,0,0,0.0,3,31,18.7,18.7
2023-01-01,2023,1,S02,SKU0001,BEVERAGES,2772,1,11,0.355,1,31,18.7,16.71
2023-02-01,2023,2,S02,SKU0001,BEVERAGES,1819,0,0,0.0,1,28,18.7,18.7
2023-03-01,2023,3,S02,SKU0001,BEVERAGES,2467,0,0,0.0,0,31,18.7,18.7
2023-04-01,2023,4,S02,SKU0001,BEVERAGES,2646,0,0,0.0,0,30,18.7,18.7
2023-05-01,2023,5,S02,SKU0001,BEVERAGES,3027,0,0,0.0,1,31,18.7,18.7
2023-06-01,2023,6,S02,SKU0001,BEVERAGES,4449,0,0,0.0,0,30,18.7,18.7
2023-07-01,2023,7,S02,SKU0001,BEVERAGES,5157,1,10,0.323,1,31,18.7,16.89
2023-08-01,2023,8,S02,SKU0001,BEVERAGES,3461,1,1,0.032,0,31,18.7,18.52
2023-09-01,2023,9,S02,SKU0001,BEVERAGES,3166,1,6,0.2,0,30,18.7,17.58
2023-10-01,2023,10,S02,SKU0001,BEVERAGES,4172,1,11,0.355,1,31,18.7,16.71
2023-11-01,2023,11,S02,SKU0001,BEVERAGES,2509,0,0,0.0,2,30,18.7,18.7
2023-12-01,2023,12,S02,SKU0001,BEVERAGES,2999,1,6,0.194,3,31,18.7,17.61
2024-01-01,2024,1,S02,SKU0001,BEVERAGES,2472,1,4,0.129,1,31,18.7,17.98
2024-02-01,2024,2,S02,SKU0001,BEVERAGES,2717,1,8,0.276,1,29,18.7,17.15
2024-03-01,2024,3,S02,SKU0001,BEVERAGES,3147,0,0,0.0,0,31,18.7,18.7
2024-04-01,2024,4,S02,SKU0001,BEVERAGES,3354,0,0,0.0,0,30,18.7,18.7
2024-05-01,2024,5,S02,SKU0001,BEVERAGES,3742,0,0,0.0,1,31,18.7,18.7
2024-06-01,2024,6,S02,SKU0001,BEVERAGES,5074,1,2,0.067,0,30,18.7,18.33
2024-07-01,2024,7,S02,SKU0001,BEVERAGES,6055,1,11,0.355,1,31,18.7,16.71
2024-08-01,2024,8,S02,SKU0001,BEVERAGES,4346,0,0,0.0,0,31,18.7,18.7
2024-09-01,2024,9,S02,SKU0001,BEVERAGES,4235,1,12,0.4,0,30,18.7,16.46
2024-10-01,2024,10,S02,SKU0001,BEVERAGES,3181,0,0,0.0,1,31,18.7,18.7
2024-11-01,2024,11,S02,SKU0001,BEVERAGES,2914,0,0,0.0,2,30,18.7,18.7
2024-12-01,2024,12,S02,SKU0001,BEVERAGES,2497,0,0,0.0,3,31,18.7,18.7
2025-01-01,2025,1,S02,SKU0001,BEVERAGES,2417,0,0,0.0,1,31,18.7,18.7
2025-02-01,2025,2,S02,SKU0001,BEVERAGES,2492,1,4,0.143,1,28,18.7,17.9
2025-03-01,2025,3,S02,SKU0001,BEVERAGES,4510,1,10,0.323,0,31,18.7,16.89
2025-04-01,2025,4,S02,SKU0001,BEVERAGES,4921,1,10,0.333,0,30,18.7,16.83
2025-05-01,2025,5,S02,SKU0001,BEVERAGES,5598,1,6,0.194,1,31,18.7,17.61
2025-06-01,2025,6,S02,SKU0001,BEVERAGES,5174,0,0,0.0,0,30,18.7,18.7
2025-07-01,2025,7,S02,SKU0001,BEVERAGES,4757,0,0,0.0,1,31,18.7,18.7
2025-08-01,2025,8,S02,SKU0001,BEVERAGES,5505,1,5,0.161,0,31,18.7,17.8
2025-09-01,2025,9,S02,SKU0001,BEVERAGES,3540,0,0,0.0,0,30,18.7,18.7
2025-10-01,2025,10,S02,SKU0001,BEVERAGES,3633,0,0,0.0,1,31,18.7,18.7
2025-11-01,2025,11,S02,SKU0001,BEVERAGES,3403,0,0,0.0,2,30,18.7,18.7
2025-12-01,2025,12,S02,SKU0001,BEVERAGES,3607,1,7,0.226,3,31,18.7,17.43
2022-01-01,2022,1,S02,SKU0002,BEVERAGES,2148,0,0,0.0,1,31,5.17,5.17
2022-02-01,2022,2,S02,SKU0002,BEVERAGES,1954,0,0,0.0,1,28,5.17,5.17
2022-03-01,2022,3,S02,SKU0002,BEVERAGES,2791,0,0,0.0,0,31,5.17,5.17
2022-04-01,2022,4,S02,SKU0002,BEVERAGES,3241,0,0,0.0,0,30,5.17,5.17
2022-05-01,2022,5,S02,SKU0002,BEVERAGES,3427,0,0,0.0,1,31,5.17,5.17
2022-06-01,2022,6,S02,SKU0002,BEVERAGES,3922,0,0,0.0,0,30,5.17,5.17
2022-07-01,2022,7,S02,SKU0002,BEVERAGES,4092,0,0,0.0,1,31,5.17,5.17
2022-08-01,2022,8,S02,SKU0002,BEVERAGES,3769,0,0,0.0,0,31,5.17,5.17
2022-09-01,2022,9,S02,SKU0002,BEVERAGES,2506,0,0,0.0,0,30,5.17,5.17
2022-10-01,2022,10,S02,SKU0002,BEVERAGES,2907,0,0,0.0,1,31,5.17,5.17
2022-11-01,2022,11,S02,SKU0002,BEVERAGES,2439,0,0,0.0,2,30,5.17,5.17
2022-12-01,2022,12,S02,SKU0002,BEVERAGES,2577,0,0,0.0,3,31,5.17,5.17
2023-01-01,2023,1,S02,SKU0002,BEVERAGES,2039,0,0,0.0,1,31,5.17,5.17
2023-02-01,2023,2,S02,SKU0002,BEVERAGES,2083,0,0,0.0,1,28,5.17,5.17
2023-03-01,2023,3,S02,SKU0002,BEVERAGES,2789,0,0,0.0,0,31,5.17,5.17
2023-04-01,2023,4,S02,SKU0002,BEVERAGES,4015,1,5,0.167,0,30,5.17,4.91
2023-05-01,2023,5,S02,SKU0002,BEVERAGES,4301,1,5,0.161,1,31,5.17,4.92
2023-06-01,2023,6,S02,SKU0002,BEVERAGES,4385,0,0,0.0,0,30,5.17,5.17
2023-07-01,2023,7,S02,SKU0002,BEVERAGES,4002,0,0,0.0,1,31,5.17,5.17
2023-08-01,2023,8,S02,SKU0002,BEVERAGES,3585,0,0,0.0,0,31,5.17,5.17
2023-09-01,2023,9,S02,SKU0002,BEVERAGES,2717,0,0,0.0,0,30,5.17,5.17
2023-10-01,2023,10,S02,SKU0002,BEVERAGES,2760,0,0,0.0,1,31,5.17,5.17
2023-11-01,2023,11,S02,SKU0002,BEVERAGES,2810,0,0,0.0,2,30,5.17,5.17
2023-12-01,2023,12,S02,SKU0002,BEVERAGES,3874,1,14,0.452,3,31,5.17,4.47
2024-01-01,2024,1,S02,SKU0002,BEVERAGES,2212,0,0,0.0,1,31,5.17,5.17
2024-02-01,2024,2,S02,SKU0002,BEVERAGES,3652,1,11,0.379,1,29,5.17,4.58
2024-03-01,2024,3,S02,SKU0002,BEVERAGES,2856,0,0,0.0,0,31,5.17,5.17
2024-04-01,2024,4,S02,SKU0002,BEVERAGES,3499,0,0,0.0,0,30,5.17,5.17
2024-05-01,2024,5,S02,SKU0002,BEVERAGES,3703,0,0,0.0,1,31,5.17,5.17
2024-06-01,2024,6,S02,SKU0002,BEVERAGES,4394,0,0,0.0,0,30,5.17,5.17
2024-07-01,2024,7,S02,SKU0002,BEVERAGES,4061,0,0,0.0,1,31,5.17,5.17
2024-08-01,2024,8,S02,SKU0002,BEVERAGES,3857,0,0,0.0,0,31,5.17,5.17
2024-09-01,2024,9,S02,SKU0002,BEVERAGES,3370,1,5,0.167,0,30,5.17,4.91
2024-10-01,2024,10,S02,SKU0002,BEVERAGES,4489,1,12,0.387,1,31,5.17,4.57
2024-11-01,2024,11,S02,SKU0002,BEVERAGES,2902,0,0,0.0,2,30,5.17,5.17
2024-12-01,2024,12,S02,SKU0002,BEVERAGES,2327,0,0,0.0,3,31,5.17,5.17
2025-01-01,2025,1,S02,SKU0002,BEVERAGES,2490,1,6,0.194,1,31,5.17,4.87
2025-02-01,2025,2,S02,SKU0002,BEVERAGES,2118,0,0,0.0,1,28,5.17,5.17
2025-03-01,2025,3,S02,SKU0002,BEVERAGES,3908,1,9,0.29,0,31,5.17,4.72
2025-04-01,2025,4,S02,SKU0002,BEVERAGES,3215,0,0,0.0,0,30,5.17,5.17
2025-05-01,2025,5,S02,SKU0002,BEVERAGES,3672,0,0,0.0,1,31,5.17,5.17
2025-06-01,2025,6,S02,SKU0002,BEVERAGES,3990,0,0,0.0,0,30,5.17,5.17
2025-07-01,2025,7,S02,SKU0002,BEVERAGES,3790,0,0,0.0,1,31,5.17,5.17
2025-08-01,2025,8,S02,SKU0002,BEVERAGES,3517,0,0,0.0,0,31,5.17,5.17
2025-09-01,2025,9,S02,SKU0002,BEVERAGES,3476,1,6,0.2,0,30,5.17,4.86
2025-10-01,2025,10,S02,SKU0002,BEVERAGES,2829,0,0,0.0,1,31,5.17,5.17
2025-11-01,2025,11,S02,SKU0002,BEVERAGES,2830,0,0,0.0,2,30,5.17,5.17
2025-12-01,2025,12,S02,SKU0002,BEVERAGES,2407,0,0,0.0,3,31,5.17,5.17
2022-01-01,2022,1,S02,SKU0003,BEVERAGES,838,0,0,0.0,1,31,15.63,15.63
2022-02-01,2022,2,S02,SKU0003,BEVERAGES,878,0,0,0.0,1,28,15.63,15.63
2022-03-01,2022,3,S02,SKU0003,BEVERAGES,1882,1,14,0.452,0,31,15.63,13.51
2022-04-01,2022,4,S02,SKU0003,BEVERAGES,1253,0,0,0.0,0,30,15.63,15.63
2022-05-01,2022,5,S02,SKU0003,BEVERAGES,1430,0,0,0.0,1,31,15.63,15.63
2022-06-01,2022,6,S02,SKU0003,BEVERAGES,1856,0,0,0.0,0,30,15.63,15.63
2022-07-01,2022,7,S02,SKU0003,BEVERAGES,2136,1,5,0.161,1,31,15.63,14.87
2022-08-01,2022,8,S02,SKU0003,BEVERAGES,1748,1,2,0.065,0,31,15.63,15.33
2022-09-01,2022,9,S02,SKU0003,BEVERAGES,1674,1,5,0.167,0,30,15.63,14.85
2022-10-01,2022,10,S02,SKU0003,BEVERAGES,1339,0,0,0.0,1,31,15.63,15.63
2022-11-01,2022,11,S02,SKU0003,BEVERAGES,1552,1,6,0.2,2,30,15.63,14.69
2022-12-01,2022,12,S02,SKU0003,BEVERAGES,1062,0,0,0.0,3,31,15.63,15.63
2023-01-01,2023,1,S02,SKU0003,BEVERAGES,847,0,0,0.0,1,31,15.63,15.63
2023-02-01,2023,2,S02,SKU0003,BEVERAGES,1626,1,12,0.429,1,28,15.63,13.62
2023-03-01,2023,3,S02,SKU0003,BEVERAGES,1815,1,8,0.258,0,31,15.63,14.42
2023-04-01,2023,4,S02,SKU0003,BEVERAGES,1464,0,0,0.0,0,30,15.63,15.63
2023-05-01,2023,5,S02,SKU0003,BEVERAGES,1715,0,0,0.0,1,31,15.63,15.63
2023-06-01,2023,6,S02,SKU0003,BEVERAGES,2062,0,0,0.0,0,30,15.63,15.63
2023-07-01,2023,7,S02,SKU0003,BEVERAGES,1933,0,0,0.0,1,31,15.63,15.63
2023-08-01,2023,8,S02,SKU0003,BEVERAGES,2844,1,11,0.355,0,31,15.63,13.97
2023-09-01,2023,9,S02,SKU0003,BEVERAGES,1250,0,0,0.0,0,30,15.63,15.63
2023-10-01,2023,10,S02,SKU0003,BEVERAGES,1484,0,0,0.0,1,31,15.63,15.63
2023-11-01,2023,11,S02,SKU0003,BEVERAGES,1252,0,0,0.0,2,30,15.63,15.63
2023-12-01,2023,12,S02,SKU0003,BEVERAGES,1218,0,0,0.0,3,31,15.63,15.63
2024-01-01,2024,1,S02,SKU0003,BEVERAGES,1081,0,0,0.0,1,31,15.63,15.63
2024-02-01,2024,2,S02,SKU0003,BEVERAGES,1294,1,5,0.172,1,29,15.63,14.82
2024-03-01,2024,3,S02,SKU0003,BEVERAGES,2067,1,7,0.226,0,31,15.63,14.57
2024-04-01,2024,4,S02,SKU0003,BEVERAGES,2723,1,11,0.367,0,30,15.63,13.91
2024-05-01,2024,5,S02,SKU0003,BEVERAGES,2246,1,3,0.097,1,31,15.63,15.18
2024-06-01,2024,6,S02,SKU0003,BEVERAGES,3369,1,9,0.3,0,30,15.63,14.22
2024-07-01,2024,7,S02,SKU0003,BEVERAGES,2162,0,0,0.0,1,31,15.63,15.63
2024-08-01,2024,8,S02,SKU0003,BEVERAGES,2076,0,0,0.0,0,31,15.63,15.63
2024-09-01,2024,9,S02,SKU0003,BEVERAGES,1354,0,0,0.0,0,30,15.63,15.63
2024-10-01,2024,10,S02,SKU0003,BEVERAGES,2130,1,7,0.226,1,31,15.63,14.57
2024-11-01,2024,11,S02,SKU0003,BEVERAGES,1469,0,0,0.0,2,30,15.63,15.63
2024-12-01,2024,12,S02,SKU0003,BEVERAGES,1277,0,0,0.0,3,31,15.63,15.63
2025-01-01,2025,1,S02,SKU0003,BEVERAGES,1118,0,0,0.0,1,31,15.63,15.63
2025-02-01,2025,2,S02,SKU0003,BEVERAGES,1167,0,0,0.0,1,28,15.63,15.63
2025-03-01,2025,3,S02,SKU0003,BEVERAGES,1503,0,0,0.0,0,31,15.63,15.63
2025-04-01,2025,4,S02,SKU0003,BEVERAGES,1700,0,0,0.0,0,30,15.63,15.63
2025-05-01,2025,5,S02,SKU0003,BEVERAGES,1945,0,0,0.0,1,31,15.63,15.63
2025-06-01,2025,6,S02,SKU0003,BEVERAGES,2659,0,0,0.0,0,30,15.63,15.63
2025-07-01,2025,7,S02,SKU0003,BEVERAGES,2447,0,0,0.0,1,31,15.63,15.63
2025-08-01,2025,8,S02,SKU0003,BEVERAGES,3552,1,8,0.258,0,31,15.63,14.42
2025-09-01,2025,9,S02,SKU0003,BEVERAGES,1646,0,0,0.0,0,30,15.63,15.63
2025-10-01,2025,10,S02,SKU0003,BEVERAGES,2697,1,10,0.323,1,31,15.63,14.12
2025-11-01,2025,11,S02,SKU0003,BEVERAGES,1843,0,0,0.0,2,30,15.63,15.63
2025-12-01,2025,12,S02,SKU0003,BEVERAGES,1426,0,0,0.0,3,31,15.63,15.63
2022-01-01,2022,1,S02,SKU0004,BEVERAGES,2503,0,0,0.0,1,31,24.29,24.29
2022-02-01,2022,2,S02,SKU0004,BEVERAGES,2311,0,0,0.0,1,28,24.29,24.29
2022-03-01,2022,3,S02,SKU0004,BEVERAGES,4301,1,9,0.29,0,31,24.29,22.17
2022-04-01,2022,4,S02,SKU0004,BEVERAGES,3347,0,0,0.0,0,30,24.29,24.29
2022-05-01,2022,5,S02,SKU0004,BEVERAGES,3872,0,0,0.0,1,31,24.29,24.29
2022-06-01,2022,6,S02,SKU0004,BEVERAGES,4207,0,0,0.0,0,30,24.29,24.29
2022-07-01,2022,7,S02,SKU0004,BEVERAGES,4108,0,0,0.0,1,31,24.29,24.29
2022-08-01,2022,8,S02,SKU0004,BEVERAGES,5470,1,6,0.194,0,31,24.29,22.88
2022-09-01,2022,9,S02,SKU0004,BEVERAGES,3366,1,3,0.1,0,30,24.29,23.56
2022-10-01,2022,10,S02,SKU0004,BEVERAGES,4753,1,7,0.226,1,31,24.29,22.64
2022-11-01,2022,11,S02,SKU0004,BEVERAGES,4135,1,7,0.233,2,30,24.29,22.59
2022-12-01,2022,12,S02,SKU0004,BEVERAGES,2678,0,0,0.0,3,31,24.29,24.29
2023-01-01,2023,1,S02,SKU0004,BEVERAGES,2363,0,0,0.0,1,31,24.29,24.29
2023-02-01,2023,2,S02,SKU0004,BEVERAGES,2150,0,0,0.0,1,28,24.29,24.29
2023-03-01,2023,3,S02,SKU0004,BEVERAGES,2855,0,0,0.0,0,31,24.29,24.29
2023-04-01,2023,4,S02,SKU0004,BEVERAGES,5352,1,11,0.367,0,30,24.29,21.62
2023-05-01,2023,5,S02,SKU0004,BEVERAGES,3868,0,0,0.0,1,31,24.29,24.29
2023-06-01,2023,6,S02,SKU0004,BEVERAGES,4326,0,0,0.0,0,30,24.29,24.29
2023-07-01,2023,7,S02,SKU0004,BEVERAGES,6663,1,14,0.452,1,31,24.29,21.0
2023-08-01,2023,8,S02,SKU0004,BEVERAGES,3848,0,0,0.0,0,31,24.29,24.29
2023-09-01,2023,9,S02,SKU0004,BEVERAGES,3876,1,5,0.167,0,30,24.29,23.08
2023-10-01,2023,10,S02,SKU0004,BEVERAGES,3187,0,0,0.0,1,31,24.29,24.29
2023-11-01,2023,11,S02,SKU0004,BEVERAGES,3619,1,5,0.167,2,30,24.29,23.08
2023-12-01,2023,12,S02,SKU0004,BEVERAGES,2464,0,0,0.0,3,31,24.29,24.29
2024-01-01,2024,1,S02,SKU0004,BEVERAGES,2086,0,0,0.0,1,31,24.29,24.29
2024-02-01,2024,2,S02,SKU0004,BEVERAGES,1884,0,0,0.0,1,29,24.29,24.29
2024-03-01,2024,3,S02,SKU0004,BEVERAGES,2904,0,0,0.0,0,31,24.29,24.29
2024-04-01,2024,4,S02,SKU0004,BEVERAGES,3252,0,0,0.0,0,30,24.29,24.29
2024-05-01,2024,5,S02,SKU0004,BEVERAGES,3769,0,0,0.0,1,31,24.29,24.29
2024-06-01,2024,6,S02,SKU0004,BEVERAGES,6214,1,6,0.2,0,30,24.29,22.83
2024-07-01,2024,7,S02,SKU0004,BEVERAGES,4432,0,0,0.0,1,31,24.29,24.29
2024-08-01,2024,8,S02,SKU0004,BEVERAGES,4071,0,0,0.0,0,31,24.29,24.29
2024-09-01,2024,9,S02,SKU0004,BEVERAGES,2908,0,0,0.0,0,30,24.29,24.29
2024-10-01,2024,10,S02,SKU0004,BEVERAGES,2590,0,0,0.0,1,31,24.29,24.29
2024-11-01,2024,11,S02,SKU0004,BEVERAGES,2878,0,0,0.0,2,30,24.29,24.29
2024-12-01,2024,12,S02,SKU0004,BEVERAGES,2890,1,4,0.129,3,31,24.29,23.35
2025-01-01,2025,1,S02,SKU0004,BEVERAGES,2942,1,8,0.258,1,31,24.29,22.41
2025-02-01,2025,2,S02,SKU0004,BEVERAGES,2239,0,0,0.0,1,28,24.29,24.29
2025-03-01,2025,3,S02,SKU0004,BEVERAGES,2796,0,0,0.0,0,31,24.29,24.29
2025-04-01,2025,4,S02,SKU0004,BEVERAGES,4652,1,9,0.3,0,30,24.29,22.1
2025-05-01,2025,5,S02,SKU0004,BEVERAGES,4118,1,1,0.032,1,31,24.29,24.05
2025-06-01,2025,6,S02,SKU0004,BEVERAGES,8163,1,14,0.467,0,30,24.29,20.89
2025-07-01,2025,7,S02,SKU0004,BEVERAGES,3786,0,0,0.0,1,31,24.29,24.29
2025-08-01,2025,8,S02,SKU0004,BEVERAGES,3978,0,0,0.0,0,31,24.29,24.29
2025-09-01,2025,9,S02,SKU0004,BEVERAGES,2786,1,2,0.067,0,30,24.29,23.8
2025-10-01,2025,10,S02,SKU0004,BEVERAGES,3975,1,7,0.226,1,31,24.29,22.64
2025-11-01,2025,11,S02,SKU0004,BEVERAGES,2732,0,0,0.0,2,30,24.29,24.29
2025-12-01,2025,12,S02,SKU0004,BEVERAGES,2262,0,0,0.0,3,31,24.29,24.29
2022-01-01,2022,1,S02,SKU0005,BEVERAGES,2719,0,0,0.0,1,31,5.77,5.77
2022-02-01,2022,2,S02,SKU0005,BEVERAGES,2710,0,0,0.0,1,28,5.77,5.77
2022-03-01,2022,3,S02,SKU0005,BEVERAGES,3360,0,0,0.0,0,31,5.77,5.77
2022-04-01,2022,4,S02,SKU0005,BEVERAGES,4154,0,0,0.0,0,30,5.77,5.77
2022-05-01,2022,5,S02,SKU0005,BEVERAGES,7733,1,14,0.452,1,31,5.77,4.99
2022-06-01,2022,6,S02,SKU0005,BEVERAGES,5288,0,0,0.0,0,30,5.77,5.77
2022-07-01,2022,7,S02,SKU0005,BEVERAGES,7550,1,11,0.355,1,31,5.77,5.16
2022-08-01,2022,8,S02,SKU0005,BEVERAGES,6808,1,11,0.355,0,31,5.77,5.16
2022-09-01,2022,9,S02,SKU0005,BEVERAGES,3279,0,0,0.0,0,30,5.77,5.77
2022-10-01,2022,10,S02,SKU0005,BEVERAGES,5197,1,14,0.452,1,31,5.77,4.99
2022-11-01,2022,11,S02,SKU0005,BEVERAGES,3538,0,0,0.0,2,30,5.77,5.77
2022-12-01,2022,12,S02,SKU0005,BEVERAGES,3438,1,1,0.032,3,31,5.77,5.71
2023-01-01,2023,1,S02,SKU0005,BEVERAGES,3993,1,11,0.355,1,31,5.77,5.16
2023-02-01,2023,2,S02,SKU0005,BEVERAGES,3671,1,11,0.393,1,28,5.77,5.09
2023-03-01,2023,3,S02,SKU0005,BEVERAGES,4791,1,9,0.29,0,31,5.77,5.27
2023-04-01,2023,4,S02,SKU0005,BEVERAGES,4857,1,3,0.1,0,30,5.77,5.6
2023-05-01,2023,5,S02,SKU0005,BEVERAGES,4269,0,0,0.0,1,31,5.77,5.77
2023-06-01,2023,6,S02,SKU0005,BEVERAGES,8867,1,12,0.4,0,30,5.77,5.08
2023-07-01,2023,7,S02,SKU0005,BEVERAGES,5202,0,0,0.0,1,31,5.77,5.77
2023-08-01,2023,8,S02,SKU0005,BEVERAGES,7430,1,14,0.452,0,31,5.77,4.99
2023-09-01,2023,9,S02,SKU0005,BEVERAGES,3411,0,0,0.0,0,30,5.77,5.77
2023-10-01,2023,10,S02,SKU0005,BEVERAGES,5172,1,8,0.258,1,31,5.77,5.32
2023-11-01,2023,11,S02,SKU0005,BEVERAGES,3424,0,0,0.0,2,30,5.77,5.77
2023-12-01,2023,12,S02,SKU0005,BEVERAGES,3260,0,0,0.0,3,31,5.77,5.77
2024-01-01,2024,1,S02,SKU0005,BEVERAGES,2761,0,0,0.0,1,31,5.77,5.77
2024-02-01,2024,2,S02,SKU0005,BEVERAGES,3489,1,6,0.207,1,29,5.77,5.41
2024-03-01,2024,3,S02,SKU0005,BEVERAGES,3265,0,0,0.0,0,31,5.77,5.77
2024-04-01,2024,4,S02,SKU0005,BEVERAGES,3702,0,0,0.0,0,30,5.77,5.77
2024-05-01,2024,5,S02,SKU0005,BEVERAGES,4837,0,0,0.0,1,31,5.77,5.77
2024-06-01,2024,6,S02,SKU0005,BEVERAGES,5186,0,0,0.0,0,30,5.77,5.77
2024-07-01,2024,7,S02,SKU0005,BEVERAGES,5334,0,0,0.0,1,31,5.77,5.77
2024-08-01,2024,8,S02,SKU0005,BEVERAGES,4840,0,0,0.0,0,31,5.77,5.77
2024-09-01,2024,9,S02,SKU0005,BEVERAGES,3457,0,0,0.0,0,30,5.77,5.77
2024-10-01,2024,10,S02,SKU0005,BEVERAGES,3404,0,0,0.0,1,31,5.77,5.77
2024-11-01,2024,11,S02,SKU0005,BEVERAGES,3703,0,0,0.0,2,30,5.77,5.77
2024-12-01,2024,12,S02,SKU0005,BEVERAGES,2973,0,0,0.0,3,31,5.77,5.77
2025-01-01,2025,1,S02,SKU0005,BEVERAGES,2715,0,0,0.0,1,31,5.77,5.77
2025-02-01,2025,2,S02,SKU0005,BEVERAGES,2519,0,0,0.0,1,28,5.77,5.77
2025-03-01,2025,3,S02,SKU0005,BEVERAGES,3740,0,0,0.0,0,31,5.77,5.77
2025-04-01,2025,4,S02,SKU0005,BEVERAGES,4131,0,0,0.0,0,30,5.77,5.77
2025-05-01,2025,5,S02,SKU0005,BEVERAGES,4935,0,0,0.0,1,31,5.77,5.77
2025-06-01,2025,6,S02,SKU0005,BEVERAGES,5410,1,1,0.033,0,30,5.77,5.71
2025-07-01,2025,7,S02,SKU0005,BEVERAGES,7351,1,12,0.387,1,31,5.77,5.1
2025-08-01,2025,8,S02,SKU0005,BEVERAGES,5168,1,1,0.032,0,31,5.77,5.71
2025-09-01,2025,9,S02,SKU0005,BEVERAGES,3523,0,0,0.0,0,30,5.77,5.77
2025-10-01,2025,10,S02,SKU0005,BEVERAGES,3383,0,0,0.0,1,31,5.77,5.77
2025-11-01,2025,11,S02,SKU0005,BEVERAGES,4626,1,8,0.267,2,30,5.77,5.31
2025-12-01,2025,12,S02,SKU0005,BEVERAGES,2730,0,0,0.0,3,31,5.77,5.77
