Backend/api_data/ds_61b6ca015029__retail_sku_sales_monthly.csv
year_month,year,month,store_id,sku_id,category,qty_sold,promo_flag,promo_days,promo_intensity,holiday_days,days_in_month,list_price,avg_selling_price
2022-01-01,2022,1,S02,SKU0006,BEVERAGES,1100,0,0,0.0,1,31,13.83,13.83
2022-02-01,2022,2,S02,SKU0006,BEVERAGES,1087,0,0,0.0,1,28,13.83,13.83
2022-03-01,2022,3,S02,SKU0006,BEVERAGES,1946,1,9,0.29,0,31,13.83,12.63
2022-04-01,2022,4,S02,SKU0006,BEVERAGES,1935,1,3,0.1,0,30,13.83,13.42
2022-05-01,2022,5,S02,SKU0006,BEVERAGES,3185,1,14,0.452,1,31,13.83,11.96
2022-06-01,2022,6,S02,SKU0006,BEVERAGES,2075,0,0,0.0,0,30,13.83,13.83
2022-07-01,2022,7,S02,SKU0006,BEVERAGES,2213,0,0,0.0,1,31,13.83,13.83
2022-08-01,2022,8,S02,SKU0006,BEVERAGES,1762,0,0,0.0,0,31,13.83,13.83
2022-09-01,2022,9,S02,SKU0006,BEVERAGES,1284,0,0,0.0,0,30,13.83,13.83
2022-10-01,2022,10,S02,SKU0006,BEVERAGES,1517,0,0,0.0,1,31,13.83,13.83
2022-11-01,2022,11,S02,SKU0006,BEVERAGES,1626,0,0,0.0,2,30,13.83,13.83
2022-12-01,2022,12,S02,SKU0006,BEVERAGES,1910,1,14,0.452,3,31,13.83,11.96
2023-01-01,2023,1,S02,SKU0006,BEVERAGES,1184,0,0,0.0,1,31,13.83,13.83
2023-02-01,2023,2,S02,SKU0006,BEVERAGES,1161,0,0,0.0,1,28,13.83,13.83
2023-03-01,2023,3,S02,SKU0006,BEVERAGES,1954,1,7,0.226,0,31,13.83,12.89
2023-04-01,2023,4,S02,SKU0006,BEVERAGES,1680,0,0,0.0,0,30,13.83,13.83
2023-05-01,2023,5,S02,SKU0006,BEVERAGES,2885,1,10,0.323,1,31,13.83,12.49
2023-06-01,2023,6,S02,SKU0006,BEVERAGES,2389,0,0,0.0,0,30,13.83,13.83
2023-07-01,2023,7,S02,SKU0006,BEVERAGES,2779,1,5,0.161,1,31,13.83,13.16
2023-08-01,2023,8,S02,SKU0006,BEVERAGES,2256,0,0,0.0,0,31,13.83,13.83
2023-09-01,2023,9,S02,SKU0006,BEVERAGES,1832,1,5,0.167,0,30,13.83,13.14
2023-10-01,2023,10,S02,SKU0006,BEVERAGES,1475,0,0,0.0,1,31,13.83,13.83
2023-11-01,2023,11,S02,SKU0006,BEVERAGES,1510,0,0,0.0,2,30,13.83,13.83
2023-12-01,2023,12,S02,SKU0006,BEVERAGES,1412,0,0,0.0,3,31,13.83,13.83
2024-01-01,2024,1,S02,SKU0006,BEVERAGES,1167,0,0,0.0,1,31,13.83,13.83
2024-02-01,2024,2,S02,SKU0006,BEVERAGES,1182,0,0,0.0,1,29,13.83,13.83
2024-03-01,2024,3,S02,SKU0006,BEVERAGES,1503,0,0,0.0,0,31,13.83,13.83
2024-04-01,2024,4,S02,SKU0006,BEVERAGES,1640,0,0,0.0,0,30,13.83,13.83
2024-05-01,2024,5,S02,SKU0006,BEVERAGES,2908,1,12,0.387,1,31,13.83,12.22
2024-06-01,2024,6,S02,SKU0006,BEVERAGES,2654,0,0,0.0,0,30,13.83,13.83
2024-07-01,2024,7,S02,SKU0006,BEVERAGES,2155,0,0,0.0,1,31,13.83,13.83
2024-08-01,2024,8,S02,SKU0006,BEVERAGES,2021,0,0,0.0,0,31,13.83,13.83
2024-09-01,2024,9,S02,SKU0006,BEVERAGES,1446,0,0,0.0,0,30,13.83,13.83
2024-10-01,2024,10,S02,SKU0006,BEVERAGES,1622,0,0,0.0,1,31,13.83,13.83
2024-11-01,2024,11,S02,SKU0006,BEVERAGES,2347,1,13,0.433,2,30,13.83,12.03
2024-12-01,2024,12,S02,SKU0006,BEVERAGES,1218,0,0,0.0,3,31,13.83,13.83
2025-01-01,2025,1,S02,SKU0006,BEVERAGES,1969,1,12,0.387,1,31,13.83,12.22
2025-02-01,2025,2,S02,SKU0006,BEVERAGES,1087,0,0,0.0,1,28,13.83,13.83
2025-03-01,2025,3,S02,SKU0006,BEVERAGES,1983,1,7,0.226,0,31,13.83,12.89
2025-04-01,2025,4,S02,SKU0006,BEVERAGES,1767,0,0,0.0,0,30,13.83,13.83
2025-05-01,2025,5,S02,SKU0006,BEVERAGES,2033,0,0,0.0,1,31,13.83,13.83
2025-06-01,2025,6,S02,SKU0006,BEVERAGES,2496,0,0,0.0,0,30,13.83,13.83
2025-07-01,2025,7,S02,SKU0006,BEVERAGES,2349,0,0,0.0,1,31,13.83,13.83
2025-08-01,2025,8,S02,SKU0006,BEVERAGES,2229,0,0,0.0,0,31,13.83,13.83
2025-09-01,2025,9,S02,SKU0006,BEVERAGES,1498,0,0,0.0,0,30,13.83,13.83
2025-10-01,2025,10,S02,SKU0006,BEVERAGES,1914,1,4,0.129,1,31,13.83,13.29
2025-11-01,2025,11,S02,SKU0006,BEVERAGES,2093,1,7,0.233,2,30,13.83,12.86
2025-12-01,2025,12,S02,SKU0006,BEVERAGES,1300,0,0,0.0,3,31,13.83,13.83
2022-01-01,2022,1,S02,SKU0007,BEVERAGES,1919,0,0,0.0,1,31,15.88,15.88
2022-02-01,2022,2,S02,SKU0007,BEVERAGES,1760,0,0,0.0,1,28,15.88,15.88
2022-03-01,2022,3,S02,SKU0007,BEVERAGES,2213,0,0,0.0,0,31,15.88,15.88
2022-04-01,2022,4,S02,SKU0007,BEVERAGES,2586,0,0,0.0,0,30,15.88,15.88
2022-05-01,2022,5,S02,SKU0007,BEVERAGES,4225,1,13,0.419,1,31,15.88,13.88
2022-06-01,2022,6,S02,SKU0007,BEVERAGES,3300,0,0,0.0,0,30,15.88,15.88
2022-07-01,2022,7,S02,SKU0007,BEVERAGES,3210,0,0,0.0,1,31,15.88,15.88
2022-08-01,2022,8,S02,SKU0007,BEVERAGES,3091,0,0,0.0,0,31,15.88,15.88
2022-09-01,2022,9,S02,SKU0007,BEVERAGES,2324,0,0,0.0,0,30,15.88,15.88
2022-10-01,2022,10,S02,SKU0007,BEVERAGES,2523,0,0,0.0,1,31,15.88,15.88
2022-11-01,2022,11,S02,SKU0007,BEVERAGES,2708,1,7,0.233,2,30,15.88,14.77
2022-12-01,2022,12,S02,SKU0007,BEVERAGES,1966,0,0,0.0,3,31,15.88,15.88
2023-01-01,2023,1,S02,SKU0007,BEVERAGES,1854,0,0,0.0,1,31,15.88,15.88
2023-02-01,2023,2,S02,SKU0007,BEVERAGES,2210,1,8,0.286,1,28,15.88,14.52
2023-03-01,2023,3,S02,SKU0007,BEVERAGES,2069,0,0,0.0,0,31,15.88,15.88
2023-04-01,2023,4,S02,SKU0007,BEVERAGES,2762,0,0,0.0,0,30,15.88,15.88
2023-05-01,2023,5,S02,SKU0007,BEVERAGES,2838,0,0,0.0,1,31,15.88,15.88
2023-06-01,2023,6,S02,SKU0007,BEVERAGES,4036,0,0,0.0,0,30,15.88,15.88
2023-07-01,2023,7,S02,SKU0007,BEVERAGES,3242,0,0,0.0,1,31,15.88,15.88
2023-08-01,2023,8,S02,SKU0007,BEVERAGES,3051,0,0,0.0,0,31,15.88,15.88
2023-09-01,2023,9,S02,SKU0007,BEVERAGES,3482,1,12,0.4,0,30,15.88,13.98
2023-10-01,2023,10,S02,SKU0007,BEVERAGES,2126,0,0,0.0,1,31,15.88,15.88
2023-11-01,2023,11,S02,SKU0007,BEVERAGES,2199,0,0,0.0,2,30,15.88,15.88
2023-12-01,2023,12,S02,SKU0007,BEVERAGES,1935,0,0,0.0,3,31,15.88,15.88
2024-01-01,2024,1,S02,SKU0007,BEVERAGES,1710,0,0,0.0,1,31,15.88,15.88
2024-02-01,2024,2,S02,SKU0007,BEVERAGES,2552,1,12,0.414,1,29,15.88,13.91
2024-03-01,2024,3,S02,SKU0007,BEVERAGES,3254,1,10,0.323,0,31,15.88,14.34
2024-04-01,2024,4,S02,SKU0007,BEVERAGES,3375,1,7,0.233,0,30,15.88,14.77
2024-05-01,2024,5,S02,SKU0007,BEVERAGES,3231,1,2,0.065,1,31,15.88,15.57
2024-06-01,2024,6,S02,SKU0007,BEVERAGES,3731,0,0,0.0,0,30,15.88,15.88
2024-07-01,2024,7,S02,SKU0007,BEVERAGES,4022,1,4,0.129,1,31,15.88,15.27
2024-08-01,2024,8,S02,SKU0007,BEVERAGES,3532,1,2,0.065,0,31,15.88,15.57
2024-09-01,2024,9,S02,SKU0007,BEVERAGES,2233,0,0,0.0,0,30,15.88,15.88
2024-10-01,2024,10,S02,SKU0007,BEVERAGES,2493,0,0,0.0,1,31,15.88,15.88
2024-11-01,2024,11,S02,SKU0007,BEVERAGES,2313,0,0,0.0,2,30,15.88,15.88
2024-12-01,2024,12,S02,SKU0007,BEVERAGES,2405,1,5,0.161,3,31,15.88,15.11
2025-01-01,2025,1,S02,SKU0007,BEVERAGES,1952,1,2,0.065,1,31,15.88,15.57
2025-02-01,2025,2,S02,SKU0007,BEVERAGES,1774,0,0,0.0,1,28,15.88,15.88
2025-03-01,2025,3,S02,SKU0007,BEVERAGES,3361,1,12,0.387,0,31,15.88,14.04
2025-04-01,2025,4,S02,SKU0007,BEVERAGES,2598,0,0,0.0,0,30,15.88,15.88
2025-05-01,2025,5,S02,SKU0007,BEVERAGES,3067,0,0,0.0,1,31,15.88,15.88
2025-06-01,2025,6,S02,SKU0007,BEVERAGES,3835,0,0,0.0,0,30,15.88,15.88
2025-07-01,2025,7,S02,SKU0007,BEVERAGES,4816,1,12,0.387,1,31,15.88,14.04
2025-08-01,2025,8,S02,SKU0007,BEVERAGES,3579,1,1,0.032,0,31,15.88,15.73
2025-09-01,2025,9,S02,SKU0007,BEVERAGES,2155,0,0,0.0,0,30,15.88,15.88
2025-10-01,2025,10,S02,SKU0007,BEVERAGES,2359,0,0,0.0,1,31,15.88,15.88
2025-11-01,2025,11,S02,SKU0007,BEVERAGES,2463,0,0,0.0,2,30,15.88,15.88
2025-12-01,2025,12,S02,SKU0007,BEVERAGES,2178,0,0,0.0,3,31,15.88,15.88
2022-01-01,2022,1,S02,SKU0008,BEVERAGES,1257,1,2,0.065,1,31,10.11,9.91
2022-02-01,2022,2,S02,SKU0008,BEVERAGES,1604,1,9,0.321,1,28,10.11,9.14
2022-03-01,2022,3,S02,SKU0008,BEVERAGES,1176,0,0,0.0,0,31,10.11,10.11
2022-04-01,2022,4,S02,SKU0008,BEVERAGES,1585,0,0,0.0,0,30,10.11,10.11
2022-05-01,2022,5,S02,SKU0008,BEVERAGES,2704,1,13,0.419,1,31,10.11,8.84
2022-06-01,2022,6,S02,SKU0008,BEVERAGES,2197,0,0,0.0,0,30,10.11,10.11
2022-07-01,2022,7,S02,SKU0008,BEVERAGES,1921,0,0,0.0,1,31,10.11,10.11
2022-08-01,2022,8,S02,SKU0008,BEVERAGES,1894,0,0,0.0,0,31,10.11,10.11
2022-09-01,2022,9,S02,SKU0008,BEVERAGES,1303,0,0,0.0,0,30,10.11,10.11
2022-10-01,2022,10,S02,SKU0008,BEVERAGES,2124,1,9,0.29,1,31,10.11,9.23
2022-11-01,2022,11,S02,SKU0008,BEVERAGES,1318,0,0,0.0,2,30,10.11,10.11
2022-12-01,2022,12,S02,SKU0008,BEVERAGES,1200,0,0,0.0,3,31,10.11,10.11
2023-01-01,2023,1,S02,SKU0008,BEVERAGES,1427,1,9,0.29,1,31,10.11,9.23
2023-02-01,2023,2,S02,SKU0008,BEVERAGES,1328,1,4,0.143,1,28,10.11,9.68
2023-03-01,2023,3,S02,SKU0008,BEVERAGES,1369,0,0,0.0,0,31,10.11,10.11
2023-04-01,2023,4,S02,SKU0008,BEVERAGES,1481,0,0,0.0,0,30,10.11,10.11
2023-05-01,2023,5,S02,SKU0008,BEVERAGES,1775,0,0,0.0,1,31,10.11,10.11
2023-06-01,2023,6,S02,SKU0008,BEVERAGES,2251,0,0,0.0,0,30,10.11,10.11
2023-07-01,2023,7,S02,SKU0008,BEVERAGES,2039,0,0,0.0,1,31,10.11,10.11
2023-08-01,2023,8,S02,SKU0008,BEVERAGES,3222,1,11,0.355,0,31,10.11,9.03
2023-09-01,2023,9,S02,SKU0008,BEVERAGES,1313,0,0,0.0,0,30,10.11,10.11
2023-10-01,2023,10,S02,SKU0008,BEVERAGES,1567,0,0,0.0,1,31,10.11,10.11
2023-11-01,2023,11,S02,SKU0008,BEVERAGES,1403,0,0,0.0,2,30,10.11,10.11
2023-12-01,2023,12,S02,SKU0008,BEVERAGES,2062,1,11,0.355,3,31,10.11,9.03
2024-01-01,2024,1,S02,SKU0008,BEVERAGES,980,0,0,0.0,1,31,10.11,10.11
2024-02-01,2024,2,S02,SKU0008,BEVERAGES,1062,0,0,0.0,1,29,10.11,10.11
2024-03-01,2024,3,S02,SKU0008,BEVERAGES,1318,0,0,0.0,0,31,10.11,10.11
2024-04-01,2024,4,S02,SKU0008,BEVERAGES,1783,0,0,0.0,0,30,10.11,10.11
2024-05-01,2024,5,S02,SKU0008,BEVERAGES,2746,1,9,0.29,1,31,10.11,9.23
2024-06-01,2024,6,S02,SKU0008,BEVERAGES,2396,0,0,0.0,0,30,10.11,10.11
2024-07-01,2024,7,S02,SKU0008,BEVERAGES,2117,0,0,0.0,1,31,10.11,10.11
2024-08-01,2024,8,S02,SKU0008,BEVERAGES,3302,1,12,0.387,0,31,10.11,8.94
2024-09-01,2024,9,S02,SKU0008,BEVERAGES,1595,1,2,0.067,0,30,10.11,9.91
2024-10-01,2024,10,S02,SKU0008,BEVERAGES,1356,0,0,0.0,1,31,10.11,10.11
2024-11-01,2024,11,S02,SKU0008,BEVERAGES,1445,0,0,0.0,2,30,10.11,10.11
2024-12-01,2024,12,S02,SKU0008,BEVERAGES,1241,0,0,0.0,3,31,10.11,10.11
2025-01-01,2025,1,S02,SKU0008,BEVERAGES,1157,0,0,0.0,1,31,10.11,10.11
2025-02-01,2025,2,S02,SKU0008,BEVERAGES,1088,0,0,0.0,1,28,10.11,10.11
2025-03-01,2025,3,S02,SKU0008,BEVERAGES,1432,0,0,0.0,0,31,10.11,10.11
2025-04-01,2025,4,S02,SKU0008,BEVERAGES,1546,0,0,0.0,0,30,10.11,10.11
2025-05-01,2025,5,S02,SKU0008,BEVERAGES,1930,0,0,0.0,1,31,10.11,10.11
2025-06-01,2025,6,S02,SKU0008,BEVERAGES,2064,0,0,0.0,0,30,10.11,10.11
2025-07-01,2025,7,S02,SKU0008,BEVERAGES,2117,0,0,0.0,1,31,10.11,10.11
2025-08-01,2025,8,S02,SKU0008,BEVERAGES,2106,0,0,0.0,0,31,10.11,10.11
2025-09-01,2025,9,S02,SKU0008,BEVERAGES,1945,1,7,0.233,0,30,10.11,9.4
2025-10-01,2025,10,S02,SKU0008,BEVERAGES,1463,0,0,0.0,1,31,10.11,10.11
2025-11-01,2025,11,S02,SKU0008,BEVERAGES,2390,1,11,0.367,2,30,10.11,9.0
2025-12-01,2025,12,S02,SKU0008,BEVERAGES,1374,1,3,0.097,3,31,10.11,9.82
2022-01-01,2022,1,S02,SKU0009,BEVERAGES,1581,0,0,0.0,1,31,6.19,6.19
2022-02-01,2022,2,S02,SKU0009,BEVERAGES,2533,1,7,0.25,1,28,6.19,5.72
2022-03-01,2022,3,S02,SKU0009,BEVERAGES,2119,0,0,0.0,0,31,6.19,6.19
2022-04-01,2022,4,S02,SKU0009,BEVERAGES,5349,1,14,0.467,0,30,6.19,5.32
2022-05-01,2022,5,S02,SKU0009,BEVERAGES,3007,0,0,0.0,1,31,6.19,6.19
2022-06-01,2022,6,S02,SKU0009,BEVERAGES,3894,0,0,0.0,0,30,6.19,6.19
2022-07-01,2022,7,S02,SKU0009,BEVERAGES,6265,1,12,0.387,1,31,6.19,5.47
2022-08-01,2022,8,S02,SKU0009,BEVERAGES,3770,1,1,0.032,0,31,6.19,6.13
2022-09-01,2022,9,S02,SKU0009,BEVERAGES,4316,1,13,0.433,0,30,6.19,5.38
2022-10-01,2022,10,S02,SKU0009,BEVERAGES,2682,0,0,0.0,1,31,6.19,6.19
2022-11-01,2022,11,S02,SKU0009,BEVERAGES,2515,0,0,0.0,2,30,6.19,6.19
2022-12-01,2022,12,S02,SKU0009,BEVERAGES,2184,0,0,0.0,3,31,6.19,6.19
2023-01-01,2023,1,S02,SKU0009,BEVERAGES,2109,0,0,0.0,1,31,6.19,6.19
2023-02-01,2023,2,S02,SKU0009,BEVERAGES,2543,1,7,0.25,1,28,6.19,5.72
2023-03-01,2023,3,S02,SKU0009,BEVERAGES,4224,1,9,0.29,0,31,6.19,5.65
2023-04-01,2023,4,S02,SKU0009,BEVERAGES,4224,1,5,0.167,0,30,6.19,5.88
2023-05-01,2023,5,S02,SKU0009,BEVERAGES,3220,0,0,0.0,1,31,6.19,6.19
2023-06-01,2023,6,S02,SKU0009,BEVERAGES,7821,1,11,0.367,0,30,6.19,5.51
2023-07-01,2023,7,S02,SKU0009,BEVERAGES,4514,0,0,0.0,1,31,6.19,6.19
2023-08-01,2023,8,S02,SKU0009,BEVERAGES,3658,0,0,0.0,0,31,6.19,6.19
2023-09-01,2023,9,S02,SKU0009,BEVERAGES,2802,0,0,0.0,0,30,6.19,6.19
2023-10-01,2023,10,S02,SKU0009,BEVERAGES,4089,1,5,0.161,1,31,6.19,5.89
2023-11-01,2023,11,S02,SKU0009,BEVERAGES,3402,1,3,0.1,2,30,6.19,6.0
2023-12-01,2023,12,S02,SKU0009,BEVERAGES,2409,0,0,0.0,3,31,6.19,6.19
2024-01-01,2024,1,S02,SKU0009,BEVERAGES,2647,1,4,0.129,1,31,6.19,5.95
2024-02-01,2024,2,S02,SKU0009,BEVERAGES,3308,1,8,0.276,1,29,6.19,5.68
2024-03-01,2024,3,S02,SKU0009,BEVERAGES,3114,0,0,0.0,0,31,6.19,6.19
2024-04-01,2024,4,S02,SKU0009,BEVERAGES,3899,1,2,0.067,0,30,6.19,6.07
2024-05-01,2024,5,S02,SKU0009,BEVERAGES,4736,1,3,0.097,1,31,6.19,6.01
2024-06-01,2024,6,S02,SKU0009,BEVERAGES,4973,0,0,0.0,0,30,6.19,6.19
2024-07-01,2024,7,S02,SKU0009,BEVERAGES,4729,0,0,0.0,1,31,6.19,6.19
2024-08-01,2024,8,S02,SKU0009,BEVERAGES,4346,0,0,0.0,0,31,6.19,6.19
2024-09-01,2024,9,S02,SKU0009,BEVERAGES,5391,1,11,0.367,0,30,6.19,5.51
2024-10-01,2024,10,S02,SKU0009,BEVERAGES,4555,1,6,0.194,1,31,6.19,5.83
2024-11-01,2024,11,S02,SKU0009,BEVERAGES,3792,1,3,0.1,2,30,6.19,6.0
2024-12-01,2024,12,S02,SKU0009,BEVERAGES,2716,0,0,0.0,3,31,6.19,6.19
2025-01-01,2025,1,S02,SKU0009,BEVERAGES,2352,0,0,0.0,1,31,6.19,6.19
2025-02-01,2025,2,S02,SKU0009,BEVERAGES,2588,0,0,0.0,1,28,6.19,6.19
2025-03-01,2025,3,S02,SKU0009,BEVERAGES,4844,1,7,0.226,0,31,6.19,5.77
2025-04-01,2025,4,S02,SKU0009,BEVERAGES,3620,0,0,0.0,0,30,6.19,6.19
2025-05-01,2025,5,S02,SKU0009,BEVERAGES,7370,1,12,0.387,1,31,6.19,5.47
2025-06-01,2025,6,S02,SKU0009,BEVERAGES,5622,0,0,0.0,0,30,6.19,6.19
2025-07-01,2025,7,S02,SKU0009,BEVERAGES,7408,1,7,0.226,1,31,6.19,5.77
2025-08-01,2025,8,S02,SKU0009,BEVERAGES,8208,1,13,0.419,0,31,6.19,5.41
2025-09-01,2025,9,S02,SKU0009,BEVERAGES,4113,1,5,0.167,0,30,6.19,5.88
2025-10-01,2025,10,S02,SKU0009,BEVERAGES,3527,0,0,0.0,1,31,6.19,6.19
2025-11-01,2025,11,S02,SKU0009,BEVERAGES,5581,1,9,0.3,2,30,6.19,5.63
2025-12-01,2025,12,S02,SKU0009,BEVERAGES,2877,0,0,0.0,3,31,6.19,6.19
2022-01-01,2022,1,S02,SKU0010,BEVERAGES,2051,0,0,0.0,1,31,2.59,2.59
2022-02-01,2022,2,S02,SKU0010,BEVERAGES,2575,1,8,0.286,1,28,2.59,2.37
2022-03-01,2022,3,S02,SKU0010,BEVERAGES,2577,0,0,0.0,0,31,2.59,2.59
2022-04-01,2022,4,S02,SKU0010,BEVERAGES,2780,0,0,0.0,0,30,2.59,2.59
2022-05-01,2022,5,S02,SKU0010,BEVERAGES,4516,1,10,0.323,1,31,2.59,2.34
2022-06-01,2022,6,S02,SKU0010,BEVERAGES,3974,0,0,0.0,0,30,2.59,2.59
2022-07-01,2022,7,S02,SKU0010,BEVERAGES,3976,0,0,0.0,1,31,2.59,2.59
2022-08-01,2022,8,S02,SKU0010,BEVERAGES,3324,0,0,0.0,0,31,2.59,2.59
2022-09-01,2022,9,S02,SKU0010,BEVERAGES,2821,0,0,0.0,0,30,2.59,2.59
2022-10-01,2022,10,S02,SKU0010,BEVERAGES,3039,0,0,0.0,1,31,2.59,2.59
2022-11-01,2022,11,S02,SKU0010,BEVERAGES,4067,1,13,0.433,2,30,2.59,2.25
2022-12-01,2022,12,S02,SKU0010,BEVERAGES,2621,0,0,0.0,3,31,2.59,2.59
2023-01-01,2023,1,S02,SKU0010,BEVERAGES,2129,0,0,0.0,1,31,2.59,2.59
2023-02-01,2023,2,S02,SKU0010,BEVERAGES,2556,1,8,0.286,1,28,2.59,2.37
2023-03-01,2023,3,S02,SKU0010,BEVERAGES,4322,1,13,0.419,0,31,2.59,2.26
2023-04-01,2023,4,S02,SKU0010,BEVERAGES,3535,0,0,0.0,0,30,2.59,2.59
2023-05-01,2023,5,S02,SKU0010,BEVERAGES,3666,0,0,0.0,1,31,2.59,2.59
2023-06-01,2023,6,S02,SKU0010,BEVERAGES,4431,0,0,0.0,0,30,2.59,2.59
2023-07-01,2023,7,S02,SKU0010,BEVERAGES,4183,0,0,0.0,1,31,2.59,2.59
2023-08-01,2023,8,S02,SKU0010,BEVERAGES,4038,0,0,0.0,0,31,2.59,2.59
2023-09-01,2023,9,S02,SKU0010,BEVERAGES,2656,0,0,0.0,0,30,2.59,2.59
2023-10-01,2023,10,S02,SKU0010,BEVERAGES,3029,0,0,0.0,1,31,2.59,2.59
2023-11-01,2023,11,S02,SKU0010,BEVERAGES,3009,1,1,0.033,2,30,2.59,2.56
2023-12-01,2023,12,S02,SKU0010,BEVERAGES,3810,1,11,0.355,3,31,2.59,2.31
2024-01-01,2024,1,S02,SKU0010,BEVERAGES,2413,1,2,0.065,1,31,2.59,2.54
2024-02-01,2024,2,S02,SKU0010,BEVERAGES,2444,1,3,0.103,1,29,2.59,2.51
2024-03-01,2024,3,S02,SKU0010,BEVERAGES,3001,0,0,0.0,0,31,2.59,2.59
2024-04-01,2024,4,S02,SKU0010,BEVERAGES,3598,0,0,0.0,0,30,2.59,2.59
2024-05-01,2024,5,S02,SKU0010,BEVERAGES,5839,1,13,0.419,1,31,2.59,2.26
2024-06-01,2024,6,S02,SKU0010,BEVERAGES,5196,0,0,0.0,0,30,2.59,2.59
2024-07-01,2024,7,S02,SKU0010,BEVERAGES,4389,0,0,0.0,1,31,2.59,2.59
2024-08-01,2024,8,S02,SKU0010,BEVERAGES,5801,1,9,0.29,0,31,2.59,2.36
2024-09-01,2024,9,S02,SKU0010,BEVERAGES,3488,1,4,0.133,0,30,2.59,2.49
2024-10-01,2024,10,S02,SKU0010,BEVERAGES,3207,0,0,0.0,1,31,2.59,2.59
2024-11-01,2024,11,S02,SKU0010,BEVERAGES,3516,0,0,0.0,2,30,2.59,2.59
2024-12-01,2024,12,S02,SKU0010,BEVERAGES,2782,0,0,0.0,3,31,2.59,2.59
2025-01-01,2025,1,S02,SKU0010,BEVERAGES,2540,0,0,0.0,1,31,2.59,2.59
2025-02-01,2025,2,S02,SKU0010,BEVERAGES,3394,1,11,0.393,1,28,2.59,2.28
2025-03-01,2025,3,S02,SKU0010,BEVERAGES,3263,0,0,0.0,0,31,2.59,2.59
2025-04-01,2025,4,S02,SKU0010,BEVERAGES,3794,0,0,0.0,0,30,2.59,2.59
2025-05-01,2025,5,S02,SKU0010,BEVERAGES,4280,0,0,0.0,1,31,2.59,2.59
2025-06-01,2025,6,S02,SKU0010,BEVERAGES,5327,0,0,0.0,0,30,2.59,2.59
2025-07-01,2025,7,S02,SKU0010,BEVERAGES,5083,0,0,0.0,1,31,2.59,2.59
2025-08-01,2025,8,S02,SKU0010,BEVERAGES,4741,0,0,0.0,0,31,2.59,2.59
2025-09-01,2025,9,S02,SKU0010,BEVERAGES,3245,0,0,0.0,0,30,2.59,2.59
2025-10-01,2025,10,S02,SKU0010,BEVERAGES,5181,1,12,0.387,1,31,2.59,2.29
2025-11-01,2025,11,S02,SKU0010,BEVERAGES,3343,0,0,0.0,2,30,2.59,2.59
2025-12-01,2025,12,S02,SKU0010,BEVERAGES,2687,0,0,0.0,3,31,2.59,2.59
