Backend/api_data/ds_61b6ca015029__retail_sku_sales_monthly.csv
year_month,year,month,store_id,sku_id,category,qty_sold,promo_flag,promo_days,promo_intensity,holiday_days,days_in_month,list_price,avg_selling_price
2022-01-01,2022,1,S02,SKU0011,GROCERY,2891,0,0,0.0,1,31,3.03,3.03
2022-02-01,2022,2,S02,SKU0011,GROCERY,2866,0,0,0.0,1,28,3.03,3.03
2022-03-01,2022,3,S02,SKU0011,GROCERY,3966,1,5,0.161,0,31,3.03,2.88
2022-04-01,2022,4,S02,SKU0011,GROCERY,4192,1,2,0.067,0,30,3.03,2.97
2022-05-01,2022,5,S02,SKU0011,GROCERY,5243,1,7,0.226,1,31,3.03,2.82
2022-06-01,2022,6,S02,SKU0011,GROCERY,5492,1,11,0.367,0,30,3.03,2.7
2022-07-01,2022,7,S02,SKU0011,GROCERY,3679,0,0,0.0,1,31,3.03,3.03
2022-08-01,2022,8,S02,SKU0011,GROCERY,4609,1,14,0.452,0,31,3.03,2.62
2022-09-01,2022,9,S02,SKU0011,GROCERY,4018,1,9,0.3,0,30,3.03,2.76
2022-10-01,2022,10,S02,SKU0011,GROCERY,3752,0,0,0.0,1,31,3.03,3.03
2022-11-01,2022,11,S02,SKU0011,GROCERY,3349,0,0,0.0,2,30,3.03,3.03
2022-12-01,2022,12,S02,SKU0011,GROCERY,3075,0,0,0.0,3,31,3.03,3.03
2023-01-01,2023,1,S02,SKU0011,GROCERY,2682,1,1,0.032,1,31,3.03,3.0
2023-02-01,2023,2,S02,SKU0011,GROCERY,3652,1,12,0.429,1,28,3.03,2.64
2023-03-01,2023,3,S02,SKU0011,GROCERY,3258,0,0,0.0,0,31,3.03,3.03
2023-04-01,2023,4,S02,SKU0011,GROCERY,3850,0,0,0.0,0,30,3.03,3.03
2023-05-01,2023,5,S02,SKU0011,GROCERY,4337,0,0,0.0,1,31,3.03,3.03
2023-06-01,2023,6,S02,SKU0011,GROCERY,4086,0,0,0.0,0,30,3.03,3.03
2023-07-01,2023,7,S02,SKU0011,GROCERY,3838,0,0,0.0,1,31,3.03,3.03
2023-08-01,2023,8,S02,SKU0011,GROCERY,3341,0,0,0.0,0,31,3.03,3.03
2023-09-01,2023,9,S02,SKU0011,GROCERY,4316,1,10,0.333,0,30,3.03,2.73
2023-10-01,2023,10,S02,SKU0011,GROCERY,3603,0,0,0.0,1,31,3.03,3.03
2023-11-01,2023,11,S02,SKU0011,GROCERY,3542,0,0,0.0,2,30,3.03,3.03
2023-12-01,2023,12,S02,SKU0011,GROCERY,4293,1,13,0.419,3,31,3.03,2.65
2024-01-01,2024,1,S02,SKU0011,GROCERY,2291,0,0,0.0,1,31,3.03,3.03
2024-02-01,2024,2,S02,SKU0011,GROCERY,2624,0,0,0.0,1,29,3.03,3.03
2024-03-01,2024,3,S02,SKU0011,GROCERY,5230,1,13,0.419,0,31,3.03,2.65
2024-04-01,2024,4,S02,SKU0011,GROCERY,3994,0,0,0.0,0,30,3.03,3.03
2024-05-01,2024,5,S02,SKU0011,GROCERY,4061,0,0,0.0,1,31,3.03,3.03
2024-06-01,2024,6,S02,SKU0011,GROCERY,4217,0,0,0.0,0,30,3.03,3.03
2024-07-01,2024,7,S02,SKU0011,GROCERY,3379,0,0,0.0,1,31,3.03,3.03
2024-08-01,2024,8,S02,SKU0011,GROCERY,3460,0,0,0.0,0,31,3.03,3.03
2024-09-01,2024,9,S02,SKU0011,GROCERY,4973,1,13,0.433,0,30,3.03,2.64
2024-10-01,2024,10,S02,SKU0011,GROCERY,3155,0,0,0.0,1,31,3.03,3.03
2024-11-01,2024,11,S02,SKU0011,GROCERY,3558,0,0,0.0,2,30,3.03,3.03
2024-12-01,2024,12,S02,SKU0011,GROCERY,3447,1,8,0.258,3,31,3.03,2.8
2025-01-01,2025,1,S02,SKU0011,GROCERY,2791,1,1,0.032,1,31,3.03,3.0
2025-02-01,2025,2,S02,SKU0011,GROCERY,3388,1,8,0.286,1,28,3.03,2.77
2025-03-01,2025,3,S02,SKU0011,GROCERY,3222,0,0,0.0,0,31,3.03,3.03
2025-04-01,2025,4,S02,SKU0011,GROCERY,3982,0,0,0.0,0,30,3.03,3.03
2025-05-01,2025,5,S02,SKU0011,GROCERY,4368,0,0,0.0,1,31,3.03,3.03
2025-06-01,2025,6,S02,SKU0011,GROCERY,4209,0,0,0.0,0,30,3.03,3.03
2025-07-01,2025,7,S02,SKU0011,GROCERY,3307,0,0,0.0,1,31,3.03,3.03
2025-08-01,2025,8,S02,SKU0011,GROCERY,4478,1,12,0.387,0,31,3.03,2.68
2025-09-01,2025,9,S02,SKU0011,GROCERY,4151,1,8,0.267,0,30,3.03,2.79
2025-10-01,2025,10,S02,SKU0011,GROCERY,3296,0,0,0.0,1,31,3.03,3.03
2025-11-01,2025,11,S02,SKU0011,GROCERY,3338,0,0,0.0,2,30,3.03,3.03
2025-12-01,2025,12,S02,SKU0011,GROCERY,3045,0,0,0.0,3,31,3.03,3.03
2022-01-01,2022,1,S02,SKU0012,GROCERY,3815,0,0,0.0,1,31,20.5,20.5
2022-02-01,2022,2,S02,SKU0012,GROCERY,3558,0,0,0.0,1,28,20.5,20.5
2022-03-01,2022,3,S02,SKU0012,GROCERY,4699,0,0,0.0,0,31,20.5,20.5
2022-04-01,2022,4,S02,SKU0012,GROCERY,5485,0,0,0.0,0,30,20.5,20.5
2022-05-01,2022,5,S02,SKU0012,GROCERY,6506,0,0,0.0,1,31,20.5,20.5
2022-06-01,2022,6,S02,SKU0012,GROCERY,6319,1,3,0.1,0,30,20.5,19.88
2022-07-01,2022,7,S02,SKU0012,GROCERY,8722,1,14,0.452,1,31,20.5,17.72
2022-08-01,2022,8,S02,SKU0012,GROCERY,6154,1,6,0.194,0,31,20.5,19.31
2022-09-01,2022,9,S02,SKU0012,GROCERY,5381,0,0,0.0,0,30,20.5,20.5
2022-10-01,2022,10,S02,SKU0012,GROCERY,5434,0,0,0.0,1,31,20.5,20.5
2022-11-01,2022,11,S02,SKU0012,GROCERY,5295,0,0,0.0,2,30,20.5,20.5
2022-12-01,2022,12,S02,SKU0012,GROCERY,5946,1,9,0.29,3,31,20.5,18.71
2023-01-01,2023,1,S02,SKU0012,GROCERY,4011,0,0,0.0,1,31,20.5,20.5
2023-02-01,2023,2,S02,SKU0012,GROCERY,4778,1,4,0.143,1,28,20.5,19.62
2023-03-01,2023,3,S02,SKU0012,GROCERY,6031,1,7,0.226,0,31,20.5,19.11
2023-04-01,2023,4,S02,SKU0012,GROCERY,7014,0,0,0.0,0,30,20.5,20.5
2023-05-01,2023,5,S02,SKU0012,GROCERY,7277,0,0,0.0,1,31,20.5,20.5
2023-06-01,2023,6,S02,SKU0012,GROCERY,7690,1,6,0.2,0,30,20.5,19.27
2023-07-01,2023,7,S02,SKU0012,GROCERY,8750,1,11,0.355,1,31,20.5,18.32
2023-08-01,2023,8,S02,SKU0012,GROCERY,5946,0,0,0.0,0,31,20.5,20.5
2023-09-01,2023,9,S02,SKU0012,GROCERY,6036,0,0,0.0,0,30,20.5,20.5
2023-10-01,2023,10,S02,SKU0012,GROCERY,8557,1,10,0.323,1,31,20.5,18.52
2023-11-01,2023,11,S02,SKU0012,GROCERY,5782,0,0,0.0,2,30,20.5,20.5
2023-12-01,2023,12,S02,SKU0012,GROCERY,5890,0,0,0.0,3,31,20.5,20.5
2024-01-01,2024,1,S02,SKU0012,GROCERY,4398,0,0,0.0,1,31,20.5,20.5
2024-02-01,2024,2,S02,SKU0012,GROCERY,5337,1,2,0.069,1,29,20.5,20.08
2024-03-01,2024,3,S02,SKU0012,GROCERY,8066,1,11,0.355,0,31,20.5,18.32
2024-04-01,2024,4,S02,SKU0012,GROCERY,9989,1,12,0.4,0,30,20.5,18.04
2024-05-01,2024,5,S02,SKU0012,GROCERY,8904,0,0,0.0,1,31,20.5,20.5
2024-06-01,2024,6,S02,SKU0012,GROCERY,8595,0,0,0.0,0,30,20.5,20.5
2024-07-01,2024,7,S02,SKU0012,GROCERY,7198,1,3,0.097,1,31,20.5,19.9
2024-08-01,2024,8,S02,SKU0012,GROCERY,8020,1,5,0.161,0,31,20.5,19.51
2024-09-01,2024,9,S02,SKU0012,GROCERY,7634,1,1,0.033,0,30,20.5,20.3
2024-10-01,2024,10,S02,SKU0012,GROCERY,9113,1,5,0.161,1,31,20.5,19.51
2024-11-01,2024,11,S02,SKU0012,GROCERY,6865,0,0,0.0,2,30,20.5,20.5
2024-12-01,2024,12,S02,SKU0012,GROCERY,6668,0,0,0.0,3,31,20.5,20.5
2025-01-01,2025,1,S02,SKU0012,GROCERY,6914,1,9,0.29,1,31,20.5,18.71
2025-02-01,2025,2,S02,SKU0012,GROCERY,4935,0,0,0.0,1,28,20.5,20.5
2025-03-01,2025,3,S02,SKU0012,GROCERY,8389,1,8,0.258,0,31,20.5,18.91
2025-04-01,2025,4,S02,SKU0012,GROCERY,8517,0,0,0.0,0,30,20.5,20.5
2025-05-01,2025,5,S02,SKU0012,GROCERY,10041,0,0,0.0,1,31,20.5,20.5
2025-06-01,2025,6,S02,SKU0012,GROCERY,8456,0,0,0.0,0,30,20.5,20.5
2025-07-01,2025,7,S02,SKU0012,GROCERY,8084,0,0,0.0,1,31,20.5,20.5
2025-08-01,2025,8,S02,SKU0012,GROCERY,7947,0,0,0.0,0,31,20.5,20.5
2025-09-01,2025,9,S02,SKU0012,GROCERY,7513,0,0,0.0,0,30,20.5,20.5
2025-10-01,2025,10,S02,SKU0012,GROCERY,7685,0,0,0.0,1,31,20.5,20.5
2025-11-01,2025,11,S02,SKU0012,GROCERY,10154,1,7,0.233,2,30,20.5,19.07
2025-12-01,2025,12,S02,SKU0012,GROCERY,8378,1,5,0.161,3,31,20.5,19.51
2022-01-01,2022,1,S02,SKU0013,GROCERY,1936,0,0,0.0,1,31,17.58,17.58
2022-02-01,2022,2,S02,SKU0013,GROCERY,1701,0,0,0.0,1,28,17.58,17.58
2022-03-01,2022,3,S02,SKU0013,GROCERY,2712,1,7,0.226,0,31,17.58,16.39
2022-04-01,2022,4,S02,SKU0013,GROCERY,2968,0,0,0.0,0,30,17.58,17.58
2022-05-01,2022,5,S02,SKU0013,GROCERY,3195,0,0,0.0,1,31,17.58,17.58
2022-06-01,2022,6,S02,SKU0013,GROCERY,2732,0,0,0.0,0,30,17.58,17.58
2022-07-01,2022,7,S02,SKU0013,GROCERY,2894,0,0,0.0,1,31,17.58,17.58
2022-08-01,2022,8,S02,SKU0013,GROCERY,2562,0,0,0.0,0,31,17.58,17.58
2022-09-01,2022,9,S02,SKU0013,GROCERY,2667,1,10,0.333,0,30,17.58,15.82
2022-10-01,2022,10,S02,SKU0013,GROCERY,2661,0,0,0.0,1,31,17.58,17.58
2022-11-01,2022,11,S02,SKU0013,GROCERY,2490,0,0,0.0,2,30,17.58,17.58
2022-12-01,2022,12,S02,SKU0013,GROCERY,2056,0,0,0.0,3,31,17.58,17.58
2023-01-01,2023,1,S02,SKU0013,GROCERY,1874,0,0,0.0,1,31,17.58,17.58
2023-02-01,2023,2,S02,SKU0013,GROCERY,2141,1,13,0.464,1,28,17.58,15.13
2023-03-01,2023,3,S02,SKU0013,GROCERY,2382,0,0,0.0,0,31,17.58,17.58
2023-04-01,2023,4,S02,SKU0013,GROCERY,2545,0,0,0.0,0,30,17.58,17.58
2023-05-01,2023,5,S02,SKU0013,GROCERY,3041,0,0,0.0,1,31,17.58,17.58
2023-06-01,2023,6,S02,SKU0013,GROCERY,3053,1,4,0.133,0,30,17.58,16.88
2023-07-01,2023,7,S02,SKU0013,GROCERY,2990,1,7,0.226,1,31,17.58,16.39
2023-08-01,2023,8,S02,SKU0013,GROCERY,2227,0,0,0.0,0,31,17.58,17.58
2023-09-01,2023,9,S02,SKU0013,GROCERY,2665,1,4,0.133,0,30,17.58,16.88
2023-10-01,2023,10,S02,SKU0013,GROCERY,2722,1,10,0.323,1,31,17.58,15.88
2023-11-01,2023,11,S02,SKU0013,GROCERY,2201,1,1,0.033,2,30,17.58,17.4
2023-12-01,2023,12,S02,SKU0013,GROCERY,2490,1,13,0.419,3,31,17.58,15.37
2024-01-01,2024,1,S02,SKU0013,GROCERY,1794,0,0,0.0,1,31,17.58,17.58
2024-02-01,2024,2,S02,SKU0013,GROCERY,1721,0,0,0.0,1,29,17.58,17.58
2024-03-01,2024,3,S02,SKU0013,GROCERY,2225,0,0,0.0,0,31,17.58,17.58
2024-04-01,2024,4,S02,SKU0013,GROCERY,2697,0,0,0.0,0,30,17.58,17.58
2024-05-01,2024,5,S02,SKU0013,GROCERY,3286,1,7,0.226,1,31,17.58,16.39
2024-06-01,2024,6,S02,SKU0013,GROCERY,2671,0,0,0.0,0,30,17.58,17.58
2024-07-01,2024,7,S02,SKU0013,GROCERY,2397,0,0,0.0,1,31,17.58,17.58
2024-08-01,2024,8,S02,SKU0013,GROCERY,2223,0,0,0.0,0,31,17.58,17.58
2024-09-01,2024,9,S02,SKU0013,GROCERY,2087,0,0,0.0,0,30,17.58,17.58
2024-10-01,2024,10,S02,SKU0013,GROCERY,2250,0,0,0.0,1,31,17.58,17.58
2024-11-01,2024,11,S02,SKU0013,GROCERY,2092,0,0,0.0,2,30,17.58,17.58
2024-12-01,2024,12,S02,SKU0013,GROCERY,2234,1,7,0.226,3,31,17.58,16.39
2025-01-01,2025,1,S02,SKU0013,GROCERY,1677,0,0,0.0,1,31,17.58,17.58
2025-02-01,2025,2,S02,SKU0013,GROCERY,1466,0,0,0.0,1,28,17.58,17.58
2025-03-01,2025,3,S02,SKU0013,GROCERY,2663,1,6,0.194,0,31,17.58,16.56
2025-04-01,2025,4,S02,SKU0013,GROCERY,2410,0,0,0.0,0,30,17.58,17.58
2025-05-01,2025,5,S02,SKU0013,GROCERY,3776,1,10,0.323,1,31,17.58,15.88
2025-06-01,2025,6,S02,SKU0013,GROCERY,2657,0,0,0.0,0,30,17.58,17.58
2025-07-01,2025,7,S02,SKU0013,GROCERY,2547,0,0,0.0,1,31,17.58,17.58
2025-08-01,2025,8,S02,SKU0013,GROCERY,2296,0,0,0.0,0,31,17.58,17.58
2025-09-01,2025,9,S02,SKU0013,GROCERY,2256,0,0,0.0,0,30,17.58,17.58
2025-10-01,2025,10,S02,SKU0013,GROCERY,2358,0,0,0.0,1,31,17.58,17.58
2025-11-01,2025,11,S02,SKU0013,GROCERY,2362,1,7,0.233,2,30,17.58,16.35
2025-12-01,2025,12,S02,SKU0013,GROCERY,1865,0,0,0.0,3,31,17.58,17.58
2022-01-01,2022,1,S02,SKU0014,GROCERY,2336,0,0,0.0,1,31,13.14,13.14
2022-02-01,2022,2,S02,SKU0014,GROCERY,2011,0,0,0.0,1,28,13.14,13.14
2022-03-01,2022,3,S02,SKU0014,GROCERY,3713,1,10,0.323,0,31,13.14,11.87
2022-04-01,2022,4,S02,SKU0014,GROCERY,5543,1,13,0.433,0,30,13.14,11.43
2022-05-01,2022,5,S02,SKU0014,GROCERY,3256,0,0,0.0,1,31,13.14,13.14
2022-06-01,2022,6,S02,SKU0014,GROCERY,4963,1,12,0.4,0,30,13.14,11.56
2022-07-01,2022,7,S02,SKU0014,GROCERY,3256,0,0,0.0,1,31,13.14,13.14
2022-08-01,2022,8,S02,SKU0014,GROCERY,4076,1,12,0.387,0,31,13.14,11.61
2022-09-01,2022,9,S02,SKU0014,GROCERY,2948,1,1,0.033,0,30,13.14,13.01
2022-10-01,2022,10,S02,SKU0014,GROCERY,3932,1,7,0.226,1,31,13.14,12.25
2022-11-01,2022,11,S02,SKU0014,GROCERY,3399,1,6,0.2,2,30,13.14,12.35
2022-12-01,2022,12,S02,SKU0014,GROCERY,3050,1,5,0.161,3,31,13.14,12.5
2023-01-01,2023,1,S02,SKU0014,GROCERY,2726,1,7,0.226,1,31,13.14,12.25
2023-02-01,2023,2,S02,SKU0014,GROCERY,2301,1,3,0.107,1,28,13.14,12.72
2023-03-01,2023,3,S02,SKU0014,GROCERY,2754,0,0,0.0,0,31,13.14,13.14
2023-04-01,2023,4,S02,SKU0014,GROCERY,4296,1,10,0.333,0,30,13.14,11.83
2023-05-01,2023,5,S02,SKU0014,GROCERY,3822,0,0,0.0,1,31,13.14,13.14
2023-06-01,2023,6,S02,SKU0014,GROCERY,3367,0,0,0.0,0,30,13.14,13.14
2023-07-01,2023,7,S02,SKU0014,GROCERY,4322,1,10,0.323,1,31,13.14,11.87
2023-08-01,2023,8,S02,SKU0014,GROCERY,3171,1,2,0.065,0,31,13.14,12.89
2023-09-01,2023,9,S02,SKU0014,GROCERY,2507,0,0,0.0,0,30,13.14,13.14
2023-10-01,2023,10,S02,SKU0014,GROCERY,3784,1,10,0.323,1,31,13.14,11.87
2023-11-01,2023,11,S02,SKU0014,GROCERY,2568,0,0,0.0,2,30,13.14,13.14
2023-12-01,2023,12,S02,SKU0014,GROCERY,2574,0,0,0.0,3,31,13.14,13.14
2024-01-01,2024,1,S02,SKU0014,GROCERY,3011,1,13,0.419,1,31,13.14,11.49
2024-02-01,2024,2,S02,SKU0014,GROCERY,2543,1,4,0.138,1,29,13.14,12.6
2024-03-01,2024,3,S02,SKU0014,GROCERY,2980,1,4,0.129,0,31,13.14,12.63
2024-04-01,2024,4,S02,SKU0014,GROCERY,3334,1,1,0.033,0,30,13.14,13.01
2024-05-01,2024,5,S02,SKU0014,GROCERY,3839,1,5,0.161,1,31,13.14,12.5
2024-06-01,2024,6,S02,SKU0014,GROCERY,3873,1,6,0.2,0,30,13.14,12.35
2024-07-01,2024,7,S02,SKU0014,GROCERY,3083,0,0,0.0,1,31,13.14,13.14
2024-08-01,2024,8,S02,SKU0014,GROCERY,2785,0,0,0.0,0,31,13.14,13.14
2024-09-01,2024,9,S02,SKU0014,GROCERY,2832,0,0,0.0,0,30,13.14,13.14
2024-10-01,2024,10,S02,SKU0014,GROCERY,3341,1,6,0.194,1,31,13.14,12.38
2024-11-01,2024,11,S02,SKU0014,GROCERY,3275,1,5,0.167,2,30,13.14,12.48
2024-12-01,2024,12,S02,SKU0014,GROCERY,3129,1,8,0.258,3,31,13.14,12.12
2025-01-01,2025,1,S02,SKU0014,GROCERY,2169,0,0,0.0,1,31,13.14,13.14
2025-02-01,2025,2,S02,SKU0014,GROCERY,1789,0,0,0.0,1,28,13.14,13.14
2025-03-01,2025,3,S02,SKU0014,GROCERY,2771,0,0,0.0,0,31,13.14,13.14
2025-04-01,2025,4,S02,SKU0014,GROCERY,3057,0,0,0.0,0,30,13.14,13.14
2025-05-01,2025,5,S02,SKU0014,GROCERY,3613,0,0,0.0,1,31,13.14,13.14
2025-06-01,2025,6,S02,SKU0014,GROCERY,2815,0,0,0.0,0,30,13.14,13.14
2025-07-01,2025,7,S02,SKU0014,GROCERY,2939,0,0,0.0,1,31,13.14,13.14
2025-08-01,2025,8,S02,SKU0014,GROCERY,2856,0,0,0.0,0,31,13.14,13.14
2025-09-01,2025,9,S02,SKU0014,GROCERY,2989,1,4,0.133,0,30,13.14,12.61
2025-10-01,2025,10,S02,SKU0014,GROCERY,3700,1,7,0.226,1,31,13.14,12.25
2025-11-01,2025,11,S02,SKU0014,GROCERY,2782,0,0,0.0,2,30,13.14,13.14
2025-12-01,2025,12,S02,SKU0014,GROCERY,2376,0,0,0.0,3,31,13.14,13.14
2022-01-01,2022,1,S02,SKU0015,GROCERY,1268,1,5,0.161,1,31,7.58,7.21
2022-02-01,2022,2,S02,SKU0015,GROCERY,1082,0,0,0.0,1,28,7.58,7.58
2022-03-01,2022,3,S02,SKU0015,GROCERY,1731,1,7,0.226,0,31,7.58,7.07
2022-04-01,2022,4,S02,SKU0015,GROCERY,1941,1,1,0.033,0,30,7.58,7.5
2022-05-01,2022,5,S02,SKU0015,GROCERY,2090,0,0,0.0,1,31,7.58,7.58
2022-06-01,2022,6,S02,SKU0015,GROCERY,1869,0,0,0.0,0,30,7.58,7.58
2022-07-01,2022,7,S02,SKU0015,GROCERY,1788,0,0,0.0,1,31,7.58,7.58
2022-08-01,2022,8,S02,SKU0015,GROCERY,2344,1,11,0.355,0,31,7.58,6.77
2022-09-01,2022,9,S02,SKU0015,GROCERY,1821,0,0,0.0,0,30,7.58,7.58
2022-10-01,2022,10,S02,SKU0015,GROCERY,1887,1,3,0.097,1,31,7.58,7.36
2022-11-01,2022,11,S02,SKU0015,GROCERY,1842,1,4,0.133,2,30,7.58,7.28
2022-12-01,2022,12,S02,SKU0015,GROCERY,1684,1,6,0.194,3,31,7.58,7.14
2023-01-01,2023,1,S02,SKU0015,GROCERY,1173,0,0,0.0,1,31,7.58,7.58
2023-02-01,2023,2,S02,SKU0015,GROCERY,1355,0,0,0.0,1,28,7.58,7.58
2023-03-01,2023,3,S02,SKU0015,GROCERY,1687,0,0,0.0,0,31,7.58,7.58
2023-04-01,2023,4,S02,SKU0015,GROCERY,2049,0,0,0.0,0,30,7.58,7.58
2023-05-01,2023,5,S02,SKU0015,GROCERY,3165,1,14,0.452,1,31,7.58,6.55
2023-06-01,2023,6,S02,SKU0015,GROCERY,1923,0,0,0.0,0,30,7.58,7.58
2023-07-01,2023,7,S02,SKU0015,GROCERY,2934,1,13,0.419,1,31,7.58,6.63
2023-08-01,2023,8,S02,SKU0015,GROCERY,1671,1,1,0.032,0,31,7.58,7.51
2023-09-01,2023,9,S02,SKU0015,GROCERY,1880,0,0,0.0,0,30,7.58,7.58
2023-10-01,2023,10,S02,SKU0015,GROCERY,2584,1,9,0.29,1,31,7.58,6.92
2023-11-01,2023,11,S02,SKU0015,GROCERY,1924,0,0,0.0,2,30,7.58,7.58
2023-12-01,2023,12,S02,SKU0015,GROCERY,1793,0,0,0.0,3,31,7.58,7.58
2024-01-01,2024,1,S02,SKU0015,GROCERY,1881,1,9,0.29,1,31,7.58,6.92
2024-02-01,2024,2,S02,SKU0015,GROCERY,1547,0,0,0.0,1,29,7.58,7.58
2024-03-01,2024,3,S02,SKU0015,GROCERY,2775,1,13,0.419,0,31,7.58,6.63
2024-04-01,2024,4,S02,SKU0015,GROCERY,2449,0,0,0.0,0,30,7.58,7.58
2024-05-01,2024,5,S02,SKU0015,GROCERY,2620,0,0,0.0,1,31,7.58,7.58
2024-06-01,2024,6,S02,SKU0015,GROCERY,2297,0,0,0.0,0,30,7.58,7.58
2024-07-01,2024,7,S02,SKU0015,GROCERY,2229,0,0,0.0,1,31,7.58,7.58
2024-08-01,2024,8,S02,SKU0015,GROCERY,2147,0,0,0.0,0,31,7.58,7.58
2024-09-01,2024,9,S02,SKU0015,GROCERY,2233,0,0,0.0,0,30,7.58,7.58
2024-10-01,2024,10,S02,SKU0015,GROCERY,1990,0,0,0.0,1,31,7.58,7.58
2024-11-01,2024,11,S02,SKU0015,GROCERY,2334,0,0,0.0,2,30,7.58,7.58
2024-12-01,2024,12,S02,SKU0015,GROCERY,1985,0,0,0.0,3,31,7.58,7.58
2025-01-01,2025,1,S02,SKU0015,GROCERY,1861,1,10,0.323,1,31,7.58,6.85
2025-02-01,2025,2,S02,SKU0015,GROCERY,1538,0,0,0.0,1,28,7.58,7.58
2025-03-01,2025,3,S02,SKU0015,GROCERY,2273,0,0,0.0,0,31,7.58,7.58
2025-04-01,2025,4,S02,SKU0015,GROCERY,2283,0,0,0.0,0,30,7.58,7.58
2025-05-01,2025,5,S02,SKU0015,GROCERY,4414,1,13,0.419,1,31,7.58,6.63
2025-06-01,2025,6,S02,SKU0015,GROCERY,2716,1,1,0.033,0,30,7.58,7.5
2025-07-01,2025,7,S02,SKU0015,GROCERY,3169,1,5,0.161,1,31,7.58,7.21
2025-08-01,2025,8,S02,SKU0015,GROCERY,3201,1,13,0.419,0,31,7.58,6.63
2025-09-01,2025,9,S02,SKU0015,GROCERY,2032,0,0,0.0,0,30,7.58,7.58
2025-10-01,2025,10,S02,SKU0015,GROCERY,3060,1,7,0.226,1,31,7.58,7.07
2025-11-01,2025,11,S02,SKU0015,GROCERY,2478,0,0,0.0,2,30,7.58,7.58
2025-12-01,2025,12,S02,SKU0015,GROCERY,2093,0,0,0.0,3,31,7.58,7.58
