Backend/api_data/ds_61b6ca015029__retail_sku_sales_monthly.csv
year_month,year,month,store_id,sku_id,category,qty_sold,promo_flag,promo_days,promo_intensity,holiday_days,days_in_month,list_price,avg_selling_price
2022-01-01,2022,1,S02,SKU0016,GROCERY,2904,0,0,0.0,1,31,13.72,13.72
2022-02-01,2022,2,S02,SKU0016,GROCERY,3286,1,9,0.321,1,28,13.72,12.4
2022-03-01,2022,3,S02,SKU0016,GROCERY,3756,0,0,0.0,0,31,13.72,13.72
2022-04-01,2022,4,S02,SKU0016,GROCERY,6246,1,13,0.433,0,30,13.72,11.93
2022-05-01,2022,5,S02,SKU0016,GROCERY,4383,0,0,0.0,1,31,13.72,13.72
2022-06-01,2022,6,S02,SKU0016,GROCERY,5936,1,9,0.3,0,30,13.72,12.48
2022-07-01,2022,7,S02,SKU0016,GROCERY,5073,1,5,0.161,1,31,13.72,13.06
2022-08-01,2022,8,S02,SKU0016,GROCERY,3674,0,0,0.0,0,31,13.72,13.72
2022-09-01,2022,9,S02,SKU0016,GROCERY,3641,0,0,0.0,0,30,13.72,13.72
2022-10-01,2022,10,S02,SKU0016,GROCERY,4003,0,0,0.0,1,31,13.72,13.72
2022-11-01,2022,11,S02,SKU0016,GROCERY,4533,1,8,0.267,2,30,13.72,12.62
2022-12-01,2022,12,S02,SKU0016,GROCERY,3395,0,0,0.0,3,31,13.72,13.72
2023-01-01,2023,1,S02,SKU0016,GROCERY,3037,0,0,0.0,1,31,13.72,13.72
2023-02-01,2023,2,S02,SKU0016,GROCERY,2725,0,0,0.0,1,28,13.72,13.72
2023-03-01,2023,3,S02,SKU0016,GROCERY,3881,0,0,0.0,0,31,13.72,13.72
2023-04-01,2023,4,S02,SKU0016,GROCERY,6372,1,14,0.467,0,30,13.72,11.8
2023-05-01,2023,5,S02,SKU0016,GROCERY,6560,1,10,0.323,1,31,13.72,12.39
2023-06-01,2023,6,S02,SKU0016,GROCERY,4996,1,2,0.067,0,30,13.72,13.45
2023-07-01,2023,7,S02,SKU0016,GROCERY,4618,0,0,0.0,1,31,13.72,13.72
2023-08-01,2023,8,S02,SKU0016,GROCERY,3878,0,0,0.0,0,31,13.72,13.72
2023-09-01,2023,9,S02,SKU0016,GROCERY,4381,1,4,0.133,0,30,13.72,13.17
2023-10-01,2023,10,S02,SKU0016,GROCERY,4893,1,6,0.194,1,31,13.72,12.92
2023-11-01,2023,11,S02,SKU0016,GROCERY,3727,0,0,0.0,2,30,13.72,13.72
2023-12-01,2023,12,S02,SKU0016,GROCERY,3613,0,0,0.0,3,31,13.72,13.72
2024-01-01,2024,1,S02,SKU0016,GROCERY,3006,1,1,0.032,1,31,13.72,13.59
2024-02-01,2024,2,S02,SKU0016,GROCERY,3377,1,4,0.138,1,29,13.72,13.15
2024-03-01,2024,3,S02,SKU0016,GROCERY,3890,0,0,0.0,0,31,13.72,13.72
2024-04-01,2024,4,S02,SKU0016,GROCERY,4464,0,0,0.0,0,30,13.72,13.72
2024-05-01,2024,5,S02,SKU0016,GROCERY,5335,0,0,0.0,1,31,13.72,13.72
2024-06-01,2024,6,S02,SKU0016,GROCERY,5745,1,7,0.233,0,30,13.72,12.76
2024-07-01,2024,7,S02,SKU0016,GROCERY,4947,1,3,0.097,1,31,13.72,13.32
2024-08-01,2024,8,S02,SKU0016,GROCERY,4285,0,0,0.0,0,31,13.72,13.72
2024-09-01,2024,9,S02,SKU0016,GROCERY,4303,1,3,0.1,0,30,13.72,13.31
2024-10-01,2024,10,S02,SKU0016,GROCERY,5274,1,11,0.355,1,31,13.72,12.26
2024-11-01,2024,11,S02,SKU0016,GROCERY,5160,1,13,0.433,2,30,13.72,11.93
2024-12-01,2024,12,S02,SKU0016,GROCERY,3402,0,0,0.0,3,31,13.72,13.72
2025-01-01,2025,1,S02,SKU0016,GROCERY,3171,0,0,0.0,1,31,13.72,13.72
2025-02-01,2025,2,S02,SKU0016,GROCERY,3089,0,0,0.0,1,28,13.72,13.72
2025-03-01,2025,3,S02,SKU0016,GROCERY,4263,0,0,0.0,0,31,13.72,13.72
2025-04-01,2025,4,S02,SKU0016,GROCERY,5598,1,5,0.167,0,30,13.72,13.03
2025-05-01,2025,5,S02,SKU0016,GROCERY,4907,0,0,0.0,1,31,13.72,13.72
2025-06-01,2025,6,S02,SKU0016,GROCERY,5837,1,6,0.2,0,30,13.72,12.9
2025-07-01,2025,7,S02,SKU0016,GROCERY,4219,0,0,0.0,1,31,13.72,13.72
2025-08-01,2025,8,S02,SKU0016,GROCERY,3669,0,0,0.0,0,31,13.72,13.72
2025-09-01,2025,9,S02,SKU0016,GROCERY,4895,1,11,0.367,0,30,13.72,12.21
2025-10-01,2025,10,S02,SKU0016,GROCERY,3885,0,0,0.0,1,31,13.72,13.72
2025-11-01,2025,11,S02,SKU0016,GROCERY,4138,0,0,0.0,2,30,13.72,13.72
2025-12-01,2025,12,S02,SKU0016,GROCERY,3466,0,0,0.0,3,31,13.72,13.72
2022-01-01,2022,1,S02,SKU0017,GROCERY,2647,0,0,0.0,1,31,24.29,24.29
2022-02-01,2022,2,S02,SKU0017,GROCERY,2447,0,0,0.0,1,28,24.29,24.29
2022-03-01,2022,3,S02,SKU0017,GROCERY,3779,1,7,0.226,0,31,24.29,22.64
2022-04-01,2022,4,S02,SKU0017,GROCERY,3746,0,0,0.0,0,30,24.29,24.29
2022-05-01,2022,5,S02,SKU0017,GROCERY,5604,1,12,0.387,1,31,24.29,21.47
2022-06-01,2022,6,S02,SKU0017,GROCERY,3920,0,0,0.0,0,30,24.29,24.29
2022-07-01,2022,7,S02,SKU0017,GROCERY,5197,1,11,0.355,1,31,24.29,21.7
2022-08-01,2022,8,S02,SKU0017,GROCERY,3312,1,1,0.032,0,31,24.29,24.05
2022-09-01,2022,9,S02,SKU0017,GROCERY,3208,0,0,0.0,0,30,24.29,24.29
2022-10-01,2022,10,S02,SKU0017,GROCERY,3366,0,0,0.0,1,31,24.29,24.29
2022-11-01,2022,11,S02,SKU0017,GROCERY,3344,0,0,0.0,2,30,24.29,24.29
2022-12-01,2022,12,S02,SKU0017,GROCERY,4537,1,14,0.452,3,31,24.29,21.0
2023-01-01,2023,1,S02,SKU0017,GROCERY,2473,0,0,0.0,1,31,24.29,24.29
2023-02-01,2023,2,S02,SKU0017,GROCERY,2681,1,5,0.179,1,28,24.29,22.99
2023-03-01,2023,3,S02,SKU0017,GROCERY,2949,0,0,0.0,0,31,24.29,24.29
2023-04-01,2023,4,S02,SKU0017,GROCERY,5709,1,11,0.367,0,30,24.29,21.62
2023-05-01,2023,5,S02,SKU0017,GROCERY,5065,1,7,0.226,1,31,24.29,22.64
2023-06-01,2023,6,S02,SKU0017,GROCERY,4078,0,0,0.0,0,30,24.29,24.29
2023-07-01,2023,7,S02,SKU0017,GROCERY,3462,0,0,0.0,1,31,24.29,24.29
2023-08-01,2023,8,S02,SKU0017,GROCERY,3438,0,0,0.0,0,31,24.29,24.29
2023-09-01,2023,9,S02,SKU0017,GROCERY,4004,1,8,0.267,0,30,24.29,22.35
2023-10-01,2023,10,S02,SKU0017,GROCERY,3175,0,0,0.0,1,31,24.29,24.29
2023-11-01,2023,11,S02,SKU0017,GROCERY,3224,0,0,0.0,2,30,24.29,24.29
2023-12-01,2023,12,S02,SKU0017,GROCERY,3088,0,0,0.0,3,31,24.29,24.29
2024-01-01,2024,1,S02,SKU0017,GROCERY,2715,0,0,0.0,1,31,24.29,24.29
2024-02-01,2024,2,S02,SKU0017,GROCERY,2270,0,0,0.0,1,29,24.29,24.29
2024-03-01,2024,3,S02,SKU0017,GROCERY,3241,0,0,0.0,0,31,24.29,24.29
2024-04-01,2024,4,S02,SKU0017,GROCERY,3904,0,0,0.0,0,30,24.29,24.29
2024-05-01,2024,5,S02,SKU0017,GROCERY,4048,0,0,0.0,1,31,24.29,24.29
2024-06-01,2024,6,S02,SKU0017,GROCERY,3869,0,0,0.0,0,30,24.29,24.29
2024-07-01,2024,7,S02,SKU0017,GROCERY,3468,0,0,0.0,1,31,24.29,24.29
2024-08-01,2024,8,S02,SKU0017,GROCERY,4875,1,12,0.387,0,31,24.29,21.47
2024-09-01,2024,9,S02,SKU0017,GROCERY,3162,0,0,0.0,0,30,24.29,24.29
2024-10-01,2024,10,S02,SKU0017,GROCERY,3785,1,3,0.097,1,31,24.29,23.58
2024-11-01,2024,11,S02,SKU0017,GROCERY,4069,1,7,0.233,2,30,24.29,22.59
2024-12-01,2024,12,S02,SKU0017,GROCERY,3189,1,5,0.161,3,31,24.29,23.11
2025-01-01,2025,1,S02,SKU0017,GROCERY,2396,0,0,0.0,1,31,24.29,24.29
2025-02-01,2025,2,S02,SKU0017,GROCERY,2305,0,0,0.0,1,28,24.29,24.29
2025-03-01,2025,3,S02,SKU0017,GROCERY,3895,1,8,0.258,0,31,24.29,22.41
2025-04-01,2025,4,S02,SKU0017,GROCERY,4083,1,3,0.1,0,30,24.29,23.56
2025-05-01,2025,5,S02,SKU0017,GROCERY,4132,0,0,0.0,1,31,24.29,24.29
2025-06-01,2025,6,S02,SKU0017,GROCERY,4571,1,9,0.3,0,30,24.29,22.1
2025-07-01,2025,7,S02,SKU0017,GROCERY,3548,0,0,0.0,1,31,24.29,24.29
2025-08-01,2025,8,S02,SKU0017,GROCERY,3403,0,0,0.0,0,31,24.29,24.29
2025-09-01,2025,9,S02,SKU0017,GROCERY,3028,0,0,0.0,0,30,24.29,24.29
2025-10-01,2025,10,S02,SKU0017,GROCERY,3224,0,0,0.0,1,31,24.29,24.29
2025-11-01,2025,11,S02,SKU0017,GROCERY,3305,0,0,0.0,2,30,24.29,24.29
2025-12-01,2025,12,S02,SKU0017,GROCERY,3784,1,12,0.387,3,31,24.29,21.47
2022-01-01,2022,1,S02,SKU0018,GROCERY,3695,1,4,0.129,1,31,22.53,21.66
2022-02-01,2022,2,S02,SKU0018,GROCERY,3742,1,6,0.214,1,28,22.53,21.08
2022-03-01,2022,3,S02,SKU0018,GROCERY,4432,0,0,0.0,0,31,22.53,22.53
2022-04-01,2022,4,S02,SKU0018,GROCERY,4918,0,0,0.0,0,30,22.53,22.53
2022-05-01,2022,5,S02,SKU0018,GROCERY,5642,0,0,0.0,1,31,22.53,22.53
2022-06-01,2022,6,S02,SKU0018,GROCERY,5316,1,1,0.033,0,30,22.53,22.3
2022-07-01,2022,7,S02,SKU0018,GROCERY,5920,1,4,0.129,1,31,22.53,21.66
2022-08-01,2022,8,S02,SKU0018,GROCERY,4979,0,0,0.0,0,31,22.53,22.53
2022-09-01,2022,9,S02,SKU0018,GROCERY,4454,0,0,0.0,0,30,22.53,22.53
2022-10-01,2022,10,S02,SKU0018,GROCERY,4464,0,0,0.0,1,31,22.53,22.53
2022-11-01,2022,11,S02,SKU0018,GROCERY,6916,1,11,0.367,2,30,22.53,20.05
2022-12-01,2022,12,S02,SKU0018,GROCERY,4392,1,2,0.065,3,31,22.53,22.09
2023-01-01,2023,1,S02,SKU0018,GROCERY,3518,0,0,0.0,1,31,22.53,22.53
2023-02-01,2023,2,S02,SKU0018,GROCERY,3460,0,0,0.0,1,28,22.53,22.53
2023-03-01,2023,3,S02,SKU0018,GROCERY,4676,0,0,0.0,0,31,22.53,22.53
2023-04-01,2023,4,S02,SKU0018,GROCERY,5956,0,0,0.0,0,30,22.53,22.53
2023-05-01,2023,5,S02,SKU0018,GROCERY,6519,1,1,0.032,1,31,22.53,22.31
2023-06-01,2023,6,S02,SKU0018,GROCERY,8698,1,9,0.3,0,30,22.53,20.5
2023-07-01,2023,7,S02,SKU0018,GROCERY,7827,1,8,0.258,1,31,22.53,20.79
2023-08-01,2023,8,S02,SKU0018,GROCERY,6534,1,6,0.194,0,31,22.53,21.22
2023-09-01,2023,9,S02,SKU0018,GROCERY,5192,0,0,0.0,0,30,22.53,22.53
2023-10-01,2023,10,S02,SKU0018,GROCERY,5775,0,0,0.0,1,31,22.53,22.53
2023-11-01,2023,11,S02,SKU0018,GROCERY,5308,0,0,0.0,2,30,22.53,22.53
2023-12-01,2023,12,S02,SKU0018,GROCERY,4989,0,0,0.0,3,31,22.53,22.53
2024-01-01,2024,1,S02,SKU0018,GROCERY,6517,1,13,0.419,1,31,22.53,19.7
2024-02-01,2024,2,S02,SKU0018,GROCERY,4179,0,0,0.0,1,29,22.53,22.53
2024-03-01,2024,3,S02,SKU0018,GROCERY,5935,0,0,0.0,0,31,22.53,22.53
2024-04-01,2024,4,S02,SKU0018,GROCERY,6103,0,0,0.0,0,30,22.53,22.53
2024-05-01,2024,5,S02,SKU0018,GROCERY,7542,0,0,0.0,1,31,22.53,22.53
2024-06-01,2024,6,S02,SKU0018,GROCERY,6667,0,0,0.0,0,30,22.53,22.53
2024-07-01,2024,7,S02,SKU0018,GROCERY,8308,1,11,0.355,1,31,22.53,20.13
2024-08-01,2024,8,S02,SKU0018,GROCERY,6214,0,0,0.0,0,31,22.53,22.53
2024-09-01,2024,9,S02,SKU0018,GROCERY,5500,0,0,0.0,0,30,22.53,22.53
2024-10-01,2024,10,S02,SKU0018,GROCERY,9219,1,12,0.387,1,31,22.53,19.91
2024-11-01,2024,11,S02,SKU0018,GROCERY,6227,0,0,0.0,2,30,22.53,22.53
2024-12-01,2024,12,S02,SKU0018,GROCERY,5621,1,5,0.161,3,31,22.53,21.44
2025-01-01,2025,1,S02,SKU0018,GROCERY,5043,0,0,0.0,1,31,22.53,22.53
2025-02-01,2025,2,S02,SKU0018,GROCERY,5006,1,3,0.107,1,28,22.53,21.81
2025-03-01,2025,3,S02,SKU0018,GROCERY,9295,1,11,0.355,0,31,22.53,20.13
2025-04-01,2025,4,S02,SKU0018,GROCERY,7515,0,0,0.0,0,30,22.53,22.53
2025-05-01,2025,5,S02,SKU0018,GROCERY,8208,0,0,0.0,1,31,22.53,22.53
2025-06-01,2025,6,S02,SKU0018,GROCERY,8318,1,5,0.167,0,30,22.53,21.4
2025-07-01,2025,7,S02,SKU0018,GROCERY,7457,0,0,0.0,1,31,22.53,22.53
2025-08-01,2025,8,S02,SKU0018,GROCERY,6563,0,0,0.0,0,31,22.53,22.53
2025-09-01,2025,9,S02,SKU0018,GROCERY,6565,0,0,0.0,0,30,22.53,22.53
2025-10-01,2025,10,S02,SKU0018,GROCERY,10818,1,8,0.258,1,31,22.53,20.79
2025-11-01,2025,11,S02,SKU0018,GROCERY,6963,0,0,0.0,2,30,22.53,22.53
2025-12-01,2025,12,S02,SKU0018,GROCERY,5856,0,0,0.0,3,31,22.53,22.53
2022-01-01,2022,1,S02,SKU0019,GROCERY,2810,0,0,0.0,1,31,3.58,3.58
2022-02-01,2022,2,S02,SKU0019,GROCERY,2444,0,0,0.0,1,28,3.58,3.58
2022-03-01,2022,3,S02,SKU0019,GROCERY,3598,0,0,0.0,0,31,3.58,3.58
2022-04-01,2022,4,S02,SKU0019,GROCERY,4863,1,5,0.167,0,30,3.58,3.4
2022-05-01,2022,5,S02,SKU0019,GROCERY,5228,0,0,0.0,1,31,3.58,3.58
2022-06-01,2022,6,S02,SKU0019,GROCERY,5125,1,6,0.2,0,30,3.58,3.37
2022-07-01,2022,7,S02,SKU0019,GROCERY,5243,1,3,0.097,1,31,3.58,3.48
2022-08-01,2022,8,S02,SKU0019,GROCERY,3759,0,0,0.0,0,31,3.58,3.58
2022-09-01,2022,9,S02,SKU0019,GROCERY,4045,0,0,0.0,0,30,3.58,3.58
2022-10-01,2022,10,S02,SKU0019,GROCERY,4100,0,0,0.0,1,31,3.58,3.58
2022-11-01,2022,11,S02,SKU0019,GROCERY,3649,0,0,0.0,2,30,3.58,3.58
2022-12-01,2022,12,S02,SKU0019,GROCERY,3545,0,0,0.0,3,31,3.58,3.58
2023-01-01,2023,1,S02,SKU0019,GROCERY,3702,1,6,0.194,1,31,3.58,3.37
2023-02-01,2023,2,S02,SKU0019,GROCERY,3880,1,7,0.25,1,28,3.58,3.31
2023-03-01,2023,3,S02,SKU0019,GROCERY,5989,1,10,0.323,0,31,3.58,3.23
2023-04-01,2023,4,S02,SKU0019,GROCERY,4783,0,0,0.0,0,30,3.58,3.58
2023-05-01,2023,5,S02,SKU0019,GROCERY,6607,1,6,0.194,1,31,3.58,3.37
2023-06-01,2023,6,S02,SKU0019,GROCERY,6477,1,7,0.233,0,30,3.58,3.33
2023-07-01,2023,7,S02,SKU0019,GROCERY,4822,1,1,0.032,1,31,3.58,3.55
2023-08-01,2023,8,S02,SKU0019,GROCERY,4359,0,0,0.0,0,31,3.58,3.58
2023-09-01,2023,9,S02,SKU0019,GROCERY,4514,0,0,0.0,0,30,3.58,3.58
2023-10-01,2023,10,S02,SKU0019,GROCERY,4784,0,0,0.0,1,31,3.58,3.58
2023-11-01,2023,11,S02,SKU0019,GROCERY,6238,1,10,0.333,2,30,3.58,3.22
2023-12-01,2023,12,S02,SKU0019,GROCERY,4285,0,0,0.0,3,31,3.58,3.58
2024-01-01,2024,1,S02,SKU0019,GROCERY,3652,0,0,0.0,1,31,3.58,3.58
2024-02-01,2024,2,S02,SKU0019,GROCERY,3672,0,0,0.0,1,29,3.58,3.58
2024-03-01,2024,3,S02,SKU0019,GROCERY,4641,0,0,0.0,0,31,3.58,3.58
2024-04-01,2024,4,S02,SKU0019,GROCERY,7198,1,11,0.367,0,30,3.58,3.19
2024-05-01,2024,5,S02,SKU0019,GROCERY,5953,0,0,0.0,1,31,3.58,3.58
2024-06-01,2024,6,S02,SKU0019,GROCERY,5835,0,0,0.0,0,30,3.58,3.58
2024-07-01,2024,7,S02,SKU0019,GROCERY,5203,0,0,0.0,1,31,3.58,3.58
2024-08-01,2024,8,S02,SKU0019,GROCERY,7274,1,13,0.419,0,31,3.58,3.13
2024-09-01,2024,9,S02,SKU0019,GROCERY,4872,0,0,0.0,0,30,3.58,3.58
2024-10-01,2024,10,S02,SKU0019,GROCERY,6284,1,8,0.258,1,31,3.58,3.3
2024-11-01,2024,11,S02,SKU0019,GROCERY,4907,0,0,0.0,2,30,3.58,3.58
2024-12-01,2024,12,S02,SKU0019,GROCERY,4696,0,0,0.0,3,31,3.58,3.58
2025-01-01,2025,1,S02,SKU0019,GROCERY,3856,0,0,0.0,1,31,3.58,3.58
2025-02-01,2025,2,S02,SKU0019,GROCERY,3849,0,0,0.0,1,28,3.58,3.58
2025-03-01,2025,3,S02,SKU0019,GROCERY,5438,0,0,0.0,0,31,3.58,3.58
2025-04-01,2025,4,S02,SKU0019,GROCERY,8284,1,7,0.233,0,30,3.58,3.33
2025-05-01,2025,5,S02,SKU0019,GROCERY,7121,0,0,0.0,1,31,3.58,3.58
2025-06-01,2025,6,S02,SKU0019,GROCERY,7384,1,6,0.2,0,30,3.58,3.37
2025-07-01,2025,7,S02,SKU0019,GROCERY,6317,0,0,0.0,1,31,3.58,3.58
2025-08-01,2025,8,S02,SKU0019,GROCERY,5722,0,0,0.0,0,31,3.58,3.58
2025-09-01,2025,9,S02,SKU0019,GROCERY,5511,0,0,0.0,0,30,3.58,3.58
2025-10-01,2025,10,S02,SKU0019,GROCERY,8167,1,10,0.323,1,31,3.58,3.23
2025-11-01,2025,11,S02,SKU0019,GROCERY,6204,0,0,0.0,2,30,3.58,3.58
2025-12-01,2025,12,S02,SKU0019,GROCERY,7241,1,9,0.29,3,31,3.58,3.27
2022-01-01,2022,1,S02,SKU0020,GROCERY,2070,1,7,0.226,1,31,9.15,8.53
2022-02-01,2022,2,S02,SKU0020,GROCERY,1499,0,0,0.0,1,28,9.15,9.15
2022-03-01,2022,3,S02,SKU0020,GROCERY,2617,1,8,0.258,0,31,9.15,8.44
2022-04-01,2022,4,S02,SKU0020,GROCERY,2434,0,0,0.0,0,30,9.15,9.15
2022-05-01,2022,5,S02,SKU0020,GROCERY,2629,1,1,0.032,1,31,9.15,9.06
2022-06-01,2022,6,S02,SKU0020,GROCERY,3151,1,4,0.133,0,30,9.15,8.78
2022-07-01,2022,7,S02,SKU0020,GROCERY,2120,0,0,0.0,1,31,9.15,9.15
2022-08-01,2022,8,S02,SKU0020,GROCERY,1843,0,0,0.0,0,31,9.15,9.15
2022-09-01,2022,9,S02,SKU0020,GROCERY,2457,1,5,0.167,0,30,9.15,8.69
2022-10-01,2022,10,S02,SKU0020,GROCERY,1900,0,0,0.0,1,31,9.15,9.15
2022-11-01,2022,11,S02,SKU0020,GROCERY,1916,0,0,0.0,2,30,9.15,9.15
2022-12-01,2022,12,S02,SKU0020,GROCERY,2047,0,0,0.0,3,31,9.15,9.15
2023-01-01,2023,1,S02,SKU0020,GROCERY,1581,0,0,0.0,1,31,9.15,9.15
2023-02-01,2023,2,S02,SKU0020,GROCERY,1532,0,0,0.0,1,28,9.15,9.15
2023-03-01,2023,3,S02,SKU0020,GROCERY,1730,0,0,0.0,0,31,9.15,9.15
2023-04-01,2023,4,S02,SKU0020,GROCERY,2279,0,0,0.0,0,30,9.15,9.15
2023-05-01,2023,5,S02,SKU0020,GROCERY,3021,1,6,0.194,1,31,9.15,8.62
2023-06-01,2023,6,S02,SKU0020,GROCERY,2378,0,0,0.0,0,30,9.15,9.15
2023-07-01,2023,7,S02,SKU0020,GROCERY,2091,0,0,0.0,1,31,9.15,9.15
2023-08-01,2023,8,S02,SKU0020,GROCERY,2413,1,7,0.226,0,31,9.15,8.53
2023-09-01,2023,9,S02,SKU0020,GROCERY,2217,1,6,0.2,0,30,9.15,8.6
2023-10-01,2023,10,S02,SKU0020,GROCERY,2061,0,0,0.0,1,31,9.15,9.15
2023-11-01,2023,11,S02,SKU0020,GROCERY,1852,0,0,0.0,2,30,9.15,9.15
2023-12-01,2023,12,S02,SKU0020,GROCERY,2002,1,5,0.161,3,31,9.15,8.71
2024-01-01,2024,1,S02,SKU0020,GROCERY,1315,0,0,0.0,1,31,9.15,9.15
2024-02-01,2024,2,S02,SKU0020,GROCERY,2105,1,11,0.379,1,29,9.15,8.11
2024-03-01,2024,3,S02,SKU0020,GROCERY,1878,0,0,0.0,0,31,9.15,9.15
2024-04-01,2024,4,S02,SKU0020,GROCERY,3207,1,10,0.333,0,30,9.15,8.24
2024-05-01,2024,5,S02,SKU0020,GROCERY,2769,1,3,0.097,1,31,9.15,8.88
2024-06-01,2024,6,S02,SKU0020,GROCERY,3441,1,14,0.467,0,30,9.15,7.87
2024-07-01,2024,7,S02,SKU0020,GROCERY,2052,0,0,0.0,1,31,9.15,9.15
2024-08-01,2024,8,S02,SKU0020,GROCERY,2212,1,7,0.226,0,31,9.15,8.53
2024-09-01,2024,9,S02,SKU0020,GROCERY,1816,0,0,0.0,0,30,9.15,9.15
2024-10-01,2024,10,S02,SKU0020,GROCERY,1902,0,0,0.0,1,31,9.15,9.15
2024-11-01,2024,11,S02,SKU0020,GROCERY,1895,0,0,0.0,2,30,9.15,9.15
2024-12-01,2024,12,S02,SKU0020,GROCERY,1625,0,0,0.0,3,31,9.15,9.15
2025-01-01,2025,1,S02,SKU0020,GROCERY,1900,1,11,0.355,1,31,9.15,8.18
2025-02-01,2025,2,S02,SKU0020,GROCERY,1687,1,3,0.107,1,28,9.15,8.86
2025-03-01,2025,3,S02,SKU0020,GROCERY,1715,0,0,0.0,0,31,9.15,9.15
2025-04-01,2025,4,S02,SKU0020,GROCERY,1871,0,0,0.0,0,30,9.15,9.15
2025-05-01,2025,5,S02,SKU0020,GROCERY,2387,0,0,0.0,1,31,9.15,9.15
2025-06-01,2025,6,S02,SKU0020,GROCERY,1980,0,0,0.0,0,30,9.15,9.15
2025-07-01,2025,7,S02,SKU0020,GROCERY,1920,0,0,0.0,1,31,9.15,9.15
2025-08-01,2025,8,S02,SKU0020,GROCERY,2101,1,3,0.097,0,31,9.15,8.88
2025-09-01,2025,9,S02,SKU0020,GROCERY,2295,1,8,0.267,0,30,9.15,8.42
2025-10-01,2025,10,S02,SKU0020,GROCERY,1810,0,0,0.0,1,31,9.15,9.15
2025-11-01,2025,11,S02,SKU0020,GROCERY,1692,0,0,0.0,2,30,9.15,9.15
2025-12-01,2025,12,S02,SKU0020,GROCERY,1478,0,0,0.0,3,31,9.15,9.15
