Backend/api_data/ds_61b6ca015029__retail_sku_sales_monthly.csv
year_month,year,month,store_id,sku_id,category,qty_sold,promo_flag,promo_days,promo_intensity,holiday_days,days_in_month,list_price,avg_selling_price
2022-01-01,2022,1,S02,SKU0021,DAIRY,1346,0,0,0.0,1,31,20.98,20.98
2022-02-01,2022,2,S02,SKU0021,DAIRY,1164,0,0,0.0,1,28,20.98,20.98
2022-03-01,2022,3,S02,SKU0021,DAIRY,1594,0,0,0.0,0,31,20.98,20.98
2022-04-01,2022,4,S02,SKU0021,DAIRY,1885,1,5,0.167,0,30,20.98,19.93
2022-05-01,2022,5,S02,SKU0021,DAIRY,1982,0,0,0.0,1,31,20.98,20.98
2022-06-01,2022,6,S02,SKU0021,DAIRY,2020,0,0,0.0,0,30,20.98,20.98
2022-07-01,2022,7,S02,SKU0021,DAIRY,2101,0,0,0.0,1,31,20.98,20.98
2022-08-01,2022,8,S02,SKU0021,DAIRY,1976,0,0,0.0,0,31,20.98,20.98
2022-09-01,2022,9,S02,SKU0021,DAIRY,1549,0,0,0.0,0,30,20.98,20.98
2022-10-01,2022,10,S02,SKU0021,DAIRY,1567,0,0,0.0,1,31,20.98,20.98
2022-11-01,2022,11,S02,SKU0021,DAIRY,1620,0,0,0.0,2,30,20.98,20.98
2022-12-01,2022,12,S02,SKU0021,DAIRY,1521,0,0,0.0,3,31,20.98,20.98
2023-01-01,2023,1,S02,SKU0021,DAIRY,1555,1,9,0.29,1,31,20.98,19.15
2023-02-01,2023,2,S02,SKU0021,DAIRY,1131,0,0,0.0,1,28,20.98,20.98
2023-03-01,2023,3,S02,SKU0021,DAIRY,1533,0,0,0.0,0,31,20.98,20.98
2023-04-01,2023,4,S02,SKU0021,DAIRY,1957,0,0,0.0,0,30,20.98,20.98
2023-05-01,2023,5,S02,SKU0021,DAIRY,2189,1,1,0.032,1,31,20.98,20.78
2023-06-01,2023,6,S02,SKU0021,DAIRY,2520,1,4,0.133,0,30,20.98,20.14
2023-07-01,2023,7,S02,SKU0021,DAIRY,2315,1,6,0.194,1,31,20.98,19.76
2023-08-01,2023,8,S02,SKU0021,DAIRY,1992,1,3,0.097,0,31,20.98,20.37
2023-09-01,2023,9,S02,SKU0021,DAIRY,1539,0,0,0.0,0,30,20.98,20.98
2023-10-01,2023,10,S02,SKU0021,DAIRY,1650,0,0,0.0,1,31,20.98,20.98
2023-11-01,2023,11,S02,SKU0021,DAIRY,2102,1,12,0.4,2,30,20.98,18.46
2023-12-01,2023,12,S02,SKU0021,DAIRY,1474,0,0,0.0,3,31,20.98,20.98
2024-01-01,2024,1,S02,SKU0021,DAIRY,1317,0,0,0.0,1,31,20.98,20.98
2024-02-01,2024,2,S02,SKU0021,DAIRY,1545,1,11,0.379,1,29,20.98,18.59
2024-03-01,2024,3,S02,SKU0021,DAIRY,2093,1,10,0.323,0,31,20.98,18.95
2024-04-01,2024,4,S02,SKU0021,DAIRY,2060,1,5,0.167,0,30,20.98,19.93
2024-05-01,2024,5,S02,SKU0021,DAIRY,2114,1,2,0.065,1,31,20.98,20.57
2024-06-01,2024,6,S02,SKU0021,DAIRY,2212,0,0,0.0,0,30,20.98,20.98
2024-07-01,2024,7,S02,SKU0021,DAIRY,1922,0,0,0.0,1,31,20.98,20.98
2024-08-01,2024,8,S02,SKU0021,DAIRY,2016,0,0,0.0,0,31,20.98,20.98
2024-09-01,2024,9,S02,SKU0021,DAIRY,1666,0,0,0.0,0,30,20.98,20.98
2024-10-01,2024,10,S02,SKU0021,DAIRY,1727,1,5,0.161,1,31,20.98,19.97
2024-11-01,2024,11,S02,SKU0021,DAIRY,1597,0,0,0.0,2,30,20.98,20.98
2024-12-01,2024,12,S02,SKU0021,DAIRY,1411,0,0,0.0,3,31,20.98,20.98
2025-01-01,2025,1,S02,SKU0021,DAIRY,1473,1,8,0.258,1,31,20.98,19.36
2025-02-01,2025,2,S02,SKU0021,DAIRY,1287,0,0,0.0,1,28,20.98,20.98
2025-03-01,2025,3,S02,SKU0021,DAIRY,1575,0,0,0.0,0,31,20.98,20.98
2025-04-01,2025,4,S02,SKU0021,DAIRY,1830,0,0,0.0,0,30,20.98,20.98
2025-05-01,2025,5,S02,SKU0021,DAIRY,2538,1,7,0.226,1,31,20.98,19.56
2025-06-01,2025,6,S02,SKU0021,DAIRY,2313,1,2,0.067,0,30,20.98,20.56
2025-07-01,2025,7,S02,SKU0021,DAIRY,1920,0,0,0.0,1,31,20.98,20.98
2025-08-01,2025,8,S02,SKU0021,DAIRY,2096,0,0,0.0,0,31,20.98,20.98
2025-09-01,2025,9,S02,SKU0021,DAIRY,1902,1,5,0.167,0,30,20.98,19.93
2025-10-01,2025,10,S02,SKU0021,DAIRY,1763,0,0,0.0,1,31,20.98,20.98
2025-11-01,2025,11,S02,SKU0021,DAIRY,1729,0,0,0.0,2,30,20.98,20.98
2025-12-01,2025,12,S02,SKU0021,DAIRY,1582,1,3,0.097,3,31,20.98,20.37
2022-01-01,2022,1,S02,SKU0022,DAIRY,1172,0,0,0.0,1,31,14.25,14.25
2022-02-01,2022,2,S02,SKU0022,DAIRY,1157,0,0,0.0,1,28,14.25,14.25
2022-03-01,2022,3,S02,SKU0022,DAIRY,1401,0,0,0.0,0,31,14.25,14.25
2022-04-01,2022,4,S02,SKU0022,DAIRY,2109,1,6,0.2,0,30,14.25,13.39
2022-05-01,2022,5,S02,SKU0022,DAIRY,2452,1,6,0.194,1,31,14.25,13.42
2022-06-01,2022,6,S02,SKU0022,DAIRY,2055,0,0,0.0,0,30,14.25,14.25
2022-07-01,2022,7,S02,SKU0022,DAIRY,2021,0,0,0.0,1,31,14.25,14.25
2022-08-01,2022,8,S02,SKU0022,DAIRY,1741,0,0,0.0,0,31,14.25,14.25
2022-09-01,2022,9,S02,SKU0022,DAIRY,1597,1,1,0.033,0,30,14.25,14.11
2022-10-01,2022,10,S02,SKU0022,DAIRY,1835,1,5,0.161,1,31,14.25,13.56
2022-11-01,2022,11,S02,SKU0022,DAIRY,1965,1,11,0.367,2,30,14.25,12.68
2022-12-01,2022,12,S02,SKU0022,DAIRY,1361,0,0,0.0,3,31,14.25,14.25
2023-01-01,2023,1,S02,SKU0022,DAIRY,1292,0,0,0.0,1,31,14.25,14.25
2023-02-01,2023,2,S02,SKU0022,DAIRY,1237,0,0,0.0,1,28,14.25,14.25
2023-03-01,2023,3,S02,SKU0022,DAIRY,1599,1,1,0.032,0,31,14.25,14.11
2023-04-01,2023,4,S02,SKU0022,DAIRY,2906,1,13,0.433,0,30,14.25,12.4
2023-05-01,2023,5,S02,SKU0022,DAIRY,1760,0,0,0.0,1,31,14.25,14.25
2023-06-01,2023,6,S02,SKU0022,DAIRY,2096,0,0,0.0,0,30,14.25,14.25
2023-07-01,2023,7,S02,SKU0022,DAIRY,1944,0,0,0.0,1,31,14.25,14.25
2023-08-01,2023,8,S02,SKU0022,DAIRY,1839,0,0,0.0,0,31,14.25,14.25
2023-09-01,2023,9,S02,SKU0022,DAIRY,2269,1,12,0.4,0,30,14.25,12.54
2023-10-01,2023,10,S02,SKU0022,DAIRY,1537,0,0,0.0,1,31,14.25,14.25
2023-11-01,2023,11,S02,SKU0022,DAIRY,1925,1,6,0.2,2,30,14.25,13.39
2023-12-01,2023,12,S02,SKU0022,DAIRY,1434,0,0,0.0,3,31,14.25,14.25
2024-01-01,2024,1,S02,SKU0022,DAIRY,1347,0,0,0.0,1,31,14.25,14.25
2024-02-01,2024,2,S02,SKU0022,DAIRY,1805,1,10,0.345,1,29,14.25,12.77
2024-03-01,2024,3,S02,SKU0022,DAIRY,1605,1,2,0.065,0,31,14.25,13.97
2024-04-01,2024,4,S02,SKU0022,DAIRY,2179,1,5,0.167,0,30,14.25,13.54
2024-05-01,2024,5,S02,SKU0022,DAIRY,2529,1,7,0.226,1,31,14.25,13.28
2024-06-01,2024,6,S02,SKU0022,DAIRY,3103,1,11,0.367,0,30,14.25,12.68
2024-07-01,2024,7,S02,SKU0022,DAIRY,2039,0,0,0.0,1,31,14.25,14.25
2024-08-01,2024,8,S02,SKU0022,DAIRY,1854,0,0,0.0,0,31,14.25,14.25
2024-09-01,2024,9,S02,SKU0022,DAIRY,1474,0,0,0.0,0,30,14.25,14.25
2024-10-01,2024,10,S02,SKU0022,DAIRY,2237,1,9,0.29,1,31,14.25,13.01
2024-11-01,2024,11,S02,SKU0022,DAIRY,2329,1,10,0.333,2,30,14.25,12.82
2024-12-01,2024,12,S02,SKU0022,DAIRY,1838,1,9,0.29,3,31,14.25,13.01
2025-01-01,2025,1,S02,SKU0022,DAIRY,1254,1,2,0.065,1,31,14.25,13.97
2025-02-01,2025,2,S02,SKU0022,DAIRY,1361,1,3,0.107,1,28,14.25,13.79
2025-03-01,2025,3,S02,SKU0022,DAIRY,1909,1,7,0.226,0,31,14.25,13.28
2025-04-01,2025,4,S02,SKU0022,DAIRY,2186,1,6,0.2,0,30,14.25,13.39
2025-05-01,2025,5,S02,SKU0022,DAIRY,2112,0,0,0.0,1,31,14.25,14.25
2025-06-01,2025,6,S02,SKU0022,DAIRY,2297,0,0,0.0,0,30,14.25,14.25
2025-07-01,2025,7,S02,SKU0022,DAIRY,2002,0,0,0.0,1,31,14.25,14.25
2025-08-01,2025,8,S02,SKU0022,DAIRY,1819,0,0,0.0,0,31,14.25,14.25
2025-09-01,2025,9,S02,SKU0022,DAIRY,2215,1,11,0.367,0,30,14.25,12.68
2025-10-01,2025,10,S02,SKU0022,DAIRY,1678,0,0,0.0,1,31,14.25,14.25
2025-11-01,2025,11,S02,SKU0022,DAIRY,1623,0,0,0.0,2,30,14.25,14.25
2025-12-01,2025,12,S02,SKU0022,DAIRY,1735,1,9,0.29,3,31,14.25,13.01
2022-01-01,2022,1,S02,SKU0023,DAIRY,800,0,0,0.0,1,31,3.25,3.25
2022-02-01,2022,2,S02,SKU0023,DAIRY,831,0,0,0.0,1,28,3.25,3.25
2022-03-01,2022,3,S02,SKU0023,DAIRY,1202,1,14,0.452,0,31,3.25,2.81
2022-04-01,2022,4,S02,SKU0023,DAIRY,1371,1,5,0.167,0,30,3.25,3.09
2022-05-01,2022,5,S02,SKU0023,DAIRY,1224,0,0,0.0,1,31,3.25,3.25
2022-06-01,2022,6,S02,SKU0023,DAIRY,1822,1,14,0.467,0,30,3.25,2.79
2022-07-01,2022,7,S02,SKU0023,DAIRY,1519,1,7,0.226,1,31,3.25,3.03
2022-08-01,2022,8,S02,SKU0023,DAIRY,1355,1,4,0.129,0,31,3.25,3.12
2022-09-01,2022,9,S02,SKU0023,DAIRY,999,0,0,0.0,0,30,3.25,3.25
2022-10-01,2022,10,S02,SKU0023,DAIRY,1246,0,0,0.0,1,31,3.25,3.25
2022-11-01,2022,11,S02,SKU0023,DAIRY,1102,0,0,0.0,2,30,3.25,3.25
2022-12-01,2022,12,S02,SKU0023,DAIRY,989,0,0,0.0,3,31,3.25,3.25
2023-01-01,2023,1,S02,SKU0023,DAIRY,1066,1,7,0.226,1,31,3.25,3.03
2023-02-01,2023,2,S02,SKU0023,DAIRY,856,0,0,0.0,1,28,3.25,3.25
2023-03-01,2023,3,S02,SKU0023,DAIRY,1122,0,0,0.0,0,31,3.25,3.25
2023-04-01,2023,4,S02,SKU0023,DAIRY,1662,1,13,0.433,0,30,3.25,2.83
2023-05-01,2023,5,S02,SKU0023,DAIRY,1562,0,0,0.0,1,31,3.25,3.25
2023-06-01,2023,6,S02,SKU0023,DAIRY,1631,0,0,0.0,0,30,3.25,3.25
2023-07-01,2023,7,S02,SKU0023,DAIRY,1650,0,0,0.0,1,31,3.25,3.25
2023-08-01,2023,8,S02,SKU0023,DAIRY,1400,0,0,0.0,0,31,3.25,3.25
2023-09-01,2023,9,S02,SKU0023,DAIRY,1230,0,0,0.0,0,30,3.25,3.25
2023-10-01,2023,10,S02,SKU0023,DAIRY,1476,1,7,0.226,1,31,3.25,3.03
2023-11-01,2023,11,S02,SKU0023,DAIRY,1418,0,0,0.0,2,30,3.25,3.25
2023-12-01,2023,12,S02,SKU0023,DAIRY,1205,0,0,0.0,3,31,3.25,3.25
2024-01-01,2024,1,S02,SKU0023,DAIRY,1143,1,7,0.226,1,31,3.25,3.03
2024-02-01,2024,2,S02,SKU0023,DAIRY,1002,0,0,0.0,1,29,3.25,3.25
2024-03-01,2024,3,S02,SKU0023,DAIRY,1271,0,0,0.0,0,31,3.25,3.25
2024-04-01,2024,4,S02,SKU0023,DAIRY,1483,0,0,0.0,0,30,3.25,3.25
2024-05-01,2024,5,S02,SKU0023,DAIRY,1639,0,0,0.0,1,31,3.25,3.25
2024-06-01,2024,6,S02,SKU0023,DAIRY,1791,0,0,0.0,0,30,3.25,3.25
2024-07-01,2024,7,S02,SKU0023,DAIRY,1735,0,0,0.0,1,31,3.25,3.25
2024-08-01,2024,8,S02,SKU0023,DAIRY,1551,0,0,0.0,0,31,3.25,3.25
2024-09-01,2024,9,S02,SKU0023,DAIRY,1301,0,0,0.0,0,30,3.25,3.25
2024-10-01,2024,10,S02,SKU0023,DAIRY,1331,0,0,0.0,1,31,3.25,3.25
2024-11-01,2024,11,S02,SKU0023,DAIRY,1367,0,0,0.0,2,30,3.25,3.25
2024-12-01,2024,12,S02,SKU0023,DAIRY,1277,0,0,0.0,3,31,3.25,3.25
2025-01-01,2025,1,S02,SKU0023,DAIRY,1427,1,11,0.355,1,31,3.25,2.9
2025-02-01,2025,2,S02,SKU0023,DAIRY,1052,0,0,0.0,1,28,3.25,3.25
2025-03-01,2025,3,S02,SKU0023,DAIRY,1463,0,0,0.0,0,31,3.25,3.25
2025-04-01,2025,4,S02,SKU0023,DAIRY,1855,1,10,0.333,0,30,3.25,2.92
2025-05-01,2025,5,S02,SKU0023,DAIRY,2221,1,4,0.129,1,31,3.25,3.12
2025-06-01,2025,6,S02,SKU0023,DAIRY,1892,0,0,0.0,0,30,3.25,3.25
2025-07-01,2025,7,S02,SKU0023,DAIRY,1818,1,5,0.161,1,31,3.25,3.09
2025-08-01,2025,8,S02,SKU0023,DAIRY,1899,1,3,0.097,0,31,3.25,3.16
2025-09-01,2025,9,S02,SKU0023,DAIRY,1567,0,0,0.0,0,30,3.25,3.25
2025-10-01,2025,10,S02,SKU0023,DAIRY,1464,0,0,0.0,1,31,3.25,3.25
2025-11-01,2025,11,S02,SKU0023,DAIRY,2166,1,14,0.467,2,30,3.25,2.79
2025-12-01,2025,12,S02,SKU0023,DAIRY,1268,0,0,0.0,3,31,3.25,3.25
2022-01-01,2022,1,S02,SKU0024,DAIRY,3182,1,8,0.258,1,31,6.17,5.69
2022-02-01,2022,2,S02,SKU0024,DAIRY,2372,0,0,0.0,1,28,6.17,6.17
2022-03-01,2022,3,S02,SKU0024,DAIRY,3178,0,0,0.0,0,31,6.17,6.17
2022-04-01,2022,4,S02,SKU0024,DAIRY,3940,0,0,0.0,0,30,6.17,6.17
2022-05-01,2022,5,S02,SKU0024,DAIRY,5310,1,7,0.226,1,31,6.17,5.75
2022-06-01,2022,6,S02,SKU0024,DAIRY,4138,0,0,0.0,0,30,6.17,6.17
2022-07-01,2022,7,S02,SKU0024,DAIRY,4184,0,0,0.0,1,31,6.17,6.17
2022-08-01,2022,8,S02,SKU0024,DAIRY,3819,0,0,0.0,0,31,6.17,6.17
2022-09-01,2022,9,S02,SKU0024,DAIRY,3379,0,0,0.0,0,30,6.17,6.17
2022-10-01,2022,10,S02,SKU0024,DAIRY,3514,0,0,0.0,1,31,6.17,6.17
2022-11-01,2022,11,S02,SKU0024,DAIRY,3811,0,0,0.0,2,30,6.17,6.17
2022-12-01,2022,12,S02,SKU0024,DAIRY,3074,0,0,0.0,3,31,6.17,6.17
2023-01-01,2023,1,S02,SKU0024,DAIRY,3451,1,6,0.194,1,31,6.17,5.81
2023-02-01,2023,2,S02,SKU0024,DAIRY,3356,1,5,0.179,1,28,6.17,5.84
2023-03-01,2023,3,S02,SKU0024,DAIRY,3589,0,0,0.0,0,31,6.17,6.17
2023-04-01,2023,4,S02,SKU0024,DAIRY,6564,1,12,0.4,0,30,6.17,5.43
2023-05-01,2023,5,S02,SKU0024,DAIRY,4698,0,0,0.0,1,31,6.17,6.17
2023-06-01,2023,6,S02,SKU0024,DAIRY,4529,0,0,0.0,0,30,6.17,6.17
2023-07-01,2023,7,S02,SKU0024,DAIRY,4717,0,0,0.0,1,31,6.17,6.17
2023-08-01,2023,8,S02,SKU0024,DAIRY,3751,0,0,0.0,0,31,6.17,6.17
2023-09-01,2023,9,S02,SKU0024,DAIRY,3691,0,0,0.0,0,30,6.17,6.17
2023-10-01,2023,10,S02,SKU0024,DAIRY,3704,0,0,0.0,1,31,6.17,6.17
2023-11-01,2023,11,S02,SKU0024,DAIRY,5691,1,12,0.4,2,30,6.17,5.43
2023-12-01,2023,12,S02,SKU0024,DAIRY,3368,0,0,0.0,3,31,6.17,6.17
2024-01-01,2024,1,S02,SKU0024,DAIRY,3796,1,7,0.226,1,31,6.17,5.75
2024-02-01,2024,2,S02,SKU0024,DAIRY,3435,1,4,0.138,1,29,6.17,5.91
2024-03-01,2024,3,S02,SKU0024,DAIRY,4124,0,0,0.0,0,31,6.17,6.17
2024-04-01,2024,4,S02,SKU0024,DAIRY,4636,0,0,0.0,0,30,6.17,6.17
2024-05-01,2024,5,S02,SKU0024,DAIRY,5068,0,0,0.0,1,31,6.17,6.17
2024-06-01,2024,6,S02,SKU0024,DAIRY,5095,0,0,0.0,0,30,6.17,6.17
2024-07-01,2024,7,S02,SKU0024,DAIRY,4593,0,0,0.0,1,31,6.17,6.17
2024-08-01,2024,8,S02,SKU0024,DAIRY,5939,1,8,0.258,0,31,6.17,5.69
2024-09-01,2024,9,S02,SKU0024,DAIRY,4121,0,0,0.0,0,30,6.17,6.17
2024-10-01,2024,10,S02,SKU0024,DAIRY,4053,0,0,0.0,1,31,6.17,6.17
2024-11-01,2024,11,S02,SKU0024,DAIRY,4463,0,0,0.0,2,30,6.17,6.17
2024-12-01,2024,12,S02,SKU0024,DAIRY,3972,0,0,0.0,3,31,6.17,6.17
2025-01-01,2025,1,S02,SKU0024,DAIRY,3411,0,0,0.0,1,31,6.17,6.17
2025-02-01,2025,2,S02,SKU0024,DAIRY,2789,0,0,0.0,1,28,6.17,6.17
2025-03-01,2025,3,S02,SKU0024,DAIRY,5537,1,6,0.194,0,31,6.17,5.81
2025-04-01,2025,4,S02,SKU0024,DAIRY,5175,0,0,0.0,0,30,6.17,6.17
2025-05-01,2025,5,S02,SKU0024,DAIRY,5983,1,3,0.097,1,31,6.17,5.99
2025-06-01,2025,6,S02,SKU0024,DAIRY,8213,1,11,0.367,0,30,6.17,5.49
2025-07-01,2025,7,S02,SKU0024,DAIRY,5243,0,0,0.0,1,31,6.17,6.17
2025-08-01,2025,8,S02,SKU0024,DAIRY,7712,1,12,0.387,0,31,6.17,5.45
2025-09-01,2025,9,S02,SKU0024,DAIRY,4612,0,0,0.0,0,30,6.17,6.17
2025-10-01,2025,10,S02,SKU0024,DAIRY,5659,1,5,0.161,1,31,6.17,5.87
2025-11-01,2025,11,S02,SKU0024,DAIRY,4912,0,0,0.0,2,30,6.17,6.17
2025-12-01,2025,12,S02,SKU0024,DAIRY,3955,0,0,0.0,3,31,6.17,6.17
2022-01-01,2022,1,S02,SKU0025,DAIRY,498,0,0,0.0,1,31,18.11,18.11
2022-02-01,2022,2,S02,SKU0025,DAIRY,458,0,0,0.0,1,28,18.11,18.11
2022-03-01,2022,3,S02,SKU0025,DAIRY,801,1,12,0.387,0,31,18.11,16.01
2022-04-01,2022,4,S02,SKU0025,DAIRY,857,0,0,0.0,0,30,18.11,18.11
2022-05-01,2022,5,S02,SKU0025,DAIRY,1286,1,12,0.387,1,31,18.11,16.01
2022-06-01,2022,6,S02,SKU0025,DAIRY,996,1,2,0.067,0,30,18.11,17.75
2022-07-01,2022,7,S02,SKU0025,DAIRY,904,0,0,0.0,1,31,18.11,18.11
2022-08-01,2022,8,S02,SKU0025,DAIRY,823,0,0,0.0,0,31,18.11,18.11
2022-09-01,2022,9,S02,SKU0025,DAIRY,819,1,5,0.167,0,30,18.11,17.2
2022-10-01,2022,10,S02,SKU0025,DAIRY,779,0,0,0.0,1,31,18.11,18.11
2022-11-01,2022,11,S02,SKU0025,DAIRY,682,0,0,0.0,2,30,18.11,18.11
2022-12-01,2022,12,S02,SKU0025,DAIRY,703,0,0,0.0,3,31,18.11,18.11
2023-01-01,2023,1,S02,SKU0025,DAIRY,649,1,2,0.065,1,31,18.11,17.76
2023-02-01,2023,2,S02,SKU0025,DAIRY,652,1,8,0.286,1,28,18.11,16.56
2023-03-01,2023,3,S02,SKU0025,DAIRY,809,0,0,0.0,0,31,18.11,18.11
2023-04-01,2023,4,S02,SKU0025,DAIRY,955,0,0,0.0,0,30,18.11,18.11
2023-05-01,2023,5,S02,SKU0025,DAIRY,948,0,0,0.0,1,31,18.11,18.11
2023-06-01,2023,6,S02,SKU0025,DAIRY,1321,1,12,0.4,0,30,18.11,15.94
2023-07-01,2023,7,S02,SKU0025,DAIRY,975,0,0,0.0,1,31,18.11,18.11
2023-08-01,2023,8,S02,SKU0025,DAIRY,966,0,0,0.0,0,31,18.11,18.11
2023-09-01,2023,9,S02,SKU0025,DAIRY,801,0,0,0.0,0,30,18.11,18.11
2023-10-01,2023,10,S02,SKU0025,DAIRY,945,0,0,0.0,1,31,18.11,18.11
2023-11-01,2023,11,S02,SKU0025,DAIRY,975,1,8,0.267,2,30,18.11,16.66
2023-12-01,2023,12,S02,SKU0025,DAIRY,876,1,4,0.129,3,31,18.11,17.41
2024-01-01,2024,1,S02,SKU0025,DAIRY,720,0,0,0.0,1,31,18.11,18.11
2024-02-01,2024,2,S02,SKU0025,DAIRY,792,1,10,0.345,1,29,18.11,16.24
2024-03-01,2024,3,S02,SKU0025,DAIRY,844,0,0,0.0,0,31,18.11,18.11
2024-04-01,2024,4,S02,SKU0025,DAIRY,1271,1,10,0.333,0,30,18.11,16.3
2024-05-01,2024,5,S02,SKU0025,DAIRY,1126,0,0,0.0,1,31,18.11,18.11
2024-06-01,2024,6,S02,SKU0025,DAIRY,1127,0,0,0.0,0,30,18.11,18.11
2024-07-01,2024,7,S02,SKU0025,DAIRY,1288,1,13,0.419,1,31,18.11,15.83
2024-08-01,2024,8,S02,SKU0025,DAIRY,1195,1,9,0.29,0,31,18.11,16.53
2024-09-01,2024,9,S02,SKU0025,DAIRY,950,1,1,0.033,0,30,18.11,17.93
2024-10-01,2024,10,S02,SKU0025,DAIRY,945,0,0,0.0,1,31,18.11,18.11
2024-11-01,2024,11,S02,SKU0025,DAIRY,930,0,0,0.0,2,30,18.11,18.11
2024-12-01,2024,12,S02,SKU0025,DAIRY,840,0,0,0.0,3,31,18.11,18.11
2025-01-01,2025,1,S02,SKU0025,DAIRY,722,0,0,0.0,1,31,18.11,18.11
2025-02-01,2025,2,S02,SKU0025,DAIRY,711,0,0,0.0,1,28,18.11,18.11
2025-03-01,2025,3,S02,SKU0025,DAIRY,1033,0,0,0.0,0,31,18.11,18.11
2025-04-01,2025,4,S02,SKU0025,DAIRY,1109,0,0,0.0,0,30,18.11,18.11
2025-05-01,2025,5,S02,SKU0025,DAIRY,1352,1,1,0.032,1,31,18.11,17.93
2025-06-01,2025,6,S02,SKU0025,DAIRY,1443,1,4,0.133,0,30,18.11,17.39
2025-07-01,2025,7,S02,SKU0025,DAIRY,1237,0,0,0.0,1,31,18.11,18.11
2025-08-01,2025,8,S02,SKU0025,DAIRY,1118,0,0,0.0,0,31,18.11,18.11
2025-09-01,2025,9,S02,SKU0025,DAIRY,1275,1,12,0.4,0,30,18.11,15.94
2025-10-01,2025,10,S02,SKU0025,DAIRY,1262,1,7,0.226,1,31,18.11,16.88
2025-11-01,2025,11,S02,SKU0025,DAIRY,1288,1,4,0.133,2,30,18.11,17.39
2025-12-01,2025,12,S02,SKU0025,DAIRY,847,0,0,0.0,3,31,18.11,18.11
