Backend/api_data/ds_61b6ca015029__retail_sku_sales_monthly.csv
year_month,year,month,store_id,sku_id,category,qty_sold,promo_flag,promo_days,promo_intensity,holiday_days,days_in_month,list_price,avg_selling_price
2022-01-01,2022,1,S02,SKU0026,DAIRY,2484,1,7,0.226,1,31,3.24,3.02
2022-02-01,2022,2,S02,SKU0026,DAIRY,1777,0,0,0.0,1,28,3.24,3.24
2022-03-01,2022,3,S02,SKU0026,DAIRY,2590,1,5,0.161,0,31,3.24,3.08
2022-04-01,2022,4,S02,SKU0026,DAIRY,3459,1,3,0.1,0,30,3.24,3.14
2022-05-01,2022,5,S02,SKU0026,DAIRY,3319,0,0,0.0,1,31,3.24,3.24
2022-06-01,2022,6,S02,SKU0026,DAIRY,3512,0,0,0.0,0,30,3.24,3.24
2022-07-01,2022,7,S02,SKU0026,DAIRY,3148,0,0,0.0,1,31,3.24,3.24
2022-08-01,2022,8,S02,SKU0026,DAIRY,3062,0,0,0.0,0,31,3.24,3.24
2022-09-01,2022,9,S02,SKU0026,DAIRY,2707,0,0,0.0,0,30,3.24,3.24
2022-10-01,2022,10,S02,SKU0026,DAIRY,2857,0,0,0.0,1,31,3.24,3.24
2022-11-01,2022,11,S02,SKU0026,DAIRY,3004,1,6,0.2,2,30,3.24,3.05
2022-12-01,2022,12,S02,SKU0026,DAIRY,2586,0,0,0.0,3,31,3.24,3.24
2023-01-01,2023,1,S02,SKU0026,DAIRY,2208,0,0,0.0,1,31,3.24,3.24
2023-02-01,2023,2,S02,SKU0026,DAIRY,2166,0,0,0.0,1,28,3.24,3.24
2023-03-01,2023,3,S02,SKU0026,DAIRY,2660,0,0,0.0,0,31,3.24,3.24
2023-04-01,2023,4,S02,SKU0026,DAIRY,4213,1,14,0.467,0,30,3.24,2.79
2023-05-01,2023,5,S02,SKU0026,DAIRY,3799,0,0,0.0,1,31,3.24,3.24
2023-06-01,2023,6,S02,SKU0026,DAIRY,3711,0,0,0.0,0,30,3.24,3.24
2023-07-01,2023,7,S02,SKU0026,DAIRY,3586,1,3,0.097,1,31,3.24,3.15
2023-08-01,2023,8,S02,SKU0026,DAIRY,3547,1,2,0.065,0,31,3.24,3.18
2023-09-01,2023,9,S02,SKU0026,DAIRY,3074,0,0,0.0,0,30,3.24,3.24
2023-10-01,2023,10,S02,SKU0026,DAIRY,3002,0,0,0.0,1,31,3.24,3.24
2023-11-01,2023,11,S02,SKU0026,DAIRY,3227,0,0,0.0,2,30,3.24,3.24
2023-12-01,2023,12,S02,SKU0026,DAIRY,2953,0,0,0.0,3,31,3.24,3.24
2024-01-01,2024,1,S02,SKU0026,DAIRY,2774,1,6,0.194,1,31,3.24,3.05
2024-02-01,2024,2,S02,SKU0026,DAIRY,2749,1,7,0.241,1,29,3.24,3.01
2024-03-01,2024,3,S02,SKU0026,DAIRY,3888,1,11,0.355,0,31,3.24,2.9
2024-04-01,2024,4,S02,SKU0026,DAIRY,4272,1,6,0.2,0,30,3.24,3.05
2024-05-01,2024,5,S02,SKU0026,DAIRY,4515,1,8,0.258,1,31,3.24,2.99
2024-06-01,2024,6,S02,SKU0026,DAIRY,3714,0,0,0.0,0,30,3.24,3.24
2024-07-01,2024,7,S02,SKU0026,DAIRY,4780,1,12,0.387,1,31,3.24,2.86
2024-08-01,2024,8,S02,SKU0026,DAIRY,4685,1,14,0.452,0,31,3.24,2.8
2024-09-01,2024,9,S02,SKU0026,DAIRY,3226,0,0,0.0,0,30,3.24,3.24
2024-10-01,2024,10,S02,SKU0026,DAIRY,3252,0,0,0.0,1,31,3.24,3.24
2024-11-01,2024,11,S02,SKU0026,DAIRY,3452,0,0,0.0,2,30,3.24,3.24
2024-12-01,2024,12,S02,SKU0026,DAIRY,3034,0,0,0.0,3,31,3.24,3.24
2025-01-01,2025,1,S02,SKU0026,DAIRY,3356,1,10,0.323,1,31,3.24,2.93
2025-02-01,2025,2,S02,SKU0026,DAIRY,2415,0,0,0.0,1,28,3.24,3.24
2025-03-01,2025,3,S02,SKU0026,DAIRY,3178,0,0,0.0,0,31,3.24,3.24
2025-04-01,2025,4,S02,SKU0026,DAIRY,3956,0,0,0.0,0,30,3.24,3.24
2025-05-01,2025,5,S02,SKU0026,DAIRY,5890,1,11,0.355,1,31,3.24,2.9
2025-06-01,2025,6,S02,SKU0026,DAIRY,4758,0,0,0.0,0,30,3.24,3.24
2025-07-01,2025,7,S02,SKU0026,DAIRY,4653,1,8,0.258,1,31,3.24,2.99
2025-08-01,2025,8,S02,SKU0026,DAIRY,4181,0,0,0.0,0,31,3.24,3.24
2025-09-01,2025,9,S02,SKU0026,DAIRY,3503,0,0,0.0,0,30,3.24,3.24
2025-10-01,2025,10,S02,SKU0026,DAIRY,3737,0,0,0.0,1,31,3.24,3.24
2025-11-01,2025,11,S02,SKU0026,DAIRY,4084,1,5,0.167,2,30,3.24,3.08
2025-12-01,2025,12,S02,SKU0026,DAIRY,3907,1,9,0.29,3,31,3.24,2.96
2022-01-01,2022,1,S02,SKU0027,CLEANING,602,0,0,0.0,1,31,21.78,21.78
2022-02-01,2022,2,S02,SKU0027,CLEANING,531,0,0,0.0,1,28,21.78,21.78
2022-03-01,2022,3,S02,SKU0027,CLEANING,729,0,0,0.0,0,31,21.78,21.78
2022-04-01,2022,4,S02,SKU0027,CLEANING,881,0,0,0.0,0,30,21.78,21.78
2022-05-01,2022,5,S02,SKU0027,CLEANING,1824,1,12,0.387,1,31,21.78,19.25
2022-06-01,2022,6,S02,SKU0027,CLEANING,906,1,1,0.033,0,30,21.78,21.56
2022-07-01,2022,7,S02,SKU0027,CLEANING,919,0,0,0.0,1,31,21.78,21.78
2022-08-01,2022,8,S02,SKU0027,CLEANING,1187,1,10,0.323,0,31,21.78,19.67
2022-09-01,2022,9,S02,SKU0027,CLEANING,742,0,0,0.0,0,30,21.78,21.78
2022-10-01,2022,10,S02,SKU0027,CLEANING,732,0,0,0.0,1,31,21.78,21.78
2022-11-01,2022,11,S02,SKU0027,CLEANING,756,0,0,0.0,2,30,21.78,21.78
2022-12-01,2022,12,S02,SKU0027,CLEANING,671,0,0,0.0,3,31,21.78,21.78
2023-01-01,2023,1,S02,SKU0027,CLEANING,621,1,1,0.032,1,31,21.78,21.57
2023-02-01,2023,2,S02,SKU0027,CLEANING,1019,1,13,0.464,1,28,21.78,18.75
2023-03-01,2023,3,S02,SKU0027,CLEANING,793,0,0,0.0,0,31,21.78,21.78
2023-04-01,2023,4,S02,SKU0027,CLEANING,953,0,0,0.0,0,30,21.78,21.78
2023-05-01,2023,5,S02,SKU0027,CLEANING,1951,1,14,0.452,1,31,21.78,18.83
2023-06-01,2023,6,S02,SKU0027,CLEANING,838,0,0,0.0,0,30,21.78,21.78
2023-07-01,2023,7,S02,SKU0027,CLEANING,797,0,0,0.0,1,31,21.78,21.78
2023-08-01,2023,8,S02,SKU0027,CLEANING,788,1,3,0.097,0,31,21.78,21.15
2023-09-01,2023,9,S02,SKU0027,CLEANING,1267,1,11,0.367,0,30,21.78,19.39
2023-10-01,2023,10,S02,SKU0027,CLEANING,744,0,0,0.0,1,31,21.78,21.78
2023-11-01,2023,11,S02,SKU0027,CLEANING,771,0,0,0.0,2,30,21.78,21.78
2023-12-01,2023,12,S02,SKU0027,CLEANING,661,0,0,0.0,3,31,21.78,21.78
2024-01-01,2024,1,S02,SKU0027,CLEANING,1047,1,13,0.419,1,31,21.78,19.04
2024-02-01,2024,2,S02,SKU0027,CLEANING,554,0,0,0.0,1,29,21.78,21.78
2024-03-01,2024,3,S02,SKU0027,CLEANING,708,0,0,0.0,0,31,21.78,21.78
2024-04-01,2024,4,S02,SKU0027,CLEANING,827,0,0,0.0,0,30,21.78,21.78
2024-05-01,2024,5,S02,SKU0027,CLEANING,1476,1,10,0.323,1,31,21.78,19.67
2024-06-01,2024,6,S02,SKU0027,CLEANING,827,0,0,0.0,0,30,21.78,21.78
2024-07-01,2024,7,S02,SKU0027,CLEANING,1327,1,11,0.355,1,31,21.78,19.46
2024-08-01,2024,8,S02,SKU0027,CLEANING,1194,1,11,0.355,0,31,21.78,19.46
2024-09-01,2024,9,S02,SKU0027,CLEANING,778,1,3,0.1,0,30,21.78,21.13
2024-10-01,2024,10,S02,SKU0027,CLEANING,1265,1,9,0.29,1,31,21.78,19.88
2024-11-01,2024,11,S02,SKU0027,CLEANING,722,0,0,0.0,2,30,21.78,21.78
2024-12-01,2024,12,S02,SKU0027,CLEANING,1123,1,13,0.419,3,31,21.78,19.04
2025-01-01,2025,1,S02,SKU0027,CLEANING,559,0,0,0.0,1,31,21.78,21.78
2025-02-01,2025,2,S02,SKU0027,CLEANING,498,0,0,0.0,1,28,21.78,21.78
2025-03-01,2025,3,S02,SKU0027,CLEANING,773,0,0,0.0,0,31,21.78,21.78
2025-04-01,2025,4,S02,SKU0027,CLEANING,829,0,0,0.0,0,30,21.78,21.78
2025-05-01,2025,5,S02,SKU0027,CLEANING,1275,1,7,0.226,1,31,21.78,20.31
2025-06-01,2025,6,S02,SKU0027,CLEANING,848,0,0,0.0,0,30,21.78,21.78
2025-07-01,2025,7,S02,SKU0027,CLEANING,1216,1,8,0.258,1,31,21.78,20.09
2025-08-01,2025,8,S02,SKU0027,CLEANING,739,1,2,0.065,0,31,21.78,21.36
2025-09-01,2025,9,S02,SKU0027,CLEANING,1268,1,12,0.4,0,30,21.78,19.17
2025-10-01,2025,10,S02,SKU0027,CLEANING,735,0,0,0.0,1,31,21.78,21.78
2025-11-01,2025,11,S02,SKU0027,CLEANING,785,0,0,0.0,2,30,21.78,21.78
2025-12-01,2025,12,S02,SKU0027,CLEANING,634,0,0,0.0,3,31,21.78,21.78
2022-01-01,2022,1,S02,SKU0028,CLEANING,886,0,0,0.0,1,31,2.99,2.99
2022-02-01,2022,2,S02,SKU0028,CLEANING,816,0,0,0.0,1,28,2.99,2.99
2022-03-01,2022,3,S02,SKU0028,CLEANING,1683,1,14,0.452,0,31,2.99,2.58
2022-04-01,2022,4,S02,SKU0028,CLEANING,1266,0,0,0.0,0,30,2.99,2.99
2022-05-01,2022,5,S02,SKU0028,CLEANING,1736,1,5,0.161,1,31,2.99,2.84
2022-06-01,2022,6,S02,SKU0028,CLEANING,1262,0,0,0.0,0,30,2.99,2.99
2022-07-01,2022,7,S02,SKU0028,CLEANING,1766,1,11,0.355,1,31,2.99,2.67
2022-08-01,2022,8,S02,SKU0028,CLEANING,1214,1,2,0.065,0,31,2.99,2.93
2022-09-01,2022,9,S02,SKU0028,CLEANING,1384,1,7,0.233,0,30,2.99,2.78
2022-10-01,2022,10,S02,SKU0028,CLEANING,1218,0,0,0.0,1,31,2.99,2.99
2022-11-01,2022,11,S02,SKU0028,CLEANING,1050,0,0,0.0,2,30,2.99,2.99
2022-12-01,2022,12,S02,SKU0028,CLEANING,1315,1,4,0.129,3,31,2.99,2.87
2023-01-01,2023,1,S02,SKU0028,CLEANING,1147,1,5,0.161,1,31,2.99,2.84
2023-02-01,2023,2,S02,SKU0028,CLEANING,1112,1,7,0.25,1,28,2.99,2.76
2023-03-01,2023,3,S02,SKU0028,CLEANING,1391,1,5,0.161,0,31,2.99,2.84
2023-04-01,2023,4,S02,SKU0028,CLEANING,1258,0,0,0.0,0,30,2.99,2.99
2023-05-01,2023,5,S02,SKU0028,CLEANING,1368,0,0,0.0,1,31,2.99,2.99
2023-06-01,2023,6,S02,SKU0028,CLEANING,1959,1,14,0.467,0,30,2.99,2.57
2023-07-01,2023,7,S02,SKU0028,CLEANING,1112,0,0,0.0,1,31,2.99,2.99
2023-08-01,2023,8,S02,SKU0028,CLEANING,998,0,0,0.0,0,31,2.99,2.99
2023-09-01,2023,9,S02,SKU0028,CLEANING,1189,0,0,0.0,0,30,2.99,2.99
2023-10-01,2023,10,S02,SKU0028,CLEANING,1244,1,3,0.097,1,31,2.99,2.9
2023-11-01,2023,11,S02,SKU0028,CLEANING,1802,1,16,0.533,2,30,2.99,2.51
2023-12-01,2023,12,S02,SKU0028,CLEANING,1248,1,4,0.129,3,31,2.99,2.87
2024-01-01,2024,1,S02,SKU0028,CLEANING,918,0,0,0.0,1,31,2.99,2.99
2024-02-01,2024,2,S02,SKU0028,CLEANING,1092,1,7,0.241,1,29,2.99,2.77
2024-03-01,2024,3,S02,SKU0028,CLEANING,1203,0,0,0.0,0,31,2.99,2.99
2024-04-01,2024,4,S02,SKU0028,CLEANING,1233,0,0,0.0,0,30,2.99,2.99
2024-05-01,2024,5,S02,SKU0028,CLEANING,1911,1,7,0.226,1,31,2.99,2.79
2024-06-01,2024,6,S02,SKU0028,CLEANING,1713,1,7,0.233,0,30,2.99,2.78
2024-07-01,2024,7,S02,SKU0028,CLEANING,1323,0,0,0.0,1,31,2.99,2.99
2024-08-01,2024,8,S02,SKU0028,CLEANING,1038,0,0,0.0,0,31,2.99,2.99
2024-09-01,2024,9,S02,SKU0028,CLEANING,1167,0,0,0.0,0,30,2.99,2.99
2024-10-01,2024,10,S02,SKU0028,CLEANING,1288,0,0,0.0,1,31,2.99,2.99
2024-11-01,2024,11,S02,SKU0028,CLEANING,1219,0,0,0.0,2,30,2.99,2.99
2024-12-01,2024,12,S02,SKU0028,CLEANING,1245,1,5,0.161,3,31,2.99,2.84
2025-01-01,2025,1,S02,SKU0028,CLEANING,1086,1,7,0.226,1,31,2.99,2.79
2025-02-01,2025,2,S02,SKU0028,CLEANING,981,0,0,0.0,1,28,2.99,2.99
2025-03-01,2025,3,S02,SKU0028,CLEANING,1621,1,11,0.355,0,31,2.99,2.67
2025-04-01,2025,4,S02,SKU0028,CLEANING,1404,0,0,0.0,0,30,2.99,2.99
2025-05-01,2025,5,S02,SKU0028,CLEANING,1603,0,0,0.0,1,31,2.99,2.99
2025-06-01,2025,6,S02,SKU0028,CLEANING,1301,0,0,0.0,0,30,2.99,2.99
2025-07-01,2025,7,S02,SKU0028,CLEANING,1536,1,8,0.258,1,31,2.99,2.76
2025-08-01,2025,8,S02,SKU0028,CLEANING,1284,0,0,0.0,0,31,2.99,2.99
2025-09-01,2025,9,S02,SKU0028,CLEANING,1193,0,0,0.0,0,30,2.99,2.99
2025-10-01,2025,10,S02,SKU0028,CLEANING,1346,0,0,0.0,1,31,2.99,2.99
2025-11-01,2025,11,S02,SKU0028,CLEANING,1701,1,10,0.333,2,30,2.99,2.69
2025-12-01,2025,12,S02,SKU0028,CLEANING,1008,0,0,0.0,3,31,2.99,2.99
2022-01-01,2022,1,S02,SKU0029,CLEANING,560,0,0,0.0,1,31,18.65,18.65
2022-02-01,2022,2,S02,SKU0029,CLEANING,544,0,0,0.0,1,28,18.65,18.65
2022-03-01,2022,3,S02,SKU0029,CLEANING,739,1,2,0.065,0,31,18.65,18.29
2022-04-01,2022,4,S02,SKU0029,CLEANING,1262,1,10,0.333,0,30,18.65,16.78
2022-05-01,2022,5,S02,SKU0029,CLEANING,962,0,0,0.0,1,31,18.65,18.65
2022-06-01,2022,6,S02,SKU0029,CLEANING,1095,1,5,0.167,0,30,18.65,17.72
2022-07-01,2022,7,S02,SKU0029,CLEANING,693,0,0,0.0,1,31,18.65,18.65
2022-08-01,2022,8,S02,SKU0029,CLEANING,667,0,0,0.0,0,31,18.65,18.65
2022-09-01,2022,9,S02,SKU0029,CLEANING,724,0,0,0.0,0,30,18.65,18.65
2022-10-01,2022,10,S02,SKU0029,CLEANING,1118,1,13,0.419,1,31,18.65,16.3
2022-11-01,2022,11,S02,SKU0029,CLEANING,678,0,0,0.0,2,30,18.65,18.65
2022-12-01,2022,12,S02,SKU0029,CLEANING,637,0,0,0.0,3,31,18.65,18.65
2023-01-01,2023,1,S02,SKU0029,CLEANING,552,0,0,0.0,1,31,18.65,18.65
2023-02-01,2023,2,S02,SKU0029,CLEANING,922,1,13,0.464,1,28,18.65,16.05
2023-03-01,2023,3,S02,SKU0029,CLEANING,717,0,0,0.0,0,31,18.65,18.65
2023-04-01,2023,4,S02,SKU0029,CLEANING,1009,1,3,0.1,0,30,18.65,18.09
2023-05-01,2023,5,S02,SKU0029,CLEANING,1074,1,2,0.065,1,31,18.65,18.29
2023-06-01,2023,6,S02,SKU0029,CLEANING,1072,1,6,0.2,0,30,18.65,17.53
2023-07-01,2023,7,S02,SKU0029,CLEANING,842,0,0,0.0,1,31,18.65,18.65
2023-08-01,2023,8,S02,SKU0029,CLEANING,1079,1,12,0.387,0,31,18.65,16.48
2023-09-01,2023,9,S02,SKU0029,CLEANING,863,1,3,0.1,0,30,18.65,18.09
2023-10-01,2023,10,S02,SKU0029,CLEANING,1276,1,15,0.484,1,31,18.65,15.94
2023-11-01,2023,11,S02,SKU0029,CLEANING,978,1,8,0.267,2,30,18.65,17.16
2023-12-01,2023,12,S02,SKU0029,CLEANING,979,1,10,0.323,3,31,18.65,16.84
2024-01-01,2024,1,S02,SKU0029,CLEANING,602,0,0,0.0,1,31,18.65,18.65
2024-02-01,2024,2,S02,SKU0029,CLEANING,566,0,0,0.0,1,29,18.65,18.65
2024-03-01,2024,3,S02,SKU0029,CLEANING,1212,1,13,0.419,0,31,18.65,16.3
2024-04-01,2024,4,S02,SKU0029,CLEANING,861,0,0,0.0,0,30,18.65,18.65
2024-05-01,2024,5,S02,SKU0029,CLEANING,858,0,0,0.0,1,31,18.65,18.65
2024-06-01,2024,6,S02,SKU0029,CLEANING,857,0,0,0.0,0,30,18.65,18.65
2024-07-01,2024,7,S02,SKU0029,CLEANING,809,0,0,0.0,1,31,18.65,18.65
2024-08-01,2024,8,S02,SKU0029,CLEANING,782,0,0,0.0,0,31,18.65,18.65
2024-09-01,2024,9,S02,SKU0029,CLEANING,732,0,0,0.0,0,30,18.65,18.65
2024-10-01,2024,10,S02,SKU0029,CLEANING,828,0,0,0.0,1,31,18.65,18.65
2024-11-01,2024,11,S02,SKU0029,CLEANING,917,1,3,0.1,2,30,18.65,18.09
2024-12-01,2024,12,S02,SKU0029,CLEANING,848,1,4,0.129,3,31,18.65,17.93
2025-01-01,2025,1,S02,SKU0029,CLEANING,591,0,0,0.0,1,31,18.65,18.65
2025-02-01,2025,2,S02,SKU0029,CLEANING,586,0,0,0.0,1,28,18.65,18.65
2025-03-01,2025,3,S02,SKU0029,CLEANING,928,1,3,0.097,0,31,18.65,18.11
2025-04-01,2025,4,S02,SKU0029,CLEANING,1125,1,8,0.267,0,30,18.65,17.16
2025-05-01,2025,5,S02,SKU0029,CLEANING,983,0,0,0.0,1,31,18.65,18.65
2025-06-01,2025,6,S02,SKU0029,CLEANING,836,0,0,0.0,0,30,18.65,18.65
2025-07-01,2025,7,S02,SKU0029,CLEANING,805,0,0,0.0,1,31,18.65,18.65
2025-08-01,2025,8,S02,SKU0029,CLEANING,764,0,0,0.0,0,31,18.65,18.65
2025-09-01,2025,9,S02,SKU0029,CLEANING,925,1,6,0.2,0,30,18.65,17.53
2025-10-01,2025,10,S02,SKU0029,CLEANING,925,1,3,0.097,1,31,18.65,18.11
2025-11-01,2025,11,S02,SKU0029,CLEANING,765,0,0,0.0,2,30,18.65,18.65
2025-12-01,2025,12,S02,SKU0029,CLEANING,660,0,0,0.0,3,31,18.65,18.65
2022-01-01,2022,1,S02,SKU0030,CLEANING,897,0,0,0.0,1,31,12.6,12.6
2022-02-01,2022,2,S02,SKU0030,CLEANING,881,0,0,0.0,1,28,12.6,12.6
2022-03-01,2022,3,S02,SKU0030,CLEANING,1100,0,0,0.0,0,31,12.6,12.6
2022-04-01,2022,4,S02,SKU0030,CLEANING,1381,0,0,0.0,0,30,12.6,12.6
2022-05-01,2022,5,S02,SKU0030,CLEANING,1557,0,0,0.0,1,31,12.6,12.6
2022-06-01,2022,6,S02,SKU0030,CLEANING,1308,0,0,0.0,0,30,12.6,12.6
2022-07-01,2022,7,S02,SKU0030,CLEANING,1294,0,0,0.0,1,31,12.6,12.6
2022-08-01,2022,8,S02,SKU0030,CLEANING,1529,1,12,0.387,0,31,12.6,11.14
2022-09-01,2022,9,S02,SKU0030,CLEANING,1417,1,2,0.067,0,30,12.6,12.35
2022-10-01,2022,10,S02,SKU0030,CLEANING,1894,1,13,0.419,1,31,12.6,11.01
2022-11-01,2022,11,S02,SKU0030,CLEANING,1161,0,0,0.0,2,30,12.6,12.6
2022-12-01,2022,12,S02,SKU0030,CLEANING,1327,1,5,0.161,3,31,12.6,11.99
2023-01-01,2023,1,S02,SKU0030,CLEANING,923,0,0,0.0,1,31,12.6,12.6
2023-02-01,2023,2,S02,SKU0030,CLEANING,1007,0,0,0.0,1,28,12.6,12.6
2023-03-01,2023,3,S02,SKU0030,CLEANING,1475,0,0,0.0,0,31,12.6,12.6
2023-04-01,2023,4,S02,SKU0030,CLEANING,1535,0,0,0.0,0,30,12.6,12.6
2023-05-01,2023,5,S02,SKU0030,CLEANING,1595,0,0,0.0,1,31,12.6,12.6
2023-06-01,2023,6,S02,SKU0030,CLEANING,2059,1,11,0.367,0,30,12.6,11.21
2023-07-01,2023,7,S02,SKU0030,CLEANING,1536,0,0,0.0,1,31,12.6,12.6
2023-08-01,2023,8,S02,SKU0030,CLEANING,1286,0,0,0.0,0,31,12.6,12.6
2023-09-01,2023,9,S02,SKU0030,CLEANING,1484,0,0,0.0,0,30,12.6,12.6
2023-10-01,2023,10,S02,SKU0030,CLEANING,1285,0,0,0.0,1,31,12.6,12.6
2023-11-01,2023,11,S02,SKU0030,CLEANING,1494,0,0,0.0,2,30,12.6,12.6
2023-12-01,2023,12,S02,SKU0030,CLEANING,1737,1,12,0.387,3,31,12.6,11.14
2024-01-01,2024,1,S02,SKU0030,CLEANING,1114,0,0,0.0,1,31,12.6,12.6
2024-02-01,2024,2,S02,SKU0030,CLEANING,1062,0,0,0.0,1,29,12.6,12.6
2024-03-01,2024,3,S02,SKU0030,CLEANING,1554,0,0,0.0,0,31,12.6,12.6
2024-04-01,2024,4,S02,SKU0030,CLEANING,2318,1,7,0.233,0,30,12.6,11.72
2024-05-01,2024,5,S02,SKU0030,CLEANING,2502,1,6,0.194,1,31,12.6,11.87
2024-06-01,2024,6,S02,SKU0030,CLEANING,1699,0,0,0.0,0,30,12.6,12.6
2024-07-01,2024,7,S02,SKU0030,CLEANING,1681,0,0,0.0,1,31,12.6,12.6
2024-08-01,2024,8,S02,SKU0030,CLEANING,2183,1,9,0.29,0,31,12.6,11.5
2024-09-01,2024,9,S02,SKU0030,CLEANING,1539,1,2,0.067,0,30,12.6,12.35
2024-10-01,2024,10,S02,SKU0030,CLEANING,1692,0,0,0.0,1,31,12.6,12.6
2024-11-01,2024,11,S02,SKU0030,CLEANING,1704,1,2,0.067,2,30,12.6,12.35
2024-12-01,2024,12,S02,SKU0030,CLEANING,1887,1,8,0.258,3,31,12.6,11.62
2025-01-01,2025,1,S02,SKU0030,CLEANING,1162,0,0,0.0,1,31,12.6,12.6
2025-02-01,2025,2,S02,SKU0030,CLEANING,1172,0,0,0.0,1,28,12.6,12.6
2025-03-01,2025,3,S02,SKU0030,CLEANING,2006,1,7,0.226,0,31,12.6,11.75
2025-04-01,2025,4,S02,SKU0030,CLEANING,2095,0,0,0.0,0,30,12.6,12.6
2025-05-01,2025,5,S02,SKU0030,CLEANING,2677,1,6,0.194,1,31,12.6,11.87
2025-06-01,2025,6,S02,SKU0030,CLEANING,1929,0,0,0.0,0,30,12.6,12.6
2025-07-01,2025,7,S02,SKU0030,CLEANING,1745,0,0,0.0,1,31,12.6,12.6
2025-08-01,2025,8,S02,SKU0030,CLEANING,1731,0,0,0.0,0,31,12.6,12.6
2025-09-01,2025,9,S02,SKU0030,CLEANING,1772,0,0,0.0,0,30,12.6,12.6
2025-10-01,2025,10,S02,SKU0030,CLEANING,1946,0,0,0.0,1,31,12.6,12.6
2025-11-01,2025,11,S02,SKU0030,CLEANING,1717,0,0,0.0,2,30,12.6,12.6
2025-12-01,2025,12,S02,SKU0030,CLEANING,2249,1,11,0.355,3,31,12.6,11.26
