Backend/api_data/ds_61b6ca015029__retail_sku_sales_monthly.csv
year_month,year,month,store_id,sku_id,category,qty_sold,promo_flag,promo_days,promo_intensity,holiday_days,days_in_month,list_price,avg_selling_price
2022-01-01,2022,1,S02,SKU0031,CLEANING,399,0,0,0.0,1,31,19.38,19.38
2022-02-01,2022,2,S02,SKU0031,CLEANING,352,0,0,0.0,1,28,19.38,19.38
2022-03-01,2022,3,S02,SKU0031,CLEANING,495,0,0,0.0,0,31,19.38,19.38
2022-04-01,2022,4,S02,SKU0031,CLEANING,586,0,0,0.0,0,30,19.38,19.38
2022-05-01,2022,5,S02,SKU0031,CLEANING,652,0,0,0.0,1,31,19.38,19.38
2022-06-01,2022,6,S02,SKU0031,CLEANING,728,1,12,0.4,0,30,19.38,17.06
2022-07-01,2022,7,S02,SKU0031,CLEANING,584,1,1,0.032,1,31,19.38,19.19
2022-08-01,2022,8,S02,SKU0031,CLEANING,561,1,5,0.161,0,31,19.38,18.44
2022-09-01,2022,9,S02,SKU0031,CLEANING,495,0,0,0.0,0,30,19.38,19.38
2022-10-01,2022,10,S02,SKU0031,CLEANING,506,0,0,0.0,1,31,19.38,19.38
2022-11-01,2022,11,S02,SKU0031,CLEANING,500,0,0,0.0,2,30,19.38,19.38
2022-12-01,2022,12,S02,SKU0031,CLEANING,428,0,0,0.0,3,31,19.38,19.38
2023-01-01,2023,1,S02,SKU0031,CLEANING,460,0,0,0.0,1,31,19.38,19.38
2023-02-01,2023,2,S02,SKU0031,CLEANING,388,0,0,0.0,1,28,19.38,19.38
2023-03-01,2023,3,S02,SKU0031,CLEANING,544,0,0,0.0,0,31,19.38,19.38
2023-04-01,2023,4,S02,SKU0031,CLEANING,640,0,0,0.0,0,30,19.38,19.38
2023-05-01,2023,5,S02,SKU0031,CLEANING,693,0,0,0.0,1,31,19.38,19.38
2023-06-01,2023,6,S02,SKU0031,CLEANING,655,0,0,0.0,0,30,19.38,19.38
2023-07-01,2023,7,S02,SKU0031,CLEANING,595,0,0,0.0,1,31,19.38,19.38
2023-08-01,2023,8,S02,SKU0031,CLEANING,748,1,10,0.323,0,31,19.38,17.51
2023-09-01,2023,9,S02,SKU0031,CLEANING,595,0,0,0.0,0,30,19.38,19.38
2023-10-01,2023,10,S02,SKU0031,CLEANING,636,0,0,0.0,1,31,19.38,19.38
2023-11-01,2023,11,S02,SKU0031,CLEANING,607,0,0,0.0,2,30,19.38,19.38
2023-12-01,2023,12,S02,SKU0031,CLEANING,540,0,0,0.0,3,31,19.38,19.38
2024-01-01,2024,1,S02,SKU0031,CLEANING,468,0,0,0.0,1,31,19.38,19.38
2024-02-01,2024,2,S02,SKU0031,CLEANING,469,0,0,0.0,1,29,19.38,19.38
2024-03-01,2024,3,S02,SKU0031,CLEANING,573,0,0,0.0,0,31,19.38,19.38
2024-04-01,2024,4,S02,SKU0031,CLEANING,689,0,0,0.0,0,30,19.38,19.38
2024-05-01,2024,5,S02,SKU0031,CLEANING,1250,1,14,0.452,1,31,19.38,16.76
2024-06-01,2024,6,S02,SKU0031,CLEANING,683,0,0,0.0,0,30,19.38,19.38
2024-07-01,2024,7,S02,SKU0031,CLEANING,962,1,10,0.323,1,31,19.38,17.51
2024-08-01,2024,8,S02,SKU0031,CLEANING,650,0,0,0.0,0,31,19.38,19.38
2024-09-01,2024,9,S02,SKU0031,CLEANING,638,0,0,0.0,0,30,19.38,19.38
2024-10-01,2024,10,S02,SKU0031,CLEANING,693,0,0,0.0,1,31,19.38,19.38
2024-11-01,2024,11,S02,SKU0031,CLEANING,622,0,0,0.0,2,30,19.38,19.38
2024-12-01,2024,12,S02,SKU0031,CLEANING,674,1,5,0.161,3,31,19.38,18.44
2025-01-01,2025,1,S02,SKU0031,CLEANING,599,1,7,0.226,1,31,19.38,18.07
2025-02-01,2025,2,S02,SKU0031,CLEANING,484,0,0,0.0,1,28,19.38,19.38
2025-03-01,2025,3,S02,SKU0031,CLEANING,645,0,0,0.0,0,31,19.38,19.38
2025-04-01,2025,4,S02,SKU0031,CLEANING,687,0,0,0.0,0,30,19.38,19.38
2025-05-01,2025,5,S02,SKU0031,CLEANING,895,0,0,0.0,1,31,19.38,19.38
2025-06-01,2025,6,S02,SKU0031,CLEANING,733,0,0,0.0,0,30,19.38,19.38
2025-07-01,2025,7,S02,SKU0031,CLEANING,752,0,0,0.0,1,31,19.38,19.38
2025-08-01,2025,8,S02,SKU0031,CLEANING,688,0,0,0.0,0,31,19.38,19.38
2025-09-01,2025,9,S02,SKU0031,CLEANING,934,1,9,0.3,0,30,19.38,17.64
2025-10-01,2025,10,S02,SKU0031,CLEANING,1016,1,11,0.355,1,31,19.38,17.32
2025-11-01,2025,11,S02,SKU0031,CLEANING,724,0,0,0.0,2,30,19.38,19.38
2025-12-01,2025,12,S02,SKU0031,CLEANING,719,1,8,0.258,3,31,19.38,17.88
2022-01-01,2022,1,S02,SKU0032,CLEANING,865,0,0,0.0,1,31,13.1,13.1
2022-02-01,2022,2,S02,SKU0032,CLEANING,719,0,0,0.0,1,28,13.1,13.1
2022-03-01,2022,3,S02,SKU0032,CLEANING,1050,0,0,0.0,0,31,13.1,13.1
2022-04-01,2022,4,S02,SKU0032,CLEANING,2136,1,12,0.4,0,30,13.1,11.53
2022-05-01,2022,5,S02,SKU0032,CLEANING,1456,0,0,0.0,1,31,13.1,13.1
2022-06-01,2022,6,S02,SKU0032,CLEANING,1846,1,6,0.2,0,30,13.1,12.31
2022-07-01,2022,7,S02,SKU0032,CLEANING,1079,0,0,0.0,1,31,13.1,13.1
2022-08-01,2022,8,S02,SKU0032,CLEANING,1039,0,0,0.0,0,31,13.1,13.1
2022-09-01,2022,9,S02,SKU0032,CLEANING,1515,1,6,0.2,0,30,13.1,12.31
2022-10-01,2022,10,S02,SKU0032,CLEANING,1284,1,2,0.065,1,31,13.1,12.85
2022-11-01,2022,11,S02,SKU0032,CLEANING,1129,0,0,0.0,2,30,13.1,13.1
2022-12-01,2022,12,S02,SKU0032,CLEANING,1064,0,0,0.0,3,31,13.1,13.1
2023-01-01,2023,1,S02,SKU0032,CLEANING,1508,1,9,0.29,1,31,13.1,11.96
2023-02-01,2023,2,S02,SKU0032,CLEANING,896,0,0,0.0,1,28,13.1,13.1
2023-03-01,2023,3,S02,SKU0032,CLEANING,1239,1,1,0.032,0,31,13.1,12.97
2023-04-01,2023,4,S02,SKU0032,CLEANING,2605,1,13,0.433,0,30,13.1,11.4
2023-05-01,2023,5,S02,SKU0032,CLEANING,2817,1,11,0.355,1,31,13.1,11.71
2023-06-01,2023,6,S02,SKU0032,CLEANING,1460,0,0,0.0,0,30,13.1,13.1
2023-07-01,2023,7,S02,SKU0032,CLEANING,1196,0,0,0.0,1,31,13.1,13.1
2023-08-01,2023,8,S02,SKU0032,CLEANING,1185,0,0,0.0,0,31,13.1,13.1
2023-09-01,2023,9,S02,SKU0032,CLEANING,1259,0,0,0.0,0,30,13.1,13.1
2023-10-01,2023,10,S02,SKU0032,CLEANING,2379,1,11,0.355,1,31,13.1,11.71
2023-11-01,2023,11,S02,SKU0032,CLEANING,1683,1,7,0.233,2,30,13.1,12.18
2023-12-01,2023,12,S02,SKU0032,CLEANING,1947,1,13,0.419,3,31,13.1,11.45
2024-01-01,2024,1,S02,SKU0032,CLEANING,1546,1,8,0.258,1,31,13.1,12.09
2024-02-01,2024,2,S02,SKU0032,CLEANING,1050,0,0,0.0,1,29,13.1,13.1
2024-03-01,2024,3,S02,SKU0032,CLEANING,1332,0,0,0.0,0,31,13.1,13.1
2024-04-01,2024,4,S02,SKU0032,CLEANING,1567,0,0,0.0,0,30,13.1,13.1
2024-05-01,2024,5,S02,SKU0032,CLEANING,1742,0,0,0.0,1,31,13.1,13.1
2024-06-01,2024,6,S02,SKU0032,CLEANING,2497,1,10,0.333,0,30,13.1,11.79
2024-07-01,2024,7,S02,SKU0032,CLEANING,1345,0,0,0.0,1,31,13.1,13.1
2024-08-01,2024,8,S02,SKU0032,CLEANING,2471,1,11,0.355,0,31,13.1,11.71
2024-09-01,2024,9,S02,SKU0032,CLEANING,1228,0,0,0.0,0,30,13.1,13.1
2024-10-01,2024,10,S02,SKU0032,CLEANING,1375,0,0,0.0,1,31,13.1,13.1
2024-11-01,2024,11,S02,SKU0032,CLEANING,1517,0,0,0.0,2,30,13.1,13.1
2024-12-01,2024,12,S02,SKU0032,CLEANING,1230,0,0,0.0,3,31,13.1,13.1
2025-01-01,2025,1,S02,SKU0032,CLEANING,1407,1,5,0.161,1,31,13.1,12.47
2025-02-01,2025,2,S02,SKU0032,CLEANING,1119,0,0,0.0,1,28,13.1,13.1
2025-03-01,2025,3,S02,SKU0032,CLEANING,1443,0,0,0.0,0,31,13.1,13.1
2025-04-01,2025,4,S02,SKU0032,CLEANING,2188,1,7,0.233,0,30,13.1,12.18
2025-05-01,2025,5,S02,SKU0032,CLEANING,3008,1,6,0.194,1,31,13.1,12.34
2025-06-01,2025,6,S02,SKU0032,CLEANING,1555,0,0,0.0,0,30,13.1,13.1
2025-07-01,2025,7,S02,SKU0032,CLEANING,1502,0,0,0.0,1,31,13.1,13.1
2025-08-01,2025,8,S02,SKU0032,CLEANING,2266,1,8,0.258,0,31,13.1,12.09
2025-09-01,2025,9,S02,SKU0032,CLEANING,1596,0,0,0.0,0,30,13.1,13.1
2025-10-01,2025,10,S02,SKU0032,CLEANING,1586,0,0,0.0,1,31,13.1,13.1
2025-11-01,2025,11,S02,SKU0032,CLEANING,1463,0,0,0.0,2,30,13.1,13.1
2025-12-01,2025,12,S02,SKU0032,CLEANING,1344,0,0,0.0,3,31,13.1,13.1
2022-01-01,2022,1,S02,SKU0033,PERSONAL_CARE,987,1,11,0.355,1,31,2.1,1.88
2022-02-01,2022,2,S02,SKU0033,PERSONAL_CARE,518,0,0,0.0,1,28,2.1,2.1
2022-03-01,2022,3,S02,SKU0033,PERSONAL_CARE,682,0,0,0.0,0,31,2.1,2.1
2022-04-01,2022,4,S02,SKU0033,PERSONAL_CARE,913,0,0,0.0,0,30,2.1,2.1
2022-05-01,2022,5,S02,SKU0033,PERSONAL_CARE,953,0,0,0.0,1,31,2.1,2.1
2022-06-01,2022,6,S02,SKU0033,PERSONAL_CARE,904,0,0,0.0,0,30,2.1,2.1
2022-07-01,2022,7,S02,SKU0033,PERSONAL_CARE,930,0,0,0.0,1,31,2.1,2.1
2022-08-01,2022,8,S02,SKU0033,PERSONAL_CARE,1052,1,6,0.194,0,31,2.1,1.98
2022-09-01,2022,9,S02,SKU0033,PERSONAL_CARE,717,0,0,0.0,0,30,2.1,2.1
2022-10-01,2022,10,S02,SKU0033,PERSONAL_CARE,834,0,0,0.0,1,31,2.1,2.1
2022-11-01,2022,11,S02,SKU0033,PERSONAL_CARE,1258,1,12,0.4,2,30,2.1,1.85
2022-12-01,2022,12,S02,SKU0033,PERSONAL_CARE,737,0,0,0.0,3,31,2.1,2.1
2023-01-01,2023,1,S02,SKU0033,PERSONAL_CARE,620,0,0,0.0,1,31,2.1,2.1
2023-02-01,2023,2,S02,SKU0033,PERSONAL_CARE,599,0,0,0.0,1,28,2.1,2.1
2023-03-01,2023,3,S02,SKU0033,PERSONAL_CARE,833,0,0,0.0,0,31,2.1,2.1
2023-04-01,2023,4,S02,SKU0033,PERSONAL_CARE,901,0,0,0.0,0,30,2.1,2.1
2023-05-01,2023,5,S02,SKU0033,PERSONAL_CARE,1033,0,0,0.0,1,31,2.1,2.1
2023-06-01,2023,6,S02,SKU0033,PERSONAL_CARE,1458,1,11,0.367,0,30,2.1,1.87
2023-07-01,2023,7,S02,SKU0033,PERSONAL_CARE,922,0,0,0.0,1,31,2.1,2.1
2023-08-01,2023,8,S02,SKU0033,PERSONAL_CARE,842,0,0,0.0,0,31,2.1,2.1
2023-09-01,2023,9,S02,SKU0033,PERSONAL_CARE,852,0,0,0.0,0,30,2.1,2.1
2023-10-01,2023,10,S02,SKU0033,PERSONAL_CARE,896,0,0,0.0,1,31,2.1,2.1
2023-11-01,2023,11,S02,SKU0033,PERSONAL_CARE,783,0,0,0.0,2,30,2.1,2.1
2023-12-01,2023,12,S02,SKU0033,PERSONAL_CARE,1040,1,9,0.29,3,31,2.1,1.92
2024-01-01,2024,1,S02,SKU0033,PERSONAL_CARE,603,0,0,0.0,1,31,2.1,2.1
2024-02-01,2024,2,S02,SKU0033,PERSONAL_CARE,670,0,0,0.0,1,29,2.1,2.1
2024-03-01,2024,3,S02,SKU0033,PERSONAL_CARE,810,0,0,0.0,0,31,2.1,2.1
2024-04-01,2024,4,S02,SKU0033,PERSONAL_CARE,918,0,0,0.0,0,30,2.1,2.1
2024-05-01,2024,5,S02,SKU0033,PERSONAL_CARE,990,0,0,0.0,1,31,2.1,2.1
2024-06-01,2024,6,S02,SKU0033,PERSONAL_CARE,894,0,0,0.0,0,30,2.1,2.1
2024-07-01,2024,7,S02,SKU0033,PERSONAL_CARE,1429,1,14,0.452,1,31,2.1,1.82
2024-08-01,2024,8,S02,SKU0033,PERSONAL_CARE,830,0,0,0.0,0,31,2.1,2.1
2024-09-01,2024,9,S02,SKU0033,PERSONAL_CARE,796,0,0,0.0,0,30,2.1,2.1
2024-10-01,2024,10,S02,SKU0033,PERSONAL_CARE,932,1,2,0.065,1,31,2.1,2.06
2024-11-01,2024,11,S02,SKU0033,PERSONAL_CARE,996,1,5,0.167,2,30,2.1,2.0
2024-12-01,2024,12,S02,SKU0033,PERSONAL_CARE,1008,1,9,0.29,3,31,2.1,1.92
2025-01-01,2025,1,S02,SKU0033,PERSONAL_CARE,652,0,0,0.0,1,31,2.1,2.1
2025-02-01,2025,2,S02,SKU0033,PERSONAL_CARE,626,0,0,0.0,1,28,2.1,2.1
2025-03-01,2025,3,S02,SKU0033,PERSONAL_CARE,1061,1,6,0.194,0,31,2.1,1.98
2025-04-01,2025,4,S02,SKU0033,PERSONAL_CARE,1242,1,4,0.133,0,30,2.1,2.02
2025-05-01,2025,5,S02,SKU0033,PERSONAL_CARE,1635,1,7,0.226,1,31,2.1,1.96
2025-06-01,2025,6,S02,SKU0033,PERSONAL_CARE,1021,0,0,0.0,0,30,2.1,2.1
2025-07-01,2025,7,S02,SKU0033,PERSONAL_CARE,940,0,0,0.0,1,31,2.1,2.1
2025-08-01,2025,8,S02,SKU0033,PERSONAL_CARE,876,0,0,0.0,0,31,2.1,2.1
2025-09-01,2025,9,S02,SKU0033,PERSONAL_CARE,1008,1,5,0.167,0,30,2.1,2.0
2025-10-01,2025,10,S02,SKU0033,PERSONAL_CARE,885,0,0,0.0,1,31,2.1,2.1
2025-11-01,2025,11,S02,SKU0033,PERSONAL_CARE,869,0,0,0.0,2,30,2.1,2.1
2025-12-01,2025,12,S02,SKU0033,PERSONAL_CARE,784,0,0,0.0,3,31,2.1,2.1
2022-01-01,2022,1,S02,SKU0034,PERSONAL_CARE,263,0,0,0.0,1,31,16.46,16.46
2022-02-01,2022,2,S02,SKU0034,PERSONAL_CARE,233,0,0,0.0,1,28,16.46,16.46
2022-03-01,2022,3,S02,SKU0034,PERSONAL_CARE,650,1,14,0.452,0,31,16.46,14.23
2022-04-01,2022,4,S02,SKU0034,PERSONAL_CARE,552,1,6,0.2,0,30,16.46,15.47
2022-05-01,2022,5,S02,SKU0034,PERSONAL_CARE,552,1,7,0.226,1,31,16.46,15.34
2022-06-01,2022,6,S02,SKU0034,PERSONAL_CARE,476,1,4,0.133,0,30,16.46,15.8
2022-07-01,2022,7,S02,SKU0034,PERSONAL_CARE,536,1,9,0.29,1,31,16.46,15.03
2022-08-01,2022,8,S02,SKU0034,PERSONAL_CARE,502,1,9,0.29,0,31,16.46,15.03
2022-09-01,2022,9,S02,SKU0034,PERSONAL_CARE,438,1,7,0.233,0,30,16.46,15.31
2022-10-01,2022,10,S02,SKU0034,PERSONAL_CARE,462,1,7,0.226,1,31,16.46,15.34
2022-11-01,2022,11,S02,SKU0034,PERSONAL_CARE,310,0,0,0.0,2,30,16.46,16.46
2022-12-01,2022,12,S02,SKU0034,PERSONAL_CARE,446,1,9,0.29,3,31,16.46,15.03
2023-01-01,2023,1,S02,SKU0034,PERSONAL_CARE,284,1,3,0.097,1,31,16.46,15.98
2023-02-01,2023,2,S02,SKU0034,PERSONAL_CARE,249,0,0,0.0,1,28,16.46,16.46
2023-03-01,2023,3,S02,SKU0034,PERSONAL_CARE,291,0,0,0.0,0,31,16.46,16.46
2023-04-01,2023,4,S02,SKU0034,PERSONAL_CARE,359,0,0,0.0,0,30,16.46,16.46
2023-05-01,2023,5,S02,SKU0034,PERSONAL_CARE,398,0,0,0.0,1,31,16.46,16.46
2023-06-01,2023,6,S02,SKU0034,PERSONAL_CARE,375,0,0,0.0,0,30,16.46,16.46
2023-07-01,2023,7,S02,SKU0034,PERSONAL_CARE,326,0,0,0.0,1,31,16.46,16.46
2023-08-01,2023,8,S02,SKU0034,PERSONAL_CARE,291,0,0,0.0,0,31,16.46,16.46
2023-09-01,2023,9,S02,SKU0034,PERSONAL_CARE,336,0,0,0.0,0,30,16.46,16.46
2023-10-01,2023,10,S02,SKU0034,PERSONAL_CARE,545,1,12,0.387,1,31,16.46,14.55
2023-11-01,2023,11,S02,SKU0034,PERSONAL_CARE,297,0,0,0.0,2,30,16.46,16.46
2023-12-01,2023,12,S02,SKU0034,PERSONAL_CARE,394,1,8,0.258,3,31,16.46,15.19
2024-01-01,2024,1,S02,SKU0034,PERSONAL_CARE,309,1,5,0.161,1,31,16.46,15.66
2024-02-01,2024,2,S02,SKU0034,PERSONAL_CARE,446,1,13,0.448,1,29,16.46,14.25
2024-03-01,2024,3,S02,SKU0034,PERSONAL_CARE,284,0,0,0.0,0,31,16.46,16.46
2024-04-01,2024,4,S02,SKU0034,PERSONAL_CARE,390,1,1,0.033,0,30,16.46,16.3
2024-05-01,2024,5,S02,SKU0034,PERSONAL_CARE,627,1,11,0.355,1,31,16.46,14.71
2024-06-01,2024,6,S02,SKU0034,PERSONAL_CARE,368,0,0,0.0,0,30,16.46,16.46
2024-07-01,2024,7,S02,SKU0034,PERSONAL_CARE,313,0,0,0.0,1,31,16.46,16.46
2024-08-01,2024,8,S02,SKU0034,PERSONAL_CARE,272,0,0,0.0,0,31,16.46,16.46
2024-09-01,2024,9,S02,SKU0034,PERSONAL_CARE,391,1,6,0.2,0,30,16.46,15.47
2024-10-01,2024,10,S02,SKU0034,PERSONAL_CARE,309,0,0,0.0,1,31,16.46,16.46
2024-11-01,2024,11,S02,SKU0034,PERSONAL_CARE,326,0,0,0.0,2,30,16.46,16.46
2024-12-01,2024,12,S02,SKU0034,PERSONAL_CARE,254,0,0,0.0,3,31,16.46,16.46
2025-01-01,2025,1,S02,SKU0034,PERSONAL_CARE,241,0,0,0.0,1,31,16.46,16.46
2025-02-01,2025,2,S02,SKU0034,PERSONAL_CARE,190,0,0,0.0,1,28,16.46,16.46
2025-03-01,2025,3,S02,SKU0034,PERSONAL_CARE,519,1,14,0.452,0,31,16.46,14.23
2025-04-01,2025,4,S02,SKU0034,PERSONAL_CARE,446,1,8,0.267,0,30,16.46,15.14
2025-05-01,2025,5,S02,SKU0034,PERSONAL_CARE,344,0,0,0.0,1,31,16.46,16.46
2025-06-01,2025,6,S02,SKU0034,PERSONAL_CARE,516,1,10,0.333,0,30,16.46,14.81
2025-07-01,2025,7,S02,SKU0034,PERSONAL_CARE,295,0,0,0.0,1,31,16.46,16.46
2025-08-01,2025,8,S02,SKU0034,PERSONAL_CARE,285,0,0,0.0,0,31,16.46,16.46
2025-09-01,2025,9,S02,SKU0034,PERSONAL_CARE,279,0,0,0.0,0,30,16.46,16.46
2025-10-01,2025,10,S02,SKU0034,PERSONAL_CARE,301,0,0,0.0,1,31,16.46,16.46
2025-11-01,2025,11,S02,SKU0034,PERSONAL_CARE,426,1,7,0.233,2,30,16.46,15.31
2025-12-01,2025,12,S02,SKU0034,PERSONAL_CARE,244,0,0,0.0,3,31,16.46,16.46
2022-01-01,2022,1,S02,SKU0035,PERSONAL_CARE,595,1,8,0.258,1,31,22.83,21.06
2022-02-01,2022,2,S02,SKU0035,PERSONAL_CARE,416,0,0,0.0,1,28,22.83,22.83
2022-03-01,2022,3,S02,SKU0035,PERSONAL_CARE,845,1,14,0.452,0,31,22.83,19.74
2022-04-01,2022,4,S02,SKU0035,PERSONAL_CARE,640,0,0,0.0,0,30,22.83,22.83
2022-05-01,2022,5,S02,SKU0035,PERSONAL_CARE,757,0,0,0.0,1,31,22.83,22.83
2022-06-01,2022,6,S02,SKU0035,PERSONAL_CARE,636,0,0,0.0,0,30,22.83,22.83
2022-07-01,2022,7,S02,SKU0035,PERSONAL_CARE,626,0,0,0.0,1,31,22.83,22.83
2022-08-01,2022,8,S02,SKU0035,PERSONAL_CARE,568,0,0,0.0,0,31,22.83,22.83
2022-09-01,2022,9,S02,SKU0035,PERSONAL_CARE,574,0,0,0.0,0,30,22.83,22.83
2022-10-01,2022,10,S02,SKU0035,PERSONAL_CARE,625,0,0,0.0,1,31,22.83,22.83
2022-11-01,2022,11,S02,SKU0035,PERSONAL_CARE,752,1,7,0.233,2,30,22.83,21.23
2022-12-01,2022,12,S02,SKU0035,PERSONAL_CARE,972,1,14,0.452,3,31,22.83,19.74
2023-01-01,2023,1,S02,SKU0035,PERSONAL_CARE,515,1,3,0.097,1,31,22.83,22.17
2023-02-01,2023,2,S02,SKU0035,PERSONAL_CARE,439,1,2,0.071,1,28,22.83,22.34
2023-03-01,2023,3,S02,SKU0035,PERSONAL_CARE,551,0,0,0.0,0,31,22.83,22.83
2023-04-01,2023,4,S02,SKU0035,PERSONAL_CARE,684,0,0,0.0,0,30,22.83,22.83
2023-05-01,2023,5,S02,SKU0035,PERSONAL_CARE,785,1,2,0.065,1,31,22.83,22.39
2023-06-01,2023,6,S02,SKU0035,PERSONAL_CARE,795,1,3,0.1,0,30,22.83,22.14
2023-07-01,2023,7,S02,SKU0035,PERSONAL_CARE,658,0,0,0.0,1,31,22.83,22.83
2023-08-01,2023,8,S02,SKU0035,PERSONAL_CARE,589,0,0,0.0,0,31,22.83,22.83
2023-09-01,2023,9,S02,SKU0035,PERSONAL_CARE,591,0,0,0.0,0,30,22.83,22.83
2023-10-01,2023,10,S02,SKU0035,PERSONAL_CARE,583,0,0,0.0,1,31,22.83,22.83
2023-11-01,2023,11,S02,SKU0035,PERSONAL_CARE,560,0,0,0.0,2,30,22.83,22.83
2023-12-01,2023,12,S02,SKU0035,PERSONAL_CARE,608,1,2,0.065,3,31,22.83,22.39
2024-01-01,2024,1,S02,SKU0035,PERSONAL_CARE,953,1,19,0.613,1,31,22.83,18.63
2024-02-01,2024,2,S02,SKU0035,PERSONAL_CARE,495,0,0,0.0,1,29,22.83,22.83
2024-03-01,2024,3,S02,SKU0035,PERSONAL_CARE,598,0,0,0.0,0,31,22.83,22.83
2024-04-01,2024,4,S02,SKU0035,PERSONAL_CARE,1237,1,14,0.467,0,30,22.83,19.63
2024-05-01,2024,5,S02,SKU0035,PERSONAL_CARE,708,0,0,0.0,1,31,22.83,22.83
2024-06-01,2024,6,S02,SKU0035,PERSONAL_CARE,714,0,0,0.0,0,30,22.83,22.83
2024-07-01,2024,7,S02,SKU0035,PERSONAL_CARE,850,1,5,0.161,1,31,22.83,21.73
2024-08-01,2024,8,S02,SKU0035,PERSONAL_CARE,688,0,0,0.0,0,31,22.83,22.83
2024-09-01,2024,9,S02,SKU0035,PERSONAL_CARE,687,0,0,0.0,0,30,22.83,22.83
2024-10-01,2024,10,S02,SKU0035,PERSONAL_CARE,644,0,0,0.0,1,31,22.83,22.83
2024-11-01,2024,11,S02,SKU0035,PERSONAL_CARE,890,1,5,0.167,2,30,22.83,21.69
2024-12-01,2024,12,S02,SKU0035,PERSONAL_CARE,807,1,7,0.226,3,31,22.83,21.28
2025-01-01,2025,1,S02,SKU0035,PERSONAL_CARE,453,0,0,0.0,1,31,22.83,22.83
2025-02-01,2025,2,S02,SKU0035,PERSONAL_CARE,441,0,0,0.0,1,28,22.83,22.83
2025-03-01,2025,3,S02,SKU0035,PERSONAL_CARE,1070,1,11,0.355,0,31,22.83,20.4
2025-04-01,2025,4,S02,SKU0035,PERSONAL_CARE,896,1,3,0.1,0,30,22.83,22.14
2025-05-01,2025,5,S02,SKU0035,PERSONAL_CARE,890,0,0,0.0,1,31,22.83,22.83
2025-06-01,2025,6,S02,SKU0035,PERSONAL_CARE,744,0,0,0.0,0,30,22.83,22.83
2025-07-01,2025,7,S02,SKU0035,PERSONAL_CARE,699,0,0,0.0,1,31,22.83,22.83
2025-08-01,2025,8,S02,SKU0035,PERSONAL_CARE,653,0,0,0.0,0,31,22.83,22.83
2025-09-01,2025,9,S02,SKU0035,PERSONAL_CARE,721,0,0,0.0,0,30,22.83,22.83
2025-10-01,2025,10,S02,SKU0035,PERSONAL_CARE,703,0,0,0.0,1,31,22.83,22.83
2025-11-01,2025,11,S02,SKU0035,PERSONAL_CARE,1107,1,13,0.433,2,30,22.83,19.86
2025-12-01,2025,12,S02,SKU0035,PERSONAL_CARE,620,0,0,0.0,3,31,22.83,22.83
