Backend/api_data/ds_61b6ca015029__retail_sku_sales_monthly.csv
year_month,year,month,store_id,sku_id,category,qty_sold,promo_flag,promo_days,promo_intensity,holiday_days,days_in_month,list_price,avg_selling_price
2022-01-01,2022,1,S02,SKU0036,PERSONAL_CARE,380,0,0,0.0,1,31,19.26,19.26
2022-02-01,2022,2,S02,SKU0036,PERSONAL_CARE,602,1,8,0.286,1,28,19.26,17.61
2022-03-01,2022,3,S02,SKU0036,PERSONAL_CARE,478,1,1,0.032,0,31,19.26,19.07
2022-04-01,2022,4,S02,SKU0036,PERSONAL_CARE,553,0,0,0.0,0,30,19.26,19.26
2022-05-01,2022,5,S02,SKU0036,PERSONAL_CARE,951,1,8,0.258,1,31,19.26,17.77
2022-06-01,2022,6,S02,SKU0036,PERSONAL_CARE,525,0,0,0.0,0,30,19.26,19.26
2022-07-01,2022,7,S02,SKU0036,PERSONAL_CARE,1035,1,14,0.452,1,31,19.26,16.65
2022-08-01,2022,8,S02,SKU0036,PERSONAL_CARE,459,0,0,0.0,0,31,19.26,19.26
2022-09-01,2022,9,S02,SKU0036,PERSONAL_CARE,470,0,0,0.0,0,30,19.26,19.26
2022-10-01,2022,10,S02,SKU0036,PERSONAL_CARE,509,0,0,0.0,1,31,19.26,19.26
2022-11-01,2022,11,S02,SKU0036,PERSONAL_CARE,499,0,0,0.0,2,30,19.26,19.26
2022-12-01,2022,12,S02,SKU0036,PERSONAL_CARE,734,1,7,0.226,3,31,19.26,17.95
2023-01-01,2023,1,S02,SKU0036,PERSONAL_CARE,408,0,0,0.0,1,31,19.26,19.26
2023-02-01,2023,2,S02,SKU0036,PERSONAL_CARE,851,1,14,0.5,1,28,19.26,16.37
2023-03-01,2023,3,S02,SKU0036,PERSONAL_CARE,856,1,9,0.29,0,31,19.26,17.58
2023-04-01,2023,4,S02,SKU0036,PERSONAL_CARE,718,1,4,0.133,0,30,19.26,18.49
2023-05-01,2023,5,S02,SKU0036,PERSONAL_CARE,612,0,0,0.0,1,31,19.26,19.26
2023-06-01,2023,6,S02,SKU0036,PERSONAL_CARE,625,0,0,0.0,0,30,19.26,19.26
2023-07-01,2023,7,S02,SKU0036,PERSONAL_CARE,576,0,0,0.0,1,31,19.26,19.26
2023-08-01,2023,8,S02,SKU0036,PERSONAL_CARE,488,0,0,0.0,0,31,19.26,19.26
2023-09-01,2023,9,S02,SKU0036,PERSONAL_CARE,489,0,0,0.0,0,30,19.26,19.26
2023-10-01,2023,10,S02,SKU0036,PERSONAL_CARE,800,1,6,0.194,1,31,19.26,18.14
2023-11-01,2023,11,S02,SKU0036,PERSONAL_CARE,547,0,0,0.0,2,30,19.26,19.26
2023-12-01,2023,12,S02,SKU0036,PERSONAL_CARE,459,0,0,0.0,3,31,19.26,19.26
2024-01-01,2024,1,S02,SKU0036,PERSONAL_CARE,406,0,0,0.0,1,31,19.26,19.26
2024-02-01,2024,2,S02,SKU0036,PERSONAL_CARE,409,0,0,0.0,1,29,19.26,19.26
2024-03-01,2024,3,S02,SKU0036,PERSONAL_CARE,1037,1,11,0.355,0,31,19.26,17.21
2024-04-01,2024,4,S02,SKU0036,PERSONAL_CARE,607,0,0,0.0,0,30,19.26,19.26
2024-05-01,2024,5,S02,SKU0036,PERSONAL_CARE,661,0,0,0.0,1,31,19.26,19.26
2024-06-01,2024,6,S02,SKU0036,PERSONAL_CARE,744,1,5,0.167,0,30,19.26,18.3
2024-07-01,2024,7,S02,SKU0036,PERSONAL_CARE,1147,1,11,0.355,1,31,19.26,17.21
2024-08-01,2024,8,S02,SKU0036,PERSONAL_CARE,1048,1,13,0.419,0,31,19.26,16.84
2024-09-01,2024,9,S02,SKU0036,PERSONAL_CARE,503,0,0,0.0,0,30,19.26,19.26
2024-10-01,2024,10,S02,SKU0036,PERSONAL_CARE,948,1,10,0.323,1,31,19.26,17.4
2024-11-01,2024,11,S02,SKU0036,PERSONAL_CARE,594,0,0,0.0,2,30,19.26,19.26
2024-12-01,2024,12,S02,SKU0036,PERSONAL_CARE,798,1,11,0.355,3,31,19.26,17.21
2025-01-01,2025,1,S02,SKU0036,PERSONAL_CARE,529,1,2,0.065,1,31,19.26,18.89
2025-02-01,2025,2,S02,SKU0036,PERSONAL_CARE,658,1,7,0.25,1,28,19.26,17.82
2025-03-01,2025,3,S02,SKU0036,PERSONAL_CARE,658,1,3,0.097,0,31,19.26,18.7
2025-04-01,2025,4,S02,SKU0036,PERSONAL_CARE,672,0,0,0.0,0,30,19.26,19.26
2025-05-01,2025,5,S02,SKU0036,PERSONAL_CARE,649,0,0,0.0,1,31,19.26,19.26
2025-06-01,2025,6,S02,SKU0036,PERSONAL_CARE,639,0,0,0.0,0,30,19.26,19.26
2025-07-01,2025,7,S02,SKU0036,PERSONAL_CARE,570,0,0,0.0,1,31,19.26,19.26
2025-08-01,2025,8,S02,SKU0036,PERSONAL_CARE,849,1,7,0.226,0,31,19.26,17.95
2025-09-01,2025,9,S02,SKU0036,PERSONAL_CARE,583,1,1,0.033,0,30,19.26,19.07
2025-10-01,2025,10,S02,SKU0036,PERSONAL_CARE,601,0,0,0.0,1,31,19.26,19.26
2025-11-01,2025,11,S02,SKU0036,PERSONAL_CARE,805,1,4,0.133,2,30,19.26,18.49
2025-12-01,2025,12,S02,SKU0036,PERSONAL_CARE,701,1,6,0.194,3,31,19.26,18.14
2022-01-01,2022,1,S02,SKU0037,PERSONAL_CARE,325,0,0,0.0,1,31,8.31,8.31
2022-02-01,2022,2,S02,SKU0037,PERSONAL_CARE,347,0,0,0.0,1,28,8.31,8.31
2022-03-01,2022,3,S02,SKU0037,PERSONAL_CARE,446,0,0,0.0,0,31,8.31,8.31
2022-04-01,2022,4,S02,SKU0037,PERSONAL_CARE,905,1,10,0.333,0,30,8.31,7.48
2022-05-01,2022,5,S02,SKU0037,PERSONAL_CARE,537,0,0,0.0,1,31,8.31,8.31
2022-06-01,2022,6,S02,SKU0037,PERSONAL_CARE,512,0,0,0.0,0,30,8.31,8.31
2022-07-01,2022,7,S02,SKU0037,PERSONAL_CARE,457,0,0,0.0,1,31,8.31,8.31
2022-08-01,2022,8,S02,SKU0037,PERSONAL_CARE,451,0,0,0.0,0,31,8.31,8.31
2022-09-01,2022,9,S02,SKU0037,PERSONAL_CARE,445,0,0,0.0,0,30,8.31,8.31
2022-10-01,2022,10,S02,SKU0037,PERSONAL_CARE,851,1,11,0.355,1,31,8.31,7.43
2022-11-01,2022,11,S02,SKU0037,PERSONAL_CARE,412,0,0,0.0,2,30,8.31,8.31
2022-12-01,2022,12,S02,SKU0037,PERSONAL_CARE,378,0,0,0.0,3,31,8.31,8.31
2023-01-01,2023,1,S02,SKU0037,PERSONAL_CARE,587,1,10,0.323,1,31,8.31,7.51
2023-02-01,2023,2,S02,SKU0037,PERSONAL_CARE,322,0,0,0.0,1,28,8.31,8.31
2023-03-01,2023,3,S02,SKU0037,PERSONAL_CARE,433,0,0,0.0,0,31,8.31,8.31
2023-04-01,2023,4,S02,SKU0037,PERSONAL_CARE,475,0,0,0.0,0,30,8.31,8.31
2023-05-01,2023,5,S02,SKU0037,PERSONAL_CARE,550,0,0,0.0,1,31,8.31,8.31
2023-06-01,2023,6,S02,SKU0037,PERSONAL_CARE,597,1,2,0.067,0,30,8.31,8.14
2023-07-01,2023,7,S02,SKU0037,PERSONAL_CARE,655,1,7,0.226,1,31,8.31,7.75
2023-08-01,2023,8,S02,SKU0037,PERSONAL_CARE,424,0,0,0.0,0,31,8.31,8.31
2023-09-01,2023,9,S02,SKU0037,PERSONAL_CARE,432,0,0,0.0,0,30,8.31,8.31
2023-10-01,2023,10,S02,SKU0037,PERSONAL_CARE,450,0,0,0.0,1,31,8.31,8.31
2023-11-01,2023,11,S02,SKU0037,PERSONAL_CARE,428,0,0,0.0,2,30,8.31,8.31
2023-12-01,2023,12,S02,SKU0037,PERSONAL_CARE,394,0,0,0.0,3,31,8.31,8.31
2024-01-01,2024,1,S02,SKU0037,PERSONAL_CARE,299,0,0,0.0,1,31,8.31,8.31
2024-02-01,2024,2,S02,SKU0037,PERSONAL_CARE,316,0,0,0.0,1,29,8.31,8.31
2024-03-01,2024,3,S02,SKU0037,PERSONAL_CARE,862,1,12,0.387,0,31,8.31,7.35
2024-04-01,2024,4,S02,SKU0037,PERSONAL_CARE,502,0,0,0.0,0,30,8.31,8.31
2024-05-01,2024,5,S02,SKU0037,PERSONAL_CARE,565,0,0,0.0,1,31,8.31,8.31
2024-06-01,2024,6,S02,SKU0037,PERSONAL_CARE,443,0,0,0.0,0,30,8.31,8.31
2024-07-01,2024,7,S02,SKU0037,PERSONAL_CARE,461,0,0,0.0,1,31,8.31,8.31
2024-08-01,2024,8,S02,SKU0037,PERSONAL_CARE,419,0,0,0.0,0,31,8.31,8.31
2024-09-01,2024,9,S02,SKU0037,PERSONAL_CARE,416,0,0,0.0,0,30,8.31,8.31
2024-10-01,2024,10,S02,SKU0037,PERSONAL_CARE,410,0,0,0.0,1,31,8.31,8.31
2024-11-01,2024,11,S02,SKU0037,PERSONAL_CARE,423,0,0,0.0,2,30,8.31,8.31
2024-12-01,2024,12,S02,SKU0037,PERSONAL_CARE,338,0,0,0.0,3,31,8.31,8.31
2025-01-01,2025,1,S02,SKU0037,PERSONAL_CARE,307,0,0,0.0,1,31,8.31,8.31
2025-02-01,2025,2,S02,SKU0037,PERSONAL_CARE,545,1,8,0.286,1,28,8.31,7.6
2025-03-01,2025,3,S02,SKU0037,PERSONAL_CARE,362,0,0,0.0,0,31,8.31,8.31
2025-04-01,2025,4,S02,SKU0037,PERSONAL_CARE,443,0,0,0.0,0,30,8.31,8.31
2025-05-01,2025,5,S02,SKU0037,PERSONAL_CARE,526,0,0,0.0,1,31,8.31,8.31
2025-06-01,2025,6,S02,SKU0037,PERSONAL_CARE,455,0,0,0.0,0,30,8.31,8.31
2025-07-01,2025,7,S02,SKU0037,PERSONAL_CARE,702,1,7,0.226,1,31,8.31,7.75
2025-08-01,2025,8,S02,SKU0037,PERSONAL_CARE,419,0,0,0.0,0,31,8.31,8.31
2025-09-01,2025,9,S02,SKU0037,PERSONAL_CARE,373,0,0,0.0,0,30,8.31,8.31
2025-10-01,2025,10,S02,SKU0037,PERSONAL_CARE,444,0,0,0.0,1,31,8.31,8.31
2025-11-01,2025,11,S02,SKU0037,PERSONAL_CARE,508,1,2,0.067,2,30,8.31,8.14
2025-12-01,2025,12,S02,SKU0037,PERSONAL_CARE,578,1,8,0.258,3,31,8.31,7.67
2022-01-01,2022,1,S02,SKU0038,PERSONAL_CARE,316,0,0,0.0,1,31,20.49,20.49
2022-02-01,2022,2,S02,SKU0038,PERSONAL_CARE,371,1,8,0.286,1,28,20.49,18.73
2022-03-01,2022,3,S02,SKU0038,PERSONAL_CARE,451,1,5,0.161,0,31,20.49,19.5
2022-04-01,2022,4,S02,SKU0038,PERSONAL_CARE,655,1,8,0.267,0,30,20.49,18.85
2022-05-01,2022,5,S02,SKU0038,PERSONAL_CARE,537,0,0,0.0,1,31,20.49,20.49
2022-06-01,2022,6,S02,SKU0038,PERSONAL_CARE,475,0,0,0.0,0,30,20.49,20.49
2022-07-01,2022,7,S02,SKU0038,PERSONAL_CARE,617,1,7,0.226,1,31,20.49,19.1
2022-08-01,2022,8,S02,SKU0038,PERSONAL_CARE,463,0,0,0.0,0,31,20.49,20.49
2022-09-01,2022,9,S02,SKU0038,PERSONAL_CARE,475,1,5,0.167,0,30,20.49,19.46
2022-10-01,2022,10,S02,SKU0038,PERSONAL_CARE,458,0,0,0.0,1,31,20.49,20.49
2022-11-01,2022,11,S02,SKU0038,PERSONAL_CARE,423,0,0,0.0,2,30,20.49,20.49
2022-12-01,2022,12,S02,SKU0038,PERSONAL_CARE,388,0,0,0.0,3,31,20.49,20.49
2023-01-01,2023,1,S02,SKU0038,PERSONAL_CARE,364,1,2,0.065,1,31,20.49,20.09
2023-02-01,2023,2,S02,SKU0038,PERSONAL_CARE,531,1,12,0.429,1,28,20.49,17.85
2023-03-01,2023,3,S02,SKU0038,PERSONAL_CARE,582,1,5,0.161,0,31,20.49,19.5
2023-04-01,2023,4,S02,SKU0038,PERSONAL_CARE,495,0,0,0.0,0,30,20.49,20.49
2023-05-01,2023,5,S02,SKU0038,PERSONAL_CARE,963,1,11,0.355,1,31,20.49,18.31
2023-06-01,2023,6,S02,SKU0038,PERSONAL_CARE,593,0,0,0.0,0,30,20.49,20.49
2023-07-01,2023,7,S02,SKU0038,PERSONAL_CARE,523,0,0,0.0,1,31,20.49,20.49
2023-08-01,2023,8,S02,SKU0038,PERSONAL_CARE,644,1,7,0.226,0,31,20.49,19.1
2023-09-01,2023,9,S02,SKU0038,PERSONAL_CARE,606,1,4,0.133,0,30,20.49,19.67
2023-10-01,2023,10,S02,SKU0038,PERSONAL_CARE,799,1,9,0.29,1,31,20.49,18.7
2023-11-01,2023,11,S02,SKU0038,PERSONAL_CARE,413,0,0,0.0,2,30,20.49,20.49
2023-12-01,2023,12,S02,SKU0038,PERSONAL_CARE,485,0,0,0.0,3,31,20.49,20.49
2024-01-01,2024,1,S02,SKU0038,PERSONAL_CARE,588,1,8,0.258,1,31,20.49,18.9
2024-02-01,2024,2,S02,SKU0038,PERSONAL_CARE,402,0,0,0.0,1,29,20.49,20.49
2024-03-01,2024,3,S02,SKU0038,PERSONAL_CARE,527,0,0,0.0,0,31,20.49,20.49
2024-04-01,2024,4,S02,SKU0038,PERSONAL_CARE,832,1,8,0.267,0,30,20.49,18.85
2024-05-01,2024,5,S02,SKU0038,PERSONAL_CARE,803,1,4,0.129,1,31,20.49,19.7
2024-06-01,2024,6,S02,SKU0038,PERSONAL_CARE,657,0,0,0.0,0,30,20.49,20.49
2024-07-01,2024,7,S02,SKU0038,PERSONAL_CARE,602,0,0,0.0,1,31,20.49,20.49
2024-08-01,2024,8,S02,SKU0038,PERSONAL_CARE,654,1,5,0.161,0,31,20.49,19.5
2024-09-01,2024,9,S02,SKU0038,PERSONAL_CARE,550,0,0,0.0,0,30,20.49,20.49
2024-10-01,2024,10,S02,SKU0038,PERSONAL_CARE,566,0,0,0.0,1,31,20.49,20.49
2024-11-01,2024,11,S02,SKU0038,PERSONAL_CARE,562,0,0,0.0,2,30,20.49,20.49
2024-12-01,2024,12,S02,SKU0038,PERSONAL_CARE,458,0,0,0.0,3,31,20.49,20.49
2025-01-01,2025,1,S02,SKU0038,PERSONAL_CARE,525,1,4,0.129,1,31,20.49,19.7
2025-02-01,2025,2,S02,SKU0038,PERSONAL_CARE,544,1,6,0.214,1,28,20.49,19.17
2025-03-01,2025,3,S02,SKU0038,PERSONAL_CARE,587,0,0,0.0,0,31,20.49,20.49
2025-04-01,2025,4,S02,SKU0038,PERSONAL_CARE,865,1,8,0.267,0,30,20.49,18.85
2025-05-01,2025,5,S02,SKU0038,PERSONAL_CARE,818,0,0,0.0,1,31,20.49,20.49
2025-06-01,2025,6,S02,SKU0038,PERSONAL_CARE,878,1,7,0.233,0,30,20.49,19.06
2025-07-01,2025,7,S02,SKU0038,PERSONAL_CARE,821,1,5,0.161,1,31,20.49,19.5
2025-08-01,2025,8,S02,SKU0038,PERSONAL_CARE,816,1,7,0.226,0,31,20.49,19.1
2025-09-01,2025,9,S02,SKU0038,PERSONAL_CARE,625,0,0,0.0,0,30,20.49,20.49
2025-10-01,2025,10,S02,SKU0038,PERSONAL_CARE,677,0,0,0.0,1,31,20.49,20.49
2025-11-01,2025,11,S02,SKU0038,PERSONAL_CARE,630,0,0,0.0,2,30,20.49,20.49
2025-12-01,2025,12,S02,SKU0038,PERSONAL_CARE,563,0,0,0.0,3,31,20.49,20.49
2022-01-01,2022,1,S02,SKU0039,PERSONAL_CARE,703,0,0,0.0,1,31,20.39,20.39
2022-02-01,2022,2,S02,SKU0039,PERSONAL_CARE,655,0,0,0.0,1,28,20.39,20.39
2022-03-01,2022,3,S02,SKU0039,PERSONAL_CARE,795,0,0,0.0,0,31,20.39,20.39
2022-04-01,2022,4,S02,SKU0039,PERSONAL_CARE,1058,0,0,0.0,0,30,20.39,20.39
2022-05-01,2022,5,S02,SKU0039,PERSONAL_CARE,1191,0,0,0.0,1,31,20.39,20.39
2022-06-01,2022,6,S02,SKU0039,PERSONAL_CARE,1133,0,0,0.0,0,30,20.39,20.39
2022-07-01,2022,7,S02,SKU0039,PERSONAL_CARE,1091,0,0,0.0,1,31,20.39,20.39
2022-08-01,2022,8,S02,SKU0039,PERSONAL_CARE,1445,1,6,0.194,0,31,20.39,19.21
2022-09-01,2022,9,S02,SKU0039,PERSONAL_CARE,1032,0,0,0.0,0,30,20.39,20.39
2022-10-01,2022,10,S02,SKU0039,PERSONAL_CARE,1353,1,5,0.161,1,31,20.39,19.4
2022-11-01,2022,11,S02,SKU0039,PERSONAL_CARE,916,0,0,0.0,2,30,20.39,20.39
2022-12-01,2022,12,S02,SKU0039,PERSONAL_CARE,1602,1,12,0.387,3,31,20.39,18.02
2023-01-01,2023,1,S02,SKU0039,PERSONAL_CARE,829,0,0,0.0,1,31,20.39,20.39
2023-02-01,2023,2,S02,SKU0039,PERSONAL_CARE,1492,1,13,0.464,1,28,20.39,17.55
2023-03-01,2023,3,S02,SKU0039,PERSONAL_CARE,991,0,0,0.0,0,31,20.39,20.39
2023-04-01,2023,4,S02,SKU0039,PERSONAL_CARE,1234,0,0,0.0,0,30,20.39,20.39
2023-05-01,2023,5,S02,SKU0039,PERSONAL_CARE,2184,1,10,0.323,1,31,20.39,18.42
2023-06-01,2023,6,S02,SKU0039,PERSONAL_CARE,1126,0,0,0.0,0,30,20.39,20.39
2023-07-01,2023,7,S02,SKU0039,PERSONAL_CARE,1836,1,8,0.258,1,31,20.39,18.81
2023-08-01,2023,8,S02,SKU0039,PERSONAL_CARE,1111,0,0,0.0,0,31,20.39,20.39
2023-09-01,2023,9,S02,SKU0039,PERSONAL_CARE,1023,0,0,0.0,0,30,20.39,20.39
2023-10-01,2023,10,S02,SKU0039,PERSONAL_CARE,1121,0,0,0.0,1,31,20.39,20.39
2023-11-01,2023,11,S02,SKU0039,PERSONAL_CARE,1481,1,5,0.167,2,30,20.39,19.37
2023-12-01,2023,12,S02,SKU0039,PERSONAL_CARE,1046,1,1,0.032,3,31,20.39,20.19
2024-01-01,2024,1,S02,SKU0039,PERSONAL_CARE,830,0,0,0.0,1,31,20.39,20.39
2024-02-01,2024,2,S02,SKU0039,PERSONAL_CARE,1549,1,7,0.241,1,29,20.39,18.91
2024-03-01,2024,3,S02,SKU0039,PERSONAL_CARE,1183,0,0,0.0,0,31,20.39,20.39
2024-04-01,2024,4,S02,SKU0039,PERSONAL_CARE,1313,0,0,0.0,0,30,20.39,20.39
2024-05-01,2024,5,S02,SKU0039,PERSONAL_CARE,1525,0,0,0.0,1,31,20.39,20.39
2024-06-01,2024,6,S02,SKU0039,PERSONAL_CARE,1433,0,0,0.0,0,30,20.39,20.39
2024-07-01,2024,7,S02,SKU0039,PERSONAL_CARE,1350,0,0,0.0,1,31,20.39,20.39
2024-08-01,2024,8,S02,SKU0039,PERSONAL_CARE,1176,0,0,0.0,0,31,20.39,20.39
2024-09-01,2024,9,S02,SKU0039,PERSONAL_CARE,1187,0,0,0.0,0,30,20.39,20.39
2024-10-01,2024,10,S02,SKU0039,PERSONAL_CARE,1248,0,0,0.0,1,31,20.39,20.39
2024-11-01,2024,11,S02,SKU0039,PERSONAL_CARE,1392,0,0,0.0,2,30,20.39,20.39
2024-12-01,2024,12,S02,SKU0039,PERSONAL_CARE,2175,1,13,0.419,3,31,20.39,17.82
2025-01-01,2025,1,S02,SKU0039,PERSONAL_CARE,954,0,0,0.0,1,31,20.39,20.39
2025-02-01,2025,2,S02,SKU0039,PERSONAL_CARE,1202,1,6,0.214,1,28,20.39,19.08
2025-03-01,2025,3,S02,SKU0039,PERSONAL_CARE,1283,0,0,0.0,0,31,20.39,20.39
2025-04-01,2025,4,S02,SKU0039,PERSONAL_CARE,1517,0,0,0.0,0,30,20.39,20.39
2025-05-01,2025,5,S02,SKU0039,PERSONAL_CARE,2669,1,9,0.29,1,31,20.39,18.61
2025-06-01,2025,6,S02,SKU0039,PERSONAL_CARE,1596,0,0,0.0,0,30,20.39,20.39
2025-07-01,2025,7,S02,SKU0039,PERSONAL_CARE,1529,0,0,0.0,1,31,20.39,20.39
2025-08-01,2025,8,S02,SKU0039,PERSONAL_CARE,2649,1,12,0.387,0,31,20.39,18.02
2025-09-01,2025,9,S02,SKU0039,PERSONAL_CARE,1346,0,0,0.0,0,30,20.39,20.39
2025-10-01,2025,10,S02,SKU0039,PERSONAL_CARE,1592,0,0,0.0,1,31,20.39,20.39
2025-11-01,2025,11,S02,SKU0039,PERSONAL_CARE,2329,1,7,0.233,2,30,20.39,18.96
2025-12-01,2025,12,S02,SKU0039,PERSONAL_CARE,1783,1,5,0.161,3,31,20.39,19.4
2022-01-01,2022,1,S02,SKU0040,PERSONAL_CARE,359,0,0,0.0,1,31,14.17,14.17
2022-02-01,2022,2,S02,SKU0040,PERSONAL_CARE,302,0,0,0.0,1,28,14.17,14.17
2022-03-01,2022,3,S02,SKU0040,PERSONAL_CARE,755,1,14,0.452,0,31,14.17,12.25
2022-04-01,2022,4,S02,SKU0040,PERSONAL_CARE,520,0,0,0.0,0,30,14.17,14.17
2022-05-01,2022,5,S02,SKU0040,PERSONAL_CARE,585,0,0,0.0,1,31,14.17,14.17
2022-06-01,2022,6,S02,SKU0040,PERSONAL_CARE,640,1,5,0.167,0,30,14.17,13.46
2022-07-01,2022,7,S02,SKU0040,PERSONAL_CARE,835,1,13,0.419,1,31,14.17,12.39
2022-08-01,2022,8,S02,SKU0040,PERSONAL_CARE,461,0,0,0.0,0,31,14.17,14.17
2022-09-01,2022,9,S02,SKU0040,PERSONAL_CARE,464,0,0,0.0,0,30,14.17,14.17
2022-10-01,2022,10,S02,SKU0040,PERSONAL_CARE,510,0,0,0.0,1,31,14.17,14.17
2022-11-01,2022,11,S02,SKU0040,PERSONAL_CARE,424,0,0,0.0,2,30,14.17,14.17
2022-12-01,2022,12,S02,SKU0040,PERSONAL_CARE,538,1,5,0.161,3,31,14.17,13.48
2023-01-01,2023,1,S02,SKU0040,PERSONAL_CARE,376,0,0,0.0,1,31,14.17,14.17
2023-02-01,2023,2,S02,SKU0040,PERSONAL_CARE,367,0,0,0.0,1,28,14.17,14.17
2023-03-01,2023,3,S02,SKU0040,PERSONAL_CARE,451,0,0,0.0,0,31,14.17,14.17
2023-04-01,2023,4,S02,SKU0040,PERSONAL_CARE,551,0,0,0.0,0,30,14.17,14.17
2023-05-01,2023,5,S02,SKU0040,PERSONAL_CARE,624,0,0,0.0,1,31,14.17,14.17
2023-06-01,2023,6,S02,SKU0040,PERSONAL_CARE,636,1,1,0.033,0,30,14.17,14.03
2023-07-01,2023,7,S02,SKU0040,PERSONAL_CARE,948,1,10,0.323,1,31,14.17,12.8
2023-08-01,2023,8,S02,SKU0040,PERSONAL_CARE,509,0,0,0.0,0,31,14.17,14.17
2023-09-01,2023,9,S02,SKU0040,PERSONAL_CARE,474,0,0,0.0,0,30,14.17,14.17
2023-10-01,2023,10,S02,SKU0040,PERSONAL_CARE,957,1,12,0.387,1,31,14.17,12.52
2023-11-01,2023,11,S02,SKU0040,PERSONAL_CARE,569,1,1,0.033,2,30,14.17,14.03
2023-12-01,2023,12,S02,SKU0040,PERSONAL_CARE,465,0,0,0.0,3,31,14.17,14.17
2024-01-01,2024,1,S02,SKU0040,PERSONAL_CARE,761,1,13,0.419,1,31,14.17,12.39
2024-02-01,2024,2,S02,SKU0040,PERSONAL_CARE,691,1,11,0.379,1,29,14.17,12.56
2024-03-01,2024,3,S02,SKU0040,PERSONAL_CARE,591,0,0,0.0,0,31,14.17,14.17
2024-04-01,2024,4,S02,SKU0040,PERSONAL_CARE,814,1,4,0.133,0,30,14.17,13.6
2024-05-01,2024,5,S02,SKU0040,PERSONAL_CARE,945,1,5,0.161,1,31,14.17,13.48
2024-06-01,2024,6,S02,SKU0040,PERSONAL_CARE,678,0,0,0.0,0,30,14.17,14.17
2024-07-01,2024,7,S02,SKU0040,PERSONAL_CARE,632,0,0,0.0,1,31,14.17,14.17
2024-08-01,2024,8,S02,SKU0040,PERSONAL_CARE,582,0,0,0.0,0,31,14.17,14.17
2024-09-01,2024,9,S02,SKU0040,PERSONAL_CARE,552,0,0,0.0,0,30,14.17,14.17
2024-10-01,2024,10,S02,SKU0040,PERSONAL_CARE,642,0,0,0.0,1,31,14.17,14.17
2024-11-01,2024,11,S02,SKU0040,PERSONAL_CARE,621,0,0,0.0,2,30,14.17,14.17
2024-12-01,2024,12,S02,SKU0040,PERSONAL_CARE,514,0,0,0.0,3,31,14.17,14.17
2025-01-01,2025,1,S02,SKU0040,PERSONAL_CARE,500,1,3,0.097,1,31,14.17,13.76
2025-02-01,2025,2,S02,SKU0040,PERSONAL_CARE,592,1,2,0.071,1,28,14.17,13.87
2025-03-01,2025,3,S02,SKU0040,PERSONAL_CARE,628,0,0,0.0,0,31,14.17,14.17
2025-04-01,2025,4,S02,SKU0040,PERSONAL_CARE,721,0,0,0.0,0,30,14.17,14.17
2025-05-01,2025,5,S02,SKU0040,PERSONAL_CARE,817,0,0,0.0,1,31,14.17,14.17
2025-06-01,2025,6,S02,SKU0040,PERSONAL_CARE,1441,1,13,0.433,0,30,14.17,12.33
2025-07-01,2025,7,S02,SKU0040,PERSONAL_CARE,1183,1,9,0.29,1,31,14.17,12.94
2025-08-01,2025,8,S02,SKU0040,PERSONAL_CARE,720,0,0,0.0,0,31,14.17,14.17
2025-09-01,2025,9,S02,SKU0040,PERSONAL_CARE,625,0,0,0.0,0,30,14.17,14.17
2025-10-01,2025,10,S02,SKU0040,PERSONAL_CARE,1129,1,11,0.355,1,31,14.17,12.66
2025-11-01,2025,11,S02,SKU0040,PERSONAL_CARE,669,0,0,0.0,2,30,14.17,14.17
2025-12-01,2025,12,S02,SKU0040,PERSONAL_CARE,542,0,0,0.0,3,31,14.17,14.17
