Backend/api_data/ds_61b6ca015029__retail_sku_sales_monthly.csv
year_month,year,month,store_id,sku_id,category,qty_sold,promo_flag,promo_days,promo_intensity,holiday_days,days_in_month,list_price,avg_selling_price
2022-01-01,2022,1,S03,SKU0001,BEVERAGES,3596,1,3,0.097,1,31,18.7,18.16
2022-02-01,2022,2,S03,SKU0001,BEVERAGES,2947,1,2,0.071,1,28,18.7,18.3
2022-03-01,2022,3,S03,SKU0001,BEVERAGES,3622,1,3,0.097,0,31,18.7,18.16
2022-04-01,2022,4,S03,SKU0001,BEVERAGES,5415,1,5,0.167,0,30,18.7,17.76
2022-05-01,2022,5,S03,SKU0001,BEVERAGES,4453,0,0,0.0,1,31,18.7,18.7
2022-06-01,2022,6,S03,SKU0001,BEVERAGES,6318,0,0,0.0,0,30,18.7,18.7
2022-07-01,2022,7,S03,SKU0001,BEVERAGES,6287,0,0,0.0,1,31,18.7,18.7
2022-08-01,2022,8,S03,SKU0001,BEVERAGES,5654,0,0,0.0,0,31,18.7,18.7
2022-09-01,2022,9,S03,SKU0001,BEVERAGES,3834,0,0,0.0,0,30,18.7,18.7
2022-10-01,2022,10,S03,SKU0001,BEVERAGES,4720,0,0,0.0,1,31,18.7,18.7
2022-11-01,2022,11,S03,SKU0001,BEVERAGES,3959,0,0,0.0,2,30,18.7,18.7
2022-12-01,2022,12,S03,SKU0001,BEVERAGES,3295,0,0,0.0,3,31,18.7,18.7
2023-01-01,2023,1,S03,SKU0001,BEVERAGES,3346,1,2,0.065,1,31,18.7,18.34
2023-02-01,2023,2,S03,SKU0001,BEVERAGES,3772,1,6,0.214,1,28,18.7,17.5
2023-03-01,2023,3,S03,SKU0001,BEVERAGES,4653,0,0,0.0,0,31,18.7,18.7
2023-04-01,2023,4,S03,SKU0001,BEVERAGES,5995,1,1,0.033,0,30,18.7,18.51
2023-05-01,2023,5,S03,SKU0001,BEVERAGES,8252,1,13,0.419,1,31,18.7,16.35
2023-06-01,2023,6,S03,SKU0001,BEVERAGES,9152,1,8,0.267,0,30,18.7,17.2
2023-07-01,2023,7,S03,SKU0001,BEVERAGES,8418,1,5,0.161,1,31,18.7,17.8
2023-08-01,2023,8,S03,SKU0001,BEVERAGES,8253,1,7,0.226,0,31,18.7,17.43
2023-09-01,2023,9,S03,SKU0001,BEVERAGES,6133,1,7,0.233,0,30,18.7,17.39
2023-10-01,2023,10,S03,SKU0001,BEVERAGES,4428,0,0,0.0,1,31,18.7,18.7
2023-11-01,2023,11,S03,SKU0001,BEVERAGES,6878,1,11,0.367,2,30,18.7,16.64
2023-12-01,2023,12,S03,SKU0001,BEVERAGES,5211,1,2,0.065,3,31,18.7,18.34
2024-01-01,2024,1,S03,SKU0001,BEVERAGES,5052,1,9,0.29,1,31,18.7,17.07
2024-02-01,2024,2,S03,SKU0001,BEVERAGES,3826,0,0,0.0,1,29,18.7,18.7
2024-03-01,2024,3,S03,SKU0001,BEVERAGES,5556,0,0,0.0,0,31,18.7,18.7
2024-04-01,2024,4,S03,SKU0001,BEVERAGES,5859,0,0,0.0,0,30,18.7,18.7
2024-05-01,2024,5,S03,SKU0001,BEVERAGES,7400,1,5,0.161,1,31,18.7,17.8
2024-06-01,2024,6,S03,SKU0001,BEVERAGES,8372,0,0,0.0,0,30,18.7,18.7
2024-07-01,2024,7,S03,SKU0001,BEVERAGES,8024,0,0,0.0,1,31,18.7,18.7
2024-08-01,2024,8,S03,SKU0001,BEVERAGES,6618,0,0,0.0,0,31,18.7,18.7
2024-09-01,2024,9,S03,SKU0001,BEVERAGES,6276,1,9,0.3,0,30,18.7,17.02
2024-10-01,2024,10,S03,SKU0001,BEVERAGES,5551,0,0,0.0,1,31,18.7,18.7
2024-11-01,2024,11,S03,SKU0001,BEVERAGES,5034,0,0,0.0,2,30,18.7,18.7
2024-12-01,2024,12,S03,SKU0001,BEVERAGES,4663,0,0,0.0,3,31,18.7,18.7
2025-01-01,2025,1,S03,SKU0001,BEVERAGES,4484,0,0,0.0,1,31,18.7,18.7
2025-02-01,2025,2,S03,SKU0001,BEVERAGES,4153,0,0,0.0,1,28,18.7,18.7
2025-03-01,2025,3,S03,SKU0001,BEVERAGES,5705,0,0,0.0,0,31,18.7,18.7
2025-04-01,2025,4,S03,SKU0001,BEVERAGES,7002,0,0,0.0,0,30,18.7,18.7
2025-05-01,2025,5,S03,SKU0001,BEVERAGES,10688,1,11,0.355,1,31,18.7,16.71
2025-06-01,2025,6,S03,SKU0001,BEVERAGES,9592,0,0,0.0,0,30,18.7,18.7
2025-07-01,2025,7,S03,SKU0001,BEVERAGES,10854,1,9,0.29,1,31,18.7,17.07
2025-08-01,2025,8,S03,SKU0001,BEVERAGES,7929,0,0,0.0,0,31,18.7,18.7
2025-09-01,2025,9,S03,SKU0001,BEVERAGES,6039,0,0,0.0,0,30,18.7,18.7
2025-10-01,2025,10,S03,SKU0001,BEVERAGES,6278,0,0,0.0,1,31,18.7,18.7
2025-11-01,2025,11,S03,SKU0001,BEVERAGES,5991,0,0,0.0,2,30,18.7,18.7
2025-12-01,2025,12,S03,SKU0001,BEVERAGES,5270,0,0,0.0,3,31,18.7,18.7
2022-01-01,2022,1,S03,SKU0002,BEVERAGES,4053,0,0,0.0,1,31,5.17,5.17
2022-02-01,2022,2,S03,SKU0002,BEVERAGES,4216,1,8,0.286,1,28,5.17,4.73
2022-03-01,2022,3,S03,SKU0002,BEVERAGES,4492,0,0,0.0,0,31,5.17,5.17
2022-04-01,2022,4,S03,SKU0002,BEVERAGES,7472,1,10,0.333,0,30,5.17,4.65
2022-05-01,2022,5,S03,SKU0002,BEVERAGES,6381,0,0,0.0,1,31,5.17,5.17
2022-06-01,2022,6,S03,SKU0002,BEVERAGES,8071,0,0,0.0,0,30,5.17,5.17
2022-07-01,2022,7,S03,SKU0002,BEVERAGES,7659,0,0,0.0,1,31,5.17,5.17
2022-08-01,2022,8,S03,SKU0002,BEVERAGES,6668,0,0,0.0,0,31,5.17,5.17
2022-09-01,2022,9,S03,SKU0002,BEVERAGES,5762,1,8,0.267,0,30,5.17,4.76
2022-10-01,2022,10,S03,SKU0002,BEVERAGES,5183,0,0,0.0,1,31,5.17,5.17
2022-11-01,2022,11,S03,SKU0002,BEVERAGES,4675,0,0,0.0,2,30,5.17,5.17
2022-12-01,2022,12,S03,SKU0002,BEVERAGES,4768,0,0,0.0,3,31,5.17,5.17
2023-01-01,2023,1,S03,SKU0002,BEVERAGES,4861,1,8,0.258,1,31,5.17,4.77
2023-02-01,2023,2,S03,SKU0002,BEVERAGES,3749,0,0,0.0,1,28,5.17,5.17
2023-03-01,2023,3,S03,SKU0002,BEVERAGES,4909,0,0,0.0,0,31,5.17,5.17
2023-04-01,2023,4,S03,SKU0002,BEVERAGES,8269,1,12,0.4,0,30,5.17,4.55
2023-05-01,2023,5,S03,SKU0002,BEVERAGES,5297,0,0,0.0,1,31,5.17,5.17
2023-06-01,2023,6,S03,SKU0002,BEVERAGES,11065,1,12,0.4,0,30,5.17,4.55
2023-07-01,2023,7,S03,SKU0002,BEVERAGES,7654,0,0,0.0,1,31,5.17,5.17
2023-08-01,2023,8,S03,SKU0002,BEVERAGES,6599,0,0,0.0,0,31,5.17,5.17
2023-09-01,2023,9,S03,SKU0002,BEVERAGES,4579,0,0,0.0,0,30,5.17,5.17
2023-10-01,2023,10,S03,SKU0002,BEVERAGES,4622,0,0,0.0,1,31,5.17,5.17
2023-11-01,2023,11,S03,SKU0002,BEVERAGES,4468,0,0,0.0,2,30,5.17,5.17
2023-12-01,2023,12,S03,SKU0002,BEVERAGES,4513,0,0,0.0,3,31,5.17,5.17
2024-01-01,2024,1,S03,SKU0002,BEVERAGES,4393,1,8,0.258,1,31,5.17,4.77
2024-02-01,2024,2,S03,SKU0002,BEVERAGES,4157,1,4,0.138,1,29,5.17,4.96
2024-03-01,2024,3,S03,SKU0002,BEVERAGES,4720,0,0,0.0,0,31,5.17,5.17
2024-04-01,2024,4,S03,SKU0002,BEVERAGES,5024,0,0,0.0,0,30,5.17,5.17
2024-05-01,2024,5,S03,SKU0002,BEVERAGES,5798,0,0,0.0,1,31,5.17,5.17
2024-06-01,2024,6,S03,SKU0002,BEVERAGES,6749,0,0,0.0,0,30,5.17,5.17
2024-07-01,2024,7,S03,SKU0002,BEVERAGES,6275,0,0,0.0,1,31,5.17,5.17
2024-08-01,2024,8,S03,SKU0002,BEVERAGES,7487,1,5,0.161,0,31,5.17,4.92
2024-09-01,2024,9,S03,SKU0002,BEVERAGES,4696,0,0,0.0,0,30,5.17,5.17
2024-10-01,2024,10,S03,SKU0002,BEVERAGES,5050,0,0,0.0,1,31,5.17,5.17
2024-11-01,2024,11,S03,SKU0002,BEVERAGES,5766,1,6,0.2,2,30,5.17,4.86
2024-12-01,2024,12,S03,SKU0002,BEVERAGES,4170,0,0,0.0,3,31,5.17,5.17
2025-01-01,2025,1,S03,SKU0002,BEVERAGES,3625,0,0,0.0,1,31,5.17,5.17
2025-02-01,2025,2,S03,SKU0002,BEVERAGES,4648,1,13,0.464,1,28,5.17,4.45
2025-03-01,2025,3,S03,SKU0002,BEVERAGES,4850,0,0,0.0,0,31,5.17,5.17
2025-04-01,2025,4,S03,SKU0002,BEVERAGES,5469,0,0,0.0,0,30,5.17,5.17
2025-05-01,2025,5,S03,SKU0002,BEVERAGES,6136,0,0,0.0,1,31,5.17,5.17
2025-06-01,2025,6,S03,SKU0002,BEVERAGES,10589,1,13,0.433,0,30,5.17,4.5
2025-07-01,2025,7,S03,SKU0002,BEVERAGES,7515,0,0,0.0,1,31,5.17,5.17
2025-08-01,2025,8,S03,SKU0002,BEVERAGES,7264,0,0,0.0,0,31,5.17,5.17
2025-09-01,2025,9,S03,SKU0002,BEVERAGES,4850,0,0,0.0,0,30,5.17,5.17
2025-10-01,2025,10,S03,SKU0002,BEVERAGES,5012,0,0,0.0,1,31,5.17,5.17
2025-11-01,2025,11,S03,SKU0002,BEVERAGES,4845,0,0,0.0,2,30,5.17,5.17
2025-12-01,2025,12,S03,SKU0002,BEVERAGES,3758,0,0,0.0,3,31,5.17,5.17
2022-01-01,2022,1,S03,SKU0003,BEVERAGES,1482,0,0,0.0,1,31,15.63,15.63
2022-02-01,2022,2,S03,SKU0003,BEVERAGES,1940,1,5,0.179,1,28,15.63,14.79
2022-03-01,2022,3,S03,SKU0003,BEVERAGES,1777,0,0,0.0,0,31,15.63,15.63
2022-04-01,2022,4,S03,SKU0003,BEVERAGES,3070,1,5,0.167,0,30,15.63,14.85
2022-05-01,2022,5,S03,SKU0003,BEVERAGES,3557,1,9,0.29,1,31,15.63,14.27
2022-06-01,2022,6,S03,SKU0003,BEVERAGES,3389,0,0,0.0,0,30,15.63,15.63
2022-07-01,2022,7,S03,SKU0003,BEVERAGES,3238,0,0,0.0,1,31,15.63,15.63
2022-08-01,2022,8,S03,SKU0003,BEVERAGES,2819,0,0,0.0,0,31,15.63,15.63
2022-09-01,2022,9,S03,SKU0003,BEVERAGES,2128,0,0,0.0,0,30,15.63,15.63
2022-10-01,2022,10,S03,SKU0003,BEVERAGES,3686,1,13,0.419,1,31,15.63,13.66
2022-11-01,2022,11,S03,SKU0003,BEVERAGES,2945,1,8,0.267,2,30,15.63,14.38
2022-12-01,2022,12,S03,SKU0003,BEVERAGES,3100,1,10,0.323,3,31,15.63,14.12
2023-01-01,2023,1,S03,SKU0003,BEVERAGES,1833,1,2,0.065,1,31,15.63,15.33
2023-02-01,2023,2,S03,SKU0003,BEVERAGES,2072,1,4,0.143,1,28,15.63,14.96
2023-03-01,2023,3,S03,SKU0003,BEVERAGES,2388,0,0,0.0,0,31,15.63,15.63
2023-04-01,2023,4,S03,SKU0003,BEVERAGES,2496,0,0,0.0,0,30,15.63,15.63
2023-05-01,2023,5,S03,SKU0003,BEVERAGES,2873,0,0,0.0,1,31,15.63,15.63
2023-06-01,2023,6,S03,SKU0003,BEVERAGES,5685,1,8,0.267,0,30,15.63,14.38
2023-07-01,2023,7,S03,SKU0003,BEVERAGES,3673,0,0,0.0,1,31,15.63,15.63
2023-08-01,2023,8,S03,SKU0003,BEVERAGES,3328,0,0,0.0,0,31,15.63,15.63
2023-09-01,2023,9,S03,SKU0003,BEVERAGES,3094,1,6,0.2,0,30,15.63,14.69
2023-10-01,2023,10,S03,SKU0003,BEVERAGES,2792,1,2,0.065,1,31,15.63,15.33
2023-11-01,2023,11,S03,SKU0003,BEVERAGES,3988,1,11,0.367,2,30,15.63,13.91
2023-12-01,2023,12,S03,SKU0003,BEVERAGES,2354,0,0,0.0,3,31,15.63,15.63
2024-01-01,2024,1,S03,SKU0003,BEVERAGES,1841,0,0,0.0,1,31,15.63,15.63
2024-02-01,2024,2,S03,SKU0003,BEVERAGES,1897,0,0,0.0,1,29,15.63,15.63
2024-03-01,2024,3,S03,SKU0003,BEVERAGES,2469,0,0,0.0,0,31,15.63,15.63
2024-04-01,2024,4,S03,SKU0003,BEVERAGES,2681,0,0,0.0,0,30,15.63,15.63
2024-05-01,2024,5,S03,SKU0003,BEVERAGES,3517,0,0,0.0,1,31,15.63,15.63
2024-06-01,2024,6,S03,SKU0003,BEVERAGES,3878,0,0,0.0,0,30,15.63,15.63
2024-07-01,2024,7,S03,SKU0003,BEVERAGES,3962,0,0,0.0,1,31,15.63,15.63
2024-08-01,2024,8,S03,SKU0003,BEVERAGES,4067,0,0,0.0,0,31,15.63,15.63
2024-09-01,2024,9,S03,SKU0003,BEVERAGES,2584,0,0,0.0,0,30,15.63,15.63
2024-10-01,2024,10,S03,SKU0003,BEVERAGES,2945,0,0,0.0,1,31,15.63,15.63
2024-11-01,2024,11,S03,SKU0003,BEVERAGES,4796,1,12,0.4,2,30,15.63,13.75
2024-12-01,2024,12,S03,SKU0003,BEVERAGES,2476,0,0,0.0,3,31,15.63,15.63
2025-01-01,2025,1,S03,SKU0003,BEVERAGES,2249,0,0,0.0,1,31,15.63,15.63
2025-02-01,2025,2,S03,SKU0003,BEVERAGES,4114,1,11,0.393,1,28,15.63,13.79
2025-03-01,2025,3,S03,SKU0003,BEVERAGES,2600,0,0,0.0,0,31,15.63,15.63
2025-04-01,2025,4,S03,SKU0003,BEVERAGES,3433,0,0,0.0,0,30,15.63,15.63
2025-05-01,2025,5,S03,SKU0003,BEVERAGES,3658,0,0,0.0,1,31,15.63,15.63
2025-06-01,2025,6,S03,SKU0003,BEVERAGES,4213,0,0,0.0,0,30,15.63,15.63
2025-07-01,2025,7,S03,SKU0003,BEVERAGES,4437,0,0,0.0,1,31,15.63,15.63
2025-08-01,2025,8,S03,SKU0003,BEVERAGES,4231,0,0,0.0,0,31,15.63,15.63
2025-09-01,2025,9,S03,SKU0003,BEVERAGES,3242,0,0,0.0,0,30,15.63,15.63
2025-10-01,2025,10,S03,SKU0003,BEVERAGES,2868,0,0,0.0,1,31,15.63,15.63
2025-11-01,2025,11,S03,SKU0003,BEVERAGES,3878,1,4,0.133,2,30,15.63,15.0
2025-12-01,2025,12,S03,SKU0003,BEVERAGES,3872,1,8,0.258,3,31,15.63,14.42
2022-01-01,2022,1,S03,SKU0004,BEVERAGES,4141,0,0,0.0,1,31,24.29,24.29
2022-02-01,2022,2,S03,SKU0004,BEVERAGES,6375,1,9,0.321,1,28,24.29,21.95
2022-03-01,2022,3,S03,SKU0004,BEVERAGES,5508,1,1,0.032,0,31,24.29,24.05
2022-04-01,2022,4,S03,SKU0004,BEVERAGES,5874,0,0,0.0,0,30,24.29,24.29
2022-05-01,2022,5,S03,SKU0004,BEVERAGES,7101,0,0,0.0,1,31,24.29,24.29
2022-06-01,2022,6,S03,SKU0004,BEVERAGES,8600,0,0,0.0,0,30,24.29,24.29
2022-07-01,2022,7,S03,SKU0004,BEVERAGES,7579,0,0,0.0,1,31,24.29,24.29
2022-08-01,2022,8,S03,SKU0004,BEVERAGES,7404,0,0,0.0,0,31,24.29,24.29
2022-09-01,2022,9,S03,SKU0004,BEVERAGES,8998,1,13,0.433,0,30,24.29,21.13
2022-10-01,2022,10,S03,SKU0004,BEVERAGES,5843,0,0,0.0,1,31,24.29,24.29
2022-11-01,2022,11,S03,SKU0004,BEVERAGES,5274,0,0,0.0,2,30,24.29,24.29
2022-12-01,2022,12,S03,SKU0004,BEVERAGES,4859,0,0,0.0,3,31,24.29,24.29
2023-01-01,2023,1,S03,SKU0004,BEVERAGES,4529,0,0,0.0,1,31,24.29,24.29
2023-02-01,2023,2,S03,SKU0004,BEVERAGES,4265,0,0,0.0,1,28,24.29,24.29
2023-03-01,2023,3,S03,SKU0004,BEVERAGES,6216,1,5,0.161,0,31,24.29,23.11
2023-04-01,2023,4,S03,SKU0004,BEVERAGES,6049,0,0,0.0,0,30,24.29,24.29
2023-05-01,2023,5,S03,SKU0004,BEVERAGES,6679,0,0,0.0,1,31,24.29,24.29
2023-06-01,2023,6,S03,SKU0004,BEVERAGES,8636,0,0,0.0,0,30,24.29,24.29
2023-07-01,2023,7,S03,SKU0004,BEVERAGES,11222,1,12,0.387,1,31,24.29,21.47
2023-08-01,2023,8,S03,SKU0004,BEVERAGES,8765,1,6,0.194,0,31,24.29,22.88
2023-09-01,2023,9,S03,SKU0004,BEVERAGES,6694,1,7,0.233,0,30,24.29,22.59
2023-10-01,2023,10,S03,SKU0004,BEVERAGES,5338,0,0,0.0,1,31,24.29,24.29
2023-11-01,2023,11,S03,SKU0004,BEVERAGES,5349,0,0,0.0,2,30,24.29,24.29
2023-12-01,2023,12,S03,SKU0004,BEVERAGES,4394,0,0,0.0,3,31,24.29,24.29
2024-01-01,2024,1,S03,SKU0004,BEVERAGES,3461,0,0,0.0,1,31,24.29,24.29
2024-02-01,2024,2,S03,SKU0004,BEVERAGES,3891,0,0,0.0,1,29,24.29,24.29
2024-03-01,2024,3,S03,SKU0004,BEVERAGES,4615,0,0,0.0,0,31,24.29,24.29
2024-04-01,2024,4,S03,SKU0004,BEVERAGES,5834,0,0,0.0,0,30,24.29,24.29
2024-05-01,2024,5,S03,SKU0004,BEVERAGES,6319,0,0,0.0,1,31,24.29,24.29
2024-06-01,2024,6,S03,SKU0004,BEVERAGES,8185,0,0,0.0,0,30,24.29,24.29
2024-07-01,2024,7,S03,SKU0004,BEVERAGES,8312,1,7,0.226,1,31,24.29,22.64
2024-08-01,2024,8,S03,SKU0004,BEVERAGES,8755,1,5,0.161,0,31,24.29,23.11
2024-09-01,2024,9,S03,SKU0004,BEVERAGES,5043,0,0,0.0,0,30,24.29,24.29
2024-10-01,2024,10,S03,SKU0004,BEVERAGES,4894,0,0,0.0,1,31,24.29,24.29
2024-11-01,2024,11,S03,SKU0004,BEVERAGES,4662,0,0,0.0,2,30,24.29,24.29
2024-12-01,2024,12,S03,SKU0004,BEVERAGES,4012,0,0,0.0,3,31,24.29,24.29
2025-01-01,2025,1,S03,SKU0004,BEVERAGES,4558,1,5,0.161,1,31,24.29,23.11
2025-02-01,2025,2,S03,SKU0004,BEVERAGES,3592,1,2,0.071,1,28,24.29,23.77
2025-03-01,2025,3,S03,SKU0004,BEVERAGES,7254,1,13,0.419,0,31,24.29,21.23
2025-04-01,2025,4,S03,SKU0004,BEVERAGES,5194,0,0,0.0,0,30,24.29,24.29
2025-05-01,2025,5,S03,SKU0004,BEVERAGES,6385,1,2,0.065,1,31,24.29,23.82
2025-06-01,2025,6,S03,SKU0004,BEVERAGES,9465,1,5,0.167,0,30,24.29,23.08
2025-07-01,2025,7,S03,SKU0004,BEVERAGES,7342,0,0,0.0,1,31,24.29,24.29
2025-08-01,2025,8,S03,SKU0004,BEVERAGES,6352,0,0,0.0,0,31,24.29,24.29
2025-09-01,2025,9,S03,SKU0004,BEVERAGES,4887,1,3,0.1,0,30,24.29,23.56
2025-10-01,2025,10,S03,SKU0004,BEVERAGES,5712,1,6,0.194,1,31,24.29,22.88
2025-11-01,2025,11,S03,SKU0004,BEVERAGES,4560,0,0,0.0,2,30,24.29,24.29
2025-12-01,2025,12,S03,SKU0004,BEVERAGES,3864,0,0,0.0,3,31,24.29,24.29
2022-01-01,2022,1,S03,SKU0005,BEVERAGES,4889,0,0,0.0,1,31,5.77,5.77
2022-02-01,2022,2,S03,SKU0005,BEVERAGES,4549,0,0,0.0,1,28,5.77,5.77
2022-03-01,2022,3,S03,SKU0005,BEVERAGES,6051,0,0,0.0,0,31,5.77,5.77
2022-04-01,2022,4,S03,SKU0005,BEVERAGES,7628,0,0,0.0,0,30,5.77,5.77
2022-05-01,2022,5,S03,SKU0005,BEVERAGES,8033,0,0,0.0,1,31,5.77,5.77
2022-06-01,2022,6,S03,SKU0005,BEVERAGES,9196,0,0,0.0,0,30,5.77,5.77
2022-07-01,2022,7,S03,SKU0005,BEVERAGES,13863,1,9,0.29,1,31,5.77,5.27
2022-08-01,2022,8,S03,SKU0005,BEVERAGES,9913,1,1,0.032,0,31,5.77,5.71
2022-09-01,2022,9,S03,SKU0005,BEVERAGES,5933,0,0,0.0,0,30,5.77,5.77
2022-10-01,2022,10,S03,SKU0005,BEVERAGES,11477,1,13,0.419,1,31,5.77,5.04
2022-11-01,2022,11,S03,SKU0005,BEVERAGES,5508,0,0,0.0,2,30,5.77,5.77
2022-12-01,2022,12,S03,SKU0005,BEVERAGES,5544,0,0,0.0,3,31,5.77,5.77
2023-01-01,2023,1,S03,SKU0005,BEVERAGES,4952,0,0,0.0,1,31,5.77,5.77
2023-02-01,2023,2,S03,SKU0005,BEVERAGES,4281,0,0,0.0,1,28,5.77,5.77
2023-03-01,2023,3,S03,SKU0005,BEVERAGES,6368,0,0,0.0,0,31,5.77,5.77
2023-04-01,2023,4,S03,SKU0005,BEVERAGES,7371,0,0,0.0,0,30,5.77,5.77
2023-05-01,2023,5,S03,SKU0005,BEVERAGES,8301,0,0,0.0,1,31,5.77,5.77
2023-06-01,2023,6,S03,SKU0005,BEVERAGES,9693,0,0,0.0,0,30,5.77,5.77
2023-07-01,2023,7,S03,SKU0005,BEVERAGES,10177,0,0,0.0,1,31,5.77,5.77
2023-08-01,2023,8,S03,SKU0005,BEVERAGES,11478,1,6,0.194,0,31,5.77,5.44
2023-09-01,2023,9,S03,SKU0005,BEVERAGES,6316,1,3,0.1,0,30,5.77,5.6
2023-10-01,2023,10,S03,SKU0005,BEVERAGES,8965,1,7,0.226,1,31,5.77,5.38
2023-11-01,2023,11,S03,SKU0005,BEVERAGES,5934,0,0,0.0,2,30,5.77,5.77
2023-12-01,2023,12,S03,SKU0005,BEVERAGES,5457,0,0,0.0,3,31,5.77,5.77
2024-01-01,2024,1,S03,SKU0005,BEVERAGES,7491,1,10,0.323,1,31,5.77,5.21
2024-02-01,2024,2,S03,SKU0005,BEVERAGES,5064,0,0,0.0,1,29,5.77,5.77
2024-03-01,2024,3,S03,SKU0005,BEVERAGES,6202,0,0,0.0,0,31,5.77,5.77
2024-04-01,2024,4,S03,SKU0005,BEVERAGES,6667,0,0,0.0,0,30,5.77,5.77
2024-05-01,2024,5,S03,SKU0005,BEVERAGES,8097,0,0,0.0,1,31,5.77,5.77
2024-06-01,2024,6,S03,SKU0005,BEVERAGES,10293,0,0,0.0,0,30,5.77,5.77
2024-07-01,2024,7,S03,SKU0005,BEVERAGES,11917,1,5,0.161,1,31,5.77,5.49
2024-08-01,2024,8,S03,SKU0005,BEVERAGES,8563,0,0,0.0,0,31,5.77,5.77
2024-09-01,2024,9,S03,SKU0005,BEVERAGES,6428,0,0,0.0,0,30,5.77,5.77
2024-10-01,2024,10,S03,SKU0005,BEVERAGES,9410,1,8,0.258,1,31,5.77,5.32
2024-11-01,2024,11,S03,SKU0005,BEVERAGES,6388,0,0,0.0,2,30,5.77,5.77
2024-12-01,2024,12,S03,SKU0005,BEVERAGES,5441,0,0,0.0,3,31,5.77,5.77
2025-01-01,2025,1,S03,SKU0005,BEVERAGES,4690,0,0,0.0,1,31,5.77,5.77
2025-02-01,2025,2,S03,SKU0005,BEVERAGES,4769,0,0,0.0,1,28,5.77,5.77
2025-03-01,2025,3,S03,SKU0005,BEVERAGES,6144,0,0,0.0,0,31,5.77,5.77
2025-04-01,2025,4,S03,SKU0005,BEVERAGES,7518,0,0,0.0,0,30,5.77,5.77
2025-05-01,2025,5,S03,SKU0005,BEVERAGES,13949,1,10,0.323,1,31,5.77,5.21
2025-06-01,2025,6,S03,SKU0005,BEVERAGES,10606,0,0,0.0,0,30,5.77,5.77
2025-07-01,2025,7,S03,SKU0005,BEVERAGES,9101,0,0,0.0,1,31,5.77,5.77
2025-08-01,2025,8,S03,SKU0005,BEVERAGES,8972,0,0,0.0,0,31,5.77,5.77
2025-09-01,2025,9,S03,SKU0005,BEVERAGES,9145,1,7,0.233,0,30,5.77,5.37
2025-10-01,2025,10,S03,SKU0005,BEVERAGES,8128,1,4,0.129,1,31,5.77,5.55
2025-11-01,2025,11,S03,SKU0005,BEVERAGES,8302,1,4,0.133,2,30,5.77,5.54
2025-12-01,2025,12,S03,SKU0005,BEVERAGES,5788,0,0,0.0,3,31,5.77,5.77
