Backend/api_data/ds_61b6ca015029__retail_sku_sales_monthly.csv
year_month,year,month,store_id,sku_id,category,qty_sold,promo_flag,promo_days,promo_intensity,holiday_days,days_in_month,list_price,avg_selling_price
2022-01-01,2022,1,S03,SKU0006,BEVERAGES,2084,0,0,0.0,1,31,13.83,13.83
2022-02-01,2022,2,S03,SKU0006,BEVERAGES,1949,0,0,0.0,1,28,13.83,13.83
2022-03-01,2022,3,S03,SKU0006,BEVERAGES,3310,1,6,0.194,0,31,13.83,13.03
2022-04-01,2022,4,S03,SKU0006,BEVERAGES,3534,1,2,0.067,0,30,13.83,13.55
2022-05-01,2022,5,S03,SKU0006,BEVERAGES,3360,0,0,0.0,1,31,13.83,13.83
2022-06-01,2022,6,S03,SKU0006,BEVERAGES,5970,1,7,0.233,0,30,13.83,12.86
2022-07-01,2022,7,S03,SKU0006,BEVERAGES,4058,0,0,0.0,1,31,13.83,13.83
2022-08-01,2022,8,S03,SKU0006,BEVERAGES,6223,1,12,0.387,0,31,13.83,12.22
2022-09-01,2022,9,S03,SKU0006,BEVERAGES,2708,0,0,0.0,0,30,13.83,13.83
2022-10-01,2022,10,S03,SKU0006,BEVERAGES,2619,0,0,0.0,1,31,13.83,13.83
2022-11-01,2022,11,S03,SKU0006,BEVERAGES,2658,0,0,0.0,2,30,13.83,13.83
2022-12-01,2022,12,S03,SKU0006,BEVERAGES,2332,0,0,0.0,3,31,13.83,13.83
2023-01-01,2023,1,S03,SKU0006,BEVERAGES,2255,0,0,0.0,1,31,13.83,13.83
2023-02-01,2023,2,S03,SKU0006,BEVERAGES,2002,0,0,0.0,1,28,13.83,13.83
2023-03-01,2023,3,S03,SKU0006,BEVERAGES,2737,0,0,0.0,0,31,13.83,13.83
2023-04-01,2023,4,S03,SKU0006,BEVERAGES,2986,0,0,0.0,0,30,13.83,13.83
2023-05-01,2023,5,S03,SKU0006,BEVERAGES,5557,1,10,0.323,1,31,13.83,12.49
2023-06-01,2023,6,S03,SKU0006,BEVERAGES,7100,1,12,0.4,0,30,13.83,12.17
2023-07-01,2023,7,S03,SKU0006,BEVERAGES,4255,1,2,0.065,1,31,13.83,13.56
2023-08-01,2023,8,S03,SKU0006,BEVERAGES,3428,0,0,0.0,0,31,13.83,13.83
2023-09-01,2023,9,S03,SKU0006,BEVERAGES,2817,0,0,0.0,0,30,13.83,13.83
2023-10-01,2023,10,S03,SKU0006,BEVERAGES,4499,1,11,0.355,1,31,13.83,12.36
2023-11-01,2023,11,S03,SKU0006,BEVERAGES,2584,1,1,0.033,2,30,13.83,13.69
2023-12-01,2023,12,S03,SKU0006,BEVERAGES,2970,1,6,0.194,3,31,13.83,13.03
2024-01-01,2024,1,S03,SKU0006,BEVERAGES,2117,0,0,0.0,1,31,13.83,13.83
2024-02-01,2024,2,S03,SKU0006,BEVERAGES,2953,1,5,0.172,1,29,13.83,13.11
2024-03-01,2024,3,S03,SKU0006,BEVERAGES,4004,1,7,0.226,0,31,13.83,12.89
2024-04-01,2024,4,S03,SKU0006,BEVERAGES,3040,0,0,0.0,0,30,13.83,13.83
2024-05-01,2024,5,S03,SKU0006,BEVERAGES,3440,0,0,0.0,1,31,13.83,13.83
2024-06-01,2024,6,S03,SKU0006,BEVERAGES,4317,0,0,0.0,0,30,13.83,13.83
2024-07-01,2024,7,S03,SKU0006,BEVERAGES,4952,1,6,0.194,1,31,13.83,13.03
2024-08-01,2024,8,S03,SKU0006,BEVERAGES,3946,0,0,0.0,0,31,13.83,13.83
2024-09-01,2024,9,S03,SKU0006,BEVERAGES,3708,1,5,0.167,0,30,13.83,13.14
2024-10-01,2024,10,S03,SKU0006,BEVERAGES,3084,0,0,0.0,1,31,13.83,13.83
2024-11-01,2024,11,S03,SKU0006,BEVERAGES,4194,1,9,0.3,2,30,13.83,12.58
2024-12-01,2024,12,S03,SKU0006,BEVERAGES,3164,1,6,0.194,3,31,13.83,13.03
2025-01-01,2025,1,S03,SKU0006,BEVERAGES,2373,1,1,0.032,1,31,13.83,13.7
2025-02-01,2025,2,S03,SKU0006,BEVERAGES,1936,0,0,0.0,1,28,13.83,13.83
2025-03-01,2025,3,S03,SKU0006,BEVERAGES,4935,1,13,0.419,0,31,13.83,12.09
2025-04-01,2025,4,S03,SKU0006,BEVERAGES,3305,0,0,0.0,0,30,13.83,13.83
2025-05-01,2025,5,S03,SKU0006,BEVERAGES,6516,1,14,0.452,1,31,13.83,11.96
2025-06-01,2025,6,S03,SKU0006,BEVERAGES,4314,0,0,0.0,0,30,13.83,13.83
2025-07-01,2025,7,S03,SKU0006,BEVERAGES,3934,0,0,0.0,1,31,13.83,13.83
2025-08-01,2025,8,S03,SKU0006,BEVERAGES,4001,0,0,0.0,0,31,13.83,13.83
2025-09-01,2025,9,S03,SKU0006,BEVERAGES,2879,1,1,0.033,0,30,13.83,13.69
2025-10-01,2025,10,S03,SKU0006,BEVERAGES,4346,1,7,0.226,1,31,13.83,12.89
2025-11-01,2025,11,S03,SKU0006,BEVERAGES,4177,1,11,0.367,2,30,13.83,12.31
2025-12-01,2025,12,S03,SKU0006,BEVERAGES,3171,1,6,0.194,3,31,13.83,13.03
2022-01-01,2022,1,S03,SKU0007,BEVERAGES,2981,0,0,0.0,1,31,15.88,15.88
2022-02-01,2022,2,S03,SKU0007,BEVERAGES,2865,0,0,0.0,1,28,15.88,15.88
2022-03-01,2022,3,S03,SKU0007,BEVERAGES,7110,1,10,0.323,0,31,15.88,14.34
2022-04-01,2022,4,S03,SKU0007,BEVERAGES,4695,0,0,0.0,0,30,15.88,15.88
2022-05-01,2022,5,S03,SKU0007,BEVERAGES,5188,0,0,0.0,1,31,15.88,15.88
2022-06-01,2022,6,S03,SKU0007,BEVERAGES,6322,0,0,0.0,0,30,15.88,15.88
2022-07-01,2022,7,S03,SKU0007,BEVERAGES,11276,1,12,0.387,1,31,15.88,14.04
2022-08-01,2022,8,S03,SKU0007,BEVERAGES,5706,0,0,0.0,0,31,15.88,15.88
2022-09-01,2022,9,S03,SKU0007,BEVERAGES,4105,0,0,0.0,0,30,15.88,15.88
2022-10-01,2022,10,S03,SKU0007,BEVERAGES,4314,0,0,0.0,1,31,15.88,15.88
2022-11-01,2022,11,S03,SKU0007,BEVERAGES,4150,0,0,0.0,2,30,15.88,15.88
2022-12-01,2022,12,S03,SKU0007,BEVERAGES,5556,1,9,0.29,3,31,15.88,14.5
2023-01-01,2023,1,S03,SKU0007,BEVERAGES,3256,0,0,0.0,1,31,15.88,15.88
2023-02-01,2023,2,S03,SKU0007,BEVERAGES,2986,0,0,0.0,1,28,15.88,15.88
2023-03-01,2023,3,S03,SKU0007,BEVERAGES,4023,0,0,0.0,0,31,15.88,15.88
2023-04-01,2023,4,S03,SKU0007,BEVERAGES,7756,1,10,0.333,0,30,15.88,14.29
2023-05-01,2023,5,S03,SKU0007,BEVERAGES,5422,0,0,0.0,1,31,15.88,15.88
2023-06-01,2023,6,S03,SKU0007,BEVERAGES,8133,1,3,0.1,0,30,15.88,15.4
2023-07-01,2023,7,S03,SKU0007,BEVERAGES,9504,1,7,0.226,1,31,15.88,14.81
2023-08-01,2023,8,S03,SKU0007,BEVERAGES,5797,0,0,0.0,0,31,15.88,15.88
2023-09-01,2023,9,S03,SKU0007,BEVERAGES,4244,0,0,0.0,0,30,15.88,15.88
2023-10-01,2023,10,S03,SKU0007,BEVERAGES,7691,1,13,0.419,1,31,15.88,13.88
2023-11-01,2023,11,S03,SKU0007,BEVERAGES,3953,0,0,0.0,2,30,15.88,15.88
2023-12-01,2023,12,S03,SKU0007,BEVERAGES,5085,1,6,0.194,3,31,15.88,14.96
2024-01-01,2024,1,S03,SKU0007,BEVERAGES,3100,0,0,0.0,1,31,15.88,15.88
2024-02-01,2024,2,S03,SKU0007,BEVERAGES,4679,1,9,0.31,1,29,15.88,14.4
2024-03-01,2024,3,S03,SKU0007,BEVERAGES,6352,1,9,0.29,0,31,15.88,14.5
2024-04-01,2024,4,S03,SKU0007,BEVERAGES,8152,1,8,0.267,0,30,15.88,14.61
2024-05-01,2024,5,S03,SKU0007,BEVERAGES,4923,0,0,0.0,1,31,15.88,15.88
2024-06-01,2024,6,S03,SKU0007,BEVERAGES,6564,0,0,0.0,0,30,15.88,15.88
2024-07-01,2024,7,S03,SKU0007,BEVERAGES,5537,0,0,0.0,1,31,15.88,15.88
2024-08-01,2024,8,S03,SKU0007,BEVERAGES,9863,1,12,0.387,0,31,15.88,14.04
2024-09-01,2024,9,S03,SKU0007,BEVERAGES,4020,0,0,0.0,0,30,15.88,15.88
2024-10-01,2024,10,S03,SKU0007,BEVERAGES,3986,0,0,0.0,1,31,15.88,15.88
2024-11-01,2024,11,S03,SKU0007,BEVERAGES,4327,0,0,0.0,2,30,15.88,15.88
2024-12-01,2024,12,S03,SKU0007,BEVERAGES,3611,0,0,0.0,3,31,15.88,15.88
2025-01-01,2025,1,S03,SKU0007,BEVERAGES,3203,0,0,0.0,1,31,15.88,15.88
2025-02-01,2025,2,S03,SKU0007,BEVERAGES,4719,1,7,0.25,1,28,15.88,14.69
2025-03-01,2025,3,S03,SKU0007,BEVERAGES,5639,1,5,0.161,0,31,15.88,15.11
2025-04-01,2025,4,S03,SKU0007,BEVERAGES,5059,1,1,0.033,0,30,15.88,15.72
2025-05-01,2025,5,S03,SKU0007,BEVERAGES,8903,1,10,0.323,1,31,15.88,14.34
2025-06-01,2025,6,S03,SKU0007,BEVERAGES,6971,0,0,0.0,0,30,15.88,15.88
2025-07-01,2025,7,S03,SKU0007,BEVERAGES,6233,0,0,0.0,1,31,15.88,15.88
2025-08-01,2025,8,S03,SKU0007,BEVERAGES,8331,1,6,0.194,0,31,15.88,14.96
2025-09-01,2025,9,S03,SKU0007,BEVERAGES,4105,0,0,0.0,0,30,15.88,15.88
2025-10-01,2025,10,S03,SKU0007,BEVERAGES,4443,0,0,0.0,1,31,15.88,15.88
2025-11-01,2025,11,S03,SKU0007,BEVERAGES,4409,0,0,0.0,2,30,15.88,15.88
2025-12-01,2025,12,S03,SKU0007,BEVERAGES,3788,0,0,0.0,3,31,15.88,15.88
2022-01-01,2022,1,S03,SKU0008,BEVERAGES,2606,1,8,0.258,1,31,10.11,9.33
2022-02-01,2022,2,S03,SKU0008,BEVERAGES,2107,1,3,0.107,1,28,10.11,9.79
2022-03-01,2022,3,S03,SKU0008,BEVERAGES,2379,0,0,0.0,0,31,10.11,10.11
2022-04-01,2022,4,S03,SKU0008,BEVERAGES,2830,0,0,0.0,0,30,10.11,10.11
2022-05-01,2022,5,S03,SKU0008,BEVERAGES,3252,0,0,0.0,1,31,10.11,10.11
2022-06-01,2022,6,S03,SKU0008,BEVERAGES,3801,0,0,0.0,0,30,10.11,10.11
2022-07-01,2022,7,S03,SKU0008,BEVERAGES,5513,1,11,0.355,1,31,10.11,9.03
2022-08-01,2022,8,S03,SKU0008,BEVERAGES,3064,0,0,0.0,0,31,10.11,10.11
2022-09-01,2022,9,S03,SKU0008,BEVERAGES,2523,0,0,0.0,0,30,10.11,10.11
2022-10-01,2022,10,S03,SKU0008,BEVERAGES,2786,0,0,0.0,1,31,10.11,10.11
2022-11-01,2022,11,S03,SKU0008,BEVERAGES,2313,0,0,0.0,2,30,10.11,10.11
2022-12-01,2022,12,S03,SKU0008,BEVERAGES,3182,1,5,0.161,3,31,10.11,9.62
2023-01-01,2023,1,S03,SKU0008,BEVERAGES,1924,0,0,0.0,1,31,10.11,10.11
2023-02-01,2023,2,S03,SKU0008,BEVERAGES,1620,0,0,0.0,1,28,10.11,10.11
2023-03-01,2023,3,S03,SKU0008,BEVERAGES,2449,0,0,0.0,0,31,10.11,10.11
2023-04-01,2023,4,S03,SKU0008,BEVERAGES,3825,1,8,0.267,0,30,10.11,9.3
2023-05-01,2023,5,S03,SKU0008,BEVERAGES,2771,0,0,0.0,1,31,10.11,10.11
2023-06-01,2023,6,S03,SKU0008,BEVERAGES,3803,0,0,0.0,0,30,10.11,10.11
2023-07-01,2023,7,S03,SKU0008,BEVERAGES,3813,0,0,0.0,1,31,10.11,10.11
2023-08-01,2023,8,S03,SKU0008,BEVERAGES,3296,0,0,0.0,0,31,10.11,10.11
2023-09-01,2023,9,S03,SKU0008,BEVERAGES,2569,0,0,0.0,0,30,10.11,10.11
2023-10-01,2023,10,S03,SKU0008,BEVERAGES,2431,0,0,0.0,1,31,10.11,10.11
2023-11-01,2023,11,S03,SKU0008,BEVERAGES,2497,0,0,0.0,2,30,10.11,10.11
2023-12-01,2023,12,S03,SKU0008,BEVERAGES,2133,0,0,0.0,3,31,10.11,10.11
2024-01-01,2024,1,S03,SKU0008,BEVERAGES,1813,0,0,0.0,1,31,10.11,10.11
2024-02-01,2024,2,S03,SKU0008,BEVERAGES,1955,0,0,0.0,1,29,10.11,10.11
2024-03-01,2024,3,S03,SKU0008,BEVERAGES,2298,0,0,0.0,0,31,10.11,10.11
2024-04-01,2024,4,S03,SKU0008,BEVERAGES,2789,0,0,0.0,0,30,10.11,10.11
2024-05-01,2024,5,S03,SKU0008,BEVERAGES,3067,0,0,0.0,1,31,10.11,10.11
2024-06-01,2024,6,S03,SKU0008,BEVERAGES,3889,0,0,0.0,0,30,10.11,10.11
2024-07-01,2024,7,S03,SKU0008,BEVERAGES,3458,0,0,0.0,1,31,10.11,10.11
2024-08-01,2024,8,S03,SKU0008,BEVERAGES,5507,1,10,0.323,0,31,10.11,9.13
2024-09-01,2024,9,S03,SKU0008,BEVERAGES,2442,0,0,0.0,0,30,10.11,10.11
2024-10-01,2024,10,S03,SKU0008,BEVERAGES,2625,0,0,0.0,1,31,10.11,10.11
2024-11-01,2024,11,S03,SKU0008,BEVERAGES,2525,0,0,0.0,2,30,10.11,10.11
2024-12-01,2024,12,S03,SKU0008,BEVERAGES,3759,1,13,0.419,3,31,10.11,8.84
2025-01-01,2025,1,S03,SKU0008,BEVERAGES,1892,0,0,0.0,1,31,10.11,10.11
2025-02-01,2025,2,S03,SKU0008,BEVERAGES,2863,1,9,0.321,1,28,10.11,9.14
2025-03-01,2025,3,S03,SKU0008,BEVERAGES,4524,1,10,0.323,0,31,10.11,9.13
2025-04-01,2025,4,S03,SKU0008,BEVERAGES,2858,0,0,0.0,0,30,10.11,10.11
2025-05-01,2025,5,S03,SKU0008,BEVERAGES,3295,0,0,0.0,1,31,10.11,10.11
2025-06-01,2025,6,S03,SKU0008,BEVERAGES,4281,0,0,0.0,0,30,10.11,10.11
2025-07-01,2025,7,S03,SKU0008,BEVERAGES,5462,1,7,0.226,1,31,10.11,9.43
2025-08-01,2025,8,S03,SKU0008,BEVERAGES,4493,1,5,0.161,0,31,10.11,9.62
2025-09-01,2025,9,S03,SKU0008,BEVERAGES,2303,0,0,0.0,0,30,10.11,10.11
2025-10-01,2025,10,S03,SKU0008,BEVERAGES,2772,0,0,0.0,1,31,10.11,10.11
2025-11-01,2025,11,S03,SKU0008,BEVERAGES,2799,0,0,0.0,2,30,10.11,10.11
2025-12-01,2025,12,S03,SKU0008,BEVERAGES,2218,0,0,0.0,3,31,10.11,10.11
2022-01-01,2022,1,S03,SKU0009,BEVERAGES,3169,0,0,0.0,1,31,6.19,6.19
2022-02-01,2022,2,S03,SKU0009,BEVERAGES,2935,0,0,0.0,1,28,6.19,6.19
2022-03-01,2022,3,S03,SKU0009,BEVERAGES,4161,0,0,0.0,0,31,6.19,6.19
2022-04-01,2022,4,S03,SKU0009,BEVERAGES,5013,0,0,0.0,0,30,6.19,6.19
2022-05-01,2022,5,S03,SKU0009,BEVERAGES,4568,0,0,0.0,1,31,6.19,6.19
2022-06-01,2022,6,S03,SKU0009,BEVERAGES,7376,0,0,0.0,0,30,6.19,6.19
2022-07-01,2022,7,S03,SKU0009,BEVERAGES,7105,0,0,0.0,1,31,6.19,6.19
2022-08-01,2022,8,S03,SKU0009,BEVERAGES,6634,0,0,0.0,0,31,6.19,6.19
2022-09-01,2022,9,S03,SKU0009,BEVERAGES,4317,0,0,0.0,0,30,6.19,6.19
2022-10-01,2022,10,S03,SKU0009,BEVERAGES,6364,1,11,0.355,1,31,6.19,5.53
2022-11-01,2022,11,S03,SKU0009,BEVERAGES,4714,0,0,0.0,2,30,6.19,6.19
2022-12-01,2022,12,S03,SKU0009,BEVERAGES,4212,0,0,0.0,3,31,6.19,6.19
2023-01-01,2023,1,S03,SKU0009,BEVERAGES,3543,0,0,0.0,1,31,6.19,6.19
2023-02-01,2023,2,S03,SKU0009,BEVERAGES,5006,1,6,0.214,1,28,6.19,5.79
2023-03-01,2023,3,S03,SKU0009,BEVERAGES,5711,1,8,0.258,0,31,6.19,5.71
2023-04-01,2023,4,S03,SKU0009,BEVERAGES,6373,1,4,0.133,0,30,6.19,5.94
2023-05-01,2023,5,S03,SKU0009,BEVERAGES,6081,0,0,0.0,1,31,6.19,6.19
2023-06-01,2023,6,S03,SKU0009,BEVERAGES,10603,1,7,0.233,0,30,6.19,5.76
2023-07-01,2023,7,S03,SKU0009,BEVERAGES,9029,1,2,0.065,1,31,6.19,6.07
2023-08-01,2023,8,S03,SKU0009,BEVERAGES,10209,1,10,0.323,0,31,6.19,5.59
2023-09-01,2023,9,S03,SKU0009,BEVERAGES,5305,0,0,0.0,0,30,6.19,6.19
2023-10-01,2023,10,S03,SKU0009,BEVERAGES,7328,1,10,0.323,1,31,6.19,5.59
2023-11-01,2023,11,S03,SKU0009,BEVERAGES,5253,0,0,0.0,2,30,6.19,6.19
2023-12-01,2023,12,S03,SKU0009,BEVERAGES,4640,0,0,0.0,3,31,6.19,6.19
2024-01-01,2024,1,S03,SKU0009,BEVERAGES,4072,0,0,0.0,1,31,6.19,6.19
2024-02-01,2024,2,S03,SKU0009,BEVERAGES,3952,0,0,0.0,1,29,6.19,6.19
2024-03-01,2024,3,S03,SKU0009,BEVERAGES,5312,0,0,0.0,0,31,6.19,6.19
2024-04-01,2024,4,S03,SKU0009,BEVERAGES,5906,0,0,0.0,0,30,6.19,6.19
2024-05-01,2024,5,S03,SKU0009,BEVERAGES,7333,0,0,0.0,1,31,6.19,6.19
2024-06-01,2024,6,S03,SKU0009,BEVERAGES,8397,0,0,0.0,0,30,6.19,6.19
2024-07-01,2024,7,S03,SKU0009,BEVERAGES,8399,0,0,0.0,1,31,6.19,6.19
2024-08-01,2024,8,S03,SKU0009,BEVERAGES,7281,0,0,0.0,0,31,6.19,6.19
2024-09-01,2024,9,S03,SKU0009,BEVERAGES,6015,0,0,0.0,0,30,6.19,6.19
2024-10-01,2024,10,S03,SKU0009,BEVERAGES,6188,0,0,0.0,1,31,6.19,6.19
2024-11-01,2024,11,S03,SKU0009,BEVERAGES,5874,0,0,0.0,2,30,6.19,6.19
2024-12-01,2024,12,S03,SKU0009,BEVERAGES,5782,1,5,0.161,3,31,6.19,5.89
2025-01-01,2025,1,S03,SKU0009,BEVERAGES,5407,1,2,0.065,1,31,6.19,6.07
2025-02-01,2025,2,S03,SKU0009,BEVERAGES,4681,0,0,0.0,1,28,6.19,6.19
2025-03-01,2025,3,S03,SKU0009,BEVERAGES,5911,0,0,0.0,0,31,6.19,6.19
2025-04-01,2025,4,S03,SKU0009,BEVERAGES,9937,1,9,0.3,0,30,6.19,5.63
2025-05-01,2025,5,S03,SKU0009,BEVERAGES,7625,0,0,0.0,1,31,6.19,6.19
2025-06-01,2025,6,S03,SKU0009,BEVERAGES,10027,0,0,0.0,0,30,6.19,6.19
2025-07-01,2025,7,S03,SKU0009,BEVERAGES,8334,0,0,0.0,1,31,6.19,6.19
2025-08-01,2025,8,S03,SKU0009,BEVERAGES,8640,0,0,0.0,0,31,6.19,6.19
2025-09-01,2025,9,S03,SKU0009,BEVERAGES,6123,0,0,0.0,0,30,6.19,6.19
2025-10-01,2025,10,S03,SKU0009,BEVERAGES,6512,0,0,0.0,1,31,6.19,6.19
2025-11-01,2025,11,S03,SKU0009,BEVERAGES,6620,0,0,0.0,2,30,6.19,6.19
2025-12-01,2025,12,S03,SKU0009,BEVERAGES,7289,1,6,0.194,3,31,6.19,5.83
2022-01-01,2022,1,S03,SKU0010,BEVERAGES,4563,1,4,0.129,1,31,2.59,2.49
2022-02-01,2022,2,S03,SKU0010,BEVERAGES,4593,1,7,0.25,1,28,2.59,2.4
2022-03-01,2022,3,S03,SKU0010,BEVERAGES,4376,0,0,0.0,0,31,2.59,2.59
2022-04-01,2022,4,S03,SKU0010,BEVERAGES,9531,1,14,0.467,0,30,2.59,2.23
2022-05-01,2022,5,S03,SKU0010,BEVERAGES,9373,1,11,0.355,1,31,2.59,2.31
2022-06-01,2022,6,S03,SKU0010,BEVERAGES,6947,0,0,0.0,0,30,2.59,2.59
2022-07-01,2022,7,S03,SKU0010,BEVERAGES,6744,0,0,0.0,1,31,2.59,2.59
2022-08-01,2022,8,S03,SKU0010,BEVERAGES,10150,1,12,0.387,0,31,2.59,2.29
2022-09-01,2022,9,S03,SKU0010,BEVERAGES,4846,0,0,0.0,0,30,2.59,2.59
2022-10-01,2022,10,S03,SKU0010,BEVERAGES,5427,0,0,0.0,1,31,2.59,2.59
2022-11-01,2022,11,S03,SKU0010,BEVERAGES,7676,1,13,0.433,2,30,2.59,2.25
2022-12-01,2022,12,S03,SKU0010,BEVERAGES,5921,1,7,0.226,3,31,2.59,2.41
2023-01-01,2023,1,S03,SKU0010,BEVERAGES,4849,1,4,0.129,1,31,2.59,2.49
2023-02-01,2023,2,S03,SKU0010,BEVERAGES,4777,1,5,0.179,1,28,2.59,2.45
2023-03-01,2023,3,S03,SKU0010,BEVERAGES,6667,1,5,0.161,0,31,2.59,2.46
2023-04-01,2023,4,S03,SKU0010,BEVERAGES,5767,0,0,0.0,0,30,2.59,2.59
2023-05-01,2023,5,S03,SKU0010,BEVERAGES,6206,0,0,0.0,1,31,2.59,2.59
2023-06-01,2023,6,S03,SKU0010,BEVERAGES,8403,0,0,0.0,0,30,2.59,2.59
2023-07-01,2023,7,S03,SKU0010,BEVERAGES,7463,0,0,0.0,1,31,2.59,2.59
2023-08-01,2023,8,S03,SKU0010,BEVERAGES,6982,0,0,0.0,0,31,2.59,2.59
2023-09-01,2023,9,S03,SKU0010,BEVERAGES,4847,0,0,0.0,0,30,2.59,2.59
2023-10-01,2023,10,S03,SKU0010,BEVERAGES,5026,0,0,0.0,1,31,2.59,2.59
2023-11-01,2023,11,S03,SKU0010,BEVERAGES,4825,0,0,0.0,2,30,2.59,2.59
2023-12-01,2023,12,S03,SKU0010,BEVERAGES,5156,0,0,0.0,3,31,2.59,2.59
2024-01-01,2024,1,S03,SKU0010,BEVERAGES,3969,0,0,0.0,1,31,2.59,2.59
2024-02-01,2024,2,S03,SKU0010,BEVERAGES,3792,0,0,0.0,1,29,2.59,2.59
2024-03-01,2024,3,S03,SKU0010,BEVERAGES,5531,0,0,0.0,0,31,2.59,2.59
2024-04-01,2024,4,S03,SKU0010,BEVERAGES,5980,0,0,0.0,0,30,2.59,2.59
2024-05-01,2024,5,S03,SKU0010,BEVERAGES,7161,0,0,0.0,1,31,2.59,2.59
2024-06-01,2024,6,S03,SKU0010,BEVERAGES,8154,0,0,0.0,0,30,2.59,2.59
2024-07-01,2024,7,S03,SKU0010,BEVERAGES,7646,0,0,0.0,1,31,2.59,2.59
2024-08-01,2024,8,S03,SKU0010,BEVERAGES,13454,1,13,0.419,0,31,2.59,2.26
2024-09-01,2024,9,S03,SKU0010,BEVERAGES,6026,1,1,0.033,0,30,2.59,2.56
2024-10-01,2024,10,S03,SKU0010,BEVERAGES,5864,0,0,0.0,1,31,2.59,2.59
2024-11-01,2024,11,S03,SKU0010,BEVERAGES,5808,0,0,0.0,2,30,2.59,2.59
2024-12-01,2024,12,S03,SKU0010,BEVERAGES,5583,0,0,0.0,3,31,2.59,2.59
2025-01-01,2025,1,S03,SKU0010,BEVERAGES,4983,1,3,0.097,1,31,2.59,2.51
2025-02-01,2025,2,S03,SKU0010,BEVERAGES,5677,1,7,0.25,1,28,2.59,2.4
2025-03-01,2025,3,S03,SKU0010,BEVERAGES,6415,1,5,0.161,0,31,2.59,2.46
2025-04-01,2025,4,S03,SKU0010,BEVERAGES,6086,0,0,0.0,0,30,2.59,2.59
2025-05-01,2025,5,S03,SKU0010,BEVERAGES,9702,1,5,0.161,1,31,2.59,2.46
2025-06-01,2025,6,S03,SKU0010,BEVERAGES,9043,0,0,0.0,0,30,2.59,2.59
2025-07-01,2025,7,S03,SKU0010,BEVERAGES,8417,0,0,0.0,1,31,2.59,2.59
2025-08-01,2025,8,S03,SKU0010,BEVERAGES,8194,0,0,0.0,0,31,2.59,2.59
2025-09-01,2025,9,S03,SKU0010,BEVERAGES,5511,0,0,0.0,0,30,2.59,2.59
2025-10-01,2025,10,S03,SKU0010,BEVERAGES,6068,0,0,0.0,1,31,2.59,2.59
2025-11-01,2025,11,S03,SKU0010,BEVERAGES,6047,0,0,0.0,2,30,2.59,2.59
2025-12-01,2025,12,S03,SKU0010,BEVERAGES,4671,0,0,0.0,3,31,2.59,2.59
