Backend/api_data/ds_61b6ca015029__retail_sku_sales_monthly.csv
year_month,year,month,store_id,sku_id,category,qty_sold,promo_flag,promo_days,promo_intensity,holiday_days,days_in_month,list_price,avg_selling_price
2022-01-01,2022,1,S03,SKU0011,GROCERY,4888,0,0,0.0,1,31,3.03,3.03
2022-02-01,2022,2,S03,SKU0011,GROCERY,4862,0,0,0.0,1,28,3.03,3.03
2022-03-01,2022,3,S03,SKU0011,GROCERY,7183,1,8,0.258,0,31,3.03,2.8
2022-04-01,2022,4,S03,SKU0011,GROCERY,8778,1,6,0.2,0,30,3.03,2.85
2022-05-01,2022,5,S03,SKU0011,GROCERY,7927,0,0,0.0,1,31,3.03,3.03
2022-06-01,2022,6,S03,SKU0011,GROCERY,7226,0,0,0.0,0,30,3.03,3.03
2022-07-01,2022,7,S03,SKU0011,GROCERY,7839,1,5,0.161,1,31,3.03,2.88
2022-08-01,2022,8,S03,SKU0011,GROCERY,7235,1,8,0.258,0,31,3.03,2.8
2022-09-01,2022,9,S03,SKU0011,GROCERY,6360,0,0,0.0,0,30,3.03,3.03
2022-10-01,2022,10,S03,SKU0011,GROCERY,7893,1,6,0.194,1,31,3.03,2.85
2022-11-01,2022,11,S03,SKU0011,GROCERY,6389,0,0,0.0,2,30,3.03,3.03
2022-12-01,2022,12,S03,SKU0011,GROCERY,5632,0,0,0.0,3,31,3.03,3.03
2023-01-01,2023,1,S03,SKU0011,GROCERY,4925,0,0,0.0,1,31,3.03,3.03
2023-02-01,2023,2,S03,SKU0011,GROCERY,5687,1,14,0.5,1,28,3.03,2.58
2023-03-01,2023,3,S03,SKU0011,GROCERY,6099,0,0,0.0,0,31,3.03,3.03
2023-04-01,2023,4,S03,SKU0011,GROCERY,6571,1,2,0.067,0,30,3.03,2.97
2023-05-01,2023,5,S03,SKU0011,GROCERY,9365,1,7,0.226,1,31,3.03,2.82
2023-06-01,2023,6,S03,SKU0011,GROCERY,7661,0,0,0.0,0,30,3.03,3.03
2023-07-01,2023,7,S03,SKU0011,GROCERY,9101,1,14,0.452,1,31,3.03,2.62
2023-08-01,2023,8,S03,SKU0011,GROCERY,6507,0,0,0.0,0,31,3.03,3.03
2023-09-01,2023,9,S03,SKU0011,GROCERY,8213,1,13,0.433,0,30,3.03,2.64
2023-10-01,2023,10,S03,SKU0011,GROCERY,6455,0,0,0.0,1,31,3.03,3.03
2023-11-01,2023,11,S03,SKU0011,GROCERY,6448,0,0,0.0,2,30,3.03,3.03
2023-12-01,2023,12,S03,SKU0011,GROCERY,5750,0,0,0.0,3,31,3.03,3.03
2024-01-01,2024,1,S03,SKU0011,GROCERY,4936,0,0,0.0,1,31,3.03,3.03
2024-02-01,2024,2,S03,SKU0011,GROCERY,5210,1,11,0.379,1,29,3.03,2.68
2024-03-01,2024,3,S03,SKU0011,GROCERY,6140,0,0,0.0,0,31,3.03,3.03
2024-04-01,2024,4,S03,SKU0011,GROCERY,9053,1,14,0.467,0,30,3.03,2.61
2024-05-01,2024,5,S03,SKU0011,GROCERY,7311,0,0,0.0,1,31,3.03,3.03
2024-06-01,2024,6,S03,SKU0011,GROCERY,8279,1,10,0.333,0,30,3.03,2.73
2024-07-01,2024,7,S03,SKU0011,GROCERY,6254,0,0,0.0,1,31,3.03,3.03
2024-08-01,2024,8,S03,SKU0011,GROCERY,6173,0,0,0.0,0,31,3.03,3.03
2024-09-01,2024,9,S03,SKU0011,GROCERY,6521,0,0,0.0,0,30,3.03,3.03
2024-10-01,2024,10,S03,SKU0011,GROCERY,6264,0,0,0.0,1,31,3.03,3.03
2024-11-01,2024,11,S03,SKU0011,GROCERY,7027,1,2,0.067,2,30,3.03,2.97
2024-12-01,2024,12,S03,SKU0011,GROCERY,5553,1,4,0.129,3,31,3.03,2.91
2025-01-01,2025,1,S03,SKU0011,GROCERY,4567,0,0,0.0,1,31,3.03,3.03
2025-02-01,2025,2,S03,SKU0011,GROCERY,5879,1,14,0.5,1,28,3.03,2.58
2025-03-01,2025,3,S03,SKU0011,GROCERY,6068,0,0,0.0,0,31,3.03,3.03
2025-04-01,2025,4,S03,SKU0011,GROCERY,6791,0,0,0.0,0,30,3.03,3.03
2025-05-01,2025,5,S03,SKU0011,GROCERY,7914,0,0,0.0,1,31,3.03,3.03
2025-06-01,2025,6,S03,SKU0011,GROCERY,7215,0,0,0.0,0,30,3.03,3.03
2025-07-01,2025,7,S03,SKU0011,GROCERY,6115,0,0,0.0,1,31,3.03,3.03
2025-08-01,2025,8,S03,SKU0011,GROCERY,6492,0,0,0.0,0,31,3.03,3.03
2025-09-01,2025,9,S03,SKU0011,GROCERY,5785,0,0,0.0,0,30,3.03,3.03
2025-10-01,2025,10,S03,SKU0011,GROCERY,6447,0,0,0.0,1,31,3.03,3.03
2025-11-01,2025,11,S03,SKU0011,GROCERY,6567,0,0,0.0,2,30,3.03,3.03
2025-12-01,2025,12,S03,SKU0011,GROCERY,5065,0,0,0.0,3,31,3.03,3.03
2022-01-01,2022,1,S03,SKU0012,GROCERY,6506,0,0,0.0,1,31,20.5,20.5
2022-02-01,2022,2,S03,SKU0012,GROCERY,6349,0,0,0.0,1,28,20.5,20.5
2022-03-01,2022,3,S03,SKU0012,GROCERY,7950,0,0,0.0,0,31,20.5,20.5
2022-04-01,2022,4,S03,SKU0012,GROCERY,9774,0,0,0.0,0,30,20.5,20.5
2022-05-01,2022,5,S03,SKU0012,GROCERY,10661,0,0,0.0,1,31,20.5,20.5
2022-06-01,2022,6,S03,SKU0012,GROCERY,13161,1,9,0.3,0,30,20.5,18.65
2022-07-01,2022,7,S03,SKU0012,GROCERY,11728,1,5,0.161,1,31,20.5,19.51
2022-08-01,2022,8,S03,SKU0012,GROCERY,9034,0,0,0.0,0,31,20.5,20.5
2022-09-01,2022,9,S03,SKU0012,GROCERY,9518,0,0,0.0,0,30,20.5,20.5
2022-10-01,2022,10,S03,SKU0012,GROCERY,9961,0,0,0.0,1,31,20.5,20.5
2022-11-01,2022,11,S03,SKU0012,GROCERY,9129,0,0,0.0,2,30,20.5,20.5
2022-12-01,2022,12,S03,SKU0012,GROCERY,9916,1,2,0.065,3,31,20.5,20.1
2023-01-01,2023,1,S03,SKU0012,GROCERY,10863,1,15,0.484,1,31,20.5,17.52
2023-02-01,2023,2,S03,SKU0012,GROCERY,8490,1,8,0.286,1,28,20.5,18.74
2023-03-01,2023,3,S03,SKU0012,GROCERY,10122,0,0,0.0,0,31,20.5,20.5
2023-04-01,2023,4,S03,SKU0012,GROCERY,17244,1,14,0.467,0,30,20.5,17.63
2023-05-01,2023,5,S03,SKU0012,GROCERY,13147,0,0,0.0,1,31,20.5,20.5
2023-06-01,2023,6,S03,SKU0012,GROCERY,15076,1,9,0.3,0,30,20.5,18.65
2023-07-01,2023,7,S03,SKU0012,GROCERY,12168,0,0,0.0,1,31,20.5,20.5
2023-08-01,2023,8,S03,SKU0012,GROCERY,11842,1,5,0.161,0,31,20.5,19.51
2023-09-01,2023,9,S03,SKU0012,GROCERY,12700,1,5,0.167,0,30,20.5,19.48
2023-10-01,2023,10,S03,SKU0012,GROCERY,11842,0,0,0.0,1,31,20.5,20.5
2023-11-01,2023,11,S03,SKU0012,GROCERY,15696,1,11,0.367,2,30,20.5,18.24
2023-12-01,2023,12,S03,SKU0012,GROCERY,12216,1,7,0.226,3,31,20.5,19.11
2024-01-01,2024,1,S03,SKU0012,GROCERY,9132,0,0,0.0,1,31,20.5,20.5
2024-02-01,2024,2,S03,SKU0012,GROCERY,8708,0,0,0.0,1,29,20.5,20.5
2024-03-01,2024,3,S03,SKU0012,GROCERY,13764,1,4,0.129,0,31,20.5,19.71
2024-04-01,2024,4,S03,SKU0012,GROCERY,15654,1,8,0.267,0,30,20.5,18.86
2024-05-01,2024,5,S03,SKU0012,GROCERY,15778,0,0,0.0,1,31,20.5,20.5
2024-06-01,2024,6,S03,SKU0012,GROCERY,15308,0,0,0.0,0,30,20.5,20.5
2024-07-01,2024,7,S03,SKU0012,GROCERY,15947,1,8,0.258,1,31,20.5,18.91
2024-08-01,2024,8,S03,SKU0012,GROCERY,12897,0,0,0.0,0,31,20.5,20.5
2024-09-01,2024,9,S03,SKU0012,GROCERY,12392,0,0,0.0,0,30,20.5,20.5
2024-10-01,2024,10,S03,SKU0012,GROCERY,12538,0,0,0.0,1,31,20.5,20.5
2024-11-01,2024,11,S03,SKU0012,GROCERY,16549,1,8,0.267,2,30,20.5,18.86
2024-12-01,2024,12,S03,SKU0012,GROCERY,10528,0,0,0.0,3,31,20.5,20.5
2025-01-01,2025,1,S03,SKU0012,GROCERY,11725,1,7,0.226,1,31,20.5,19.11
2025-02-01,2025,2,S03,SKU0012,GROCERY,9573,0,0,0.0,1,28,20.5,20.5
2025-03-01,2025,3,S03,SKU0012,GROCERY,13510,0,0,0.0,0,31,20.5,20.5
2025-04-01,2025,4,S03,SKU0012,GROCERY,15535,0,0,0.0,0,30,20.5,20.5
2025-05-01,2025,5,S03,SKU0012,GROCERY,16910,0,0,0.0,1,31,20.5,20.5
2025-06-01,2025,6,S03,SKU0012,GROCERY,16605,0,0,0.0,0,30,20.5,20.5
2025-07-01,2025,7,S03,SKU0012,GROCERY,15274,0,0,0.0,1,31,20.5,20.5
2025-08-01,2025,8,S03,SKU0012,GROCERY,18231,1,11,0.355,0,31,20.5,18.32
2025-09-01,2025,9,S03,SKU0012,GROCERY,14593,0,0,0.0,0,30,20.5,20.5
2025-10-01,2025,10,S03,SKU0012,GROCERY,18312,1,6,0.194,1,31,20.5,19.31
2025-11-01,2025,11,S03,SKU0012,GROCERY,15712,1,2,0.067,2,30,20.5,20.09
2025-12-01,2025,12,S03,SKU0012,GROCERY,14762,1,7,0.226,3,31,20.5,19.11
2022-01-01,2022,1,S03,SKU0013,GROCERY,3390,0,0,0.0,1,31,17.58,17.58
2022-02-01,2022,2,S03,SKU0013,GROCERY,4216,1,7,0.25,1,28,17.58,16.26
2022-03-01,2022,3,S03,SKU0013,GROCERY,4631,1,3,0.097,0,31,17.58,17.07
2022-04-01,2022,4,S03,SKU0013,GROCERY,5696,1,4,0.133,0,30,17.58,16.88
2022-05-01,2022,5,S03,SKU0013,GROCERY,6785,1,7,0.226,1,31,17.58,16.39
2022-06-01,2022,6,S03,SKU0013,GROCERY,5506,0,0,0.0,0,30,17.58,17.58
2022-07-01,2022,7,S03,SKU0013,GROCERY,4762,0,0,0.0,1,31,17.58,17.58
2022-08-01,2022,8,S03,SKU0013,GROCERY,6547,1,13,0.419,0,31,17.58,15.37
2022-09-01,2022,9,S03,SKU0013,GROCERY,3635,0,0,0.0,0,30,17.58,17.58
2022-10-01,2022,10,S03,SKU0013,GROCERY,4480,0,0,0.0,1,31,17.58,17.58
2022-11-01,2022,11,S03,SKU0013,GROCERY,4072,0,0,0.0,2,30,17.58,17.58
2022-12-01,2022,12,S03,SKU0013,GROCERY,5265,1,8,0.258,3,31,17.58,16.22
2023-01-01,2023,1,S03,SKU0013,GROCERY,3262,0,0,0.0,1,31,17.58,17.58
2023-02-01,2023,2,S03,SKU0013,GROCERY,3654,1,5,0.179,1,28,17.58,16.64
2023-03-01,2023,3,S03,SKU0013,GROCERY,4386,1,5,0.161,0,31,17.58,16.73
2023-04-01,2023,4,S03,SKU0013,GROCERY,4949,0,0,0.0,0,30,17.58,17.58
2023-05-01,2023,5,S03,SKU0013,GROCERY,5535,0,0,0.0,1,31,17.58,17.58
2023-06-01,2023,6,S03,SKU0013,GROCERY,4813,0,0,0.0,0,30,17.58,17.58
2023-07-01,2023,7,S03,SKU0013,GROCERY,4603,0,0,0.0,1,31,17.58,17.58
2023-08-01,2023,8,S03,SKU0013,GROCERY,4008,0,0,0.0,0,31,17.58,17.58
2023-09-01,2023,9,S03,SKU0013,GROCERY,4303,0,0,0.0,0,30,17.58,17.58
2023-10-01,2023,10,S03,SKU0013,GROCERY,3876,0,0,0.0,1,31,17.58,17.58
2023-11-01,2023,11,S03,SKU0013,GROCERY,4354,0,0,0.0,2,30,17.58,17.58
2023-12-01,2023,12,S03,SKU0013,GROCERY,3650,0,0,0.0,3,31,17.58,17.58
2024-01-01,2024,1,S03,SKU0013,GROCERY,3348,0,0,0.0,1,31,17.58,17.58
2024-02-01,2024,2,S03,SKU0013,GROCERY,2956,0,0,0.0,1,29,17.58,17.58
2024-03-01,2024,3,S03,SKU0013,GROCERY,4325,0,0,0.0,0,31,17.58,17.58
2024-04-01,2024,4,S03,SKU0013,GROCERY,4735,0,0,0.0,0,30,17.58,17.58
2024-05-01,2024,5,S03,SKU0013,GROCERY,5294,0,0,0.0,1,31,17.58,17.58
2024-06-01,2024,6,S03,SKU0013,GROCERY,7926,1,12,0.4,0,30,17.58,15.47
2024-07-01,2024,7,S03,SKU0013,GROCERY,4375,0,0,0.0,1,31,17.58,17.58
2024-08-01,2024,8,S03,SKU0013,GROCERY,5240,1,6,0.194,0,31,17.58,16.56
2024-09-01,2024,9,S03,SKU0013,GROCERY,4142,0,0,0.0,0,30,17.58,17.58
2024-10-01,2024,10,S03,SKU0013,GROCERY,4389,0,0,0.0,1,31,17.58,17.58
2024-11-01,2024,11,S03,SKU0013,GROCERY,4336,0,0,0.0,2,30,17.58,17.58
2024-12-01,2024,12,S03,SKU0013,GROCERY,3431,0,0,0.0,3,31,17.58,17.58
2025-01-01,2025,1,S03,SKU0013,GROCERY,3119,0,0,0.0,1,31,17.58,17.58
2025-02-01,2025,2,S03,SKU0013,GROCERY,2794,0,0,0.0,1,28,17.58,17.58
2025-03-01,2025,3,S03,SKU0013,GROCERY,4038,0,0,0.0,0,31,17.58,17.58
2025-04-01,2025,4,S03,SKU0013,GROCERY,6280,1,9,0.3,0,30,17.58,16.0
2025-05-01,2025,5,S03,SKU0013,GROCERY,5127,0,0,0.0,1,31,17.58,17.58
2025-06-01,2025,6,S03,SKU0013,GROCERY,4599,0,0,0.0,0,30,17.58,17.58
2025-07-01,2025,7,S03,SKU0013,GROCERY,4536,0,0,0.0,1,31,17.58,17.58
2025-08-01,2025,8,S03,SKU0013,GROCERY,5662,1,12,0.387,0,31,17.58,15.54
2025-09-01,2025,9,S03,SKU0013,GROCERY,3839,0,0,0.0,0,30,17.58,17.58
2025-10-01,2025,10,S03,SKU0013,GROCERY,4019,0,0,0.0,1,31,17.58,17.58
2025-11-01,2025,11,S03,SKU0013,GROCERY,4994,1,8,0.267,2,30,17.58,16.17
2025-12-01,2025,12,S03,SKU0013,GROCERY,3584,0,0,0.0,3,31,17.58,17.58
2022-01-01,2022,1,S03,SKU0014,GROCERY,3944,0,0,0.0,1,31,13.14,13.14
2022-02-01,2022,2,S03,SKU0014,GROCERY,3850,1,1,0.036,1,28,13.14,13.0
2022-03-01,2022,3,S03,SKU0014,GROCERY,6407,1,6,0.194,0,31,13.14,12.38
2022-04-01,2022,4,S03,SKU0014,GROCERY,5398,0,0,0.0,0,30,13.14,13.14
2022-05-01,2022,5,S03,SKU0014,GROCERY,7003,0,0,0.0,1,31,13.14,13.14
2022-06-01,2022,6,S03,SKU0014,GROCERY,6218,0,0,0.0,0,30,13.14,13.14
2022-07-01,2022,7,S03,SKU0014,GROCERY,5924,0,0,0.0,1,31,13.14,13.14
2022-08-01,2022,8,S03,SKU0014,GROCERY,5954,0,0,0.0,0,31,13.14,13.14
2022-09-01,2022,9,S03,SKU0014,GROCERY,4919,0,0,0.0,0,30,13.14,13.14
2022-10-01,2022,10,S03,SKU0014,GROCERY,5163,0,0,0.0,1,31,13.14,13.14
2022-11-01,2022,11,S03,SKU0014,GROCERY,5142,0,0,0.0,2,30,13.14,13.14
2022-12-01,2022,12,S03,SKU0014,GROCERY,6185,1,9,0.29,3,31,13.14,12.0
2023-01-01,2023,1,S03,SKU0014,GROCERY,4796,1,5,0.161,1,31,13.14,12.5
2023-02-01,2023,2,S03,SKU0014,GROCERY,4886,1,4,0.143,1,28,13.14,12.58
2023-03-01,2023,3,S03,SKU0014,GROCERY,4776,0,0,0.0,0,31,13.14,13.14
2023-04-01,2023,4,S03,SKU0014,GROCERY,6008,0,0,0.0,0,30,13.14,13.14
2023-05-01,2023,5,S03,SKU0014,GROCERY,6424,0,0,0.0,1,31,13.14,13.14
2023-06-01,2023,6,S03,SKU0014,GROCERY,6358,1,1,0.033,0,30,13.14,13.01
2023-07-01,2023,7,S03,SKU0014,GROCERY,9652,1,13,0.419,1,31,13.14,11.49
2023-08-01,2023,8,S03,SKU0014,GROCERY,6836,1,8,0.258,0,31,13.14,12.12
2023-09-01,2023,9,S03,SKU0014,GROCERY,4860,0,0,0.0,0,30,13.14,13.14
2023-10-01,2023,10,S03,SKU0014,GROCERY,5309,1,1,0.032,1,31,13.14,13.01
2023-11-01,2023,11,S03,SKU0014,GROCERY,7098,1,8,0.267,2,30,13.14,12.09
2023-12-01,2023,12,S03,SKU0014,GROCERY,4838,0,0,0.0,3,31,13.14,13.14
2024-01-01,2024,1,S03,SKU0014,GROCERY,3510,0,0,0.0,1,31,13.14,13.14
2024-02-01,2024,2,S03,SKU0014,GROCERY,3661,0,0,0.0,1,29,13.14,13.14
2024-03-01,2024,3,S03,SKU0014,GROCERY,6612,1,6,0.194,0,31,13.14,12.38
2024-04-01,2024,4,S03,SKU0014,GROCERY,5745,0,0,0.0,0,30,13.14,13.14
2024-05-01,2024,5,S03,SKU0014,GROCERY,6048,0,0,0.0,1,31,13.14,13.14
2024-06-01,2024,6,S03,SKU0014,GROCERY,6142,0,0,0.0,0,30,13.14,13.14
2024-07-01,2024,7,S03,SKU0014,GROCERY,5360,0,0,0.0,1,31,13.14,13.14
2024-08-01,2024,8,S03,SKU0014,GROCERY,4909,0,0,0.0,0,31,13.14,13.14
2024-09-01,2024,9,S03,SKU0014,GROCERY,4461,0,0,0.0,0,30,13.14,13.14
2024-10-01,2024,10,S03,SKU0014,GROCERY,4642,0,0,0.0,1,31,13.14,13.14
2024-11-01,2024,11,S03,SKU0014,GROCERY,5266,0,0,0.0,2,30,13.14,13.14
2024-12-01,2024,12,S03,SKU0014,GROCERY,4249,0,0,0.0,3,31,13.14,13.14
2025-01-01,2025,1,S03,SKU0014,GROCERY,3497,0,0,0.0,1,31,13.14,13.14
2025-02-01,2025,2,S03,SKU0014,GROCERY,4447,1,7,0.25,1,28,13.14,12.16
2025-03-01,2025,3,S03,SKU0014,GROCERY,4581,0,0,0.0,0,31,13.14,13.14
2025-04-01,2025,4,S03,SKU0014,GROCERY,8861,1,10,0.333,0,30,13.14,11.83
2025-05-01,2025,5,S03,SKU0014,GROCERY,6438,0,0,0.0,1,31,13.14,13.14
2025-06-01,2025,6,S03,SKU0014,GROCERY,6683,1,5,0.167,0,30,13.14,12.48
2025-07-01,2025,7,S03,SKU0014,GROCERY,4784,0,0,0.0,1,31,13.14,13.14
2025-08-01,2025,8,S03,SKU0014,GROCERY,4901,0,0,0.0,0,31,13.14,13.14
2025-09-01,2025,9,S03,SKU0014,GROCERY,4856,0,0,0.0,0,30,13.14,13.14
2025-10-01,2025,10,S03,SKU0014,GROCERY,5094,0,0,0.0,1,31,13.14,13.14
2025-11-01,2025,11,S03,SKU0014,GROCERY,4785,0,0,0.0,2,30,13.14,13.14
2025-12-01,2025,12,S03,SKU0014,GROCERY,6007,1,10,0.323,3,31,13.14,11.87
2022-01-01,2022,1,S03,SKU0015,GROCERY,2716,1,10,0.323,1,31,7.58,6.85
2022-02-01,2022,2,S03,SKU0015,GROCERY,2082,0,0,0.0,1,28,7.58,7.58
2022-03-01,2022,3,S03,SKU0015,GROCERY,2484,0,0,0.0,0,31,7.58,7.58
2022-04-01,2022,4,S03,SKU0015,GROCERY,4189,1,10,0.333,0,30,7.58,6.82
2022-05-01,2022,5,S03,SKU0015,GROCERY,3587,0,0,0.0,1,31,7.58,7.58
2022-06-01,2022,6,S03,SKU0015,GROCERY,4322,1,9,0.3,0,30,7.58,6.9
2022-07-01,2022,7,S03,SKU0015,GROCERY,3778,1,6,0.194,1,31,7.58,7.14
2022-08-01,2022,8,S03,SKU0015,GROCERY,2678,0,0,0.0,0,31,7.58,7.58
2022-09-01,2022,9,S03,SKU0015,GROCERY,2966,1,3,0.1,0,30,7.58,7.35
2022-10-01,2022,10,S03,SKU0015,GROCERY,3504,1,9,0.29,1,31,7.58,6.92
2022-11-01,2022,11,S03,SKU0015,GROCERY,2743,0,0,0.0,2,30,7.58,7.58
2022-12-01,2022,12,S03,SKU0015,GROCERY,2739,0,0,0.0,3,31,7.58,7.58
2023-01-01,2023,1,S03,SKU0015,GROCERY,2786,1,7,0.226,1,31,7.58,7.07
2023-02-01,2023,2,S03,SKU0015,GROCERY,2255,0,0,0.0,1,28,7.58,7.58
2023-03-01,2023,3,S03,SKU0015,GROCERY,3362,1,5,0.161,0,31,7.58,7.21
2023-04-01,2023,4,S03,SKU0015,GROCERY,3688,0,0,0.0,0,30,7.58,7.58
2023-05-01,2023,5,S03,SKU0015,GROCERY,3846,0,0,0.0,1,31,7.58,7.58
2023-06-01,2023,6,S03,SKU0015,GROCERY,5152,1,8,0.267,0,30,7.58,6.97
2023-07-01,2023,7,S03,SKU0015,GROCERY,3544,0,0,0.0,1,31,7.58,7.58
2023-08-01,2023,8,S03,SKU0015,GROCERY,4469,1,11,0.355,0,31,7.58,6.77
2023-09-01,2023,9,S03,SKU0015,GROCERY,3431,1,2,0.067,0,30,7.58,7.43
2023-10-01,2023,10,S03,SKU0015,GROCERY,3216,0,0,0.0,1,31,7.58,7.58
2023-11-01,2023,11,S03,SKU0015,GROCERY,3901,1,6,0.2,2,30,7.58,7.13
2023-12-01,2023,12,S03,SKU0015,GROCERY,3155,0,0,0.0,3,31,7.58,7.58
2024-01-01,2024,1,S03,SKU0015,GROCERY,2395,0,0,0.0,1,31,7.58,7.58
2024-02-01,2024,2,S03,SKU0015,GROCERY,3437,1,11,0.379,1,29,7.58,6.72
2024-03-01,2024,3,S03,SKU0015,GROCERY,3614,0,0,0.0,0,31,7.58,7.58
2024-04-01,2024,4,S03,SKU0015,GROCERY,4018,0,0,0.0,0,30,7.58,7.58
2024-05-01,2024,5,S03,SKU0015,GROCERY,4596,0,0,0.0,1,31,7.58,7.58
2024-06-01,2024,6,S03,SKU0015,GROCERY,3886,0,0,0.0,0,30,7.58,7.58
2024-07-01,2024,7,S03,SKU0015,GROCERY,4239,0,0,0.0,1,31,7.58,7.58
2024-08-01,2024,8,S03,SKU0015,GROCERY,3456,0,0,0.0,0,31,7.58,7.58
2024-09-01,2024,9,S03,SKU0015,GROCERY,3905,0,0,0.0,0,30,7.58,7.58
2024-10-01,2024,10,S03,SKU0015,GROCERY,3529,0,0,0.0,1,31,7.58,7.58
2024-11-01,2024,11,S03,SKU0015,GROCERY,5021,1,13,0.433,2,30,7.58,6.6
2024-12-01,2024,12,S03,SKU0015,GROCERY,3343,0,0,0.0,3,31,7.58,7.58
2025-01-01,2025,1,S03,SKU0015,GROCERY,3102,0,0,0.0,1,31,7.58,7.58
2025-02-01,2025,2,S03,SKU0015,GROCERY,2892,0,0,0.0,1,28,7.58,7.58
2025-03-01,2025,3,S03,SKU0015,GROCERY,3941,0,0,0.0,0,31,7.58,7.58
2025-04-01,2025,4,S03,SKU0015,GROCERY,4335,0,0,0.0,0,30,7.58,7.58
2025-05-01,2025,5,S03,SKU0015,GROCERY,5689,0,0,0.0,1,31,7.58,7.58
2025-06-01,2025,6,S03,SKU0015,GROCERY,6540,1,12,0.4,0,30,7.58,6.67
2025-07-01,2025,7,S03,SKU0015,GROCERY,4473,0,0,0.0,1,31,7.58,7.58
2025-08-01,2025,8,S03,SKU0015,GROCERY,4621,1,2,0.065,0,31,7.58,7.43
2025-09-01,2025,9,S03,SKU0015,GROCERY,5170,1,9,0.3,0,30,7.58,6.9
2025-10-01,2025,10,S03,SKU0015,GROCERY,4451,0,0,0.0,1,31,7.58,7.58
2025-11-01,2025,11,S03,SKU0015,GROCERY,4230,0,0,0.0,2,30,7.58,7.58
2025-12-01,2025,12,S03,SKU0015,GROCERY,3513,0,0,0.0,3,31,7.58,7.58
