Backend/api_data/ds_61b6ca015029__retail_sku_sales_monthly.csv
year_month,year,month,store_id,sku_id,category,qty_sold,promo_flag,promo_days,promo_intensity,holiday_days,days_in_month,list_price,avg_selling_price
2022-01-01,2022,1,S03,SKU0016,GROCERY,4899,0,0,0.0,1,31,13.72,13.72
2022-02-01,2022,2,S03,SKU0016,GROCERY,4968,0,0,0.0,1,28,13.72,13.72
2022-03-01,2022,3,S03,SKU0016,GROCERY,6309,0,0,0.0,0,31,13.72,13.72
2022-04-01,2022,4,S03,SKU0016,GROCERY,8585,0,0,0.0,0,30,13.72,13.72
2022-05-01,2022,5,S03,SKU0016,GROCERY,9084,0,0,0.0,1,31,13.72,13.72
2022-06-01,2022,6,S03,SKU0016,GROCERY,7365,0,0,0.0,0,30,13.72,13.72
2022-07-01,2022,7,S03,SKU0016,GROCERY,7729,0,0,0.0,1,31,13.72,13.72
2022-08-01,2022,8,S03,SKU0016,GROCERY,7244,0,0,0.0,0,31,13.72,13.72
2022-09-01,2022,9,S03,SKU0016,GROCERY,6406,0,0,0.0,0,30,13.72,13.72
2022-10-01,2022,10,S03,SKU0016,GROCERY,7132,0,0,0.0,1,31,13.72,13.72
2022-11-01,2022,11,S03,SKU0016,GROCERY,6718,0,0,0.0,2,30,13.72,13.72
2022-12-01,2022,12,S03,SKU0016,GROCERY,5732,0,0,0.0,3,31,13.72,13.72
2023-01-01,2023,1,S03,SKU0016,GROCERY,5197,0,0,0.0,1,31,13.72,13.72
2023-02-01,2023,2,S03,SKU0016,GROCERY,5245,1,8,0.286,1,28,13.72,12.54
2023-03-01,2023,3,S03,SKU0016,GROCERY,6560,0,0,0.0,0,31,13.72,13.72
2023-04-01,2023,4,S03,SKU0016,GROCERY,7859,0,0,0.0,0,30,13.72,13.72
2023-05-01,2023,5,S03,SKU0016,GROCERY,9041,0,0,0.0,1,31,13.72,13.72
2023-06-01,2023,6,S03,SKU0016,GROCERY,7827,0,0,0.0,0,30,13.72,13.72
2023-07-01,2023,7,S03,SKU0016,GROCERY,8123,0,0,0.0,1,31,13.72,13.72
2023-08-01,2023,8,S03,SKU0016,GROCERY,6639,0,0,0.0,0,31,13.72,13.72
2023-09-01,2023,9,S03,SKU0016,GROCERY,7400,0,0,0.0,0,30,13.72,13.72
2023-10-01,2023,10,S03,SKU0016,GROCERY,6793,0,0,0.0,1,31,13.72,13.72
2023-11-01,2023,11,S03,SKU0016,GROCERY,7279,0,0,0.0,2,30,13.72,13.72
2023-12-01,2023,12,S03,SKU0016,GROCERY,7291,1,12,0.387,3,31,13.72,12.13
2024-01-01,2024,1,S03,SKU0016,GROCERY,5569,0,0,0.0,1,31,13.72,13.72
2024-02-01,2024,2,S03,SKU0016,GROCERY,6235,1,11,0.379,1,29,13.72,12.16
2024-03-01,2024,3,S03,SKU0016,GROCERY,6849,0,0,0.0,0,31,13.72,13.72
2024-04-01,2024,4,S03,SKU0016,GROCERY,8425,0,0,0.0,0,30,13.72,13.72
2024-05-01,2024,5,S03,SKU0016,GROCERY,8410,0,0,0.0,1,31,13.72,13.72
2024-06-01,2024,6,S03,SKU0016,GROCERY,8640,0,0,0.0,0,30,13.72,13.72
2024-07-01,2024,7,S03,SKU0016,GROCERY,8369,1,7,0.226,1,31,13.72,12.79
2024-08-01,2024,8,S03,SKU0016,GROCERY,7104,0,0,0.0,0,31,13.72,13.72
2024-09-01,2024,9,S03,SKU0016,GROCERY,6391,0,0,0.0,0,30,13.72,13.72
2024-10-01,2024,10,S03,SKU0016,GROCERY,7751,1,3,0.097,1,31,13.72,13.32
2024-11-01,2024,11,S03,SKU0016,GROCERY,7665,1,3,0.1,2,30,13.72,13.31
2024-12-01,2024,12,S03,SKU0016,GROCERY,6319,0,0,0.0,3,31,13.72,13.72
2025-01-01,2025,1,S03,SKU0016,GROCERY,5321,0,0,0.0,1,31,13.72,13.72
2025-02-01,2025,2,S03,SKU0016,GROCERY,5008,0,0,0.0,1,28,13.72,13.72
2025-03-01,2025,3,S03,SKU0016,GROCERY,7988,1,8,0.258,0,31,13.72,12.66
2025-04-01,2025,4,S03,SKU0016,GROCERY,7760,0,0,0.0,0,30,13.72,13.72
2025-05-01,2025,5,S03,SKU0016,GROCERY,11091,1,11,0.355,1,31,13.72,12.26
2025-06-01,2025,6,S03,SKU0016,GROCERY,9774,1,13,0.433,0,30,13.72,11.93
2025-07-01,2025,7,S03,SKU0016,GROCERY,7924,0,0,0.0,1,31,13.72,13.72
2025-08-01,2025,8,S03,SKU0016,GROCERY,7735,0,0,0.0,0,31,13.72,13.72
2025-09-01,2025,9,S03,SKU0016,GROCERY,7283,0,0,0.0,0,30,13.72,13.72
2025-10-01,2025,10,S03,SKU0016,GROCERY,6906,0,0,0.0,1,31,13.72,13.72
2025-11-01,2025,11,S03,SKU0016,GROCERY,7263,0,0,0.0,2,30,13.72,13.72
2025-12-01,2025,12,S03,SKU0016,GROCERY,6733,0,0,0.0,3,31,13.72,13.72
2022-01-01,2022,1,S03,SKU0017,GROCERY,4976,0,0,0.0,1,31,24.29,24.29
2022-02-01,2022,2,S03,SKU0017,GROCERY,3799,0,0,0.0,1,28,24.29,24.29
2022-03-01,2022,3,S03,SKU0017,GROCERY,6968,1,6,0.194,0,31,24.29,22.88
2022-04-01,2022,4,S03,SKU0017,GROCERY,6715,0,0,0.0,0,30,24.29,24.29
2022-05-01,2022,5,S03,SKU0017,GROCERY,8290,0,0,0.0,1,31,24.29,24.29
2022-06-01,2022,6,S03,SKU0017,GROCERY,6934,0,0,0.0,0,30,24.29,24.29
2022-07-01,2022,7,S03,SKU0017,GROCERY,6763,0,0,0.0,1,31,24.29,24.29
2022-08-01,2022,8,S03,SKU0017,GROCERY,5819,0,0,0.0,0,31,24.29,24.29
2022-09-01,2022,9,S03,SKU0017,GROCERY,5878,0,0,0.0,0,30,24.29,24.29
2022-10-01,2022,10,S03,SKU0017,GROCERY,7877,1,12,0.387,1,31,24.29,21.47
2022-11-01,2022,11,S03,SKU0017,GROCERY,6055,0,0,0.0,2,30,24.29,24.29
2022-12-01,2022,12,S03,SKU0017,GROCERY,7343,1,11,0.355,3,31,24.29,21.7
2023-01-01,2023,1,S03,SKU0017,GROCERY,4865,1,3,0.097,1,31,24.29,23.58
2023-02-01,2023,2,S03,SKU0017,GROCERY,4141,0,0,0.0,1,28,24.29,24.29
2023-03-01,2023,3,S03,SKU0017,GROCERY,5306,0,0,0.0,0,31,24.29,24.29
2023-04-01,2023,4,S03,SKU0017,GROCERY,6699,0,0,0.0,0,30,24.29,24.29
2023-05-01,2023,5,S03,SKU0017,GROCERY,9580,1,13,0.419,1,31,24.29,21.23
2023-06-01,2023,6,S03,SKU0017,GROCERY,6856,0,0,0.0,0,30,24.29,24.29
2023-07-01,2023,7,S03,SKU0017,GROCERY,6615,0,0,0.0,1,31,24.29,24.29
2023-08-01,2023,8,S03,SKU0017,GROCERY,6118,0,0,0.0,0,31,24.29,24.29
2023-09-01,2023,9,S03,SKU0017,GROCERY,5900,0,0,0.0,0,30,24.29,24.29
2023-10-01,2023,10,S03,SKU0017,GROCERY,7071,1,6,0.194,1,31,24.29,22.88
2023-11-01,2023,11,S03,SKU0017,GROCERY,8961,1,13,0.433,2,30,24.29,21.13
2023-12-01,2023,12,S03,SKU0017,GROCERY,6343,1,9,0.29,3,31,24.29,22.17
2024-01-01,2024,1,S03,SKU0017,GROCERY,5327,1,5,0.161,1,31,24.29,23.11
2024-02-01,2024,2,S03,SKU0017,GROCERY,4399,0,0,0.0,1,29,24.29,24.29
2024-03-01,2024,3,S03,SKU0017,GROCERY,6198,0,0,0.0,0,31,24.29,24.29
2024-04-01,2024,4,S03,SKU0017,GROCERY,6645,0,0,0.0,0,30,24.29,24.29
2024-05-01,2024,5,S03,SKU0017,GROCERY,7653,0,0,0.0,1,31,24.29,24.29
2024-06-01,2024,6,S03,SKU0017,GROCERY,6690,0,0,0.0,0,30,24.29,24.29
2024-07-01,2024,7,S03,SKU0017,GROCERY,7671,1,8,0.258,1,31,24.29,22.41
2024-08-01,2024,8,S03,SKU0017,GROCERY,7043,1,8,0.258,0,31,24.29,22.41
2024-09-01,2024,9,S03,SKU0017,GROCERY,6088,1,1,0.033,0,30,24.29,24.05
2024-10-01,2024,10,S03,SKU0017,GROCERY,8240,1,13,0.419,1,31,24.29,21.23
2024-11-01,2024,11,S03,SKU0017,GROCERY,5531,0,0,0.0,2,30,24.29,24.29
2024-12-01,2024,12,S03,SKU0017,GROCERY,5397,0,0,0.0,3,31,24.29,24.29
2025-01-01,2025,1,S03,SKU0017,GROCERY,4541,0,0,0.0,1,31,24.29,24.29
2025-02-01,2025,2,S03,SKU0017,GROCERY,4281,0,0,0.0,1,28,24.29,24.29
2025-03-01,2025,3,S03,SKU0017,GROCERY,5941,0,0,0.0,0,31,24.29,24.29
2025-04-01,2025,4,S03,SKU0017,GROCERY,6536,0,0,0.0,0,30,24.29,24.29
2025-05-01,2025,5,S03,SKU0017,GROCERY,7618,0,0,0.0,1,31,24.29,24.29
2025-06-01,2025,6,S03,SKU0017,GROCERY,8248,1,5,0.167,0,30,24.29,23.08
2025-07-01,2025,7,S03,SKU0017,GROCERY,7060,1,4,0.129,1,31,24.29,23.35
2025-08-01,2025,8,S03,SKU0017,GROCERY,5921,0,0,0.0,0,31,24.29,24.29
2025-09-01,2025,9,S03,SKU0017,GROCERY,5353,0,0,0.0,0,30,24.29,24.29
2025-10-01,2025,10,S03,SKU0017,GROCERY,5818,0,0,0.0,1,31,24.29,24.29
2025-11-01,2025,11,S03,SKU0017,GROCERY,5866,0,0,0.0,2,30,24.29,24.29
2025-12-01,2025,12,S03,SKU0017,GROCERY,5308,0,0,0.0,3,31,24.29,24.29
2022-01-01,2022,1,S03,SKU0018,GROCERY,5690,0,0,0.0,1,31,22.53,22.53
2022-02-01,2022,2,S03,SKU0018,GROCERY,5885,0,0,0.0,1,28,22.53,22.53
2022-03-01,2022,3,S03,SKU0018,GROCERY,6749,0,0,0.0,0,31,22.53,22.53
2022-04-01,2022,4,S03,SKU0018,GROCERY,10977,1,7,0.233,0,30,22.53,20.95
2022-05-01,2022,5,S03,SKU0018,GROCERY,13056,1,6,0.194,1,31,22.53,21.22
2022-06-01,2022,6,S03,SKU0018,GROCERY,8612,0,0,0.0,0,30,22.53,22.53
2022-07-01,2022,7,S03,SKU0018,GROCERY,9121,0,0,0.0,1,31,22.53,22.53
2022-08-01,2022,8,S03,SKU0018,GROCERY,9876,1,5,0.161,0,31,22.53,21.44
2022-09-01,2022,9,S03,SKU0018,GROCERY,9620,1,9,0.3,0,30,22.53,20.5
2022-10-01,2022,10,S03,SKU0018,GROCERY,9545,1,2,0.065,1,31,22.53,22.09
2022-11-01,2022,11,S03,SKU0018,GROCERY,10855,1,12,0.4,2,30,22.53,19.83
2022-12-01,2022,12,S03,SKU0018,GROCERY,8502,0,0,0.0,3,31,22.53,22.53
2023-01-01,2023,1,S03,SKU0018,GROCERY,9781,1,14,0.452,1,31,22.53,19.48
2023-02-01,2023,2,S03,SKU0018,GROCERY,6136,0,0,0.0,1,28,22.53,22.53
2023-03-01,2023,3,S03,SKU0018,GROCERY,13200,1,13,0.419,0,31,22.53,19.7
2023-04-01,2023,4,S03,SKU0018,GROCERY,10126,0,0,0.0,0,30,22.53,22.53
2023-05-01,2023,5,S03,SKU0018,GROCERY,11846,0,0,0.0,1,31,22.53,22.53
2023-06-01,2023,6,S03,SKU0018,GROCERY,14840,1,10,0.333,0,30,22.53,20.28
2023-07-01,2023,7,S03,SKU0018,GROCERY,10780,1,4,0.129,1,31,22.53,21.66
2023-08-01,2023,8,S03,SKU0018,GROCERY,8905,0,0,0.0,0,31,22.53,22.53
2023-09-01,2023,9,S03,SKU0018,GROCERY,13926,1,13,0.433,0,30,22.53,19.6
2023-10-01,2023,10,S03,SKU0018,GROCERY,13605,1,6,0.194,1,31,22.53,21.22
2023-11-01,2023,11,S03,SKU0018,GROCERY,9412,0,0,0.0,2,30,22.53,22.53
2023-12-01,2023,12,S03,SKU0018,GROCERY,8993,0,0,0.0,3,31,22.53,22.53
2024-01-01,2024,1,S03,SKU0018,GROCERY,7571,0,0,0.0,1,31,22.53,22.53
2024-02-01,2024,2,S03,SKU0018,GROCERY,7061,0,0,0.0,1,29,22.53,22.53
2024-03-01,2024,3,S03,SKU0018,GROCERY,11241,0,0,0.0,0,31,22.53,22.53
2024-04-01,2024,4,S03,SKU0018,GROCERY,15052,1,9,0.3,0,30,22.53,20.5
2024-05-01,2024,5,S03,SKU0018,GROCERY,12409,0,0,0.0,1,31,22.53,22.53
2024-06-01,2024,6,S03,SKU0018,GROCERY,16489,1,11,0.367,0,30,22.53,20.05
2024-07-01,2024,7,S03,SKU0018,GROCERY,10664,0,0,0.0,1,31,22.53,22.53
2024-08-01,2024,8,S03,SKU0018,GROCERY,11191,1,5,0.161,0,31,22.53,21.44
2024-09-01,2024,9,S03,SKU0018,GROCERY,10553,0,0,0.0,0,30,22.53,22.53
2024-10-01,2024,10,S03,SKU0018,GROCERY,11783,0,0,0.0,1,31,22.53,22.53
2024-11-01,2024,11,S03,SKU0018,GROCERY,11350,0,0,0.0,2,30,22.53,22.53
2024-12-01,2024,12,S03,SKU0018,GROCERY,13083,1,10,0.323,3,31,22.53,20.35
2025-01-01,2025,1,S03,SKU0018,GROCERY,7794,0,0,0.0,1,31,22.53,22.53
2025-02-01,2025,2,S03,SKU0018,GROCERY,7860,0,0,0.0,1,28,22.53,22.53
2025-03-01,2025,3,S03,SKU0018,GROCERY,11116,0,0,0.0,0,31,22.53,22.53
2025-04-01,2025,4,S03,SKU0018,GROCERY,18931,1,11,0.367,0,30,22.53,20.05
2025-05-01,2025,5,S03,SKU0018,GROCERY,15221,0,0,0.0,1,31,22.53,22.53
2025-06-01,2025,6,S03,SKU0018,GROCERY,15231,0,0,0.0,0,30,22.53,22.53
2025-07-01,2025,7,S03,SKU0018,GROCERY,12793,0,0,0.0,1,31,22.53,22.53
2025-08-01,2025,8,S03,SKU0018,GROCERY,16298,1,10,0.323,0,31,22.53,20.35
2025-09-01,2025,9,S03,SKU0018,GROCERY,11299,0,0,0.0,0,30,22.53,22.53
2025-10-01,2025,10,S03,SKU0018,GROCERY,12827,0,0,0.0,1,31,22.53,22.53
2025-11-01,2025,11,S03,SKU0018,GROCERY,12260,0,0,0.0,2,30,22.53,22.53
2025-12-01,2025,12,S03,SKU0018,GROCERY,14206,1,9,0.29,3,31,22.53,20.57
2022-01-01,2022,1,S03,SKU0019,GROCERY,5024,0,0,0.0,1,31,3.58,3.58
2022-02-01,2022,2,S03,SKU0019,GROCERY,4702,0,0,0.0,1,28,3.58,3.58
2022-03-01,2022,3,S03,SKU0019,GROCERY,6008,0,0,0.0,0,31,3.58,3.58
2022-04-01,2022,4,S03,SKU0019,GROCERY,7754,0,0,0.0,0,30,3.58,3.58
2022-05-01,2022,5,S03,SKU0019,GROCERY,8556,0,0,0.0,1,31,3.58,3.58
2022-06-01,2022,6,S03,SKU0019,GROCERY,8335,0,0,0.0,0,30,3.58,3.58
2022-07-01,2022,7,S03,SKU0019,GROCERY,10444,1,9,0.29,1,31,3.58,3.27
2022-08-01,2022,8,S03,SKU0019,GROCERY,7512,1,2,0.065,0,31,3.58,3.51
2022-09-01,2022,9,S03,SKU0019,GROCERY,8445,1,8,0.267,0,30,3.58,3.29
2022-10-01,2022,10,S03,SKU0019,GROCERY,6754,0,0,0.0,1,31,3.58,3.58
2022-11-01,2022,11,S03,SKU0019,GROCERY,10408,1,13,0.433,2,30,3.58,3.12
2022-12-01,2022,12,S03,SKU0019,GROCERY,6640,0,0,0.0,3,31,3.58,3.58
2023-01-01,2023,1,S03,SKU0019,GROCERY,5740,0,0,0.0,1,31,3.58,3.58
2023-02-01,2023,2,S03,SKU0019,GROCERY,5682,0,0,0.0,1,28,3.58,3.58
2023-03-01,2023,3,S03,SKU0019,GROCERY,7245,0,0,0.0,0,31,3.58,3.58
2023-04-01,2023,4,S03,SKU0019,GROCERY,8284,0,0,0.0,0,30,3.58,3.58
2023-05-01,2023,5,S03,SKU0019,GROCERY,9912,0,0,0.0,1,31,3.58,3.58
2023-06-01,2023,6,S03,SKU0019,GROCERY,9047,1,2,0.067,0,30,3.58,3.51
2023-07-01,2023,7,S03,SKU0019,GROCERY,9987,1,5,0.161,1,31,3.58,3.41
2023-08-01,2023,8,S03,SKU0019,GROCERY,10765,1,9,0.29,0,31,3.58,3.27
2023-09-01,2023,9,S03,SKU0019,GROCERY,8157,0,0,0.0,0,30,3.58,3.58
2023-10-01,2023,10,S03,SKU0019,GROCERY,7948,0,0,0.0,1,31,3.58,3.58
2023-11-01,2023,11,S03,SKU0019,GROCERY,8051,0,0,0.0,2,30,3.58,3.58
2023-12-01,2023,12,S03,SKU0019,GROCERY,7316,0,0,0.0,3,31,3.58,3.58
2024-01-01,2024,1,S03,SKU0019,GROCERY,6324,0,0,0.0,1,31,3.58,3.58
2024-02-01,2024,2,S03,SKU0019,GROCERY,6336,0,0,0.0,1,29,3.58,3.58
2024-03-01,2024,3,S03,SKU0019,GROCERY,9868,1,6,0.194,0,31,3.58,3.37
2024-04-01,2024,4,S03,SKU0019,GROCERY,9974,0,0,0.0,0,30,3.58,3.58
2024-05-01,2024,5,S03,SKU0019,GROCERY,14774,1,9,0.29,1,31,3.58,3.27
2024-06-01,2024,6,S03,SKU0019,GROCERY,15132,1,12,0.4,0,30,3.58,3.15
2024-07-01,2024,7,S03,SKU0019,GROCERY,8835,0,0,0.0,1,31,3.58,3.58
2024-08-01,2024,8,S03,SKU0019,GROCERY,11518,1,9,0.29,0,31,3.58,3.27
2024-09-01,2024,9,S03,SKU0019,GROCERY,9007,0,0,0.0,0,30,3.58,3.58
2024-10-01,2024,10,S03,SKU0019,GROCERY,12671,1,7,0.226,1,31,3.58,3.34
2024-11-01,2024,11,S03,SKU0019,GROCERY,9423,0,0,0.0,2,30,3.58,3.58
2024-12-01,2024,12,S03,SKU0019,GROCERY,11183,1,10,0.323,3,31,3.58,3.23
2025-01-01,2025,1,S03,SKU0019,GROCERY,7492,0,0,0.0,1,31,3.58,3.58
2025-02-01,2025,2,S03,SKU0019,GROCERY,7232,0,0,0.0,1,28,3.58,3.58
2025-03-01,2025,3,S03,SKU0019,GROCERY,11498,1,6,0.194,0,31,3.58,3.37
2025-04-01,2025,4,S03,SKU0019,GROCERY,10603,0,0,0.0,0,30,3.58,3.58
2025-05-01,2025,5,S03,SKU0019,GROCERY,16347,1,5,0.161,1,31,3.58,3.41
2025-06-01,2025,6,S03,SKU0019,GROCERY,11753,0,0,0.0,0,30,3.58,3.58
2025-07-01,2025,7,S03,SKU0019,GROCERY,10997,0,0,0.0,1,31,3.58,3.58
2025-08-01,2025,8,S03,SKU0019,GROCERY,14599,1,12,0.387,0,31,3.58,3.17
2025-09-01,2025,9,S03,SKU0019,GROCERY,11627,1,4,0.133,0,30,3.58,3.44
2025-10-01,2025,10,S03,SKU0019,GROCERY,15175,1,9,0.29,1,31,3.58,3.27
2025-11-01,2025,11,S03,SKU0019,GROCERY,9774,0,0,0.0,2,30,3.58,3.58
2025-12-01,2025,12,S03,SKU0019,GROCERY,11108,1,10,0.323,3,31,3.58,3.23
2022-01-01,2022,1,S03,SKU0020,GROCERY,3055,0,0,0.0,1,31,9.15,9.15
2022-02-01,2022,2,S03,SKU0020,GROCERY,2664,0,0,0.0,1,28,9.15,9.15
2022-03-01,2022,3,S03,SKU0020,GROCERY,3417,0,0,0.0,0,31,9.15,9.15
2022-04-01,2022,4,S03,SKU0020,GROCERY,4120,0,0,0.0,0,30,9.15,9.15
2022-05-01,2022,5,S03,SKU0020,GROCERY,4697,0,0,0.0,1,31,9.15,9.15
2022-06-01,2022,6,S03,SKU0020,GROCERY,5421,1,9,0.3,0,30,9.15,8.33
2022-07-01,2022,7,S03,SKU0020,GROCERY,4720,1,6,0.194,1,31,9.15,8.62
2022-08-01,2022,8,S03,SKU0020,GROCERY,4265,1,7,0.226,0,31,9.15,8.53
2022-09-01,2022,9,S03,SKU0020,GROCERY,3359,0,0,0.0,0,30,9.15,9.15
2022-10-01,2022,10,S03,SKU0020,GROCERY,3572,0,0,0.0,1,31,9.15,9.15
2022-11-01,2022,11,S03,SKU0020,GROCERY,3348,0,0,0.0,2,30,9.15,9.15
2022-12-01,2022,12,S03,SKU0020,GROCERY,3267,1,1,0.032,3,31,9.15,9.06
2023-01-01,2023,1,S03,SKU0020,GROCERY,3566,1,8,0.258,1,31,9.15,8.44
2023-02-01,2023,2,S03,SKU0020,GROCERY,2661,0,0,0.0,1,28,9.15,9.15
2023-03-01,2023,3,S03,SKU0020,GROCERY,3469,0,0,0.0,0,31,9.15,9.15
2023-04-01,2023,4,S03,SKU0020,GROCERY,4881,1,5,0.167,0,30,9.15,8.69
2023-05-01,2023,5,S03,SKU0020,GROCERY,5566,1,8,0.258,1,31,9.15,8.44
2023-06-01,2023,6,S03,SKU0020,GROCERY,3948,0,0,0.0,0,30,9.15,9.15
2023-07-01,2023,7,S03,SKU0020,GROCERY,5190,1,11,0.355,1,31,9.15,8.18
2023-08-01,2023,8,S03,SKU0020,GROCERY,3233,0,0,0.0,0,31,9.15,9.15
2023-09-01,2023,9,S03,SKU0020,GROCERY,3310,0,0,0.0,0,30,9.15,9.15
2023-10-01,2023,10,S03,SKU0020,GROCERY,3789,0,0,0.0,1,31,9.15,9.15
2023-11-01,2023,11,S03,SKU0020,GROCERY,3266,0,0,0.0,2,30,9.15,9.15
2023-12-01,2023,12,S03,SKU0020,GROCERY,4142,1,12,0.387,3,31,9.15,8.09
2024-01-01,2024,1,S03,SKU0020,GROCERY,2830,0,0,0.0,1,31,9.15,9.15
2024-02-01,2024,2,S03,SKU0020,GROCERY,3265,1,7,0.241,1,29,9.15,8.49
2024-03-01,2024,3,S03,SKU0020,GROCERY,3394,0,0,0.0,0,31,9.15,9.15
2024-04-01,2024,4,S03,SKU0020,GROCERY,3850,0,0,0.0,0,30,9.15,9.15
2024-05-01,2024,5,S03,SKU0020,GROCERY,4319,0,0,0.0,1,31,9.15,9.15
2024-06-01,2024,6,S03,SKU0020,GROCERY,3970,0,0,0.0,0,30,9.15,9.15
2024-07-01,2024,7,S03,SKU0020,GROCERY,3512,0,0,0.0,1,31,9.15,9.15
2024-08-01,2024,8,S03,SKU0020,GROCERY,3172,0,0,0.0,0,31,9.15,9.15
2024-09-01,2024,9,S03,SKU0020,GROCERY,4337,1,10,0.333,0,30,9.15,8.24
2024-10-01,2024,10,S03,SKU0020,GROCERY,2979,1,1,0.032,1,31,9.15,9.06
2024-11-01,2024,11,S03,SKU0020,GROCERY,3951,1,8,0.267,2,30,9.15,8.42
2024-12-01,2024,12,S03,SKU0020,GROCERY,2792,0,0,0.0,3,31,9.15,9.15
2025-01-01,2025,1,S03,SKU0020,GROCERY,2676,0,0,0.0,1,31,9.15,9.15
2025-02-01,2025,2,S03,SKU0020,GROCERY,2327,0,0,0.0,1,28,9.15,9.15
2025-03-01,2025,3,S03,SKU0020,GROCERY,3118,0,0,0.0,0,31,9.15,9.15
2025-04-01,2025,4,S03,SKU0020,GROCERY,3503,0,0,0.0,0,30,9.15,9.15
2025-05-01,2025,5,S03,SKU0020,GROCERY,4226,0,0,0.0,1,31,9.15,9.15
2025-06-01,2025,6,S03,SKU0020,GROCERY,3546,0,0,0.0,0,30,9.15,9.15
2025-07-01,2025,7,S03,SKU0020,GROCERY,3539,0,0,0.0,1,31,9.15,9.15
2025-08-01,2025,8,S03,SKU0020,GROCERY,4386,1,11,0.355,0,31,9.15,8.18
2025-09-01,2025,9,S03,SKU0020,GROCERY,2922,0,0,0.0,0,30,9.15,9.15
2025-10-01,2025,10,S03,SKU0020,GROCERY,3931,1,8,0.258,1,31,9.15,8.44
2025-11-01,2025,11,S03,SKU0020,GROCERY,3334,0,0,0.0,2,30,9.15,9.15
2025-12-01,2025,12,S03,SKU0020,GROCERY,3236,1,9,0.29,3,31,9.15,8.35
