Backend/api_data/ds_61b6ca015029__retail_sku_sales_monthly.csv
year_month,year,month,store_id,sku_id,category,qty_sold,promo_flag,promo_days,promo_intensity,holiday_days,days_in_month,list_price,avg_selling_price
2022-01-01,2022,1,S03,SKU0021,DAIRY,2318,0,0,0.0,1,31,20.98,20.98
2022-02-01,2022,2,S03,SKU0021,DAIRY,2046,1,1,0.036,1,28,20.98,20.76
2022-03-01,2022,3,S03,SKU0021,DAIRY,3280,1,5,0.161,0,31,20.98,19.97
2022-04-01,2022,4,S03,SKU0021,DAIRY,3193,0,0,0.0,0,30,20.98,20.98
2022-05-01,2022,5,S03,SKU0021,DAIRY,3987,0,0,0.0,1,31,20.98,20.98
2022-06-01,2022,6,S03,SKU0021,DAIRY,3950,0,0,0.0,0,30,20.98,20.98
2022-07-01,2022,7,S03,SKU0021,DAIRY,3476,0,0,0.0,1,31,20.98,20.98
2022-08-01,2022,8,S03,SKU0021,DAIRY,3023,0,0,0.0,0,31,20.98,20.98
2022-09-01,2022,9,S03,SKU0021,DAIRY,2906,0,0,0.0,0,30,20.98,20.98
2022-10-01,2022,10,S03,SKU0021,DAIRY,3157,0,0,0.0,1,31,20.98,20.98
2022-11-01,2022,11,S03,SKU0021,DAIRY,4075,1,13,0.433,2,30,20.98,18.25
2022-12-01,2022,12,S03,SKU0021,DAIRY,2526,0,0,0.0,3,31,20.98,20.98
2023-01-01,2023,1,S03,SKU0021,DAIRY,2321,0,0,0.0,1,31,20.98,20.98
2023-02-01,2023,2,S03,SKU0021,DAIRY,2390,0,0,0.0,1,28,20.98,20.98
2023-03-01,2023,3,S03,SKU0021,DAIRY,2887,0,0,0.0,0,31,20.98,20.98
2023-04-01,2023,4,S03,SKU0021,DAIRY,3701,0,0,0.0,0,30,20.98,20.98
2023-05-01,2023,5,S03,SKU0021,DAIRY,3823,0,0,0.0,1,31,20.98,20.98
2023-06-01,2023,6,S03,SKU0021,DAIRY,3712,0,0,0.0,0,30,20.98,20.98
2023-07-01,2023,7,S03,SKU0021,DAIRY,4405,1,5,0.161,1,31,20.98,19.97
2023-08-01,2023,8,S03,SKU0021,DAIRY,3419,0,0,0.0,0,31,20.98,20.98
2023-09-01,2023,9,S03,SKU0021,DAIRY,4148,1,14,0.467,0,30,20.98,18.04
2023-10-01,2023,10,S03,SKU0021,DAIRY,3381,0,0,0.0,1,31,20.98,20.98
2023-11-01,2023,11,S03,SKU0021,DAIRY,2956,0,0,0.0,2,30,20.98,20.98
2023-12-01,2023,12,S03,SKU0021,DAIRY,2764,0,0,0.0,3,31,20.98,20.98
2024-01-01,2024,1,S03,SKU0021,DAIRY,2268,0,0,0.0,1,31,20.98,20.98
2024-02-01,2024,2,S03,SKU0021,DAIRY,3097,1,8,0.276,1,29,20.98,19.24
2024-03-01,2024,3,S03,SKU0021,DAIRY,2822,0,0,0.0,0,31,20.98,20.98
2024-04-01,2024,4,S03,SKU0021,DAIRY,4061,1,5,0.167,0,30,20.98,19.93
2024-05-01,2024,5,S03,SKU0021,DAIRY,4467,1,3,0.097,1,31,20.98,20.37
2024-06-01,2024,6,S03,SKU0021,DAIRY,3379,0,0,0.0,0,30,20.98,20.98
2024-07-01,2024,7,S03,SKU0021,DAIRY,4259,1,6,0.194,1,31,20.98,19.76
2024-08-01,2024,8,S03,SKU0021,DAIRY,3405,1,2,0.065,0,31,20.98,20.57
2024-09-01,2024,9,S03,SKU0021,DAIRY,3842,1,10,0.333,0,30,20.98,18.88
2024-10-01,2024,10,S03,SKU0021,DAIRY,2844,0,0,0.0,1,31,20.98,20.98
2024-11-01,2024,11,S03,SKU0021,DAIRY,3042,0,0,0.0,2,30,20.98,20.98
2024-12-01,2024,12,S03,SKU0021,DAIRY,3286,1,6,0.194,3,31,20.98,19.76
2025-01-01,2025,1,S03,SKU0021,DAIRY,2465,0,0,0.0,1,31,20.98,20.98
2025-02-01,2025,2,S03,SKU0021,DAIRY,2164,0,0,0.0,1,28,20.98,20.98
2025-03-01,2025,3,S03,SKU0021,DAIRY,3928,1,10,0.323,0,31,20.98,18.95
2025-04-01,2025,4,S03,SKU0021,DAIRY,4210,1,10,0.333,0,30,20.98,18.88
2025-05-01,2025,5,S03,SKU0021,DAIRY,5341,1,13,0.419,1,31,20.98,18.34
2025-06-01,2025,6,S03,SKU0021,DAIRY,4136,0,0,0.0,0,30,20.98,20.98
2025-07-01,2025,7,S03,SKU0021,DAIRY,3315,0,0,0.0,1,31,20.98,20.98
2025-08-01,2025,8,S03,SKU0021,DAIRY,3734,0,0,0.0,0,31,20.98,20.98
2025-09-01,2025,9,S03,SKU0021,DAIRY,3737,1,7,0.233,0,30,20.98,19.51
2025-10-01,2025,10,S03,SKU0021,DAIRY,3235,0,0,0.0,1,31,20.98,20.98
2025-11-01,2025,11,S03,SKU0021,DAIRY,3011,0,0,0.0,2,30,20.98,20.98
2025-12-01,2025,12,S03,SKU0021,DAIRY,3059,1,5,0.161,3,31,20.98,19.97
2022-01-01,2022,1,S03,SKU0022,DAIRY,2159,0,0,0.0,1,31,14.25,14.25
2022-02-01,2022,2,S03,SKU0022,DAIRY,2732,1,11,0.393,1,28,14.25,12.57
2022-03-01,2022,3,S03,SKU0022,DAIRY,2532,0,0,0.0,0,31,14.25,14.25
2022-04-01,2022,4,S03,SKU0022,DAIRY,4038,1,12,0.4,0,30,14.25,12.54
2022-05-01,2022,5,S03,SKU0022,DAIRY,3414,0,0,0.0,1,31,14.25,14.25
2022-06-01,2022,6,S03,SKU0022,DAIRY,3476,0,0,0.0,0,30,14.25,14.25
2022-07-01,2022,7,S03,SKU0022,DAIRY,3305,0,0,0.0,1,31,14.25,14.25
2022-08-01,2022,8,S03,SKU0022,DAIRY,3395,1,3,0.097,0,31,14.25,13.84
2022-09-01,2022,9,S03,SKU0022,DAIRY,2695,1,2,0.067,0,30,14.25,13.96
2022-10-01,2022,10,S03,SKU0022,DAIRY,3088,0,0,0.0,1,31,14.25,14.25
2022-11-01,2022,11,S03,SKU0022,DAIRY,2603,0,0,0.0,2,30,14.25,14.25
2022-12-01,2022,12,S03,SKU0022,DAIRY,2390,0,0,0.0,3,31,14.25,14.25
2023-01-01,2023,1,S03,SKU0022,DAIRY,2235,0,0,0.0,1,31,14.25,14.25
2023-02-01,2023,2,S03,SKU0022,DAIRY,1937,0,0,0.0,1,28,14.25,14.25
2023-03-01,2023,3,S03,SKU0022,DAIRY,2762,0,0,0.0,0,31,14.25,14.25
2023-04-01,2023,4,S03,SKU0022,DAIRY,3057,0,0,0.0,0,30,14.25,14.25
2023-05-01,2023,5,S03,SKU0022,DAIRY,3608,0,0,0.0,1,31,14.25,14.25
2023-06-01,2023,6,S03,SKU0022,DAIRY,3493,0,0,0.0,0,30,14.25,14.25
2023-07-01,2023,7,S03,SKU0022,DAIRY,3443,0,0,0.0,1,31,14.25,14.25
2023-08-01,2023,8,S03,SKU0022,DAIRY,3235,0,0,0.0,0,31,14.25,14.25
2023-09-01,2023,9,S03,SKU0022,DAIRY,2682,0,0,0.0,0,30,14.25,14.25
2023-10-01,2023,10,S03,SKU0022,DAIRY,2666,0,0,0.0,1,31,14.25,14.25
2023-11-01,2023,11,S03,SKU0022,DAIRY,3203,1,5,0.167,2,30,14.25,13.54
2023-12-01,2023,12,S03,SKU0022,DAIRY,2544,0,0,0.0,3,31,14.25,14.25
2024-01-01,2024,1,S03,SKU0022,DAIRY,2068,0,0,0.0,1,31,14.25,14.25
2024-02-01,2024,2,S03,SKU0022,DAIRY,2183,0,0,0.0,1,29,14.25,14.25
2024-03-01,2024,3,S03,SKU0022,DAIRY,3250,1,6,0.194,0,31,14.25,13.42
2024-04-01,2024,4,S03,SKU0022,DAIRY,3092,0,0,0.0,0,30,14.25,14.25
2024-05-01,2024,5,S03,SKU0022,DAIRY,3548,0,0,0.0,1,31,14.25,14.25
2024-06-01,2024,6,S03,SKU0022,DAIRY,4026,0,0,0.0,0,30,14.25,14.25
2024-07-01,2024,7,S03,SKU0022,DAIRY,3487,0,0,0.0,1,31,14.25,14.25
2024-08-01,2024,8,S03,SKU0022,DAIRY,3378,0,0,0.0,0,31,14.25,14.25
2024-09-01,2024,9,S03,SKU0022,DAIRY,2959,0,0,0.0,0,30,14.25,14.25
2024-10-01,2024,10,S03,SKU0022,DAIRY,2794,0,0,0.0,1,31,14.25,14.25
2024-11-01,2024,11,S03,SKU0022,DAIRY,2798,0,0,0.0,2,30,14.25,14.25
2024-12-01,2024,12,S03,SKU0022,DAIRY,2380,0,0,0.0,3,31,14.25,14.25
2025-01-01,2025,1,S03,SKU0022,DAIRY,2520,1,7,0.226,1,31,14.25,13.28
2025-02-01,2025,2,S03,SKU0022,DAIRY,2218,0,0,0.0,1,28,14.25,14.25
2025-03-01,2025,3,S03,SKU0022,DAIRY,2775,0,0,0.0,0,31,14.25,14.25
2025-04-01,2025,4,S03,SKU0022,DAIRY,3536,0,0,0.0,0,30,14.25,14.25
2025-05-01,2025,5,S03,SKU0022,DAIRY,3583,0,0,0.0,1,31,14.25,14.25
2025-06-01,2025,6,S03,SKU0022,DAIRY,4057,0,0,0.0,0,30,14.25,14.25
2025-07-01,2025,7,S03,SKU0022,DAIRY,4006,1,9,0.29,1,31,14.25,13.01
2025-08-01,2025,8,S03,SKU0022,DAIRY,3307,1,4,0.129,0,31,14.25,13.7
2025-09-01,2025,9,S03,SKU0022,DAIRY,2885,0,0,0.0,0,30,14.25,14.25
2025-10-01,2025,10,S03,SKU0022,DAIRY,3132,0,0,0.0,1,31,14.25,14.25
2025-11-01,2025,11,S03,SKU0022,DAIRY,4001,1,14,0.467,2,30,14.25,12.25
2025-12-01,2025,12,S03,SKU0022,DAIRY,2402,0,0,0.0,3,31,14.25,14.25
2022-01-01,2022,1,S03,SKU0023,DAIRY,1571,1,5,0.161,1,31,3.25,3.09
2022-02-01,2022,2,S03,SKU0023,DAIRY,1404,0,0,0.0,1,28,3.25,3.25
2022-03-01,2022,3,S03,SKU0023,DAIRY,1739,0,0,0.0,0,31,3.25,3.25
2022-04-01,2022,4,S03,SKU0023,DAIRY,2068,0,0,0.0,0,30,3.25,3.25
2022-05-01,2022,5,S03,SKU0023,DAIRY,3027,1,11,0.355,1,31,3.25,2.9
2022-06-01,2022,6,S03,SKU0023,DAIRY,2593,0,0,0.0,0,30,3.25,3.25
2022-07-01,2022,7,S03,SKU0023,DAIRY,2334,0,0,0.0,1,31,3.25,3.25
2022-08-01,2022,8,S03,SKU0023,DAIRY,2439,1,6,0.194,0,31,3.25,3.06
2022-09-01,2022,9,S03,SKU0023,DAIRY,1970,0,0,0.0,0,30,3.25,3.25
2022-10-01,2022,10,S03,SKU0023,DAIRY,2890,1,13,0.419,1,31,3.25,2.84
2022-11-01,2022,11,S03,SKU0023,DAIRY,2029,0,0,0.0,2,30,3.25,3.25
2022-12-01,2022,12,S03,SKU0023,DAIRY,1692,0,0,0.0,3,31,3.25,3.25
2023-01-01,2023,1,S03,SKU0023,DAIRY,1434,0,0,0.0,1,31,3.25,3.25
2023-02-01,2023,2,S03,SKU0023,DAIRY,1635,0,0,0.0,1,28,3.25,3.25
2023-03-01,2023,3,S03,SKU0023,DAIRY,2330,1,7,0.226,0,31,3.25,3.03
2023-04-01,2023,4,S03,SKU0023,DAIRY,2595,1,4,0.133,0,30,3.25,3.12
2023-05-01,2023,5,S03,SKU0023,DAIRY,3105,1,5,0.161,1,31,3.25,3.09
2023-06-01,2023,6,S03,SKU0023,DAIRY,2729,0,0,0.0,0,30,3.25,3.25
2023-07-01,2023,7,S03,SKU0023,DAIRY,3109,1,8,0.258,1,31,3.25,3.0
2023-08-01,2023,8,S03,SKU0023,DAIRY,2385,0,0,0.0,0,31,3.25,3.25
2023-09-01,2023,9,S03,SKU0023,DAIRY,2154,0,0,0.0,0,30,3.25,3.25
2023-10-01,2023,10,S03,SKU0023,DAIRY,2469,0,0,0.0,1,31,3.25,3.25
2023-11-01,2023,11,S03,SKU0023,DAIRY,2095,0,0,0.0,2,30,3.25,3.25
2023-12-01,2023,12,S03,SKU0023,DAIRY,1971,0,0,0.0,3,31,3.25,3.25
2024-01-01,2024,1,S03,SKU0023,DAIRY,1778,0,0,0.0,1,31,3.25,3.25
2024-02-01,2024,2,S03,SKU0023,DAIRY,2218,1,11,0.379,1,29,3.25,2.88
2024-03-01,2024,3,S03,SKU0023,DAIRY,2349,0,0,0.0,0,31,3.25,3.25
2024-04-01,2024,4,S03,SKU0023,DAIRY,2640,0,0,0.0,0,30,3.25,3.25
2024-05-01,2024,5,S03,SKU0023,DAIRY,3770,1,9,0.29,1,31,3.25,2.97
2024-06-01,2024,6,S03,SKU0023,DAIRY,3150,0,0,0.0,0,30,3.25,3.25
2024-07-01,2024,7,S03,SKU0023,DAIRY,3071,0,0,0.0,1,31,3.25,3.25
2024-08-01,2024,8,S03,SKU0023,DAIRY,3132,1,5,0.161,0,31,3.25,3.09
2024-09-01,2024,9,S03,SKU0023,DAIRY,2488,0,0,0.0,0,30,3.25,3.25
2024-10-01,2024,10,S03,SKU0023,DAIRY,2466,0,0,0.0,1,31,3.25,3.25
2024-11-01,2024,11,S03,SKU0023,DAIRY,3506,1,12,0.4,2,30,3.25,2.86
2024-12-01,2024,12,S03,SKU0023,DAIRY,2328,1,3,0.097,3,31,3.25,3.16
2025-01-01,2025,1,S03,SKU0023,DAIRY,2142,1,2,0.065,1,31,3.25,3.19
2025-02-01,2025,2,S03,SKU0023,DAIRY,1841,0,0,0.0,1,28,3.25,3.25
2025-03-01,2025,3,S03,SKU0023,DAIRY,2563,0,0,0.0,0,31,3.25,3.25
2025-04-01,2025,4,S03,SKU0023,DAIRY,2942,0,0,0.0,0,30,3.25,3.25
2025-05-01,2025,5,S03,SKU0023,DAIRY,4115,1,7,0.226,1,31,3.25,3.03
2025-06-01,2025,6,S03,SKU0023,DAIRY,3433,0,0,0.0,0,30,3.25,3.25
2025-07-01,2025,7,S03,SKU0023,DAIRY,4104,1,9,0.29,1,31,3.25,2.97
2025-08-01,2025,8,S03,SKU0023,DAIRY,3075,0,0,0.0,0,31,3.25,3.25
2025-09-01,2025,9,S03,SKU0023,DAIRY,2469,0,0,0.0,0,30,3.25,3.25
2025-10-01,2025,10,S03,SKU0023,DAIRY,3039,0,0,0.0,1,31,3.25,3.25
2025-11-01,2025,11,S03,SKU0023,DAIRY,2745,0,0,0.0,2,30,3.25,3.25
2025-12-01,2025,12,S03,SKU0023,DAIRY,2292,0,0,0.0,3,31,3.25,3.25
2022-01-01,2022,1,S03,SKU0024,DAIRY,4388,0,0,0.0,1,31,6.17,6.17
2022-02-01,2022,2,S03,SKU0024,DAIRY,4147,0,0,0.0,1,28,6.17,6.17
2022-03-01,2022,3,S03,SKU0024,DAIRY,5070,0,0,0.0,0,31,6.17,6.17
2022-04-01,2022,4,S03,SKU0024,DAIRY,7795,1,6,0.2,0,30,6.17,5.8
2022-05-01,2022,5,S03,SKU0024,DAIRY,7518,0,0,0.0,1,31,6.17,6.17
2022-06-01,2022,6,S03,SKU0024,DAIRY,7843,0,0,0.0,0,30,6.17,6.17
2022-07-01,2022,7,S03,SKU0024,DAIRY,7171,0,0,0.0,1,31,6.17,6.17
2022-08-01,2022,8,S03,SKU0024,DAIRY,6792,0,0,0.0,0,31,6.17,6.17
2022-09-01,2022,9,S03,SKU0024,DAIRY,6106,1,2,0.067,0,30,6.17,6.05
2022-10-01,2022,10,S03,SKU0024,DAIRY,7829,1,6,0.194,1,31,6.17,5.81
2022-11-01,2022,11,S03,SKU0024,DAIRY,8068,1,10,0.333,2,30,6.17,5.55
2022-12-01,2022,12,S03,SKU0024,DAIRY,5516,0,0,0.0,3,31,6.17,6.17
2023-01-01,2023,1,S03,SKU0024,DAIRY,7599,1,14,0.452,1,31,6.17,5.33
2023-02-01,2023,2,S03,SKU0024,DAIRY,4944,0,0,0.0,1,28,6.17,6.17
2023-03-01,2023,3,S03,SKU0024,DAIRY,5913,0,0,0.0,0,31,6.17,6.17
2023-04-01,2023,4,S03,SKU0024,DAIRY,10928,1,11,0.367,0,30,6.17,5.49
2023-05-01,2023,5,S03,SKU0024,DAIRY,8493,1,4,0.129,1,31,6.17,5.93
2023-06-01,2023,6,S03,SKU0024,DAIRY,9333,1,3,0.1,0,30,6.17,5.98
2023-07-01,2023,7,S03,SKU0024,DAIRY,8951,0,0,0.0,1,31,6.17,6.17
2023-08-01,2023,8,S03,SKU0024,DAIRY,7510,0,0,0.0,0,31,6.17,6.17
2023-09-01,2023,9,S03,SKU0024,DAIRY,6319,0,0,0.0,0,30,6.17,6.17
2023-10-01,2023,10,S03,SKU0024,DAIRY,7120,0,0,0.0,1,31,6.17,6.17
2023-11-01,2023,11,S03,SKU0024,DAIRY,6958,0,0,0.0,2,30,6.17,6.17
2023-12-01,2023,12,S03,SKU0024,DAIRY,6764,0,0,0.0,3,31,6.17,6.17
2024-01-01,2024,1,S03,SKU0024,DAIRY,5527,0,0,0.0,1,31,6.17,6.17
2024-02-01,2024,2,S03,SKU0024,DAIRY,8291,1,10,0.345,1,29,6.17,5.53
2024-03-01,2024,3,S03,SKU0024,DAIRY,7522,0,0,0.0,0,31,6.17,6.17
2024-04-01,2024,4,S03,SKU0024,DAIRY,9016,1,6,0.2,0,30,6.17,5.8
2024-05-01,2024,5,S03,SKU0024,DAIRY,11053,1,4,0.129,1,31,6.17,5.93
2024-06-01,2024,6,S03,SKU0024,DAIRY,15190,1,12,0.4,0,30,6.17,5.43
2024-07-01,2024,7,S03,SKU0024,DAIRY,8694,0,0,0.0,1,31,6.17,6.17
2024-08-01,2024,8,S03,SKU0024,DAIRY,8807,0,0,0.0,0,31,6.17,6.17
2024-09-01,2024,9,S03,SKU0024,DAIRY,7281,0,0,0.0,0,30,6.17,6.17
2024-10-01,2024,10,S03,SKU0024,DAIRY,7661,0,0,0.0,1,31,6.17,6.17
2024-11-01,2024,11,S03,SKU0024,DAIRY,8729,1,7,0.233,2,30,6.17,5.74
2024-12-01,2024,12,S03,SKU0024,DAIRY,6677,0,0,0.0,3,31,6.17,6.17
2025-01-01,2025,1,S03,SKU0024,DAIRY,5693,0,0,0.0,1,31,6.17,6.17
2025-02-01,2025,2,S03,SKU0024,DAIRY,6412,1,5,0.179,1,28,6.17,5.84
2025-03-01,2025,3,S03,SKU0024,DAIRY,7642,0,0,0.0,0,31,6.17,6.17
2025-04-01,2025,4,S03,SKU0024,DAIRY,8951,0,0,0.0,0,30,6.17,6.17
2025-05-01,2025,5,S03,SKU0024,DAIRY,9983,0,0,0.0,1,31,6.17,6.17
2025-06-01,2025,6,S03,SKU0024,DAIRY,13758,1,8,0.267,0,30,6.17,5.68
2025-07-01,2025,7,S03,SKU0024,DAIRY,9941,0,0,0.0,1,31,6.17,6.17
2025-08-01,2025,8,S03,SKU0024,DAIRY,9123,0,0,0.0,0,31,6.17,6.17
2025-09-01,2025,9,S03,SKU0024,DAIRY,8206,0,0,0.0,0,30,6.17,6.17
2025-10-01,2025,10,S03,SKU0024,DAIRY,8848,0,0,0.0,1,31,6.17,6.17
2025-11-01,2025,11,S03,SKU0024,DAIRY,8615,0,0,0.0,2,30,6.17,6.17
2025-12-01,2025,12,S03,SKU0024,DAIRY,7236,0,0,0.0,3,31,6.17,6.17
2022-01-01,2022,1,S03,SKU0025,DAIRY,1375,1,10,0.323,1,31,18.11,16.36
2022-02-01,2022,2,S03,SKU0025,DAIRY,879,0,0,0.0,1,28,18.11,18.11
2022-03-01,2022,3,S03,SKU0025,DAIRY,1219,0,0,0.0,0,31,18.11,18.11
2022-04-01,2022,4,S03,SKU0025,DAIRY,2207,1,11,0.367,0,30,18.11,16.12
2022-05-01,2022,5,S03,SKU0025,DAIRY,1587,0,0,0.0,1,31,18.11,18.11
2022-06-01,2022,6,S03,SKU0025,DAIRY,1604,0,0,0.0,0,30,18.11,18.11
2022-07-01,2022,7,S03,SKU0025,DAIRY,2245,1,8,0.258,1,31,18.11,16.71
2022-08-01,2022,8,S03,SKU0025,DAIRY,1325,0,0,0.0,0,31,18.11,18.11
2022-09-01,2022,9,S03,SKU0025,DAIRY,1236,0,0,0.0,0,30,18.11,18.11
2022-10-01,2022,10,S03,SKU0025,DAIRY,1425,0,0,0.0,1,31,18.11,18.11
2022-11-01,2022,11,S03,SKU0025,DAIRY,1298,0,0,0.0,2,30,18.11,18.11
2022-12-01,2022,12,S03,SKU0025,DAIRY,1859,1,12,0.387,3,31,18.11,16.01
2023-01-01,2023,1,S03,SKU0025,DAIRY,1118,0,0,0.0,1,31,18.11,18.11
2023-02-01,2023,2,S03,SKU0025,DAIRY,1024,0,0,0.0,1,28,18.11,18.11
2023-03-01,2023,3,S03,SKU0025,DAIRY,1341,0,0,0.0,0,31,18.11,18.11
2023-04-01,2023,4,S03,SKU0025,DAIRY,1664,0,0,0.0,0,30,18.11,18.11
2023-05-01,2023,5,S03,SKU0025,DAIRY,2474,1,8,0.258,1,31,18.11,16.71
2023-06-01,2023,6,S03,SKU0025,DAIRY,1969,0,0,0.0,0,30,18.11,18.11
2023-07-01,2023,7,S03,SKU0025,DAIRY,1877,0,0,0.0,1,31,18.11,18.11
2023-08-01,2023,8,S03,SKU0025,DAIRY,2441,1,9,0.29,0,31,18.11,16.53
2023-09-01,2023,9,S03,SKU0025,DAIRY,1537,1,3,0.1,0,30,18.11,17.57
2023-10-01,2023,10,S03,SKU0025,DAIRY,1534,0,0,0.0,1,31,18.11,18.11
2023-11-01,2023,11,S03,SKU0025,DAIRY,1459,0,0,0.0,2,30,18.11,18.11
2023-12-01,2023,12,S03,SKU0025,DAIRY,1987,1,11,0.355,3,31,18.11,16.18
2024-01-01,2024,1,S03,SKU0025,DAIRY,1164,0,0,0.0,1,31,18.11,18.11
2024-02-01,2024,2,S03,SKU0025,DAIRY,1189,0,0,0.0,1,29,18.11,18.11
2024-03-01,2024,3,S03,SKU0025,DAIRY,1592,0,0,0.0,0,31,18.11,18.11
2024-04-01,2024,4,S03,SKU0025,DAIRY,1818,0,0,0.0,0,30,18.11,18.11
2024-05-01,2024,5,S03,SKU0025,DAIRY,2153,0,0,0.0,1,31,18.11,18.11
2024-06-01,2024,6,S03,SKU0025,DAIRY,2149,0,0,0.0,0,30,18.11,18.11
2024-07-01,2024,7,S03,SKU0025,DAIRY,2286,1,5,0.161,1,31,18.11,17.23
2024-08-01,2024,8,S03,SKU0025,DAIRY,2297,1,6,0.194,0,31,18.11,17.06
2024-09-01,2024,9,S03,SKU0025,DAIRY,2622,1,13,0.433,0,30,18.11,15.76
2024-10-01,2024,10,S03,SKU0025,DAIRY,1793,0,0,0.0,1,31,18.11,18.11
2024-11-01,2024,11,S03,SKU0025,DAIRY,1755,0,0,0.0,2,30,18.11,18.11
2024-12-01,2024,12,S03,SKU0025,DAIRY,2028,1,10,0.323,3,31,18.11,16.36
2025-01-01,2025,1,S03,SKU0025,DAIRY,1337,0,0,0.0,1,31,18.11,18.11
2025-02-01,2025,2,S03,SKU0025,DAIRY,1930,1,8,0.286,1,28,18.11,16.56
2025-03-01,2025,3,S03,SKU0025,DAIRY,1822,0,0,0.0,0,31,18.11,18.11
2025-04-01,2025,4,S03,SKU0025,DAIRY,2054,0,0,0.0,0,30,18.11,18.11
2025-05-01,2025,5,S03,SKU0025,DAIRY,2450,0,0,0.0,1,31,18.11,18.11
2025-06-01,2025,6,S03,SKU0025,DAIRY,2370,0,0,0.0,0,30,18.11,18.11
2025-07-01,2025,7,S03,SKU0025,DAIRY,2267,0,0,0.0,1,31,18.11,18.11
2025-08-01,2025,8,S03,SKU0025,DAIRY,2976,1,8,0.258,0,31,18.11,16.71
2025-09-01,2025,9,S03,SKU0025,DAIRY,1761,0,0,0.0,0,30,18.11,18.11
2025-10-01,2025,10,S03,SKU0025,DAIRY,2113,1,3,0.097,1,31,18.11,17.58
2025-11-01,2025,11,S03,SKU0025,DAIRY,2604,1,8,0.267,2,30,18.11,16.66
2025-12-01,2025,12,S03,SKU0025,DAIRY,1706,0,0,0.0,3,31,18.11,18.11
