Backend/api_data/ds_61b6ca015029__retail_sku_sales_monthly.csv
year_month,year,month,store_id,sku_id,category,qty_sold,promo_flag,promo_days,promo_intensity,holiday_days,days_in_month,list_price,avg_selling_price
2022-01-01,2022,1,S03,SKU0026,DAIRY,4193,1,7,0.226,1,31,3.24,3.02
2022-02-01,2022,2,S03,SKU0026,DAIRY,3228,0,0,0.0,1,28,3.24,3.24
2022-03-01,2022,3,S03,SKU0026,DAIRY,4360,0,0,0.0,0,31,3.24,3.24
2022-04-01,2022,4,S03,SKU0026,DAIRY,5425,0,0,0.0,0,30,3.24,3.24
2022-05-01,2022,5,S03,SKU0026,DAIRY,7641,1,10,0.323,1,31,3.24,2.93
2022-06-01,2022,6,S03,SKU0026,DAIRY,5282,0,0,0.0,0,30,3.24,3.24
2022-07-01,2022,7,S03,SKU0026,DAIRY,6322,0,0,0.0,1,31,3.24,3.24
2022-08-01,2022,8,S03,SKU0026,DAIRY,5637,1,6,0.194,0,31,3.24,3.05
2022-09-01,2022,9,S03,SKU0026,DAIRY,5126,1,4,0.133,0,30,3.24,3.11
2022-10-01,2022,10,S03,SKU0026,DAIRY,5096,1,2,0.065,1,31,3.24,3.18
2022-11-01,2022,11,S03,SKU0026,DAIRY,4459,0,0,0.0,2,30,3.24,3.24
2022-12-01,2022,12,S03,SKU0026,DAIRY,5052,0,0,0.0,3,31,3.24,3.24
2023-01-01,2023,1,S03,SKU0026,DAIRY,4515,1,7,0.226,1,31,3.24,3.02
2023-02-01,2023,2,S03,SKU0026,DAIRY,3778,0,0,0.0,1,28,3.24,3.24
2023-03-01,2023,3,S03,SKU0026,DAIRY,4994,0,0,0.0,0,31,3.24,3.24
2023-04-01,2023,4,S03,SKU0026,DAIRY,6032,0,0,0.0,0,30,3.24,3.24
2023-05-01,2023,5,S03,SKU0026,DAIRY,6365,0,0,0.0,1,31,3.24,3.24
2023-06-01,2023,6,S03,SKU0026,DAIRY,6979,0,0,0.0,0,30,3.24,3.24
2023-07-01,2023,7,S03,SKU0026,DAIRY,7347,1,5,0.161,1,31,3.24,3.08
2023-08-01,2023,8,S03,SKU0026,DAIRY,6039,0,0,0.0,0,31,3.24,3.24
2023-09-01,2023,9,S03,SKU0026,DAIRY,5252,0,0,0.0,0,30,3.24,3.24
2023-10-01,2023,10,S03,SKU0026,DAIRY,7652,1,11,0.355,1,31,3.24,2.9
2023-11-01,2023,11,S03,SKU0026,DAIRY,5452,0,0,0.0,2,30,3.24,3.24
2023-12-01,2023,12,S03,SKU0026,DAIRY,5777,1,11,0.355,3,31,3.24,2.9
2024-01-01,2024,1,S03,SKU0026,DAIRY,4083,0,0,0.0,1,31,3.24,3.24
2024-02-01,2024,2,S03,SKU0026,DAIRY,4396,1,5,0.172,1,29,3.24,3.07
2024-03-01,2024,3,S03,SKU0026,DAIRY,5659,0,0,0.0,0,31,3.24,3.24
2024-04-01,2024,4,S03,SKU0026,DAIRY,7640,1,6,0.2,0,30,3.24,3.05
2024-05-01,2024,5,S03,SKU0026,DAIRY,6738,0,0,0.0,1,31,3.24,3.24
2024-06-01,2024,6,S03,SKU0026,DAIRY,7606,0,0,0.0,0,30,3.24,3.24
2024-07-01,2024,7,S03,SKU0026,DAIRY,7401,0,0,0.0,1,31,3.24,3.24
2024-08-01,2024,8,S03,SKU0026,DAIRY,7685,1,8,0.258,0,31,3.24,2.99
2024-09-01,2024,9,S03,SKU0026,DAIRY,5872,0,0,0.0,0,30,3.24,3.24
2024-10-01,2024,10,S03,SKU0026,DAIRY,7395,1,10,0.323,1,31,3.24,2.93
2024-11-01,2024,11,S03,SKU0026,DAIRY,6386,1,1,0.033,2,30,3.24,3.21
2024-12-01,2024,12,S03,SKU0026,DAIRY,5258,0,0,0.0,3,31,3.24,3.24
2025-01-01,2025,1,S03,SKU0026,DAIRY,4956,0,0,0.0,1,31,3.24,3.24
2025-02-01,2025,2,S03,SKU0026,DAIRY,4829,0,0,0.0,1,28,3.24,3.24
2025-03-01,2025,3,S03,SKU0026,DAIRY,6022,0,0,0.0,0,31,3.24,3.24
2025-04-01,2025,4,S03,SKU0026,DAIRY,9106,1,10,0.333,0,30,3.24,2.92
2025-05-01,2025,5,S03,SKU0026,DAIRY,7974,0,0,0.0,1,31,3.24,3.24
2025-06-01,2025,6,S03,SKU0026,DAIRY,9292,1,6,0.2,0,30,3.24,3.05
2025-07-01,2025,7,S03,SKU0026,DAIRY,7847,0,0,0.0,1,31,3.24,3.24
2025-08-01,2025,8,S03,SKU0026,DAIRY,7047,0,0,0.0,0,31,3.24,3.24
2025-09-01,2025,9,S03,SKU0026,DAIRY,7633,1,5,0.167,0,30,3.24,3.08
2025-10-01,2025,10,S03,SKU0026,DAIRY,7995,1,4,0.129,1,31,3.24,3.11
2025-11-01,2025,11,S03,SKU0026,DAIRY,6426,0,0,0.0,2,30,3.24,3.24
2025-12-01,2025,12,S03,SKU0026,DAIRY,7666,1,13,0.419,3,31,3.24,2.83
2022-01-01,2022,1,S03,SKU0027,CLEANING,1617,1,6,0.194,1,31,21.78,20.52
2022-02-01,2022,2,S03,SKU0027,CLEANING,1393,1,5,0.179,1,28,21.78,20.61
2022-03-01,2022,3,S03,SKU0027,CLEANING,1418,0,0,0.0,0,31,21.78,21.78
2022-04-01,2022,4,S03,SKU0027,CLEANING,1510,0,0,0.0,0,30,21.78,21.78
2022-05-01,2022,5,S03,SKU0027,CLEANING,1592,0,0,0.0,1,31,21.78,21.78
2022-06-01,2022,6,S03,SKU0027,CLEANING,1424,0,0,0.0,0,30,21.78,21.78
2022-07-01,2022,7,S03,SKU0027,CLEANING,1316,0,0,0.0,1,31,21.78,21.78
2022-08-01,2022,8,S03,SKU0027,CLEANING,1272,0,0,0.0,0,31,21.78,21.78
2022-09-01,2022,9,S03,SKU0027,CLEANING,1481,1,2,0.067,0,30,21.78,21.34
2022-10-01,2022,10,S03,SKU0027,CLEANING,2445,1,10,0.323,1,31,21.78,19.67
2022-11-01,2022,11,S03,SKU0027,CLEANING,1384,0,0,0.0,2,30,21.78,21.78
2022-12-01,2022,12,S03,SKU0027,CLEANING,1748,1,6,0.194,3,31,21.78,20.52
2023-01-01,2023,1,S03,SKU0027,CLEANING,1013,0,0,0.0,1,31,21.78,21.78
2023-02-01,2023,2,S03,SKU0027,CLEANING,916,0,0,0.0,1,28,21.78,21.78
2023-03-01,2023,3,S03,SKU0027,CLEANING,2153,1,8,0.258,0,31,21.78,20.09
2023-04-01,2023,4,S03,SKU0027,CLEANING,2840,1,11,0.367,0,30,21.78,19.39
2023-05-01,2023,5,S03,SKU0027,CLEANING,2430,1,6,0.194,1,31,21.78,20.52
2023-06-01,2023,6,S03,SKU0027,CLEANING,1502,0,0,0.0,0,30,21.78,21.78
2023-07-01,2023,7,S03,SKU0027,CLEANING,2489,1,13,0.419,1,31,21.78,19.04
2023-08-01,2023,8,S03,SKU0027,CLEANING,1665,1,5,0.161,0,31,21.78,20.73
2023-09-01,2023,9,S03,SKU0027,CLEANING,1519,1,1,0.033,0,30,21.78,21.56
2023-10-01,2023,10,S03,SKU0027,CLEANING,1334,0,0,0.0,1,31,21.78,21.78
2023-11-01,2023,11,S03,SKU0027,CLEANING,1357,0,0,0.0,2,30,21.78,21.78
2023-12-01,2023,12,S03,SKU0027,CLEANING,1928,1,9,0.29,3,31,21.78,19.88
2024-01-01,2024,1,S03,SKU0027,CLEANING,1111,0,0,0.0,1,31,21.78,21.78
2024-02-01,2024,2,S03,SKU0027,CLEANING,1035,0,0,0.0,1,29,21.78,21.78
2024-03-01,2024,3,S03,SKU0027,CLEANING,2090,1,9,0.29,0,31,21.78,19.88
2024-04-01,2024,4,S03,SKU0027,CLEANING,1470,0,0,0.0,0,30,21.78,21.78
2024-05-01,2024,5,S03,SKU0027,CLEANING,1652,0,0,0.0,1,31,21.78,21.78
2024-06-01,2024,6,S03,SKU0027,CLEANING,2225,1,6,0.2,0,30,21.78,20.47
2024-07-01,2024,7,S03,SKU0027,CLEANING,1426,0,0,0.0,1,31,21.78,21.78
2024-08-01,2024,8,S03,SKU0027,CLEANING,2687,1,14,0.452,0,31,21.78,18.83
2024-09-01,2024,9,S03,SKU0027,CLEANING,1254,0,0,0.0,0,30,21.78,21.78
2024-10-01,2024,10,S03,SKU0027,CLEANING,1333,0,0,0.0,1,31,21.78,21.78
2024-11-01,2024,11,S03,SKU0027,CLEANING,2262,1,8,0.267,2,30,21.78,20.04
2024-12-01,2024,12,S03,SKU0027,CLEANING,1160,0,0,0.0,3,31,21.78,21.78
2025-01-01,2025,1,S03,SKU0027,CLEANING,1017,0,0,0.0,1,31,21.78,21.78
2025-02-01,2025,2,S03,SKU0027,CLEANING,965,0,0,0.0,1,28,21.78,21.78
2025-03-01,2025,3,S03,SKU0027,CLEANING,1313,0,0,0.0,0,31,21.78,21.78
2025-04-01,2025,4,S03,SKU0027,CLEANING,1503,0,0,0.0,0,30,21.78,21.78
2025-05-01,2025,5,S03,SKU0027,CLEANING,1736,0,0,0.0,1,31,21.78,21.78
2025-06-01,2025,6,S03,SKU0027,CLEANING,1447,0,0,0.0,0,30,21.78,21.78
2025-07-01,2025,7,S03,SKU0027,CLEANING,1338,0,0,0.0,1,31,21.78,21.78
2025-08-01,2025,8,S03,SKU0027,CLEANING,1367,0,0,0.0,0,31,21.78,21.78
2025-09-01,2025,9,S03,SKU0027,CLEANING,1142,0,0,0.0,0,30,21.78,21.78
2025-10-01,2025,10,S03,SKU0027,CLEANING,1331,1,1,0.032,1,31,21.78,21.57
2025-11-01,2025,11,S03,SKU0027,CLEANING,2283,1,13,0.433,2,30,21.78,18.95
2025-12-01,2025,12,S03,SKU0027,CLEANING,1903,1,13,0.419,3,31,21.78,19.04
2022-01-01,2022,1,S03,SKU0028,CLEANING,1627,0,0,0.0,1,31,2.99,2.99
2022-02-01,2022,2,S03,SKU0028,CLEANING,1403,0,0,0.0,1,28,2.99,2.99
2022-03-01,2022,3,S03,SKU0028,CLEANING,1848,0,0,0.0,0,31,2.99,2.99
2022-04-01,2022,4,S03,SKU0028,CLEANING,2349,0,0,0.0,0,30,2.99,2.99
2022-05-01,2022,5,S03,SKU0028,CLEANING,2714,0,0,0.0,1,31,2.99,2.99
2022-06-01,2022,6,S03,SKU0028,CLEANING,2130,0,0,0.0,0,30,2.99,2.99
2022-07-01,2022,7,S03,SKU0028,CLEANING,2311,0,0,0.0,1,31,2.99,2.99
2022-08-01,2022,8,S03,SKU0028,CLEANING,2011,0,0,0.0,0,31,2.99,2.99
2022-09-01,2022,9,S03,SKU0028,CLEANING,1964,0,0,0.0,0,30,2.99,2.99
2022-10-01,2022,10,S03,SKU0028,CLEANING,2314,0,0,0.0,1,31,2.99,2.99
2022-11-01,2022,11,S03,SKU0028,CLEANING,2033,0,0,0.0,2,30,2.99,2.99
2022-12-01,2022,12,S03,SKU0028,CLEANING,2507,1,6,0.194,3,31,2.99,2.82
2023-01-01,2023,1,S03,SKU0028,CLEANING,1501,0,0,0.0,1,31,2.99,2.99
2023-02-01,2023,2,S03,SKU0028,CLEANING,1517,0,0,0.0,1,28,2.99,2.99
2023-03-01,2023,3,S03,SKU0028,CLEANING,2109,0,0,0.0,0,31,2.99,2.99
2023-04-01,2023,4,S03,SKU0028,CLEANING,2343,0,0,0.0,0,30,2.99,2.99
2023-05-01,2023,5,S03,SKU0028,CLEANING,3531,1,7,0.226,1,31,2.99,2.79
2023-06-01,2023,6,S03,SKU0028,CLEANING,2225,0,0,0.0,0,30,2.99,2.99
2023-07-01,2023,7,S03,SKU0028,CLEANING,2101,0,0,0.0,1,31,2.99,2.99
2023-08-01,2023,8,S03,SKU0028,CLEANING,3060,1,12,0.387,0,31,2.99,2.64
2023-09-01,2023,9,S03,SKU0028,CLEANING,2878,1,7,0.233,0,30,2.99,2.78
2023-10-01,2023,10,S03,SKU0028,CLEANING,2137,1,1,0.032,1,31,2.99,2.96
2023-11-01,2023,11,S03,SKU0028,CLEANING,2043,0,0,0.0,2,30,2.99,2.99
2023-12-01,2023,12,S03,SKU0028,CLEANING,3001,1,13,0.419,3,31,2.99,2.61
2024-01-01,2024,1,S03,SKU0028,CLEANING,3133,1,14,0.452,1,31,2.99,2.58
2024-02-01,2024,2,S03,SKU0028,CLEANING,1547,0,0,0.0,1,29,2.99,2.99
2024-03-01,2024,3,S03,SKU0028,CLEANING,2653,1,2,0.065,0,31,2.99,2.93
2024-04-01,2024,4,S03,SKU0028,CLEANING,2893,1,3,0.1,0,30,2.99,2.9
2024-05-01,2024,5,S03,SKU0028,CLEANING,2847,0,0,0.0,1,31,2.99,2.99
2024-06-01,2024,6,S03,SKU0028,CLEANING,3871,1,11,0.367,0,30,2.99,2.66
2024-07-01,2024,7,S03,SKU0028,CLEANING,2260,0,0,0.0,1,31,2.99,2.99
2024-08-01,2024,8,S03,SKU0028,CLEANING,2156,0,0,0.0,0,31,2.99,2.99
2024-09-01,2024,9,S03,SKU0028,CLEANING,2653,1,5,0.167,0,30,2.99,2.84
2024-10-01,2024,10,S03,SKU0028,CLEANING,2234,0,0,0.0,1,31,2.99,2.99
2024-11-01,2024,11,S03,SKU0028,CLEANING,2143,0,0,0.0,2,30,2.99,2.99
2024-12-01,2024,12,S03,SKU0028,CLEANING,2674,1,7,0.226,3,31,2.99,2.79
2025-01-01,2025,1,S03,SKU0028,CLEANING,1689,0,0,0.0,1,31,2.99,2.99
2025-02-01,2025,2,S03,SKU0028,CLEANING,2051,1,6,0.214,1,28,2.99,2.8
2025-03-01,2025,3,S03,SKU0028,CLEANING,1997,0,0,0.0,0,31,2.99,2.99
2025-04-01,2025,4,S03,SKU0028,CLEANING,3696,1,9,0.3,0,30,2.99,2.72
2025-05-01,2025,5,S03,SKU0028,CLEANING,2681,0,0,0.0,1,31,2.99,2.99
2025-06-01,2025,6,S03,SKU0028,CLEANING,4673,1,14,0.467,0,30,2.99,2.57
2025-07-01,2025,7,S03,SKU0028,CLEANING,2242,0,0,0.0,1,31,2.99,2.99
2025-08-01,2025,8,S03,SKU0028,CLEANING,1936,0,0,0.0,0,31,2.99,2.99
2025-09-01,2025,9,S03,SKU0028,CLEANING,2674,1,5,0.167,0,30,2.99,2.84
2025-10-01,2025,10,S03,SKU0028,CLEANING,2222,0,0,0.0,1,31,2.99,2.99
2025-11-01,2025,11,S03,SKU0028,CLEANING,1982,0,0,0.0,2,30,2.99,2.99
2025-12-01,2025,12,S03,SKU0028,CLEANING,1821,0,0,0.0,3,31,2.99,2.99
2022-01-01,2022,1,S03,SKU0029,CLEANING,1678,1,13,0.419,1,31,18.65,16.3
2022-02-01,2022,2,S03,SKU0029,CLEANING,886,0,0,0.0,1,28,18.65,18.65
2022-03-01,2022,3,S03,SKU0029,CLEANING,1189,0,0,0.0,0,31,18.65,18.65
2022-04-01,2022,4,S03,SKU0029,CLEANING,1465,0,0,0.0,0,30,18.65,18.65
2022-05-01,2022,5,S03,SKU0029,CLEANING,2600,1,10,0.323,1,31,18.65,16.84
2022-06-01,2022,6,S03,SKU0029,CLEANING,1525,0,0,0.0,0,30,18.65,18.65
2022-07-01,2022,7,S03,SKU0029,CLEANING,1698,1,6,0.194,1,31,18.65,17.57
2022-08-01,2022,8,S03,SKU0029,CLEANING,1384,0,0,0.0,0,31,18.65,18.65
2022-09-01,2022,9,S03,SKU0029,CLEANING,1346,0,0,0.0,0,30,18.65,18.65
2022-10-01,2022,10,S03,SKU0029,CLEANING,1375,0,0,0.0,1,31,18.65,18.65
2022-11-01,2022,11,S03,SKU0029,CLEANING,1323,0,0,0.0,2,30,18.65,18.65
2022-12-01,2022,12,S03,SKU0029,CLEANING,1121,0,0,0.0,3,31,18.65,18.65
2023-01-01,2023,1,S03,SKU0029,CLEANING,999,0,0,0.0,1,31,18.65,18.65
2023-02-01,2023,2,S03,SKU0029,CLEANING,1036,0,0,0.0,1,28,18.65,18.65
2023-03-01,2023,3,S03,SKU0029,CLEANING,1252,0,0,0.0,0,31,18.65,18.65
2023-04-01,2023,4,S03,SKU0029,CLEANING,1542,0,0,0.0,0,30,18.65,18.65
2023-05-01,2023,5,S03,SKU0029,CLEANING,2977,1,13,0.419,1,31,18.65,16.3
2023-06-01,2023,6,S03,SKU0029,CLEANING,1363,0,0,0.0,0,30,18.65,18.65
2023-07-01,2023,7,S03,SKU0029,CLEANING,1338,0,0,0.0,1,31,18.65,18.65
2023-08-01,2023,8,S03,SKU0029,CLEANING,1214,0,0,0.0,0,31,18.65,18.65
2023-09-01,2023,9,S03,SKU0029,CLEANING,1735,1,7,0.233,0,30,18.65,17.34
2023-10-01,2023,10,S03,SKU0029,CLEANING,1528,0,0,0.0,1,31,18.65,18.65
2023-11-01,2023,11,S03,SKU0029,CLEANING,1769,1,7,0.233,2,30,18.65,17.34
2023-12-01,2023,12,S03,SKU0029,CLEANING,1234,0,0,0.0,3,31,18.65,18.65
2024-01-01,2024,1,S03,SKU0029,CLEANING,1712,1,13,0.419,1,31,18.65,16.3
2024-02-01,2024,2,S03,SKU0029,CLEANING,999,0,0,0.0,1,29,18.65,18.65
2024-03-01,2024,3,S03,SKU0029,CLEANING,1387,0,0,0.0,0,31,18.65,18.65
2024-04-01,2024,4,S03,SKU0029,CLEANING,1366,0,0,0.0,0,30,18.65,18.65
2024-05-01,2024,5,S03,SKU0029,CLEANING,1602,0,0,0.0,1,31,18.65,18.65
2024-06-01,2024,6,S03,SKU0029,CLEANING,1659,0,0,0.0,0,30,18.65,18.65
2024-07-01,2024,7,S03,SKU0029,CLEANING,1310,0,0,0.0,1,31,18.65,18.65
2024-08-01,2024,8,S03,SKU0029,CLEANING,1427,0,0,0.0,0,31,18.65,18.65
2024-09-01,2024,9,S03,SKU0029,CLEANING,1861,1,7,0.233,0,30,18.65,17.34
2024-10-01,2024,10,S03,SKU0029,CLEANING,1360,0,0,0.0,1,31,18.65,18.65
2024-11-01,2024,11,S03,SKU0029,CLEANING,1430,0,0,0.0,2,30,18.65,18.65
2024-12-01,2024,12,S03,SKU0029,CLEANING,1142,0,0,0.0,3,31,18.65,18.65
2025-01-01,2025,1,S03,SKU0029,CLEANING,1471,1,6,0.194,1,31,18.65,17.57
2025-02-01,2025,2,S03,SKU0029,CLEANING,970,0,0,0.0,1,28,18.65,18.65
2025-03-01,2025,3,S03,SKU0029,CLEANING,1416,0,0,0.0,0,31,18.65,18.65
2025-04-01,2025,4,S03,SKU0029,CLEANING,1996,1,7,0.233,0,30,18.65,17.34
2025-05-01,2025,5,S03,SKU0029,CLEANING,2347,1,5,0.161,1,31,18.65,17.75
2025-06-01,2025,6,S03,SKU0029,CLEANING,2262,1,9,0.3,0,30,18.65,16.97
2025-07-01,2025,7,S03,SKU0029,CLEANING,1497,0,0,0.0,1,31,18.65,18.65
2025-08-01,2025,8,S03,SKU0029,CLEANING,1984,1,7,0.226,0,31,18.65,17.39
2025-09-01,2025,9,S03,SKU0029,CLEANING,1430,0,0,0.0,0,30,18.65,18.65
2025-10-01,2025,10,S03,SKU0029,CLEANING,1476,0,0,0.0,1,31,18.65,18.65
2025-11-01,2025,11,S03,SKU0029,CLEANING,1429,0,0,0.0,2,30,18.65,18.65
2025-12-01,2025,12,S03,SKU0029,CLEANING,1120,0,0,0.0,3,31,18.65,18.65
2022-01-01,2022,1,S03,SKU0030,CLEANING,1623,0,0,0.0,1,31,12.6,12.6
2022-02-01,2022,2,S03,SKU0030,CLEANING,1517,0,0,0.0,1,28,12.6,12.6
2022-03-01,2022,3,S03,SKU0030,CLEANING,1877,0,0,0.0,0,31,12.6,12.6
2022-04-01,2022,4,S03,SKU0030,CLEANING,3030,1,5,0.167,0,30,12.6,11.97
2022-05-01,2022,5,S03,SKU0030,CLEANING,2850,1,2,0.065,1,31,12.6,12.36
2022-06-01,2022,6,S03,SKU0030,CLEANING,3075,1,5,0.167,0,30,12.6,11.97
2022-07-01,2022,7,S03,SKU0030,CLEANING,2558,0,0,0.0,1,31,12.6,12.6
2022-08-01,2022,8,S03,SKU0030,CLEANING,2061,0,0,0.0,0,31,12.6,12.6
2022-09-01,2022,9,S03,SKU0030,CLEANING,3664,1,12,0.4,0,30,12.6,11.09
2022-10-01,2022,10,S03,SKU0030,CLEANING,2151,0,0,0.0,1,31,12.6,12.6
2022-11-01,2022,11,S03,SKU0030,CLEANING,2254,0,0,0.0,2,30,12.6,12.6
2022-12-01,2022,12,S03,SKU0030,CLEANING,2915,1,6,0.194,3,31,12.6,11.87
2023-01-01,2023,1,S03,SKU0030,CLEANING,1844,0,0,0.0,1,31,12.6,12.6
2023-02-01,2023,2,S03,SKU0030,CLEANING,2918,1,11,0.393,1,28,12.6,11.11
2023-03-01,2023,3,S03,SKU0030,CLEANING,3563,1,8,0.258,0,31,12.6,11.62
2023-04-01,2023,4,S03,SKU0030,CLEANING,2856,0,0,0.0,0,30,12.6,12.6
2023-05-01,2023,5,S03,SKU0030,CLEANING,3215,0,0,0.0,1,31,12.6,12.6
2023-06-01,2023,6,S03,SKU0030,CLEANING,2847,0,0,0.0,0,30,12.6,12.6
2023-07-01,2023,7,S03,SKU0030,CLEANING,3807,1,7,0.226,1,31,12.6,11.75
2023-08-01,2023,8,S03,SKU0030,CLEANING,2214,0,0,0.0,0,31,12.6,12.6
2023-09-01,2023,9,S03,SKU0030,CLEANING,2584,0,0,0.0,0,30,12.6,12.6
2023-10-01,2023,10,S03,SKU0030,CLEANING,2547,0,0,0.0,1,31,12.6,12.6
2023-11-01,2023,11,S03,SKU0030,CLEANING,2409,0,0,0.0,2,30,12.6,12.6
2023-12-01,2023,12,S03,SKU0030,CLEANING,2367,0,0,0.0,3,31,12.6,12.6
2024-01-01,2024,1,S03,SKU0030,CLEANING,2033,0,0,0.0,1,31,12.6,12.6
2024-02-01,2024,2,S03,SKU0030,CLEANING,3019,1,10,0.345,1,29,12.6,11.3
2024-03-01,2024,3,S03,SKU0030,CLEANING,2650,0,0,0.0,0,31,12.6,12.6
2024-04-01,2024,4,S03,SKU0030,CLEANING,3203,0,0,0.0,0,30,12.6,12.6
2024-05-01,2024,5,S03,SKU0030,CLEANING,4406,1,6,0.194,1,31,12.6,11.87
2024-06-01,2024,6,S03,SKU0030,CLEANING,3136,0,0,0.0,0,30,12.6,12.6
2024-07-01,2024,7,S03,SKU0030,CLEANING,2807,0,0,0.0,1,31,12.6,12.6
2024-08-01,2024,8,S03,SKU0030,CLEANING,3755,1,8,0.258,0,31,12.6,11.62
2024-09-01,2024,9,S03,SKU0030,CLEANING,4668,1,10,0.333,0,30,12.6,11.34
2024-10-01,2024,10,S03,SKU0030,CLEANING,2933,0,0,0.0,1,31,12.6,12.6
2024-11-01,2024,11,S03,SKU0030,CLEANING,2785,0,0,0.0,2,30,12.6,12.6
2024-12-01,2024,12,S03,SKU0030,CLEANING,2483,0,0,0.0,3,31,12.6,12.6
2025-01-01,2025,1,S03,SKU0030,CLEANING,2363,0,0,0.0,1,31,12.6,12.6
2025-02-01,2025,2,S03,SKU0030,CLEANING,2151,0,0,0.0,1,28,12.6,12.6
2025-03-01,2025,3,S03,SKU0030,CLEANING,3313,0,0,0.0,0,31,12.6,12.6
2025-04-01,2025,4,S03,SKU0030,CLEANING,3202,0,0,0.0,0,30,12.6,12.6
2025-05-01,2025,5,S03,SKU0030,CLEANING,3737,0,0,0.0,1,31,12.6,12.6
2025-06-01,2025,6,S03,SKU0030,CLEANING,3568,0,0,0.0,0,30,12.6,12.6
2025-07-01,2025,7,S03,SKU0030,CLEANING,3291,0,0,0.0,1,31,12.6,12.6
2025-08-01,2025,8,S03,SKU0030,CLEANING,2884,0,0,0.0,0,31,12.6,12.6
2025-09-01,2025,9,S03,SKU0030,CLEANING,4654,1,7,0.233,0,30,12.6,11.72
2025-10-01,2025,10,S03,SKU0030,CLEANING,3103,0,0,0.0,1,31,12.6,12.6
2025-11-01,2025,11,S03,SKU0030,CLEANING,4956,1,8,0.267,2,30,12.6,11.59
2025-12-01,2025,12,S03,SKU0030,CLEANING,3905,1,6,0.194,3,31,12.6,11.87
