Backend/api_data/ds_61b6ca015029__retail_sku_sales_monthly.csv
year_month,year,month,store_id,sku_id,category,qty_sold,promo_flag,promo_days,promo_intensity,holiday_days,days_in_month,list_price,avg_selling_price
2022-01-01,2022,1,S03,SKU0031,CLEANING,943,1,8,0.258,1,31,19.38,17.88
2022-02-01,2022,2,S03,SKU0031,CLEANING,851,1,6,0.214,1,28,19.38,18.13
2022-03-01,2022,3,S03,SKU0031,CLEANING,1325,1,9,0.29,0,31,19.38,17.69
2022-04-01,2022,4,S03,SKU0031,CLEANING,1333,1,5,0.167,0,30,19.38,18.41
2022-05-01,2022,5,S03,SKU0031,CLEANING,1431,1,6,0.194,1,31,19.38,18.26
2022-06-01,2022,6,S03,SKU0031,CLEANING,1233,1,6,0.2,0,30,19.38,18.22
2022-07-01,2022,7,S03,SKU0031,CLEANING,1038,0,0,0.0,1,31,19.38,19.38
2022-08-01,2022,8,S03,SKU0031,CLEANING,892,0,0,0.0,0,31,19.38,19.38
2022-09-01,2022,9,S03,SKU0031,CLEANING,910,0,0,0.0,0,30,19.38,19.38
2022-10-01,2022,10,S03,SKU0031,CLEANING,1066,0,0,0.0,1,31,19.38,19.38
2022-11-01,2022,11,S03,SKU0031,CLEANING,1133,1,7,0.233,2,30,19.38,18.02
2022-12-01,2022,12,S03,SKU0031,CLEANING,968,0,0,0.0,3,31,19.38,19.38
2023-01-01,2023,1,S03,SKU0031,CLEANING,752,0,0,0.0,1,31,19.38,19.38
2023-02-01,2023,2,S03,SKU0031,CLEANING,716,0,0,0.0,1,28,19.38,19.38
2023-03-01,2023,3,S03,SKU0031,CLEANING,1020,0,0,0.0,0,31,19.38,19.38
2023-04-01,2023,4,S03,SKU0031,CLEANING,1156,0,0,0.0,0,30,19.38,19.38
2023-05-01,2023,5,S03,SKU0031,CLEANING,1262,0,0,0.0,1,31,19.38,19.38
2023-06-01,2023,6,S03,SKU0031,CLEANING,1128,0,0,0.0,0,30,19.38,19.38
2023-07-01,2023,7,S03,SKU0031,CLEANING,1064,0,0,0.0,1,31,19.38,19.38
2023-08-01,2023,8,S03,SKU0031,CLEANING,978,0,0,0.0,0,31,19.38,19.38
2023-09-01,2023,9,S03,SKU0031,CLEANING,1028,0,0,0.0,0,30,19.38,19.38
2023-10-01,2023,10,S03,SKU0031,CLEANING,1072,0,0,0.0,1,31,19.38,19.38
2023-11-01,2023,11,S03,SKU0031,CLEANING,1067,0,0,0.0,2,30,19.38,19.38
2023-12-01,2023,12,S03,SKU0031,CLEANING,1041,1,3,0.097,3,31,19.38,18.82
2024-01-01,2024,1,S03,SKU0031,CLEANING,973,1,3,0.097,1,31,19.38,18.82
2024-02-01,2024,2,S03,SKU0031,CLEANING,790,0,0,0.0,1,29,19.38,19.38
2024-03-01,2024,3,S03,SKU0031,CLEANING,1063,0,0,0.0,0,31,19.38,19.38
2024-04-01,2024,4,S03,SKU0031,CLEANING,1333,0,0,0.0,0,30,19.38,19.38
2024-05-01,2024,5,S03,SKU0031,CLEANING,1416,0,0,0.0,1,31,19.38,19.38
2024-06-01,2024,6,S03,SKU0031,CLEANING,1163,0,0,0.0,0,30,19.38,19.38
2024-07-01,2024,7,S03,SKU0031,CLEANING,1209,1,2,0.065,1,31,19.38,19.01
2024-08-01,2024,8,S03,SKU0031,CLEANING,1485,1,9,0.29,0,31,19.38,17.69
2024-09-01,2024,9,S03,SKU0031,CLEANING,1317,1,3,0.1,0,30,19.38,18.8
2024-10-01,2024,10,S03,SKU0031,CLEANING,1562,1,8,0.258,1,31,19.38,17.88
2024-11-01,2024,11,S03,SKU0031,CLEANING,1482,1,5,0.167,2,30,19.38,18.41
2024-12-01,2024,12,S03,SKU0031,CLEANING,1431,1,9,0.29,3,31,19.38,17.69
2025-01-01,2025,1,S03,SKU0031,CLEANING,1416,1,12,0.387,1,31,19.38,17.13
2025-02-01,2025,2,S03,SKU0031,CLEANING,894,1,1,0.036,1,28,19.38,19.17
2025-03-01,2025,3,S03,SKU0031,CLEANING,1611,1,11,0.355,0,31,19.38,17.32
2025-04-01,2025,4,S03,SKU0031,CLEANING,1409,0,0,0.0,0,30,19.38,19.38
2025-05-01,2025,5,S03,SKU0031,CLEANING,1521,0,0,0.0,1,31,19.38,19.38
2025-06-01,2025,6,S03,SKU0031,CLEANING,1457,0,0,0.0,0,30,19.38,19.38
2025-07-01,2025,7,S03,SKU0031,CLEANING,1299,0,0,0.0,1,31,19.38,19.38
2025-08-01,2025,8,S03,SKU0031,CLEANING,1230,0,0,0.0,0,31,19.38,19.38
2025-09-01,2025,9,S03,SKU0031,CLEANING,1249,0,0,0.0,0,30,19.38,19.38
2025-10-01,2025,10,S03,SKU0031,CLEANING,1468,0,0,0.0,1,31,19.38,19.38
2025-11-01,2025,11,S03,SKU0031,CLEANING,2029,1,11,0.367,2,30,19.38,17.25
2025-12-01,2025,12,S03,SKU0031,CLEANING,1074,0,0,0.0,3,31,19.38,19.38
2022-01-01,2022,1,S03,SKU0032,CLEANING,1440,0,0,0.0,1,31,13.1,13.1
2022-02-01,2022,2,S03,SKU0032,CLEANING,1972,1,7,0.25,1,28,13.1,12.12
2022-03-01,2022,3,S03,SKU0032,CLEANING,2223,1,5,0.161,0,31,13.1,12.47
2022-04-01,2022,4,S03,SKU0032,CLEANING,2087,0,0,0.0,0,30,13.1,13.1
2022-05-01,2022,5,S03,SKU0032,CLEANING,2385,0,0,0.0,1,31,13.1,13.1
2022-06-01,2022,6,S03,SKU0032,CLEANING,2172,0,0,0.0,0,30,13.1,13.1
2022-07-01,2022,7,S03,SKU0032,CLEANING,2140,0,0,0.0,1,31,13.1,13.1
2022-08-01,2022,8,S03,SKU0032,CLEANING,1925,0,0,0.0,0,31,13.1,13.1
2022-09-01,2022,9,S03,SKU0032,CLEANING,3149,1,10,0.333,0,30,13.1,11.79
2022-10-01,2022,10,S03,SKU0032,CLEANING,2105,0,0,0.0,1,31,13.1,13.1
2022-11-01,2022,11,S03,SKU0032,CLEANING,1918,0,0,0.0,2,30,13.1,13.1
2022-12-01,2022,12,S03,SKU0032,CLEANING,1847,0,0,0.0,3,31,13.1,13.1
2023-01-01,2023,1,S03,SKU0032,CLEANING,1888,1,4,0.129,1,31,13.1,12.59
2023-02-01,2023,2,S03,SKU0032,CLEANING,2266,1,7,0.25,1,28,13.1,12.12
2023-03-01,2023,3,S03,SKU0032,CLEANING,2110,0,0,0.0,0,31,13.1,13.1
2023-04-01,2023,4,S03,SKU0032,CLEANING,2613,0,0,0.0,0,30,13.1,13.1
2023-05-01,2023,5,S03,SKU0032,CLEANING,2687,0,0,0.0,1,31,13.1,13.1
2023-06-01,2023,6,S03,SKU0032,CLEANING,4434,1,14,0.467,0,30,13.1,11.27
2023-07-01,2023,7,S03,SKU0032,CLEANING,2212,0,0,0.0,1,31,13.1,13.1
2023-08-01,2023,8,S03,SKU0032,CLEANING,2917,1,5,0.161,0,31,13.1,12.47
2023-09-01,2023,9,S03,SKU0032,CLEANING,2423,0,0,0.0,0,30,13.1,13.1
2023-10-01,2023,10,S03,SKU0032,CLEANING,2250,0,0,0.0,1,31,13.1,13.1
2023-11-01,2023,11,S03,SKU0032,CLEANING,3063,1,7,0.233,2,30,13.1,12.18
2023-12-01,2023,12,S03,SKU0032,CLEANING,2704,1,4,0.129,3,31,13.1,12.59
2024-01-01,2024,1,S03,SKU0032,CLEANING,2226,1,4,0.129,1,31,13.1,12.59
2024-02-01,2024,2,S03,SKU0032,CLEANING,2481,1,5,0.172,1,29,13.1,12.42
2024-03-01,2024,3,S03,SKU0032,CLEANING,2311,0,0,0.0,0,31,13.1,13.1
2024-04-01,2024,4,S03,SKU0032,CLEANING,2987,0,0,0.0,0,30,13.1,13.1
2024-05-01,2024,5,S03,SKU0032,CLEANING,2897,0,0,0.0,1,31,13.1,13.1
2024-06-01,2024,6,S03,SKU0032,CLEANING,2770,0,0,0.0,0,30,13.1,13.1
2024-07-01,2024,7,S03,SKU0032,CLEANING,2558,0,0,0.0,1,31,13.1,13.1
2024-08-01,2024,8,S03,SKU0032,CLEANING,2369,0,0,0.0,0,31,13.1,13.1
2024-09-01,2024,9,S03,SKU0032,CLEANING,2489,0,0,0.0,0,30,13.1,13.1
2024-10-01,2024,10,S03,SKU0032,CLEANING,2373,0,0,0.0,1,31,13.1,13.1
2024-11-01,2024,11,S03,SKU0032,CLEANING,3222,1,5,0.167,2,30,13.1,12.44
2024-12-01,2024,12,S03,SKU0032,CLEANING,3802,1,13,0.419,3,31,13.1,11.45
2025-01-01,2025,1,S03,SKU0032,CLEANING,2075,0,0,0.0,1,31,13.1,13.1
2025-02-01,2025,2,S03,SKU0032,CLEANING,1847,0,0,0.0,1,28,13.1,13.1
2025-03-01,2025,3,S03,SKU0032,CLEANING,2633,0,0,0.0,0,31,13.1,13.1
2025-04-01,2025,4,S03,SKU0032,CLEANING,2565,0,0,0.0,0,30,13.1,13.1
2025-05-01,2025,5,S03,SKU0032,CLEANING,3233,0,0,0.0,1,31,13.1,13.1
2025-06-01,2025,6,S03,SKU0032,CLEANING,3247,0,0,0.0,0,30,13.1,13.1
2025-07-01,2025,7,S03,SKU0032,CLEANING,4684,1,13,0.419,1,31,13.1,11.45
2025-08-01,2025,8,S03,SKU0032,CLEANING,2626,0,0,0.0,0,31,13.1,13.1
2025-09-01,2025,9,S03,SKU0032,CLEANING,5469,1,14,0.467,0,30,13.1,11.27
2025-10-01,2025,10,S03,SKU0032,CLEANING,2702,0,0,0.0,1,31,13.1,13.1
2025-11-01,2025,11,S03,SKU0032,CLEANING,2731,0,0,0.0,2,30,13.1,13.1
2025-12-01,2025,12,S03,SKU0032,CLEANING,2412,0,0,0.0,3,31,13.1,13.1
2022-01-01,2022,1,S03,SKU0033,PERSONAL_CARE,1123,0,0,0.0,1,31,2.1,2.1
2022-02-01,2022,2,S03,SKU0033,PERSONAL_CARE,1818,1,14,0.5,1,28,2.1,1.78
2022-03-01,2022,3,S03,SKU0033,PERSONAL_CARE,1740,1,6,0.194,0,31,2.1,1.98
2022-04-01,2022,4,S03,SKU0033,PERSONAL_CARE,1673,0,0,0.0,0,30,2.1,2.1
2022-05-01,2022,5,S03,SKU0033,PERSONAL_CARE,1716,0,0,0.0,1,31,2.1,2.1
2022-06-01,2022,6,S03,SKU0033,PERSONAL_CARE,1487,0,0,0.0,0,30,2.1,2.1
2022-07-01,2022,7,S03,SKU0033,PERSONAL_CARE,1610,0,0,0.0,1,31,2.1,2.1
2022-08-01,2022,8,S03,SKU0033,PERSONAL_CARE,1273,0,0,0.0,0,31,2.1,2.1
2022-09-01,2022,9,S03,SKU0033,PERSONAL_CARE,2443,1,12,0.4,0,30,2.1,1.85
2022-10-01,2022,10,S03,SKU0033,PERSONAL_CARE,1488,0,0,0.0,1,31,2.1,2.1
2022-11-01,2022,11,S03,SKU0033,PERSONAL_CARE,1528,0,0,0.0,2,30,2.1,2.1
2022-12-01,2022,12,S03,SKU0033,PERSONAL_CARE,1291,0,0,0.0,3,31,2.1,2.1
2023-01-01,2023,1,S03,SKU0033,PERSONAL_CARE,1074,0,0,0.0,1,31,2.1,2.1
2023-02-01,2023,2,S03,SKU0033,PERSONAL_CARE,1721,1,12,0.429,1,28,2.1,1.83
2023-03-01,2023,3,S03,SKU0033,PERSONAL_CARE,2192,1,9,0.29,0,31,2.1,1.92
2023-04-01,2023,4,S03,SKU0033,PERSONAL_CARE,1720,0,0,0.0,0,30,2.1,2.1
2023-05-01,2023,5,S03,SKU0033,PERSONAL_CARE,3002,1,10,0.323,1,31,2.1,1.9
2023-06-01,2023,6,S03,SKU0033,PERSONAL_CARE,1725,0,0,0.0,0,30,2.1,2.1
2023-07-01,2023,7,S03,SKU0033,PERSONAL_CARE,2390,1,10,0.323,1,31,2.1,1.9
2023-08-01,2023,8,S03,SKU0033,PERSONAL_CARE,1508,0,0,0.0,0,31,2.1,2.1
2023-09-01,2023,9,S03,SKU0033,PERSONAL_CARE,1488,0,0,0.0,0,30,2.1,2.1
2023-10-01,2023,10,S03,SKU0033,PERSONAL_CARE,2304,1,11,0.355,1,31,2.1,1.88
2023-11-01,2023,11,S03,SKU0033,PERSONAL_CARE,1364,0,0,0.0,2,30,2.1,2.1
2023-12-01,2023,12,S03,SKU0033,PERSONAL_CARE,1341,0,0,0.0,3,31,2.1,2.1
2024-01-01,2024,1,S03,SKU0033,PERSONAL_CARE,1057,0,0,0.0,1,31,2.1,2.1
2024-02-01,2024,2,S03,SKU0033,PERSONAL_CARE,1591,1,9,0.31,1,29,2.1,1.9
2024-03-01,2024,3,S03,SKU0033,PERSONAL_CARE,1449,0,0,0.0,0,31,2.1,2.1
2024-04-01,2024,4,S03,SKU0033,PERSONAL_CARE,1526,0,0,0.0,0,30,2.1,2.1
2024-05-01,2024,5,S03,SKU0033,PERSONAL_CARE,1934,1,1,0.032,1,31,2.1,2.08
2024-06-01,2024,6,S03,SKU0033,PERSONAL_CARE,3369,1,13,0.433,0,30,2.1,1.83
2024-07-01,2024,7,S03,SKU0033,PERSONAL_CARE,1543,0,0,0.0,1,31,2.1,2.1
2024-08-01,2024,8,S03,SKU0033,PERSONAL_CARE,1452,0,0,0.0,0,31,2.1,2.1
2024-09-01,2024,9,S03,SKU0033,PERSONAL_CARE,2751,1,12,0.4,0,30,2.1,1.85
2024-10-01,2024,10,S03,SKU0033,PERSONAL_CARE,1606,0,0,0.0,1,31,2.1,2.1
2024-11-01,2024,11,S03,SKU0033,PERSONAL_CARE,1945,1,6,0.2,2,30,2.1,1.97
2024-12-01,2024,12,S03,SKU0033,PERSONAL_CARE,2144,1,8,0.258,3,31,2.1,1.94
2025-01-01,2025,1,S03,SKU0033,PERSONAL_CARE,1182,0,0,0.0,1,31,2.1,2.1
2025-02-01,2025,2,S03,SKU0033,PERSONAL_CARE,1105,0,0,0.0,1,28,2.1,2.1
2025-03-01,2025,3,S03,SKU0033,PERSONAL_CARE,1768,1,3,0.097,0,31,2.1,2.04
2025-04-01,2025,4,S03,SKU0033,PERSONAL_CARE,2656,1,10,0.333,0,30,2.1,1.89
2025-05-01,2025,5,S03,SKU0033,PERSONAL_CARE,2003,0,0,0.0,1,31,2.1,2.1
2025-06-01,2025,6,S03,SKU0033,PERSONAL_CARE,1781,0,0,0.0,0,30,2.1,2.1
2025-07-01,2025,7,S03,SKU0033,PERSONAL_CARE,1740,0,0,0.0,1,31,2.1,2.1
2025-08-01,2025,8,S03,SKU0033,PERSONAL_CARE,2568,1,11,0.355,0,31,2.1,1.88
2025-09-01,2025,9,S03,SKU0033,PERSONAL_CARE,1540,0,0,0.0,0,30,2.1,2.1
2025-10-01,2025,10,S03,SKU0033,PERSONAL_CARE,2802,1,13,0.419,1,31,2.1,1.84
2025-11-01,2025,11,S03,SKU0033,PERSONAL_CARE,1497,0,0,0.0,2,30,2.1,2.1
2025-12-01,2025,12,S03,SKU0033,PERSONAL_CARE,1363,1,1,0.032,3,31,2.1,2.08
2022-01-01,2022,1,S03,SKU0034,PERSONAL_CARE,775,1,12,0.387,1,31,16.46,14.55
2022-02-01,2022,2,S03,SKU0034,PERSONAL_CARE,433,0,0,0.0,1,28,16.46,16.46
2022-03-01,2022,3,S03,SKU0034,PERSONAL_CARE,491,0,0,0.0,0,31,16.46,16.46
2022-04-01,2022,4,S03,SKU0034,PERSONAL_CARE,611,0,0,0.0,0,30,16.46,16.46
2022-05-01,2022,5,S03,SKU0034,PERSONAL_CARE,760,0,0,0.0,1,31,16.46,16.46
2022-06-01,2022,6,S03,SKU0034,PERSONAL_CARE,668,0,0,0.0,0,30,16.46,16.46
2022-07-01,2022,7,S03,SKU0034,PERSONAL_CARE,608,0,0,0.0,1,31,16.46,16.46
2022-08-01,2022,8,S03,SKU0034,PERSONAL_CARE,1069,1,13,0.419,0,31,16.46,14.39
2022-09-01,2022,9,S03,SKU0034,PERSONAL_CARE,695,1,4,0.133,0,30,16.46,15.8
2022-10-01,2022,10,S03,SKU0034,PERSONAL_CARE,698,1,3,0.097,1,31,16.46,15.98
2022-11-01,2022,11,S03,SKU0034,PERSONAL_CARE,601,0,0,0.0,2,30,16.46,16.46
2022-12-01,2022,12,S03,SKU0034,PERSONAL_CARE,526,0,0,0.0,3,31,16.46,16.46
2023-01-01,2023,1,S03,SKU0034,PERSONAL_CARE,491,0,0,0.0,1,31,16.46,16.46
2023-02-01,2023,2,S03,SKU0034,PERSONAL_CARE,386,0,0,0.0,1,28,16.46,16.46
2023-03-01,2023,3,S03,SKU0034,PERSONAL_CARE,827,1,6,0.194,0,31,16.46,15.5
2023-04-01,2023,4,S03,SKU0034,PERSONAL_CARE,793,1,3,0.1,0,30,16.46,15.97
2023-05-01,2023,5,S03,SKU0034,PERSONAL_CARE,679,0,0,0.0,1,31,16.46,16.46
2023-06-01,2023,6,S03,SKU0034,PERSONAL_CARE,1075,1,10,0.333,0,30,16.46,14.81
2023-07-01,2023,7,S03,SKU0034,PERSONAL_CARE,619,0,0,0.0,1,31,16.46,16.46
2023-08-01,2023,8,S03,SKU0034,PERSONAL_CARE,523,0,0,0.0,0,31,16.46,16.46
2023-09-01,2023,9,S03,SKU0034,PERSONAL_CARE,1102,1,13,0.433,0,30,16.46,14.32
2023-10-01,2023,10,S03,SKU0034,PERSONAL_CARE,572,0,0,0.0,1,31,16.46,16.46
2023-11-01,2023,11,S03,SKU0034,PERSONAL_CARE,513,0,0,0.0,2,30,16.46,16.46
2023-12-01,2023,12,S03,SKU0034,PERSONAL_CARE,529,0,0,0.0,3,31,16.46,16.46
2024-01-01,2024,1,S03,SKU0034,PERSONAL_CARE,621,1,6,0.194,1,31,16.46,15.5
2024-02-01,2024,2,S03,SKU0034,PERSONAL_CARE,567,1,6,0.207,1,29,16.46,15.44
2024-03-01,2024,3,S03,SKU0034,PERSONAL_CARE,552,0,0,0.0,0,31,16.46,16.46
2024-04-01,2024,4,S03,SKU0034,PERSONAL_CARE,587,0,0,0.0,0,30,16.46,16.46
2024-05-01,2024,5,S03,SKU0034,PERSONAL_CARE,674,0,0,0.0,1,31,16.46,16.46
2024-06-01,2024,6,S03,SKU0034,PERSONAL_CARE,664,0,0,0.0,0,30,16.46,16.46
2024-07-01,2024,7,S03,SKU0034,PERSONAL_CARE,609,0,0,0.0,1,31,16.46,16.46
2024-08-01,2024,8,S03,SKU0034,PERSONAL_CARE,534,0,0,0.0,0,31,16.46,16.46
2024-09-01,2024,9,S03,SKU0034,PERSONAL_CARE,542,0,0,0.0,0,30,16.46,16.46
2024-10-01,2024,10,S03,SKU0034,PERSONAL_CARE,530,0,0,0.0,1,31,16.46,16.46
2024-11-01,2024,11,S03,SKU0034,PERSONAL_CARE,594,0,0,0.0,2,30,16.46,16.46
2024-12-01,2024,12,S03,SKU0034,PERSONAL_CARE,413,0,0,0.0,3,31,16.46,16.46
2025-01-01,2025,1,S03,SKU0034,PERSONAL_CARE,711,1,14,0.452,1,31,16.46,14.23
2025-02-01,2025,2,S03,SKU0034,PERSONAL_CARE,371,0,0,0.0,1,28,16.46,16.46
2025-03-01,2025,3,S03,SKU0034,PERSONAL_CARE,495,0,0,0.0,0,31,16.46,16.46
2025-04-01,2025,4,S03,SKU0034,PERSONAL_CARE,604,0,0,0.0,0,30,16.46,16.46
2025-05-01,2025,5,S03,SKU0034,PERSONAL_CARE,865,1,5,0.161,1,31,16.46,15.66
2025-06-01,2025,6,S03,SKU0034,PERSONAL_CARE,662,1,1,0.033,0,30,16.46,16.3
2025-07-01,2025,7,S03,SKU0034,PERSONAL_CARE,569,0,0,0.0,1,31,16.46,16.46
2025-08-01,2025,8,S03,SKU0034,PERSONAL_CARE,517,0,0,0.0,0,31,16.46,16.46
2025-09-01,2025,9,S03,SKU0034,PERSONAL_CARE,457,0,0,0.0,0,30,16.46,16.46
2025-10-01,2025,10,S03,SKU0034,PERSONAL_CARE,493,0,0,0.0,1,31,16.46,16.46
2025-11-01,2025,11,S03,SKU0034,PERSONAL_CARE,921,1,11,0.367,2,30,16.46,14.65
2025-12-01,2025,12,S03,SKU0034,PERSONAL_CARE,463,1,1,0.032,3,31,16.46,16.3
2022-01-01,2022,1,S03,SKU0035,PERSONAL_CARE,761,0,0,0.0,1,31,22.83,22.83
2022-02-01,2022,2,S03,SKU0035,PERSONAL_CARE,745,0,0,0.0,1,28,22.83,22.83
2022-03-01,2022,3,S03,SKU0035,PERSONAL_CARE,1479,1,8,0.258,0,31,22.83,21.06
2022-04-01,2022,4,S03,SKU0035,PERSONAL_CARE,1312,1,2,0.067,0,30,22.83,22.37
2022-05-01,2022,5,S03,SKU0035,PERSONAL_CARE,1309,0,0,0.0,1,31,22.83,22.83
2022-06-01,2022,6,S03,SKU0035,PERSONAL_CARE,1893,1,10,0.333,0,30,22.83,20.55
2022-07-01,2022,7,S03,SKU0035,PERSONAL_CARE,1140,0,0,0.0,1,31,22.83,22.83
2022-08-01,2022,8,S03,SKU0035,PERSONAL_CARE,928,0,0,0.0,0,31,22.83,22.83
2022-09-01,2022,9,S03,SKU0035,PERSONAL_CARE,1027,0,0,0.0,0,30,22.83,22.83
2022-10-01,2022,10,S03,SKU0035,PERSONAL_CARE,1242,1,4,0.129,1,31,22.83,21.95
2022-11-01,2022,11,S03,SKU0035,PERSONAL_CARE,1390,1,6,0.2,2,30,22.83,21.46
2022-12-01,2022,12,S03,SKU0035,PERSONAL_CARE,905,0,0,0.0,3,31,22.83,22.83
2023-01-01,2023,1,S03,SKU0035,PERSONAL_CARE,755,0,0,0.0,1,31,22.83,22.83
2023-02-01,2023,2,S03,SKU0035,PERSONAL_CARE,791,0,0,0.0,1,28,22.83,22.83
2023-03-01,2023,3,S03,SKU0035,PERSONAL_CARE,1011,0,0,0.0,0,31,22.83,22.83
2023-04-01,2023,4,S03,SKU0035,PERSONAL_CARE,1228,0,0,0.0,0,30,22.83,22.83
2023-05-01,2023,5,S03,SKU0035,PERSONAL_CARE,1244,0,0,0.0,1,31,22.83,22.83
2023-06-01,2023,6,S03,SKU0035,PERSONAL_CARE,1765,1,8,0.267,0,30,22.83,21.0
2023-07-01,2023,7,S03,SKU0035,PERSONAL_CARE,1662,1,6,0.194,1,31,22.83,21.5
2023-08-01,2023,8,S03,SKU0035,PERSONAL_CARE,1707,1,10,0.323,0,31,22.83,20.62
2023-09-01,2023,9,S03,SKU0035,PERSONAL_CARE,1067,0,0,0.0,0,30,22.83,22.83
2023-10-01,2023,10,S03,SKU0035,PERSONAL_CARE,1172,0,0,0.0,1,31,22.83,22.83
2023-11-01,2023,11,S03,SKU0035,PERSONAL_CARE,1091,0,0,0.0,2,30,22.83,22.83
2023-12-01,2023,12,S03,SKU0035,PERSONAL_CARE,1137,1,2,0.065,3,31,22.83,22.39
2024-01-01,2024,1,S03,SKU0035,PERSONAL_CARE,1299,1,11,0.355,1,31,22.83,20.4
2024-02-01,2024,2,S03,SKU0035,PERSONAL_CARE,1513,1,13,0.448,1,29,22.83,19.76
2024-03-01,2024,3,S03,SKU0035,PERSONAL_CARE,1136,1,1,0.032,0,31,22.83,22.61
2024-04-01,2024,4,S03,SKU0035,PERSONAL_CARE,1286,0,0,0.0,0,30,22.83,22.83
2024-05-01,2024,5,S03,SKU0035,PERSONAL_CARE,1383,0,0,0.0,1,31,22.83,22.83
2024-06-01,2024,6,S03,SKU0035,PERSONAL_CARE,1300,0,0,0.0,0,30,22.83,22.83
2024-07-01,2024,7,S03,SKU0035,PERSONAL_CARE,1874,1,11,0.355,1,31,22.83,20.4
2024-08-01,2024,8,S03,SKU0035,PERSONAL_CARE,1790,1,10,0.323,0,31,22.83,20.62
2024-09-01,2024,9,S03,SKU0035,PERSONAL_CARE,1244,1,2,0.067,0,30,22.83,22.37
2024-10-01,2024,10,S03,SKU0035,PERSONAL_CARE,1509,1,5,0.161,1,31,22.83,21.73
2024-11-01,2024,11,S03,SKU0035,PERSONAL_CARE,1538,1,6,0.2,2,30,22.83,21.46
2024-12-01,2024,12,S03,SKU0035,PERSONAL_CARE,1054,0,0,0.0,3,31,22.83,22.83
2025-01-01,2025,1,S03,SKU0035,PERSONAL_CARE,946,1,1,0.032,1,31,22.83,22.61
2025-02-01,2025,2,S03,SKU0035,PERSONAL_CARE,1132,1,4,0.143,1,28,22.83,21.85
2025-03-01,2025,3,S03,SKU0035,PERSONAL_CARE,1328,0,0,0.0,0,31,22.83,22.83
2025-04-01,2025,4,S03,SKU0035,PERSONAL_CARE,1371,0,0,0.0,0,30,22.83,22.83
2025-05-01,2025,5,S03,SKU0035,PERSONAL_CARE,2106,1,7,0.226,1,31,22.83,21.28
2025-06-01,2025,6,S03,SKU0035,PERSONAL_CARE,1639,1,5,0.167,0,30,22.83,21.69
2025-07-01,2025,7,S03,SKU0035,PERSONAL_CARE,1177,1,1,0.032,1,31,22.83,22.61
2025-08-01,2025,8,S03,SKU0035,PERSONAL_CARE,1555,1,4,0.129,0,31,22.83,21.95
2025-09-01,2025,9,S03,SKU0035,PERSONAL_CARE,1203,1,1,0.033,0,30,22.83,22.6
2025-10-01,2025,10,S03,SKU0035,PERSONAL_CARE,1297,0,0,0.0,1,31,22.83,22.83
2025-11-01,2025,11,S03,SKU0035,PERSONAL_CARE,1172,0,0,0.0,2,30,22.83,22.83
2025-12-01,2025,12,S03,SKU0035,PERSONAL_CARE,1014,0,0,0.0,3,31,22.83,22.83
