Backend/api_data/ds_61b6ca015029__retail_sku_sales_monthly.csv
year_month,year,month,store_id,sku_id,category,qty_sold,promo_flag,promo_days,promo_intensity,holiday_days,days_in_month,list_price,avg_selling_price
2022-01-01,2022,1,S03,SKU0036,PERSONAL_CARE,691,0,0,0.0,1,31,19.26,19.26
2022-02-01,2022,2,S03,SKU0036,PERSONAL_CARE,640,0,0,0.0,1,28,19.26,19.26
2022-03-01,2022,3,S03,SKU0036,PERSONAL_CARE,827,0,0,0.0,0,31,19.26,19.26
2022-04-01,2022,4,S03,SKU0036,PERSONAL_CARE,1483,1,14,0.467,0,30,19.26,16.56
2022-05-01,2022,5,S03,SKU0036,PERSONAL_CARE,1036,0,0,0.0,1,31,19.26,19.26
2022-06-01,2022,6,S03,SKU0036,PERSONAL_CARE,962,0,0,0.0,0,30,19.26,19.26
2022-07-01,2022,7,S03,SKU0036,PERSONAL_CARE,901,0,0,0.0,1,31,19.26,19.26
2022-08-01,2022,8,S03,SKU0036,PERSONAL_CARE,851,0,0,0.0,0,31,19.26,19.26
2022-09-01,2022,9,S03,SKU0036,PERSONAL_CARE,833,0,0,0.0,0,30,19.26,19.26
2022-10-01,2022,10,S03,SKU0036,PERSONAL_CARE,1413,1,10,0.323,1,31,19.26,17.4
2022-11-01,2022,11,S03,SKU0036,PERSONAL_CARE,1156,1,6,0.2,2,30,19.26,18.1
2022-12-01,2022,12,S03,SKU0036,PERSONAL_CARE,751,0,0,0.0,3,31,19.26,19.26
2023-01-01,2023,1,S03,SKU0036,PERSONAL_CARE,1151,1,12,0.387,1,31,19.26,17.02
2023-02-01,2023,2,S03,SKU0036,PERSONAL_CARE,736,1,2,0.071,1,28,19.26,18.85
2023-03-01,2023,3,S03,SKU0036,PERSONAL_CARE,1253,1,10,0.323,0,31,19.26,17.4
2023-04-01,2023,4,S03,SKU0036,PERSONAL_CARE,1018,0,0,0.0,0,30,19.26,19.26
2023-05-01,2023,5,S03,SKU0036,PERSONAL_CARE,1897,1,12,0.387,1,31,19.26,17.02
2023-06-01,2023,6,S03,SKU0036,PERSONAL_CARE,1049,0,0,0.0,0,30,19.26,19.26
2023-07-01,2023,7,S03,SKU0036,PERSONAL_CARE,1000,0,0,0.0,1,31,19.26,19.26
2023-08-01,2023,8,S03,SKU0036,PERSONAL_CARE,940,0,0,0.0,0,31,19.26,19.26
2023-09-01,2023,9,S03,SKU0036,PERSONAL_CARE,907,0,0,0.0,0,30,19.26,19.26
2023-10-01,2023,10,S03,SKU0036,PERSONAL_CARE,934,0,0,0.0,1,31,19.26,19.26
2023-11-01,2023,11,S03,SKU0036,PERSONAL_CARE,881,0,0,0.0,2,30,19.26,19.26
2023-12-01,2023,12,S03,SKU0036,PERSONAL_CARE,841,0,0,0.0,3,31,19.26,19.26
2024-01-01,2024,1,S03,SKU0036,PERSONAL_CARE,714,0,0,0.0,1,31,19.26,19.26
2024-02-01,2024,2,S03,SKU0036,PERSONAL_CARE,724,0,0,0.0,1,29,19.26,19.26
2024-03-01,2024,3,S03,SKU0036,PERSONAL_CARE,968,0,0,0.0,0,31,19.26,19.26
2024-04-01,2024,4,S03,SKU0036,PERSONAL_CARE,1001,0,0,0.0,0,30,19.26,19.26
2024-05-01,2024,5,S03,SKU0036,PERSONAL_CARE,1666,1,7,0.226,1,31,19.26,17.95
2024-06-01,2024,6,S03,SKU0036,PERSONAL_CARE,1154,0,0,0.0,0,30,19.26,19.26
2024-07-01,2024,7,S03,SKU0036,PERSONAL_CARE,969,0,0,0.0,1,31,19.26,19.26
2024-08-01,2024,8,S03,SKU0036,PERSONAL_CARE,917,0,0,0.0,0,31,19.26,19.26
2024-09-01,2024,9,S03,SKU0036,PERSONAL_CARE,926,0,0,0.0,0,30,19.26,19.26
2024-10-01,2024,10,S03,SKU0036,PERSONAL_CARE,959,0,0,0.0,1,31,19.26,19.26
2024-11-01,2024,11,S03,SKU0036,PERSONAL_CARE,1542,1,12,0.4,2,30,19.26,16.95
2024-12-01,2024,12,S03,SKU0036,PERSONAL_CARE,1223,1,10,0.323,3,31,19.26,17.4
2025-01-01,2025,1,S03,SKU0036,PERSONAL_CARE,757,0,0,0.0,1,31,19.26,19.26
2025-02-01,2025,2,S03,SKU0036,PERSONAL_CARE,717,0,0,0.0,1,28,19.26,19.26
2025-03-01,2025,3,S03,SKU0036,PERSONAL_CARE,979,0,0,0.0,0,31,19.26,19.26
2025-04-01,2025,4,S03,SKU0036,PERSONAL_CARE,1095,0,0,0.0,0,30,19.26,19.26
2025-05-01,2025,5,S03,SKU0036,PERSONAL_CARE,1926,1,13,0.419,1,31,19.26,16.84
2025-06-01,2025,6,S03,SKU0036,PERSONAL_CARE,1183,1,1,0.033,0,30,19.26,19.07
2025-07-01,2025,7,S03,SKU0036,PERSONAL_CARE,1112,0,0,0.0,1,31,19.26,19.26
2025-08-01,2025,8,S03,SKU0036,PERSONAL_CARE,1031,0,0,0.0,0,31,19.26,19.26
2025-09-01,2025,9,S03,SKU0036,PERSONAL_CARE,1045,0,0,0.0,0,30,19.26,19.26
2025-10-01,2025,10,S03,SKU0036,PERSONAL_CARE,1076,0,0,0.0,1,31,19.26,19.26
2025-11-01,2025,11,S03,SKU0036,PERSONAL_CARE,1084,1,1,0.033,2,30,19.26,19.07
2025-12-01,2025,12,S03,SKU0036,PERSONAL_CARE,1488,1,13,0.419,3,31,19.26,16.84
2022-01-01,2022,1,S03,SKU0037,PERSONAL_CARE,1083,1,9,0.29,1,31,8.31,7.59
2022-02-01,2022,2,S03,SKU0037,PERSONAL_CARE,726,1,2,0.071,1,28,8.31,8.13
2022-03-01,2022,3,S03,SKU0037,PERSONAL_CARE,1292,1,10,0.323,0,31,8.31,7.51
2022-04-01,2022,4,S03,SKU0037,PERSONAL_CARE,1021,0,0,0.0,0,30,8.31,8.31
2022-05-01,2022,5,S03,SKU0037,PERSONAL_CARE,1589,1,7,0.226,1,31,8.31,7.75
2022-06-01,2022,6,S03,SKU0037,PERSONAL_CARE,1496,1,7,0.233,0,30,8.31,7.73
2022-07-01,2022,7,S03,SKU0037,PERSONAL_CARE,1173,1,6,0.194,1,31,8.31,7.83
2022-08-01,2022,8,S03,SKU0037,PERSONAL_CARE,849,0,0,0.0,0,31,8.31,8.31
2022-09-01,2022,9,S03,SKU0037,PERSONAL_CARE,772,0,0,0.0,0,30,8.31,8.31
2022-10-01,2022,10,S03,SKU0037,PERSONAL_CARE,851,0,0,0.0,1,31,8.31,8.31
2022-11-01,2022,11,S03,SKU0037,PERSONAL_CARE,730,0,0,0.0,2,30,8.31,8.31
2022-12-01,2022,12,S03,SKU0037,PERSONAL_CARE,727,0,0,0.0,3,31,8.31,8.31
2023-01-01,2023,1,S03,SKU0037,PERSONAL_CARE,1017,1,8,0.258,1,31,8.31,7.67
2023-02-01,2023,2,S03,SKU0037,PERSONAL_CARE,600,1,1,0.036,1,28,8.31,8.22
2023-03-01,2023,3,S03,SKU0037,PERSONAL_CARE,1037,1,5,0.161,0,31,8.31,7.91
2023-04-01,2023,4,S03,SKU0037,PERSONAL_CARE,980,0,0,0.0,0,30,8.31,8.31
2023-05-01,2023,5,S03,SKU0037,PERSONAL_CARE,988,0,0,0.0,1,31,8.31,8.31
2023-06-01,2023,6,S03,SKU0037,PERSONAL_CARE,956,0,0,0.0,0,30,8.31,8.31
2023-07-01,2023,7,S03,SKU0037,PERSONAL_CARE,858,0,0,0.0,1,31,8.31,8.31
2023-08-01,2023,8,S03,SKU0037,PERSONAL_CARE,1159,1,6,0.194,0,31,8.31,7.83
2023-09-01,2023,9,S03,SKU0037,PERSONAL_CARE,743,0,0,0.0,0,30,8.31,8.31
2023-10-01,2023,10,S03,SKU0037,PERSONAL_CARE,738,0,0,0.0,1,31,8.31,8.31
2023-11-01,2023,11,S03,SKU0037,PERSONAL_CARE,736,0,0,0.0,2,30,8.31,8.31
2023-12-01,2023,12,S03,SKU0037,PERSONAL_CARE,999,1,5,0.161,3,31,8.31,7.91
2024-01-01,2024,1,S03,SKU0037,PERSONAL_CARE,595,1,1,0.032,1,31,8.31,8.23
2024-02-01,2024,2,S03,SKU0037,PERSONAL_CARE,580,0,0,0.0,1,29,8.31,8.31
2024-03-01,2024,3,S03,SKU0037,PERSONAL_CARE,779,0,0,0.0,0,31,8.31,8.31
2024-04-01,2024,4,S03,SKU0037,PERSONAL_CARE,912,0,0,0.0,0,30,8.31,8.31
2024-05-01,2024,5,S03,SKU0037,PERSONAL_CARE,915,0,0,0.0,1,31,8.31,8.31
2024-06-01,2024,6,S03,SKU0037,PERSONAL_CARE,1706,1,12,0.4,0,30,8.31,7.31
2024-07-01,2024,7,S03,SKU0037,PERSONAL_CARE,803,0,0,0.0,1,31,8.31,8.31
2024-08-01,2024,8,S03,SKU0037,PERSONAL_CARE,865,1,1,0.032,0,31,8.31,8.23
2024-09-01,2024,9,S03,SKU0037,PERSONAL_CARE,1037,1,7,0.233,0,30,8.31,7.73
2024-10-01,2024,10,S03,SKU0037,PERSONAL_CARE,745,0,0,0.0,1,31,8.31,8.31
2024-11-01,2024,11,S03,SKU0037,PERSONAL_CARE,693,0,0,0.0,2,30,8.31,8.31
2024-12-01,2024,12,S03,SKU0037,PERSONAL_CARE,644,0,0,0.0,3,31,8.31,8.31
2025-01-01,2025,1,S03,SKU0037,PERSONAL_CARE,1214,1,13,0.419,1,31,8.31,7.27
2025-02-01,2025,2,S03,SKU0037,PERSONAL_CARE,500,0,0,0.0,1,28,8.31,8.31
2025-03-01,2025,3,S03,SKU0037,PERSONAL_CARE,654,0,0,0.0,0,31,8.31,8.31
2025-04-01,2025,4,S03,SKU0037,PERSONAL_CARE,814,0,0,0.0,0,30,8.31,8.31
2025-05-01,2025,5,S03,SKU0037,PERSONAL_CARE,995,0,0,0.0,1,31,8.31,8.31
2025-06-01,2025,6,S03,SKU0037,PERSONAL_CARE,1252,1,6,0.2,0,30,8.31,7.81
2025-07-01,2025,7,S03,SKU0037,PERSONAL_CARE,801,0,0,0.0,1,31,8.31,8.31
2025-08-01,2025,8,S03,SKU0037,PERSONAL_CARE,709,0,0,0.0,0,31,8.31,8.31
2025-09-01,2025,9,S03,SKU0037,PERSONAL_CARE,664,0,0,0.0,0,30,8.31,8.31
2025-10-01,2025,10,S03,SKU0037,PERSONAL_CARE,723,0,0,0.0,1,31,8.31,8.31
2025-11-01,2025,11,S03,SKU0037,PERSONAL_CARE,726,0,0,0.0,2,30,8.31,8.31
2025-12-01,2025,12,S03,SKU0037,PERSONAL_CARE,776,1,4,0.129,3,31,8.31,7.99
2022-01-01,2022,1,S03,SKU0038,PERSONAL_CARE,691,1,6,0.194,1,31,20.49,19.3
2022-02-01,2022,2,S03,SKU0038,PERSONAL_CARE,510,0,0,0.0,1,28,20.49,20.49
2022-03-01,2022,3,S03,SKU0038,PERSONAL_CARE,869,1,6,0.194,0,31,20.49,19.3
2022-04-01,2022,4,S03,SKU0038,PERSONAL_CARE,845,0,0,0.0,0,30,20.49,20.49
2022-05-01,2022,5,S03,SKU0038,PERSONAL_CARE,1223,1,7,0.226,1,31,20.49,19.1
2022-06-01,2022,6,S03,SKU0038,PERSONAL_CARE,969,0,0,0.0,0,30,20.49,20.49
2022-07-01,2022,7,S03,SKU0038,PERSONAL_CARE,1338,1,14,0.452,1,31,20.49,17.71
2022-08-01,2022,8,S03,SKU0038,PERSONAL_CARE,781,0,0,0.0,0,31,20.49,20.49
2022-09-01,2022,9,S03,SKU0038,PERSONAL_CARE,714,0,0,0.0,0,30,20.49,20.49
2022-10-01,2022,10,S03,SKU0038,PERSONAL_CARE,828,0,0,0.0,1,31,20.49,20.49
2022-11-01,2022,11,S03,SKU0038,PERSONAL_CARE,1334,1,13,0.433,2,30,20.49,17.82
2022-12-01,2022,12,S03,SKU0038,PERSONAL_CARE,710,0,0,0.0,3,31,20.49,20.49
2023-01-01,2023,1,S03,SKU0038,PERSONAL_CARE,608,0,0,0.0,1,31,20.49,20.49
2023-02-01,2023,2,S03,SKU0038,PERSONAL_CARE,739,1,3,0.107,1,28,20.49,19.83
2023-03-01,2023,3,S03,SKU0038,PERSONAL_CARE,969,1,4,0.129,0,31,20.49,19.7
2023-04-01,2023,4,S03,SKU0038,PERSONAL_CARE,797,0,0,0.0,0,30,20.49,20.49
2023-05-01,2023,5,S03,SKU0038,PERSONAL_CARE,1484,1,7,0.226,1,31,20.49,19.1
2023-06-01,2023,6,S03,SKU0038,PERSONAL_CARE,976,0,0,0.0,0,30,20.49,20.49
2023-07-01,2023,7,S03,SKU0038,PERSONAL_CARE,986,0,0,0.0,1,31,20.49,20.49
2023-08-01,2023,8,S03,SKU0038,PERSONAL_CARE,870,0,0,0.0,0,31,20.49,20.49
2023-09-01,2023,9,S03,SKU0038,PERSONAL_CARE,944,0,0,0.0,0,30,20.49,20.49
2023-10-01,2023,10,S03,SKU0038,PERSONAL_CARE,926,0,0,0.0,1,31,20.49,20.49
2023-11-01,2023,11,S03,SKU0038,PERSONAL_CARE,919,0,0,0.0,2,30,20.49,20.49
2023-12-01,2023,12,S03,SKU0038,PERSONAL_CARE,1149,1,8,0.258,3,31,20.49,18.9
2024-01-01,2024,1,S03,SKU0038,PERSONAL_CARE,649,0,0,0.0,1,31,20.49,20.49
2024-02-01,2024,2,S03,SKU0038,PERSONAL_CARE,710,0,0,0.0,1,29,20.49,20.49
2024-03-01,2024,3,S03,SKU0038,PERSONAL_CARE,1495,1,12,0.387,0,31,20.49,18.11
2024-04-01,2024,4,S03,SKU0038,PERSONAL_CARE,1043,0,0,0.0,0,30,20.49,20.49
2024-05-01,2024,5,S03,SKU0038,PERSONAL_CARE,1308,0,0,0.0,1,31,20.49,20.49
2024-06-01,2024,6,S03,SKU0038,PERSONAL_CARE,1757,1,10,0.333,0,30,20.49,18.44
2024-07-01,2024,7,S03,SKU0038,PERSONAL_CARE,1341,1,4,0.129,1,31,20.49,19.7
2024-08-01,2024,8,S03,SKU0038,PERSONAL_CARE,1013,0,0,0.0,0,31,20.49,20.49
2024-09-01,2024,9,S03,SKU0038,PERSONAL_CARE,922,0,0,0.0,0,30,20.49,20.49
2024-10-01,2024,10,S03,SKU0038,PERSONAL_CARE,1083,0,0,0.0,1,31,20.49,20.49
2024-11-01,2024,11,S03,SKU0038,PERSONAL_CARE,1023,0,0,0.0,2,30,20.49,20.49
2024-12-01,2024,12,S03,SKU0038,PERSONAL_CARE,914,0,0,0.0,3,31,20.49,20.49
2025-01-01,2025,1,S03,SKU0038,PERSONAL_CARE,1090,1,11,0.355,1,31,20.49,18.31
2025-02-01,2025,2,S03,SKU0038,PERSONAL_CARE,791,1,2,0.071,1,28,20.49,20.05
2025-03-01,2025,3,S03,SKU0038,PERSONAL_CARE,1264,1,3,0.097,0,31,20.49,19.89
2025-04-01,2025,4,S03,SKU0038,PERSONAL_CARE,1092,0,0,0.0,0,30,20.49,20.49
2025-05-01,2025,5,S03,SKU0038,PERSONAL_CARE,2089,1,13,0.419,1,31,20.49,17.91
2025-06-01,2025,6,S03,SKU0038,PERSONAL_CARE,1260,0,0,0.0,0,30,20.49,20.49
2025-07-01,2025,7,S03,SKU0038,PERSONAL_CARE,1221,0,0,0.0,1,31,20.49,20.49
2025-08-01,2025,8,S03,SKU0038,PERSONAL_CARE,1448,1,10,0.323,0,31,20.49,18.51
2025-09-01,2025,9,S03,SKU0038,PERSONAL_CARE,1145,1,3,0.1,0,30,20.49,19.88
2025-10-01,2025,10,S03,SKU0038,PERSONAL_CARE,1711,1,14,0.452,1,31,20.49,17.71
2025-11-01,2025,11,S03,SKU0038,PERSONAL_CARE,1041,0,0,0.0,2,30,20.49,20.49
2025-12-01,2025,12,S03,SKU0038,PERSONAL_CARE,967,0,0,0.0,3,31,20.49,20.49
2022-01-01,2022,1,S03,SKU0039,PERSONAL_CARE,1188,0,0,0.0,1,31,20.39,20.39
2022-02-01,2022,2,S03,SKU0039,PERSONAL_CARE,1161,0,0,0.0,1,28,20.39,20.39
2022-03-01,2022,3,S03,SKU0039,PERSONAL_CARE,2742,1,13,0.419,0,31,20.39,17.82
2022-04-01,2022,4,S03,SKU0039,PERSONAL_CARE,1795,0,0,0.0,0,30,20.39,20.39
2022-05-01,2022,5,S03,SKU0039,PERSONAL_CARE,2043,0,0,0.0,1,31,20.39,20.39
2022-06-01,2022,6,S03,SKU0039,PERSONAL_CARE,1941,0,0,0.0,0,30,20.39,20.39
2022-07-01,2022,7,S03,SKU0039,PERSONAL_CARE,2585,1,12,0.387,1,31,20.39,18.02
2022-08-01,2022,8,S03,SKU0039,PERSONAL_CARE,1719,0,0,0.0,0,31,20.39,20.39
2022-09-01,2022,9,S03,SKU0039,PERSONAL_CARE,1705,0,0,0.0,0,30,20.39,20.39
2022-10-01,2022,10,S03,SKU0039,PERSONAL_CARE,1817,0,0,0.0,1,31,20.39,20.39
2022-11-01,2022,11,S03,SKU0039,PERSONAL_CARE,1696,0,0,0.0,2,30,20.39,20.39
2022-12-01,2022,12,S03,SKU0039,PERSONAL_CARE,2734,1,11,0.355,3,31,20.39,18.22
2023-01-01,2023,1,S03,SKU0039,PERSONAL_CARE,1358,0,0,0.0,1,31,20.39,20.39
2023-02-01,2023,2,S03,SKU0039,PERSONAL_CARE,1349,0,0,0.0,1,28,20.39,20.39
2023-03-01,2023,3,S03,SKU0039,PERSONAL_CARE,1811,0,0,0.0,0,31,20.39,20.39
2023-04-01,2023,4,S03,SKU0039,PERSONAL_CARE,2081,0,0,0.0,0,30,20.39,20.39
2023-05-01,2023,5,S03,SKU0039,PERSONAL_CARE,2474,0,0,0.0,1,31,20.39,20.39
2023-06-01,2023,6,S03,SKU0039,PERSONAL_CARE,3054,1,9,0.3,0,30,20.39,18.55
2023-07-01,2023,7,S03,SKU0039,PERSONAL_CARE,2195,0,0,0.0,1,31,20.39,20.39
2023-08-01,2023,8,S03,SKU0039,PERSONAL_CARE,1970,0,0,0.0,0,31,20.39,20.39
2023-09-01,2023,9,S03,SKU0039,PERSONAL_CARE,2807,1,11,0.367,0,30,20.39,18.15
2023-10-01,2023,10,S03,SKU0039,PERSONAL_CARE,1912,0,0,0.0,1,31,20.39,20.39
2023-11-01,2023,11,S03,SKU0039,PERSONAL_CARE,2037,0,0,0.0,2,30,20.39,20.39
2023-12-01,2023,12,S03,SKU0039,PERSONAL_CARE,1893,0,0,0.0,3,31,20.39,20.39
2024-01-01,2024,1,S03,SKU0039,PERSONAL_CARE,1650,0,0,0.0,1,31,20.39,20.39
2024-02-01,2024,2,S03,SKU0039,PERSONAL_CARE,1451,0,0,0.0,1,29,20.39,20.39
2024-03-01,2024,3,S03,SKU0039,PERSONAL_CARE,2084,0,0,0.0,0,31,20.39,20.39
2024-04-01,2024,4,S03,SKU0039,PERSONAL_CARE,2534,0,0,0.0,0,30,20.39,20.39
2024-05-01,2024,5,S03,SKU0039,PERSONAL_CARE,2610,0,0,0.0,1,31,20.39,20.39
2024-06-01,2024,6,S03,SKU0039,PERSONAL_CARE,2576,0,0,0.0,0,30,20.39,20.39
2024-07-01,2024,7,S03,SKU0039,PERSONAL_CARE,2326,0,0,0.0,1,31,20.39,20.39
2024-08-01,2024,8,S03,SKU0039,PERSONAL_CARE,2308,0,0,0.0,0,31,20.39,20.39
2024-09-01,2024,9,S03,SKU0039,PERSONAL_CARE,3120,1,11,0.367,0,30,20.39,18.15
2024-10-01,2024,10,S03,SKU0039,PERSONAL_CARE,2039,0,0,0.0,1,31,20.39,20.39
2024-11-01,2024,11,S03,SKU0039,PERSONAL_CARE,3162,1,9,0.3,2,30,20.39,18.55
2024-12-01,2024,12,S03,SKU0039,PERSONAL_CARE,1948,0,0,0.0,3,31,20.39,20.39
2025-01-01,2025,1,S03,SKU0039,PERSONAL_CARE,1634,0,0,0.0,1,31,20.39,20.39
2025-02-01,2025,2,S03,SKU0039,PERSONAL_CARE,1838,1,1,0.036,1,28,20.39,20.17
2025-03-01,2025,3,S03,SKU0039,PERSONAL_CARE,3422,1,12,0.387,0,31,20.39,18.02
2025-04-01,2025,4,S03,SKU0039,PERSONAL_CARE,2548,0,0,0.0,0,30,20.39,20.39
2025-05-01,2025,5,S03,SKU0039,PERSONAL_CARE,2888,0,0,0.0,1,31,20.39,20.39
2025-06-01,2025,6,S03,SKU0039,PERSONAL_CARE,2627,0,0,0.0,0,30,20.39,20.39
2025-07-01,2025,7,S03,SKU0039,PERSONAL_CARE,3898,1,9,0.29,1,31,20.39,18.61
2025-08-01,2025,8,S03,SKU0039,PERSONAL_CARE,2390,0,0,0.0,0,31,20.39,20.39
2025-09-01,2025,9,S03,SKU0039,PERSONAL_CARE,2375,0,0,0.0,0,30,20.39,20.39
2025-10-01,2025,10,S03,SKU0039,PERSONAL_CARE,3052,1,5,0.161,1,31,20.39,19.4
2025-11-01,2025,11,S03,SKU0039,PERSONAL_CARE,2593,0,0,0.0,2,30,20.39,20.39
2025-12-01,2025,12,S03,SKU0039,PERSONAL_CARE,3323,1,11,0.355,3,31,20.39,18.22
2022-01-01,2022,1,S03,SKU0040,PERSONAL_CARE,583,0,0,0.0,1,31,14.17,14.17
2022-02-01,2022,2,S03,SKU0040,PERSONAL_CARE,554,0,0,0.0,1,28,14.17,14.17
2022-03-01,2022,3,S03,SKU0040,PERSONAL_CARE,704,0,0,0.0,0,31,14.17,14.17
2022-04-01,2022,4,S03,SKU0040,PERSONAL_CARE,880,0,0,0.0,0,30,14.17,14.17
2022-05-01,2022,5,S03,SKU0040,PERSONAL_CARE,1351,1,6,0.194,1,31,14.17,13.35
2022-06-01,2022,6,S03,SKU0040,PERSONAL_CARE,1296,1,6,0.2,0,30,14.17,13.32
2022-07-01,2022,7,S03,SKU0040,PERSONAL_CARE,904,0,0,0.0,1,31,14.17,14.17
2022-08-01,2022,8,S03,SKU0040,PERSONAL_CARE,1333,1,9,0.29,0,31,14.17,12.94
2022-09-01,2022,9,S03,SKU0040,PERSONAL_CARE,1167,1,5,0.167,0,30,14.17,13.46
2022-10-01,2022,10,S03,SKU0040,PERSONAL_CARE,1825,1,14,0.452,1,31,14.17,12.25
2022-11-01,2022,11,S03,SKU0040,PERSONAL_CARE,770,0,0,0.0,2,30,14.17,14.17
2022-12-01,2022,12,S03,SKU0040,PERSONAL_CARE,806,0,0,0.0,3,31,14.17,14.17
2023-01-01,2023,1,S03,SKU0040,PERSONAL_CARE,667,0,0,0.0,1,31,14.17,14.17
2023-02-01,2023,2,S03,SKU0040,PERSONAL_CARE,693,0,0,0.0,1,28,14.17,14.17
2023-03-01,2023,3,S03,SKU0040,PERSONAL_CARE,821,0,0,0.0,0,31,14.17,14.17
2023-04-01,2023,4,S03,SKU0040,PERSONAL_CARE,930,0,0,0.0,0,30,14.17,14.17
2023-05-01,2023,5,S03,SKU0040,PERSONAL_CARE,1866,1,10,0.323,1,31,14.17,12.8
2023-06-01,2023,6,S03,SKU0040,PERSONAL_CARE,1051,0,0,0.0,0,30,14.17,14.17
2023-07-01,2023,7,S03,SKU0040,PERSONAL_CARE,1520,1,7,0.226,1,31,14.17,13.21
2023-08-01,2023,8,S03,SKU0040,PERSONAL_CARE,882,0,0,0.0,0,31,14.17,14.17
2023-09-01,2023,9,S03,SKU0040,PERSONAL_CARE,871,0,0,0.0,0,30,14.17,14.17
2023-10-01,2023,10,S03,SKU0040,PERSONAL_CARE,948,0,0,0.0,1,31,14.17,14.17
2023-11-01,2023,11,S03,SKU0040,PERSONAL_CARE,886,0,0,0.0,2,30,14.17,14.17
2023-12-01,2023,12,S03,SKU0040,PERSONAL_CARE,860,0,0,0.0,3,31,14.17,14.17
2024-01-01,2024,1,S03,SKU0040,PERSONAL_CARE,763,0,0,0.0,1,31,14.17,14.17
2024-02-01,2024,2,S03,SKU0040,PERSONAL_CARE,751,0,0,0.0,1,29,14.17,14.17
2024-03-01,2024,3,S03,SKU0040,PERSONAL_CARE,998,0,0,0.0,0,31,14.17,14.17
2024-04-01,2024,4,S03,SKU0040,PERSONAL_CARE,2014,1,7,0.233,0,30,14.17,13.18
2024-05-01,2024,5,S03,SKU0040,PERSONAL_CARE,1489,1,2,0.065,1,31,14.17,13.9
2024-06-01,2024,6,S03,SKU0040,PERSONAL_CARE,1190,0,0,0.0,0,30,14.17,14.17
2024-07-01,2024,7,S03,SKU0040,PERSONAL_CARE,1139,0,0,0.0,1,31,14.17,14.17
2024-08-01,2024,8,S03,SKU0040,PERSONAL_CARE,1045,0,0,0.0,0,31,14.17,14.17
2024-09-01,2024,9,S03,SKU0040,PERSONAL_CARE,993,0,0,0.0,0,30,14.17,14.17
2024-10-01,2024,10,S03,SKU0040,PERSONAL_CARE,1196,0,0,0.0,1,31,14.17,14.17
2024-11-01,2024,11,S03,SKU0040,PERSONAL_CARE,1946,1,11,0.367,2,30,14.17,12.61
2024-12-01,2024,12,S03,SKU0040,PERSONAL_CARE,964,0,0,0.0,3,31,14.17,14.17
2025-01-01,2025,1,S03,SKU0040,PERSONAL_CARE,839,0,0,0.0,1,31,14.17,14.17
2025-02-01,2025,2,S03,SKU0040,PERSONAL_CARE,799,0,0,0.0,1,28,14.17,14.17
2025-03-01,2025,3,S03,SKU0040,PERSONAL_CARE,1037,0,0,0.0,0,31,14.17,14.17
2025-04-01,2025,4,S03,SKU0040,PERSONAL_CARE,2096,1,9,0.3,0,30,14.17,12.9
2025-05-01,2025,5,S03,SKU0040,PERSONAL_CARE,1400,0,0,0.0,1,31,14.17,14.17
2025-06-01,2025,6,S03,SKU0040,PERSONAL_CARE,1373,0,0,0.0,0,30,14.17,14.17
2025-07-01,2025,7,S03,SKU0040,PERSONAL_CARE,1891,1,8,0.258,1,31,14.17,13.07
2025-08-01,2025,8,S03,SKU0040,PERSONAL_CARE,1287,0,0,0.0,0,31,14.17,14.17
2025-09-01,2025,9,S03,SKU0040,PERSONAL_CARE,1215,0,0,0.0,0,30,14.17,14.17
2025-10-01,2025,10,S03,SKU0040,PERSONAL_CARE,1174,0,0,0.0,1,31,14.17,14.17
2025-11-01,2025,11,S03,SKU0040,PERSONAL_CARE,1250,0,0,0.0,2,30,14.17,14.17
